<!doctype html public "-//w3c//dtd html 4.0 transitional//en">
<html><head>
<title>Static Call Graph - [.\obj\cantest.axf]</title></head>
<body><HR>
<H1>Static Call Graph for image .\obj\cantest.axf</H1><HR>
<BR><P>#&#060CALLGRAPH&#062# ARM Linker, 5060528: Last Updated: Tue May 14 13:50:25 2024
<BR><P>
<H3>Maximum Stack Usage =        240 bytes + Unknown(Untraceable Function Pointers)</H3><H3>
Call chain for Maximum Stack Depth:</H3>
prvTimerTask &rArr; prvProcessReceivedCommands &rArr; prvSampleTimeNow &rArr; prvSwitchTimerLists &rArr; xTimerGenericCommand &rArr; xQueueGenericSend &rArr; vTaskPlaceOnEventList &rArr; prvAddCurrentTaskToDelayedList &rArr; vListInsert
<P>
<H3>
Function Pointers
</H3><UL>
 <LI><a href="#[17]">ADC_IRQHandler</a> from mdr32f9qx_it.o(i.ADC_IRQHandler) referenced from startup_mdr32f9qx.o(RESET)
 <LI><a href="#[1a]">BACKUP_IRQHandler</a> from mdr32f9qx_it.o(i.BACKUP_IRQHandler) referenced from startup_mdr32f9qx.o(RESET)
 <LI><a href="#[4]">BusFault_Handler</a> from mdr32f9qx_it.o(i.BusFault_Handler) referenced from startup_mdr32f9qx.o(RESET)
 <LI><a href="#[a]">CAN1_IRQHandler</a> from mdr32f9qx_it.o(i.CAN1_IRQHandler) referenced from startup_mdr32f9qx.o(RESET)
 <LI><a href="#[b]">CAN2_IRQHandler</a> from mdr32f9qx_it.o(i.CAN2_IRQHandler) referenced from startup_mdr32f9qx.o(RESET)
 <LI><a href="#[18]">COMPARATOR_IRQHandler</a> from mdr32f9qx_it.o(i.COMPARATOR_IRQHandler) referenced from startup_mdr32f9qx.o(RESET)
 <LI><a href="#[d]">DMA_IRQHandler</a> from main.o(i.DMA_IRQHandler) referenced from startup_mdr32f9qx.o(RESET)
 <LI><a href="#[7]">DebugMon_Handler</a> from mdr32f9qx_it.o(i.DebugMon_Handler) referenced from startup_mdr32f9qx.o(RESET)
 <LI><a href="#[1b]">EXT_INT1_IRQHandler</a> from mdr32f9qx_it.o(i.EXT_INT1_IRQHandler) referenced from startup_mdr32f9qx.o(RESET)
 <LI><a href="#[1c]">EXT_INT2_IRQHandler</a> from mdr32f9qx_it.o(i.EXT_INT2_IRQHandler) referenced from startup_mdr32f9qx.o(RESET)
 <LI><a href="#[1d]">EXT_INT3_IRQHandler</a> from mdr32f9qx_it.o(i.EXT_INT3_IRQHandler) referenced from startup_mdr32f9qx.o(RESET)
 <LI><a href="#[1e]">EXT_INT4_IRQHandler</a> from mdr32f9qx_it.o(i.EXT_INT4_IRQHandler) referenced from startup_mdr32f9qx.o(RESET)
 <LI><a href="#[2]">HardFault_Handler</a> from mdr32f9qx_it.o(i.HardFault_Handler) referenced from startup_mdr32f9qx.o(RESET)
 <LI><a href="#[11]">I2C_IRQHandler</a> from mdr32f9qx_it.o(i.I2C_IRQHandler) referenced from startup_mdr32f9qx.o(RESET)
 <LI><a href="#[3]">MemManage_Handler</a> from mdr32f9qx_it.o(i.MemManage_Handler) referenced from startup_mdr32f9qx.o(RESET)
 <LI><a href="#[1]">NMI_Handler</a> from mdr32f9qx_it.o(i.NMI_Handler) referenced from startup_mdr32f9qx.o(RESET)
 <LI><a href="#[12]">POWER_IRQHandler</a> from mdr32f9qx_it.o(i.POWER_IRQHandler) referenced from startup_mdr32f9qx.o(RESET)
 <LI><a href="#[8]">PendSV_Handler</a> from port.o(.emb_text) referenced from startup_mdr32f9qx.o(RESET)
 <LI><a href="#[0]">Reset_Handler</a> from startup_mdr32f9qx.o(.text) referenced from startup_mdr32f9qx.o(RESET)
 <LI><a href="#[10]">SSP1_IRQHandler</a> from mdr32f9qx_it.o(i.SSP1_IRQHandler) referenced from startup_mdr32f9qx.o(RESET)
 <LI><a href="#[19]">SSP2_IRQHandler</a> from mdr32f9qx_it.o(i.SSP2_IRQHandler) referenced from startup_mdr32f9qx.o(RESET)
 <LI><a href="#[6]">SVC_Handler</a> from port.o(.emb_text) referenced from startup_mdr32f9qx.o(RESET)
 <LI><a href="#[9]">SysTick_Handler</a> from port.o(i.SysTick_Handler) referenced from startup_mdr32f9qx.o(RESET)
 <LI><a href="#[20]">SystemInit</a> from system_mdr32f9qx.o(i.SystemInit) referenced from startup_mdr32f9qx.o(.text)
 <LI><a href="#[2b]">Task_DSP</a> from menu.o(i.Task_DSP) referenced from main.o(i.main)
 <LI><a href="#[14]">Timer1_IRQHandler</a> from main.o(i.Timer1_IRQHandler) referenced from startup_mdr32f9qx.o(RESET)
 <LI><a href="#[15]">Timer2_IRQHandler</a> from mdr32f9qx_it.o(i.Timer2_IRQHandler) referenced from startup_mdr32f9qx.o(RESET)
 <LI><a href="#[16]">Timer3_IRQHandler</a> from mdr32f9qx_it.o(i.Timer3_IRQHandler) referenced from startup_mdr32f9qx.o(RESET)
 <LI><a href="#[e]">UART1_IRQHandler</a> from mdr32f9qx_it.o(i.UART1_IRQHandler) referenced from startup_mdr32f9qx.o(RESET)
 <LI><a href="#[f]">UART2_IRQHandler</a> from main.o(i.UART2_IRQHandler) referenced from startup_mdr32f9qx.o(RESET)
 <LI><a href="#[c]">USB_IRQHandler</a> from mdr32f9qx_it.o(i.USB_IRQHandler) referenced from startup_mdr32f9qx.o(RESET)
 <LI><a href="#[2a]">U_MENU_Output</a> from menu.o(i.U_MENU_Output) referenced from main.o(i.main)
 <LI><a href="#[29]">U_MENU_Running_String_Task_Function</a> from menu.o(i.U_MENU_Running_String_Task_Function) referenced from main.o(i.main)
 <LI><a href="#[28]">U_MENU_Task_Function</a> from menu.o(i.U_MENU_Task_Function) referenced from main.o(i.main)
 <LI><a href="#[5]">UsageFault_Handler</a> from mdr32f9qx_it.o(i.UsageFault_Handler) referenced from startup_mdr32f9qx.o(RESET)
 <LI><a href="#[13]">WWDG_IRQHandler</a> from mdr32f9qx_it.o(i.WWDG_IRQHandler) referenced from startup_mdr32f9qx.o(RESET)
 <LI><a href="#[23]">__backspace</a> from fgetc_b.o(.text) referenced from scanf_char_file.o(.text)
 <LI><a href="#[21]">__main</a> from entry.o(.ARM.Collect$$$$00000000) referenced from startup_mdr32f9qx.o(.text)
 <LI><a href="#[24]">_scanf_char_input</a> from scanf_char.o(.text) referenced from scanf_char.o(.text)
 <LI><a href="#[27]">_sputc</a> from printfa.o(i._sputc) referenced from printfa.o(i.__0sprintf)
 <LI><a href="#[22]">fgetc</a> from uart_io.o(i.fgetc) referenced from scanf_char_file.o(.text)
 <LI><a href="#[26]">fputc</a> from uart_io.o(i.fputc) referenced from printfa.o(i.__0printf)
 <LI><a href="#[25]">isspace</a> from isspace_c.o(.text) referenced from scanf_char.o(.text)
 <LI><a href="#[1f]">main</a> from main.o(i.main) referenced from entry9a.o(.ARM.Collect$$$$0000000B)
 <LI><a href="#[2d]">prvIdleTask</a> from tasks.o(i.prvIdleTask) referenced from tasks.o(i.vTaskStartScheduler)
 <LI><a href="#[2c]">prvTaskExitError</a> from port.o(i.prvTaskExitError) referenced from port.o(i.pxPortInitialiseStack)
 <LI><a href="#[2e]">prvTimerTask</a> from timers.o(i.prvTimerTask) referenced from timers.o(i.xTimerCreateTimerTask)
</UL>
<P>
<H3>
Global Symbols
</H3>
<P><STRONG><a name="[21]"></a>__main</STRONG> (Thumb, 0 bytes, Stack size unknown bytes, entry.o(.ARM.Collect$$$$00000000))
<BR>[Address Reference Count : 1]<UL><LI> startup_mdr32f9qx.o(.text)
</UL>
<P><STRONG><a name="[da]"></a>_main_stk</STRONG> (Thumb, 0 bytes, Stack size unknown bytes, entry2.o(.ARM.Collect$$$$00000001))

<P><STRONG><a name="[2f]"></a>_main_scatterload</STRONG> (Thumb, 0 bytes, Stack size unknown bytes, entry5.o(.ARM.Collect$$$$00000004))
<BR><BR>[Calls]<UL><LI><a href="#[30]">&gt;&gt;</a>&nbsp;&nbsp;&nbsp;__scatterload
</UL>

<P><STRONG><a name="[44]"></a>__main_after_scatterload</STRONG> (Thumb, 0 bytes, Stack size unknown bytes, entry5.o(.ARM.Collect$$$$00000004))
<BR><BR>[Called By]<UL><LI><a href="#[30]">&gt;&gt;</a>&nbsp;&nbsp;&nbsp;__scatterload
</UL>

<P><STRONG><a name="[db]"></a>_main_clock</STRONG> (Thumb, 0 bytes, Stack size unknown bytes, entry7b.o(.ARM.Collect$$$$00000008))

<P><STRONG><a name="[dc]"></a>_main_cpp_init</STRONG> (Thumb, 0 bytes, Stack size unknown bytes, entry8b.o(.ARM.Collect$$$$0000000A))

<P><STRONG><a name="[dd]"></a>_main_init</STRONG> (Thumb, 0 bytes, Stack size unknown bytes, entry9a.o(.ARM.Collect$$$$0000000B))

<P><STRONG><a name="[de]"></a>__rt_final_cpp</STRONG> (Thumb, 0 bytes, Stack size unknown bytes, entry10a.o(.ARM.Collect$$$$0000000D))

<P><STRONG><a name="[df]"></a>__rt_final_exit</STRONG> (Thumb, 0 bytes, Stack size unknown bytes, entry11a.o(.ARM.Collect$$$$0000000F))

<P><STRONG><a name="[6]"></a>SVC_Handler</STRONG> (Thumb, 32 bytes, Stack size 0 bytes, port.o(.emb_text))
<BR>[Address Reference Count : 1]<UL><LI> startup_mdr32f9qx.o(RESET)
</UL>
<P><STRONG><a name="[d4]"></a>__asm___6_port_c_39a90d8d__prvStartFirstTask</STRONG> (Thumb, 28 bytes, Stack size 0 bytes, port.o(.emb_text))
<BR><BR>[Called By]<UL><LI><a href="#[d2]">&gt;&gt;</a>&nbsp;&nbsp;&nbsp;xPortStartScheduler
</UL>

<P><STRONG><a name="[8]"></a>PendSV_Handler</STRONG> (Thumb, 72 bytes, Stack size 0 bytes, port.o(.emb_text))
<BR><BR>[Calls]<UL><LI><a href="#[31]">&gt;&gt;</a>&nbsp;&nbsp;&nbsp;vTaskSwitchContext
</UL>
<BR>[Address Reference Count : 1]<UL><LI> startup_mdr32f9qx.o(RESET)
</UL>
<P><STRONG><a name="[e0]"></a>vPortGetIPSR</STRONG> (Thumb, 6 bytes, Stack size 0 bytes, port.o(.emb_text), UNUSED)

<P><STRONG><a name="[0]"></a>Reset_Handler</STRONG> (Thumb, 8 bytes, Stack size 0 bytes, startup_mdr32f9qx.o(.text))
<BR>[Address Reference Count : 1]<UL><LI> startup_mdr32f9qx.o(RESET)
</UL>
<P><STRONG><a name="[aa]"></a>__aeabi_memcpy</STRONG> (Thumb, 36 bytes, Stack size 0 bytes, memcpya.o(.text))
<BR><BR>[Called By]<UL><LI><a href="#[ab]">&gt;&gt;</a>&nbsp;&nbsp;&nbsp;prvCopyDataToQueue
<LI><a href="#[a9]">&gt;&gt;</a>&nbsp;&nbsp;&nbsp;prvCopyDataFromQueue
</UL>

<P><STRONG><a name="[79]"></a>__aeabi_memcpy4</STRONG> (Thumb, 0 bytes, Stack size 0 bytes, memcpya.o(.text))
<BR><BR>[Called By]<UL><LI><a href="#[29]">&gt;&gt;</a>&nbsp;&nbsp;&nbsp;U_MENU_Running_String_Task_Function
</UL>

<P><STRONG><a name="[e1]"></a>__aeabi_memcpy8</STRONG> (Thumb, 0 bytes, Stack size 0 bytes, memcpya.o(.text), UNUSED)

<P><STRONG><a name="[32]"></a>__0scanf</STRONG> (Thumb, 26 bytes, Stack size 56 bytes, __0scanf.o(.text))
<BR><BR>[Stack]<UL><LI>Max Depth = 200<LI>Call Chain = __0scanf &rArr; __vfscanf_char_file &rArr; __vfscanf_char &rArr; __vfscanf &rArr; _scanf_string
</UL>
<BR>[Calls]<UL><LI><a href="#[33]">&gt;&gt;</a>&nbsp;&nbsp;&nbsp;__vfscanf_char_file
</UL>
<BR>[Called By]<UL><LI><a href="#[2a]">&gt;&gt;</a>&nbsp;&nbsp;&nbsp;U_MENU_Output
</UL>

<P><STRONG><a name="[47]"></a>_scanf_string</STRONG> (Thumb, 224 bytes, Stack size 56 bytes, _scanf_str.o(.text))
<BR><BR>[Stack]<UL><LI>Max Depth = 56<LI>Call Chain = _scanf_string
</UL>
<BR>[Called By]<UL><LI><a href="#[45]">&gt;&gt;</a>&nbsp;&nbsp;&nbsp;__vfscanf
</UL>

<P><STRONG><a name="[34]"></a>__aeabi_dadd</STRONG> (Thumb, 322 bytes, Stack size 48 bytes, dadd.o(.text))
<BR><BR>[Stack]<UL><LI>Max Depth = 88<LI>Call Chain = __aeabi_dadd &rArr; _double_epilogue &rArr; _double_round
</UL>
<BR>[Calls]<UL><LI><a href="#[36]">&gt;&gt;</a>&nbsp;&nbsp;&nbsp;__aeabi_lasr
<LI><a href="#[35]">&gt;&gt;</a>&nbsp;&nbsp;&nbsp;__aeabi_llsl
<LI><a href="#[38]">&gt;&gt;</a>&nbsp;&nbsp;&nbsp;_double_round
<LI><a href="#[37]">&gt;&gt;</a>&nbsp;&nbsp;&nbsp;_double_epilogue
</UL>
<BR>[Called By]<UL><LI><a href="#[39]">&gt;&gt;</a>&nbsp;&nbsp;&nbsp;__aeabi_dsub
<LI><a href="#[3a]">&gt;&gt;</a>&nbsp;&nbsp;&nbsp;__aeabi_drsub
<LI><a href="#[8e]">&gt;&gt;</a>&nbsp;&nbsp;&nbsp;_fp_digits
</UL>

<P><STRONG><a name="[39]"></a>__aeabi_dsub</STRONG> (Thumb, 6 bytes, Stack size 0 bytes, dadd.o(.text))
<BR><BR>[Stack]<UL><LI>Max Depth = 88<LI>Call Chain = __aeabi_dsub &rArr; __aeabi_dadd &rArr; _double_epilogue &rArr; _double_round
</UL>
<BR>[Calls]<UL><LI><a href="#[34]">&gt;&gt;</a>&nbsp;&nbsp;&nbsp;__aeabi_dadd
</UL>
<BR>[Called By]<UL><LI><a href="#[2b]">&gt;&gt;</a>&nbsp;&nbsp;&nbsp;Task_DSP
</UL>

<P><STRONG><a name="[3a]"></a>__aeabi_drsub</STRONG> (Thumb, 6 bytes, Stack size 0 bytes, dadd.o(.text))
<BR><BR>[Stack]<UL><LI>Max Depth = 88<LI>Call Chain = __aeabi_drsub &rArr; __aeabi_dadd &rArr; _double_epilogue &rArr; _double_round
</UL>
<BR>[Calls]<UL><LI><a href="#[34]">&gt;&gt;</a>&nbsp;&nbsp;&nbsp;__aeabi_dadd
</UL>
<BR>[Called By]<UL><LI><a href="#[66]">&gt;&gt;</a>&nbsp;&nbsp;&nbsp;draw_rms
</UL>

<P><STRONG><a name="[3b]"></a>__aeabi_dmul</STRONG> (Thumb, 228 bytes, Stack size 48 bytes, dmul.o(.text))
<BR><BR>[Stack]<UL><LI>Max Depth = 88<LI>Call Chain = __aeabi_dmul &rArr; _double_epilogue &rArr; _double_round
</UL>
<BR>[Calls]<UL><LI><a href="#[37]">&gt;&gt;</a>&nbsp;&nbsp;&nbsp;_double_epilogue
</UL>
<BR>[Called By]<UL><LI><a href="#[66]">&gt;&gt;</a>&nbsp;&nbsp;&nbsp;draw_rms
<LI><a href="#[2b]">&gt;&gt;</a>&nbsp;&nbsp;&nbsp;Task_DSP
<LI><a href="#[8e]">&gt;&gt;</a>&nbsp;&nbsp;&nbsp;_fp_digits
</UL>

<P><STRONG><a name="[3c]"></a>__aeabi_ddiv</STRONG> (Thumb, 222 bytes, Stack size 32 bytes, ddiv.o(.text))
<BR><BR>[Stack]<UL><LI>Max Depth = 40<LI>Call Chain = __aeabi_ddiv &rArr; _double_round
</UL>
<BR>[Calls]<UL><LI><a href="#[38]">&gt;&gt;</a>&nbsp;&nbsp;&nbsp;_double_round
</UL>
<BR>[Called By]<UL><LI><a href="#[66]">&gt;&gt;</a>&nbsp;&nbsp;&nbsp;draw_rms
<LI><a href="#[2b]">&gt;&gt;</a>&nbsp;&nbsp;&nbsp;Task_DSP
<LI><a href="#[8e]">&gt;&gt;</a>&nbsp;&nbsp;&nbsp;_fp_digits
</UL>

<P><STRONG><a name="[3d]"></a>__aeabi_ui2d</STRONG> (Thumb, 26 bytes, Stack size 16 bytes, dfltui.o(.text))
<BR><BR>[Stack]<UL><LI>Max Depth = 56<LI>Call Chain = __aeabi_ui2d &rArr; _double_epilogue &rArr; _double_round
</UL>
<BR>[Calls]<UL><LI><a href="#[37]">&gt;&gt;</a>&nbsp;&nbsp;&nbsp;_double_epilogue
</UL>
<BR>[Called By]<UL><LI><a href="#[2b]">&gt;&gt;</a>&nbsp;&nbsp;&nbsp;Task_DSP
</UL>

<P><STRONG><a name="[3e]"></a>__aeabi_d2uiz</STRONG> (Thumb, 50 bytes, Stack size 8 bytes, dfixui.o(.text))
<BR><BR>[Stack]<UL><LI>Max Depth = 8<LI>Call Chain = __aeabi_d2uiz
</UL>
<BR>[Calls]<UL><LI><a href="#[3f]">&gt;&gt;</a>&nbsp;&nbsp;&nbsp;__aeabi_llsr
</UL>
<BR>[Called By]<UL><LI><a href="#[66]">&gt;&gt;</a>&nbsp;&nbsp;&nbsp;draw_rms
</UL>

<P><STRONG><a name="[e2]"></a>__aeabi_cdcmpeq</STRONG> (Thumb, 0 bytes, Stack size 0 bytes, cdcmple.o(.text), UNUSED)

<P><STRONG><a name="[5e]"></a>__aeabi_cdcmple</STRONG> (Thumb, 48 bytes, Stack size 0 bytes, cdcmple.o(.text))
<BR><BR>[Called By]<UL><LI><a href="#[2b]">&gt;&gt;</a>&nbsp;&nbsp;&nbsp;Task_DSP
</UL>

<P><STRONG><a name="[5f]"></a>__aeabi_cdrcmple</STRONG> (Thumb, 48 bytes, Stack size 0 bytes, cdrcmple.o(.text))
<BR><BR>[Called By]<UL><LI><a href="#[2b]">&gt;&gt;</a>&nbsp;&nbsp;&nbsp;Task_DSP
<LI><a href="#[8e]">&gt;&gt;</a>&nbsp;&nbsp;&nbsp;_fp_digits
</UL>

<P><STRONG><a name="[e3]"></a>__aeabi_uidiv</STRONG> (Thumb, 0 bytes, Stack size 12 bytes, uidiv.o(.text), UNUSED)

<P><STRONG><a name="[91]"></a>__aeabi_uidivmod</STRONG> (Thumb, 44 bytes, Stack size 12 bytes, uidiv.o(.text), UNUSED)
<BR><BR>[Called By]<UL><LI><a href="#[8c]">&gt;&gt;</a>&nbsp;&nbsp;&nbsp;_printf_core
</UL>

<P><STRONG><a name="[40]"></a>__aeabi_uldivmod</STRONG> (Thumb, 98 bytes, Stack size 40 bytes, uldiv.o(.text), UNUSED)
<BR><BR>[Calls]<UL><LI><a href="#[3f]">&gt;&gt;</a>&nbsp;&nbsp;&nbsp;__aeabi_llsr
<LI><a href="#[35]">&gt;&gt;</a>&nbsp;&nbsp;&nbsp;__aeabi_llsl
</UL>
<BR>[Called By]<UL><LI><a href="#[8c]">&gt;&gt;</a>&nbsp;&nbsp;&nbsp;_printf_core
<LI><a href="#[8e]">&gt;&gt;</a>&nbsp;&nbsp;&nbsp;_fp_digits
</UL>

<P><STRONG><a name="[35]"></a>__aeabi_llsl</STRONG> (Thumb, 30 bytes, Stack size 0 bytes, llshl.o(.text))
<BR><BR>[Called By]<UL><LI><a href="#[40]">&gt;&gt;</a>&nbsp;&nbsp;&nbsp;__aeabi_uldivmod
<LI><a href="#[37]">&gt;&gt;</a>&nbsp;&nbsp;&nbsp;_double_epilogue
<LI><a href="#[34]">&gt;&gt;</a>&nbsp;&nbsp;&nbsp;__aeabi_dadd
<LI><a href="#[43]">&gt;&gt;</a>&nbsp;&nbsp;&nbsp;__aeabi_d2ulz
</UL>

<P><STRONG><a name="[e4]"></a>_ll_shift_l</STRONG> (Thumb, 0 bytes, Stack size 0 bytes, llshl.o(.text), UNUSED)

<P><STRONG><a name="[3f]"></a>__aeabi_llsr</STRONG> (Thumb, 32 bytes, Stack size 0 bytes, llushr.o(.text))
<BR><BR>[Called By]<UL><LI><a href="#[3e]">&gt;&gt;</a>&nbsp;&nbsp;&nbsp;__aeabi_d2uiz
<LI><a href="#[42]">&gt;&gt;</a>&nbsp;&nbsp;&nbsp;_dsqrt
<LI><a href="#[40]">&gt;&gt;</a>&nbsp;&nbsp;&nbsp;__aeabi_uldivmod
<LI><a href="#[37]">&gt;&gt;</a>&nbsp;&nbsp;&nbsp;_double_epilogue
<LI><a href="#[43]">&gt;&gt;</a>&nbsp;&nbsp;&nbsp;__aeabi_d2ulz
</UL>

<P><STRONG><a name="[e5]"></a>_ll_ushift_r</STRONG> (Thumb, 0 bytes, Stack size 0 bytes, llushr.o(.text), UNUSED)

<P><STRONG><a name="[36]"></a>__aeabi_lasr</STRONG> (Thumb, 36 bytes, Stack size 0 bytes, llsshr.o(.text))
<BR><BR>[Called By]<UL><LI><a href="#[34]">&gt;&gt;</a>&nbsp;&nbsp;&nbsp;__aeabi_dadd
</UL>

<P><STRONG><a name="[e6]"></a>_ll_sshift_r</STRONG> (Thumb, 0 bytes, Stack size 0 bytes, llsshr.o(.text), UNUSED)

<P><STRONG><a name="[33]"></a>__vfscanf_char_file</STRONG> (Thumb, 12 bytes, Stack size 0 bytes, scanf_char_file.o(.text))
<BR><BR>[Stack]<UL><LI>Max Depth = 144<LI>Call Chain = __vfscanf_char_file &rArr; __vfscanf_char &rArr; __vfscanf &rArr; _scanf_string
</UL>
<BR>[Calls]<UL><LI><a href="#[41]">&gt;&gt;</a>&nbsp;&nbsp;&nbsp;__vfscanf_char
</UL>
<BR>[Called By]<UL><LI><a href="#[32]">&gt;&gt;</a>&nbsp;&nbsp;&nbsp;__0scanf
</UL>

<P><STRONG><a name="[e7]"></a>__I$use$fp</STRONG> (Thumb, 0 bytes, Stack size 8 bytes, iusefp.o(.text), UNUSED)

<P><STRONG><a name="[38]"></a>_double_round</STRONG> (Thumb, 30 bytes, Stack size 8 bytes, depilogue.o(.text))
<BR><BR>[Stack]<UL><LI>Max Depth = 8<LI>Call Chain = _double_round
</UL>
<BR>[Called By]<UL><LI><a href="#[3c]">&gt;&gt;</a>&nbsp;&nbsp;&nbsp;__aeabi_ddiv
<LI><a href="#[42]">&gt;&gt;</a>&nbsp;&nbsp;&nbsp;_dsqrt
<LI><a href="#[37]">&gt;&gt;</a>&nbsp;&nbsp;&nbsp;_double_epilogue
<LI><a href="#[34]">&gt;&gt;</a>&nbsp;&nbsp;&nbsp;__aeabi_dadd
</UL>

<P><STRONG><a name="[37]"></a>_double_epilogue</STRONG> (Thumb, 156 bytes, Stack size 32 bytes, depilogue.o(.text))
<BR><BR>[Stack]<UL><LI>Max Depth = 40<LI>Call Chain = _double_epilogue &rArr; _double_round
</UL>
<BR>[Calls]<UL><LI><a href="#[3f]">&gt;&gt;</a>&nbsp;&nbsp;&nbsp;__aeabi_llsr
<LI><a href="#[35]">&gt;&gt;</a>&nbsp;&nbsp;&nbsp;__aeabi_llsl
<LI><a href="#[38]">&gt;&gt;</a>&nbsp;&nbsp;&nbsp;_double_round
</UL>
<BR>[Called By]<UL><LI><a href="#[3d]">&gt;&gt;</a>&nbsp;&nbsp;&nbsp;__aeabi_ui2d
<LI><a href="#[3b]">&gt;&gt;</a>&nbsp;&nbsp;&nbsp;__aeabi_dmul
<LI><a href="#[34]">&gt;&gt;</a>&nbsp;&nbsp;&nbsp;__aeabi_dadd
</UL>

<P><STRONG><a name="[42]"></a>_dsqrt</STRONG> (Thumb, 162 bytes, Stack size 32 bytes, dsqrt.o(.text))
<BR><BR>[Stack]<UL><LI>Max Depth = 40<LI>Call Chain = _dsqrt &rArr; _double_round
</UL>
<BR>[Calls]<UL><LI><a href="#[3f]">&gt;&gt;</a>&nbsp;&nbsp;&nbsp;__aeabi_llsr
<LI><a href="#[38]">&gt;&gt;</a>&nbsp;&nbsp;&nbsp;_double_round
</UL>
<BR>[Called By]<UL><LI><a href="#[5d]">&gt;&gt;</a>&nbsp;&nbsp;&nbsp;sqrt
</UL>

<P><STRONG><a name="[43]"></a>__aeabi_d2ulz</STRONG> (Thumb, 48 bytes, Stack size 0 bytes, dfixul.o(.text), UNUSED)
<BR><BR>[Calls]<UL><LI><a href="#[3f]">&gt;&gt;</a>&nbsp;&nbsp;&nbsp;__aeabi_llsr
<LI><a href="#[35]">&gt;&gt;</a>&nbsp;&nbsp;&nbsp;__aeabi_llsl
</UL>
<BR>[Called By]<UL><LI><a href="#[8e]">&gt;&gt;</a>&nbsp;&nbsp;&nbsp;_fp_digits
</UL>

<P><STRONG><a name="[30]"></a>__scatterload</STRONG> (Thumb, 28 bytes, Stack size 0 bytes, init.o(.text))
<BR><BR>[Calls]<UL><LI><a href="#[44]">&gt;&gt;</a>&nbsp;&nbsp;&nbsp;__main_after_scatterload
</UL>
<BR>[Called By]<UL><LI><a href="#[2f]">&gt;&gt;</a>&nbsp;&nbsp;&nbsp;_main_scatterload
</UL>

<P><STRONG><a name="[e8]"></a>__scatterload_rt2</STRONG> (Thumb, 0 bytes, Stack size 0 bytes, init.o(.text), UNUSED)

<P><STRONG><a name="[e9]"></a>_fgetc$bs</STRONG> (Thumb, 28 bytes, Stack size 8 bytes, fgetc_b.o(.text), UNUSED)

<P><STRONG><a name="[23]"></a>__backspace</STRONG> (Thumb, 10 bytes, Stack size 0 bytes, fgetc_b.o(.text))
<BR>[Address Reference Count : 1]<UL><LI> scanf_char_file.o(.text)
</UL>
<P><STRONG><a name="[41]"></a>__vfscanf_char</STRONG> (Thumb, 20 bytes, Stack size 0 bytes, scanf_char.o(.text))
<BR><BR>[Stack]<UL><LI>Max Depth = 144<LI>Call Chain = __vfscanf_char &rArr; __vfscanf &rArr; _scanf_string
</UL>
<BR>[Calls]<UL><LI><a href="#[45]">&gt;&gt;</a>&nbsp;&nbsp;&nbsp;__vfscanf
</UL>
<BR>[Called By]<UL><LI><a href="#[33]">&gt;&gt;</a>&nbsp;&nbsp;&nbsp;__vfscanf_char_file
</UL>

<P><STRONG><a name="[ea]"></a>__semihosting_library_function</STRONG> (Thumb, 0 bytes, Stack size 0 bytes, semi.o(.text), UNUSED)

<P><STRONG><a name="[25]"></a>isspace</STRONG> (Thumb, 10 bytes, Stack size 0 bytes, isspace_c.o(.text))
<BR><BR>[Calls]<UL><LI><a href="#[46]">&gt;&gt;</a>&nbsp;&nbsp;&nbsp;__ctype_lookup
</UL>
<BR>[Address Reference Count : 1]<UL><LI> scanf_char.o(.text)
</UL>
<P><STRONG><a name="[45]"></a>__vfscanf</STRONG> (Thumb, 808 bytes, Stack size 88 bytes, _scanf.o(.text))
<BR><BR>[Stack]<UL><LI>Max Depth = 144<LI>Call Chain = __vfscanf &rArr; _scanf_string
</UL>
<BR>[Calls]<UL><LI><a href="#[47]">&gt;&gt;</a>&nbsp;&nbsp;&nbsp;_scanf_string
</UL>
<BR>[Called By]<UL><LI><a href="#[41]">&gt;&gt;</a>&nbsp;&nbsp;&nbsp;__vfscanf_char
</UL>

<P><STRONG><a name="[eb]"></a>__I$use$semihosting$fgetc</STRONG> (Thumb, 0 bytes, Stack size 0 bytes, iusesemig.o(.text), UNUSED)

<P><STRONG><a name="[46]"></a>__ctype_lookup</STRONG> (Thumb, 34 bytes, Stack size 0 bytes, ctype_c.o(.text))
<BR><BR>[Called By]<UL><LI><a href="#[25]">&gt;&gt;</a>&nbsp;&nbsp;&nbsp;isspace
</UL>

<P><STRONG><a name="[4e]"></a>ADC1_Cmd</STRONG> (Thumb, 24 bytes, Stack size 0 bytes, mdr32f9qx_adc.o(i.ADC1_Cmd))
<BR><BR>[Called By]<UL><LI><a href="#[48]">&gt;&gt;</a>&nbsp;&nbsp;&nbsp;ADC_init
</UL>

<P><STRONG><a name="[4d]"></a>ADC1_Init</STRONG> (Thumb, 84 bytes, Stack size 8 bytes, mdr32f9qx_adc.o(i.ADC1_Init))
<BR><BR>[Stack]<UL><LI>Max Depth = 8<LI>Call Chain = ADC1_Init
</UL>
<BR>[Called By]<UL><LI><a href="#[48]">&gt;&gt;</a>&nbsp;&nbsp;&nbsp;ADC_init
</UL>

<P><STRONG><a name="[67]"></a>ADC1_Start</STRONG> (Thumb, 14 bytes, Stack size 0 bytes, mdr32f9qx_adc.o(i.ADC1_Start))
<BR><BR>[Called By]<UL><LI><a href="#[14]">&gt;&gt;</a>&nbsp;&nbsp;&nbsp;Timer1_IRQHandler
</UL>

<P><STRONG><a name="[17]"></a>ADC_IRQHandler</STRONG> (Thumb, 2 bytes, Stack size 0 bytes, mdr32f9qx_it.o(i.ADC_IRQHandler))
<BR>[Address Reference Count : 1]<UL><LI> startup_mdr32f9qx.o(RESET)
</UL>
<P><STRONG><a name="[4c]"></a>ADC_Init</STRONG> (Thumb, 52 bytes, Stack size 8 bytes, mdr32f9qx_adc.o(i.ADC_Init))
<BR><BR>[Stack]<UL><LI>Max Depth = 8<LI>Call Chain = ADC_Init
</UL>
<BR>[Called By]<UL><LI><a href="#[48]">&gt;&gt;</a>&nbsp;&nbsp;&nbsp;ADC_init
</UL>

<P><STRONG><a name="[48]"></a>ADC_init</STRONG> (Thumb, 122 bytes, Stack size 88 bytes, adc.o(i.ADC_init))
<BR><BR>[Stack]<UL><LI>Max Depth = 136<LI>Call Chain = ADC_init &rArr; PORT_Init
</UL>
<BR>[Calls]<UL><LI><a href="#[4c]">&gt;&gt;</a>&nbsp;&nbsp;&nbsp;ADC_Init
<LI><a href="#[4d]">&gt;&gt;</a>&nbsp;&nbsp;&nbsp;ADC1_Init
<LI><a href="#[4e]">&gt;&gt;</a>&nbsp;&nbsp;&nbsp;ADC1_Cmd
<LI><a href="#[4a]">&gt;&gt;</a>&nbsp;&nbsp;&nbsp;PORT_StructInit
<LI><a href="#[49]">&gt;&gt;</a>&nbsp;&nbsp;&nbsp;RST_CLK_PCLKcmd
<LI><a href="#[4b]">&gt;&gt;</a>&nbsp;&nbsp;&nbsp;PORT_Init
</UL>
<BR>[Called By]<UL><LI><a href="#[1f]">&gt;&gt;</a>&nbsp;&nbsp;&nbsp;main
</UL>

<P><STRONG><a name="[1a]"></a>BACKUP_IRQHandler</STRONG> (Thumb, 2 bytes, Stack size 0 bytes, mdr32f9qx_it.o(i.BACKUP_IRQHandler))
<BR>[Address Reference Count : 1]<UL><LI> startup_mdr32f9qx.o(RESET)
</UL>
<P><STRONG><a name="[4]"></a>BusFault_Handler</STRONG> (Thumb, 4 bytes, Stack size 0 bytes, mdr32f9qx_it.o(i.BusFault_Handler))
<BR>[Address Reference Count : 1]<UL><LI> startup_mdr32f9qx.o(RESET)
</UL>
<P><STRONG><a name="[a]"></a>CAN1_IRQHandler</STRONG> (Thumb, 2 bytes, Stack size 0 bytes, mdr32f9qx_it.o(i.CAN1_IRQHandler))
<BR>[Address Reference Count : 1]<UL><LI> startup_mdr32f9qx.o(RESET)
</UL>
<P><STRONG><a name="[b]"></a>CAN2_IRQHandler</STRONG> (Thumb, 2 bytes, Stack size 0 bytes, mdr32f9qx_it.o(i.CAN2_IRQHandler))
<BR>[Address Reference Count : 1]<UL><LI> startup_mdr32f9qx.o(RESET)
</UL>
<P><STRONG><a name="[18]"></a>COMPARATOR_IRQHandler</STRONG> (Thumb, 2 bytes, Stack size 0 bytes, mdr32f9qx_it.o(i.COMPARATOR_IRQHandler))
<BR>[Address Reference Count : 1]<UL><LI> startup_mdr32f9qx.o(RESET)
</UL>
<P><STRONG><a name="[55]"></a>DMA_Cmd</STRONG> (Thumb, 24 bytes, Stack size 0 bytes, mdr32f9qx_dma.o(i.DMA_Cmd))
<BR><BR>[Called By]<UL><LI><a href="#[52]">&gt;&gt;</a>&nbsp;&nbsp;&nbsp;DMA_init
</UL>

<P><STRONG><a name="[51]"></a>DMA_CtrlDataInit</STRONG> (Thumb, 112 bytes, Stack size 0 bytes, mdr32f9qx_dma.o(i.DMA_CtrlDataInit))
<BR><BR>[Called By]<UL><LI><a href="#[4f]">&gt;&gt;</a>&nbsp;&nbsp;&nbsp;DMA_Init
</UL>

<P><STRONG><a name="[53]"></a>DMA_DeInit</STRONG> (Thumb, 28 bytes, Stack size 0 bytes, mdr32f9qx_dma.o(i.DMA_DeInit))
<BR><BR>[Called By]<UL><LI><a href="#[52]">&gt;&gt;</a>&nbsp;&nbsp;&nbsp;DMA_init
</UL>

<P><STRONG><a name="[d]"></a>DMA_IRQHandler</STRONG> (Thumb, 76 bytes, Stack size 8 bytes, main.o(i.DMA_IRQHandler))
<BR><BR>[Stack]<UL><LI>Max Depth = 56<LI>Call Chain = DMA_IRQHandler &rArr; xQueueGiveFromISR &rArr; xTaskRemoveFromEventList
</UL>
<BR>[Calls]<UL><LI><a href="#[50]">&gt;&gt;</a>&nbsp;&nbsp;&nbsp;xQueueGiveFromISR
<LI><a href="#[4f]">&gt;&gt;</a>&nbsp;&nbsp;&nbsp;DMA_Init
</UL>
<BR>[Address Reference Count : 1]<UL><LI> startup_mdr32f9qx.o(RESET)
</UL>
<P><STRONG><a name="[4f]"></a>DMA_Init</STRONG> (Thumb, 138 bytes, Stack size 16 bytes, mdr32f9qx_dma.o(i.DMA_Init))
<BR><BR>[Stack]<UL><LI>Max Depth = 16<LI>Call Chain = DMA_Init
</UL>
<BR>[Calls]<UL><LI><a href="#[51]">&gt;&gt;</a>&nbsp;&nbsp;&nbsp;DMA_CtrlDataInit
</UL>
<BR>[Called By]<UL><LI><a href="#[52]">&gt;&gt;</a>&nbsp;&nbsp;&nbsp;DMA_init
<LI><a href="#[d]">&gt;&gt;</a>&nbsp;&nbsp;&nbsp;DMA_IRQHandler
</UL>

<P><STRONG><a name="[54]"></a>DMA_StructInit</STRONG> (Thumb, 16 bytes, Stack size 0 bytes, mdr32f9qx_dma.o(i.DMA_StructInit))
<BR><BR>[Called By]<UL><LI><a href="#[52]">&gt;&gt;</a>&nbsp;&nbsp;&nbsp;DMA_init
</UL>

<P><STRONG><a name="[52]"></a>DMA_init</STRONG> (Thumb, 172 bytes, Stack size 8 bytes, dma.o(i.DMA_init))
<BR><BR>[Stack]<UL><LI>Max Depth = 24<LI>Call Chain = DMA_init &rArr; DMA_Init
</UL>
<BR>[Calls]<UL><LI><a href="#[54]">&gt;&gt;</a>&nbsp;&nbsp;&nbsp;DMA_StructInit
<LI><a href="#[53]">&gt;&gt;</a>&nbsp;&nbsp;&nbsp;DMA_DeInit
<LI><a href="#[55]">&gt;&gt;</a>&nbsp;&nbsp;&nbsp;DMA_Cmd
<LI><a href="#[49]">&gt;&gt;</a>&nbsp;&nbsp;&nbsp;RST_CLK_PCLKcmd
<LI><a href="#[4f]">&gt;&gt;</a>&nbsp;&nbsp;&nbsp;DMA_Init
</UL>
<BR>[Called By]<UL><LI><a href="#[1f]">&gt;&gt;</a>&nbsp;&nbsp;&nbsp;main
</UL>

<P><STRONG><a name="[7]"></a>DebugMon_Handler</STRONG> (Thumb, 2 bytes, Stack size 0 bytes, mdr32f9qx_it.o(i.DebugMon_Handler))
<BR>[Address Reference Count : 1]<UL><LI> startup_mdr32f9qx.o(RESET)
</UL>
<P><STRONG><a name="[1b]"></a>EXT_INT1_IRQHandler</STRONG> (Thumb, 2 bytes, Stack size 0 bytes, mdr32f9qx_it.o(i.EXT_INT1_IRQHandler))
<BR>[Address Reference Count : 1]<UL><LI> startup_mdr32f9qx.o(RESET)
</UL>
<P><STRONG><a name="[1c]"></a>EXT_INT2_IRQHandler</STRONG> (Thumb, 2 bytes, Stack size 0 bytes, mdr32f9qx_it.o(i.EXT_INT2_IRQHandler))
<BR>[Address Reference Count : 1]<UL><LI> startup_mdr32f9qx.o(RESET)
</UL>
<P><STRONG><a name="[1d]"></a>EXT_INT3_IRQHandler</STRONG> (Thumb, 2 bytes, Stack size 0 bytes, mdr32f9qx_it.o(i.EXT_INT3_IRQHandler))
<BR>[Address Reference Count : 1]<UL><LI> startup_mdr32f9qx.o(RESET)
</UL>
<P><STRONG><a name="[1e]"></a>EXT_INT4_IRQHandler</STRONG> (Thumb, 2 bytes, Stack size 0 bytes, mdr32f9qx_it.o(i.EXT_INT4_IRQHandler))
<BR>[Address Reference Count : 1]<UL><LI> startup_mdr32f9qx.o(RESET)
</UL>
<P><STRONG><a name="[2]"></a>HardFault_Handler</STRONG> (Thumb, 4 bytes, Stack size 0 bytes, mdr32f9qx_it.o(i.HardFault_Handler))
<BR>[Address Reference Count : 1]<UL><LI> startup_mdr32f9qx.o(RESET)
</UL>
<P><STRONG><a name="[11]"></a>I2C_IRQHandler</STRONG> (Thumb, 2 bytes, Stack size 0 bytes, mdr32f9qx_it.o(i.I2C_IRQHandler))
<BR>[Address Reference Count : 1]<UL><LI> startup_mdr32f9qx.o(RESET)
</UL>
<P><STRONG><a name="[56]"></a>Init_button</STRONG> (Thumb, 366 bytes, Stack size 16 bytes, button.o(i.Init_button))
<BR><BR>[Stack]<UL><LI>Max Depth = 64<LI>Call Chain = Init_button &rArr; PORT_Init
</UL>
<BR>[Calls]<UL><LI><a href="#[4a]">&gt;&gt;</a>&nbsp;&nbsp;&nbsp;PORT_StructInit
<LI><a href="#[49]">&gt;&gt;</a>&nbsp;&nbsp;&nbsp;RST_CLK_PCLKcmd
<LI><a href="#[4b]">&gt;&gt;</a>&nbsp;&nbsp;&nbsp;PORT_Init
</UL>
<BR>[Called By]<UL><LI><a href="#[1f]">&gt;&gt;</a>&nbsp;&nbsp;&nbsp;main
</UL>

<P><STRONG><a name="[3]"></a>MemManage_Handler</STRONG> (Thumb, 4 bytes, Stack size 0 bytes, mdr32f9qx_it.o(i.MemManage_Handler))
<BR>[Address Reference Count : 1]<UL><LI> startup_mdr32f9qx.o(RESET)
</UL>
<P><STRONG><a name="[1]"></a>NMI_Handler</STRONG> (Thumb, 2 bytes, Stack size 0 bytes, mdr32f9qx_it.o(i.NMI_Handler))
<BR>[Address Reference Count : 1]<UL><LI> startup_mdr32f9qx.o(RESET)
</UL>
<P><STRONG><a name="[4b]"></a>PORT_Init</STRONG> (Thumb, 450 bytes, Stack size 48 bytes, mdr32f9qx_port.o(i.PORT_Init))
<BR><BR>[Stack]<UL><LI>Max Depth = 48<LI>Call Chain = PORT_Init
</UL>
<BR>[Called By]<UL><LI><a href="#[96]">&gt;&gt;</a>&nbsp;&nbsp;&nbsp;uart_io_init
<LI><a href="#[56]">&gt;&gt;</a>&nbsp;&nbsp;&nbsp;Init_button
<LI><a href="#[48]">&gt;&gt;</a>&nbsp;&nbsp;&nbsp;ADC_init
<LI><a href="#[87]">&gt;&gt;</a>&nbsp;&nbsp;&nbsp;U_MLT_Pin_Cfg
</UL>

<P><STRONG><a name="[92]"></a>PORT_ReadInputDataBit</STRONG> (Thumb, 16 bytes, Stack size 0 bytes, mdr32f9qx_port.o(i.PORT_ReadInputDataBit))
<BR><BR>[Called By]<UL><LI><a href="#[60]">&gt;&gt;</a>&nbsp;&nbsp;&nbsp;check_button
</UL>

<P><STRONG><a name="[83]"></a>PORT_ResetBits</STRONG> (Thumb, 22 bytes, Stack size 0 bytes, mdr32f9qx_port.o(i.PORT_ResetBits))
<BR><BR>[Called By]<UL><LI><a href="#[80]">&gt;&gt;</a>&nbsp;&nbsp;&nbsp;U_MLT_Write_Data
<LI><a href="#[7d]">&gt;&gt;</a>&nbsp;&nbsp;&nbsp;U_MLT_Set_Page
<LI><a href="#[7e]">&gt;&gt;</a>&nbsp;&nbsp;&nbsp;U_MLT_Set_Address
<LI><a href="#[7f]">&gt;&gt;</a>&nbsp;&nbsp;&nbsp;U_MLT_Read_Status
<LI><a href="#[88]">&gt;&gt;</a>&nbsp;&nbsp;&nbsp;U_MLT_LCD_Init
<LI><a href="#[81]">&gt;&gt;</a>&nbsp;&nbsp;&nbsp;U_MLT_Disp_On
</UL>

<P><STRONG><a name="[82]"></a>PORT_SetBits</STRONG> (Thumb, 22 bytes, Stack size 0 bytes, mdr32f9qx_port.o(i.PORT_SetBits))
<BR><BR>[Called By]<UL><LI><a href="#[80]">&gt;&gt;</a>&nbsp;&nbsp;&nbsp;U_MLT_Write_Data
<LI><a href="#[7d]">&gt;&gt;</a>&nbsp;&nbsp;&nbsp;U_MLT_Set_Page
<LI><a href="#[7e]">&gt;&gt;</a>&nbsp;&nbsp;&nbsp;U_MLT_Set_Address
<LI><a href="#[7f]">&gt;&gt;</a>&nbsp;&nbsp;&nbsp;U_MLT_Read_Status
<LI><a href="#[88]">&gt;&gt;</a>&nbsp;&nbsp;&nbsp;U_MLT_LCD_Init
<LI><a href="#[81]">&gt;&gt;</a>&nbsp;&nbsp;&nbsp;U_MLT_Disp_On
</UL>

<P><STRONG><a name="[4a]"></a>PORT_StructInit</STRONG> (Thumb, 28 bytes, Stack size 0 bytes, mdr32f9qx_port.o(i.PORT_StructInit))
<BR><BR>[Called By]<UL><LI><a href="#[56]">&gt;&gt;</a>&nbsp;&nbsp;&nbsp;Init_button
<LI><a href="#[48]">&gt;&gt;</a>&nbsp;&nbsp;&nbsp;ADC_init
</UL>

<P><STRONG><a name="[12]"></a>POWER_IRQHandler</STRONG> (Thumb, 2 bytes, Stack size 0 bytes, mdr32f9qx_it.o(i.POWER_IRQHandler))
<BR>[Address Reference Count : 1]<UL><LI> startup_mdr32f9qx.o(RESET)
</UL>
<P><STRONG><a name="[c7]"></a>RST_CLK_CPU_PLLcmd</STRONG> (Thumb, 6 bytes, Stack size 0 bytes, mdr32f9qx_rst_clk.o(i.RST_CLK_CPU_PLLcmd))
<BR><BR>[Called By]<UL><LI><a href="#[95]">&gt;&gt;</a>&nbsp;&nbsp;&nbsp;sys_clk_init
</UL>

<P><STRONG><a name="[c6]"></a>RST_CLK_CPU_PLLconfig</STRONG> (Thumb, 54 bytes, Stack size 8 bytes, mdr32f9qx_rst_clk.o(i.RST_CLK_CPU_PLLconfig))
<BR><BR>[Stack]<UL><LI>Max Depth = 8<LI>Call Chain = RST_CLK_CPU_PLLconfig
</UL>
<BR>[Called By]<UL><LI><a href="#[95]">&gt;&gt;</a>&nbsp;&nbsp;&nbsp;sys_clk_init
</UL>

<P><STRONG><a name="[57]"></a>RST_CLK_CPU_PLLstatus</STRONG> (Thumb, 52 bytes, Stack size 16 bytes, mdr32f9qx_rst_clk.o(i.RST_CLK_CPU_PLLstatus))
<BR><BR>[Stack]<UL><LI>Max Depth = 24<LI>Call Chain = RST_CLK_CPU_PLLstatus &rArr; RST_CLK_GetFlagStatus
</UL>
<BR>[Calls]<UL><LI><a href="#[58]">&gt;&gt;</a>&nbsp;&nbsp;&nbsp;RST_CLK_GetFlagStatus
</UL>
<BR>[Called By]<UL><LI><a href="#[95]">&gt;&gt;</a>&nbsp;&nbsp;&nbsp;sys_clk_init
</UL>

<P><STRONG><a name="[c9]"></a>RST_CLK_CPU_PLLuse</STRONG> (Thumb, 6 bytes, Stack size 0 bytes, mdr32f9qx_rst_clk.o(i.RST_CLK_CPU_PLLuse))
<BR><BR>[Called By]<UL><LI><a href="#[95]">&gt;&gt;</a>&nbsp;&nbsp;&nbsp;sys_clk_init
</UL>

<P><STRONG><a name="[c8]"></a>RST_CLK_CPUclkPrescaler</STRONG> (Thumb, 18 bytes, Stack size 0 bytes, mdr32f9qx_rst_clk.o(i.RST_CLK_CPUclkPrescaler))
<BR><BR>[Called By]<UL><LI><a href="#[95]">&gt;&gt;</a>&nbsp;&nbsp;&nbsp;sys_clk_init
</UL>

<P><STRONG><a name="[ca]"></a>RST_CLK_CPUclkSelection</STRONG> (Thumb, 16 bytes, Stack size 0 bytes, mdr32f9qx_rst_clk.o(i.RST_CLK_CPUclkSelection))
<BR><BR>[Called By]<UL><LI><a href="#[95]">&gt;&gt;</a>&nbsp;&nbsp;&nbsp;sys_clk_init
</UL>

<P><STRONG><a name="[75]"></a>RST_CLK_GetClocksFreq</STRONG> (Thumb, 620 bytes, Stack size 44 bytes, mdr32f9qx_rst_clk.o(i.RST_CLK_GetClocksFreq))
<BR><BR>[Stack]<UL><LI>Max Depth = 44<LI>Call Chain = RST_CLK_GetClocksFreq
</UL>
<BR>[Called By]<UL><LI><a href="#[74]">&gt;&gt;</a>&nbsp;&nbsp;&nbsp;UART_Init
</UL>

<P><STRONG><a name="[58]"></a>RST_CLK_GetFlagStatus</STRONG> (Thumb, 42 bytes, Stack size 8 bytes, mdr32f9qx_rst_clk.o(i.RST_CLK_GetFlagStatus))
<BR><BR>[Stack]<UL><LI>Max Depth = 8<LI>Call Chain = RST_CLK_GetFlagStatus
</UL>
<BR>[Called By]<UL><LI><a href="#[59]">&gt;&gt;</a>&nbsp;&nbsp;&nbsp;RST_CLK_HSEstatus
<LI><a href="#[57]">&gt;&gt;</a>&nbsp;&nbsp;&nbsp;RST_CLK_CPU_PLLstatus
</UL>

<P><STRONG><a name="[c5]"></a>RST_CLK_HSEconfig</STRONG> (Thumb, 56 bytes, Stack size 0 bytes, mdr32f9qx_rst_clk.o(i.RST_CLK_HSEconfig))
<BR><BR>[Called By]<UL><LI><a href="#[95]">&gt;&gt;</a>&nbsp;&nbsp;&nbsp;sys_clk_init
</UL>

<P><STRONG><a name="[59]"></a>RST_CLK_HSEstatus</STRONG> (Thumb, 52 bytes, Stack size 16 bytes, mdr32f9qx_rst_clk.o(i.RST_CLK_HSEstatus))
<BR><BR>[Stack]<UL><LI>Max Depth = 24<LI>Call Chain = RST_CLK_HSEstatus &rArr; RST_CLK_GetFlagStatus
</UL>
<BR>[Calls]<UL><LI><a href="#[58]">&gt;&gt;</a>&nbsp;&nbsp;&nbsp;RST_CLK_GetFlagStatus
</UL>
<BR>[Called By]<UL><LI><a href="#[95]">&gt;&gt;</a>&nbsp;&nbsp;&nbsp;sys_clk_init
</UL>

<P><STRONG><a name="[49]"></a>RST_CLK_PCLKcmd</STRONG> (Thumb, 26 bytes, Stack size 0 bytes, mdr32f9qx_rst_clk.o(i.RST_CLK_PCLKcmd))
<BR><BR>[Called By]<UL><LI><a href="#[96]">&gt;&gt;</a>&nbsp;&nbsp;&nbsp;uart_io_init
<LI><a href="#[69]">&gt;&gt;</a>&nbsp;&nbsp;&nbsp;Timer1_init
<LI><a href="#[56]">&gt;&gt;</a>&nbsp;&nbsp;&nbsp;Init_button
<LI><a href="#[52]">&gt;&gt;</a>&nbsp;&nbsp;&nbsp;DMA_init
<LI><a href="#[48]">&gt;&gt;</a>&nbsp;&nbsp;&nbsp;ADC_init
<LI><a href="#[87]">&gt;&gt;</a>&nbsp;&nbsp;&nbsp;U_MLT_Pin_Cfg
</UL>

<P><STRONG><a name="[10]"></a>SSP1_IRQHandler</STRONG> (Thumb, 2 bytes, Stack size 0 bytes, mdr32f9qx_it.o(i.SSP1_IRQHandler))
<BR>[Address Reference Count : 1]<UL><LI> startup_mdr32f9qx.o(RESET)
</UL>
<P><STRONG><a name="[19]"></a>SSP2_IRQHandler</STRONG> (Thumb, 2 bytes, Stack size 0 bytes, mdr32f9qx_it.o(i.SSP2_IRQHandler))
<BR>[Address Reference Count : 1]<UL><LI> startup_mdr32f9qx.o(RESET)
</UL>
<P><STRONG><a name="[9]"></a>SysTick_Handler</STRONG> (Thumb, 46 bytes, Stack size 8 bytes, port.o(i.SysTick_Handler))
<BR><BR>[Stack]<UL><LI>Max Depth = 32<LI>Call Chain = SysTick_Handler &rArr; xTaskIncrementTick
</UL>
<BR>[Calls]<UL><LI><a href="#[5a]">&gt;&gt;</a>&nbsp;&nbsp;&nbsp;xTaskIncrementTick
</UL>
<BR>[Address Reference Count : 1]<UL><LI> startup_mdr32f9qx.o(RESET)
</UL>
<P><STRONG><a name="[5b]"></a>SystemCoreClockUpdate</STRONG> (Thumb, 130 bytes, Stack size 12 bytes, system_mdr32f9qx.o(i.SystemCoreClockUpdate))
<BR><BR>[Stack]<UL><LI>Max Depth = 12<LI>Call Chain = SystemCoreClockUpdate
</UL>
<BR>[Called By]<UL><LI><a href="#[95]">&gt;&gt;</a>&nbsp;&nbsp;&nbsp;sys_clk_init
<LI><a href="#[20]">&gt;&gt;</a>&nbsp;&nbsp;&nbsp;SystemInit
</UL>

<P><STRONG><a name="[20]"></a>SystemInit</STRONG> (Thumb, 54 bytes, Stack size 4 bytes, system_mdr32f9qx.o(i.SystemInit))
<BR><BR>[Stack]<UL><LI>Max Depth = 16<LI>Call Chain = SystemInit &rArr; SystemCoreClockUpdate
</UL>
<BR>[Calls]<UL><LI><a href="#[5b]">&gt;&gt;</a>&nbsp;&nbsp;&nbsp;SystemCoreClockUpdate
</UL>
<BR>[Address Reference Count : 1]<UL><LI> startup_mdr32f9qx.o(.text)
</UL>
<P><STRONG><a name="[6b]"></a>TIMER_BRGInit</STRONG> (Thumb, 68 bytes, Stack size 0 bytes, mdr32f9qx_timer.o(i.TIMER_BRGInit))
<BR><BR>[Called By]<UL><LI><a href="#[69]">&gt;&gt;</a>&nbsp;&nbsp;&nbsp;Timer1_init
</UL>

<P><STRONG><a name="[68]"></a>TIMER_ClearFlag</STRONG> (Thumb, 6 bytes, Stack size 0 bytes, mdr32f9qx_timer.o(i.TIMER_ClearFlag))
<BR><BR>[Called By]<UL><LI><a href="#[14]">&gt;&gt;</a>&nbsp;&nbsp;&nbsp;Timer1_IRQHandler
</UL>

<P><STRONG><a name="[6f]"></a>TIMER_Cmd</STRONG> (Thumb, 20 bytes, Stack size 0 bytes, mdr32f9qx_timer.o(i.TIMER_Cmd))
<BR><BR>[Called By]<UL><LI><a href="#[69]">&gt;&gt;</a>&nbsp;&nbsp;&nbsp;Timer1_init
</UL>

<P><STRONG><a name="[6d]"></a>TIMER_CntInit</STRONG> (Thumb, 54 bytes, Stack size 12 bytes, mdr32f9qx_timer.o(i.TIMER_CntInit))
<BR><BR>[Stack]<UL><LI>Max Depth = 12<LI>Call Chain = TIMER_CntInit
</UL>
<BR>[Called By]<UL><LI><a href="#[69]">&gt;&gt;</a>&nbsp;&nbsp;&nbsp;Timer1_init
</UL>

<P><STRONG><a name="[6c]"></a>TIMER_CntStructInit</STRONG> (Thumb, 28 bytes, Stack size 0 bytes, mdr32f9qx_timer.o(i.TIMER_CntStructInit))
<BR><BR>[Called By]<UL><LI><a href="#[69]">&gt;&gt;</a>&nbsp;&nbsp;&nbsp;Timer1_init
</UL>

<P><STRONG><a name="[6a]"></a>TIMER_DeInit</STRONG> (Thumb, 68 bytes, Stack size 0 bytes, mdr32f9qx_timer.o(i.TIMER_DeInit))
<BR><BR>[Called By]<UL><LI><a href="#[69]">&gt;&gt;</a>&nbsp;&nbsp;&nbsp;Timer1_init
</UL>

<P><STRONG><a name="[6e]"></a>TIMER_ITConfig</STRONG> (Thumb, 18 bytes, Stack size 8 bytes, mdr32f9qx_timer.o(i.TIMER_ITConfig))
<BR><BR>[Stack]<UL><LI>Max Depth = 8<LI>Call Chain = TIMER_ITConfig
</UL>
<BR>[Called By]<UL><LI><a href="#[69]">&gt;&gt;</a>&nbsp;&nbsp;&nbsp;Timer1_init
</UL>

<P><STRONG><a name="[2b]"></a>Task_DSP</STRONG> (Thumb, 634 bytes, Stack size 40 bytes, menu.o(i.Task_DSP))
<BR><BR>[Stack]<UL><LI>Max Depth = 192<LI>Call Chain = Task_DSP &rArr; draw_rms &rArr; __aeabi_drsub &rArr; __aeabi_dadd &rArr; _double_epilogue &rArr; _double_round
</UL>
<BR>[Calls]<UL><LI><a href="#[5c]">&gt;&gt;</a>&nbsp;&nbsp;&nbsp;xQueueGenericReceive
<LI><a href="#[62]">&gt;&gt;</a>&nbsp;&nbsp;&nbsp;vTaskDelay
<LI><a href="#[65]">&gt;&gt;</a>&nbsp;&nbsp;&nbsp;create_scale
<LI><a href="#[3d]">&gt;&gt;</a>&nbsp;&nbsp;&nbsp;__aeabi_ui2d
<LI><a href="#[39]">&gt;&gt;</a>&nbsp;&nbsp;&nbsp;__aeabi_dsub
<LI><a href="#[3b]">&gt;&gt;</a>&nbsp;&nbsp;&nbsp;__aeabi_dmul
<LI><a href="#[3c]">&gt;&gt;</a>&nbsp;&nbsp;&nbsp;__aeabi_ddiv
<LI><a href="#[5f]">&gt;&gt;</a>&nbsp;&nbsp;&nbsp;__aeabi_cdrcmple
<LI><a href="#[5e]">&gt;&gt;</a>&nbsp;&nbsp;&nbsp;__aeabi_cdcmple
<LI><a href="#[64]">&gt;&gt;</a>&nbsp;&nbsp;&nbsp;U_MLT_Put_String
<LI><a href="#[66]">&gt;&gt;</a>&nbsp;&nbsp;&nbsp;draw_rms
<LI><a href="#[61]">&gt;&gt;</a>&nbsp;&nbsp;&nbsp;reset_click
<LI><a href="#[60]">&gt;&gt;</a>&nbsp;&nbsp;&nbsp;check_button
<LI><a href="#[5d]">&gt;&gt;</a>&nbsp;&nbsp;&nbsp;sqrt
<LI><a href="#[63]">&gt;&gt;</a>&nbsp;&nbsp;&nbsp;__2sprintf
</UL>
<BR>[Address Reference Count : 1]<UL><LI> main.o(i.main)
</UL>
<P><STRONG><a name="[14]"></a>Timer1_IRQHandler</STRONG> (Thumb, 16 bytes, Stack size 8 bytes, main.o(i.Timer1_IRQHandler))
<BR><BR>[Stack]<UL><LI>Max Depth = 8<LI>Call Chain = Timer1_IRQHandler
</UL>
<BR>[Calls]<UL><LI><a href="#[68]">&gt;&gt;</a>&nbsp;&nbsp;&nbsp;TIMER_ClearFlag
<LI><a href="#[67]">&gt;&gt;</a>&nbsp;&nbsp;&nbsp;ADC1_Start
</UL>
<BR>[Address Reference Count : 1]<UL><LI> startup_mdr32f9qx.o(RESET)
</UL>
<P><STRONG><a name="[69]"></a>Timer1_init</STRONG> (Thumb, 138 bytes, Stack size 8 bytes, timer.o(i.Timer1_init))
<BR><BR>[Stack]<UL><LI>Max Depth = 20<LI>Call Chain = Timer1_init &rArr; TIMER_CntInit
</UL>
<BR>[Calls]<UL><LI><a href="#[6e]">&gt;&gt;</a>&nbsp;&nbsp;&nbsp;TIMER_ITConfig
<LI><a href="#[6a]">&gt;&gt;</a>&nbsp;&nbsp;&nbsp;TIMER_DeInit
<LI><a href="#[6c]">&gt;&gt;</a>&nbsp;&nbsp;&nbsp;TIMER_CntStructInit
<LI><a href="#[6d]">&gt;&gt;</a>&nbsp;&nbsp;&nbsp;TIMER_CntInit
<LI><a href="#[6f]">&gt;&gt;</a>&nbsp;&nbsp;&nbsp;TIMER_Cmd
<LI><a href="#[6b]">&gt;&gt;</a>&nbsp;&nbsp;&nbsp;TIMER_BRGInit
<LI><a href="#[49]">&gt;&gt;</a>&nbsp;&nbsp;&nbsp;RST_CLK_PCLKcmd
</UL>
<BR>[Called By]<UL><LI><a href="#[1f]">&gt;&gt;</a>&nbsp;&nbsp;&nbsp;main
</UL>

<P><STRONG><a name="[15]"></a>Timer2_IRQHandler</STRONG> (Thumb, 2 bytes, Stack size 0 bytes, mdr32f9qx_it.o(i.Timer2_IRQHandler))
<BR>[Address Reference Count : 1]<UL><LI> startup_mdr32f9qx.o(RESET)
</UL>
<P><STRONG><a name="[16]"></a>Timer3_IRQHandler</STRONG> (Thumb, 2 bytes, Stack size 0 bytes, mdr32f9qx_it.o(i.Timer3_IRQHandler))
<BR>[Address Reference Count : 1]<UL><LI> startup_mdr32f9qx.o(RESET)
</UL>
<P><STRONG><a name="[e]"></a>UART1_IRQHandler</STRONG> (Thumb, 2 bytes, Stack size 0 bytes, mdr32f9qx_it.o(i.UART1_IRQHandler))
<BR>[Address Reference Count : 1]<UL><LI> startup_mdr32f9qx.o(RESET)
</UL>
<P><STRONG><a name="[f]"></a>UART2_IRQHandler</STRONG> (Thumb, 68 bytes, Stack size 8 bytes, main.o(i.UART2_IRQHandler))
<BR><BR>[Stack]<UL><LI>Max Depth = 88<LI>Call Chain = UART2_IRQHandler &rArr; xQueueGenericSendFromISR &rArr; prvCopyDataToQueue &rArr; xTaskPriorityDisinherit
</UL>
<BR>[Calls]<UL><LI><a href="#[73]">&gt;&gt;</a>&nbsp;&nbsp;&nbsp;xQueueGenericSendFromISR
<LI><a href="#[72]">&gt;&gt;</a>&nbsp;&nbsp;&nbsp;UART_ReceiveData
<LI><a href="#[70]">&gt;&gt;</a>&nbsp;&nbsp;&nbsp;UART_GetITStatusMasked
<LI><a href="#[71]">&gt;&gt;</a>&nbsp;&nbsp;&nbsp;UART_ClearITPendingBit
</UL>
<BR>[Address Reference Count : 1]<UL><LI> startup_mdr32f9qx.o(RESET)
</UL>
<P><STRONG><a name="[cb]"></a>UART_BRGInit</STRONG> (Thumb, 48 bytes, Stack size 0 bytes, mdr32f9qx_uart.o(i.UART_BRGInit))
<BR><BR>[Called By]<UL><LI><a href="#[96]">&gt;&gt;</a>&nbsp;&nbsp;&nbsp;uart_io_init
</UL>

<P><STRONG><a name="[71]"></a>UART_ClearITPendingBit</STRONG> (Thumb, 8 bytes, Stack size 0 bytes, mdr32f9qx_uart.o(i.UART_ClearITPendingBit))
<BR><BR>[Called By]<UL><LI><a href="#[f]">&gt;&gt;</a>&nbsp;&nbsp;&nbsp;UART2_IRQHandler
</UL>

<P><STRONG><a name="[cd]"></a>UART_Cmd</STRONG> (Thumb, 24 bytes, Stack size 0 bytes, mdr32f9qx_uart.o(i.UART_Cmd))
<BR><BR>[Called By]<UL><LI><a href="#[96]">&gt;&gt;</a>&nbsp;&nbsp;&nbsp;uart_io_init
</UL>

<P><STRONG><a name="[70]"></a>UART_GetITStatusMasked</STRONG> (Thumb, 16 bytes, Stack size 0 bytes, mdr32f9qx_uart.o(i.UART_GetITStatusMasked))
<BR><BR>[Called By]<UL><LI><a href="#[f]">&gt;&gt;</a>&nbsp;&nbsp;&nbsp;UART2_IRQHandler
</UL>

<P><STRONG><a name="[cc]"></a>UART_ITConfig</STRONG> (Thumb, 18 bytes, Stack size 0 bytes, mdr32f9qx_uart.o(i.UART_ITConfig))
<BR><BR>[Called By]<UL><LI><a href="#[96]">&gt;&gt;</a>&nbsp;&nbsp;&nbsp;uart_io_init
</UL>

<P><STRONG><a name="[74]"></a>UART_Init</STRONG> (Thumb, 162 bytes, Stack size 64 bytes, mdr32f9qx_uart.o(i.UART_Init))
<BR><BR>[Stack]<UL><LI>Max Depth = 108<LI>Call Chain = UART_Init &rArr; RST_CLK_GetClocksFreq
</UL>
<BR>[Calls]<UL><LI><a href="#[75]">&gt;&gt;</a>&nbsp;&nbsp;&nbsp;RST_CLK_GetClocksFreq
</UL>
<BR>[Called By]<UL><LI><a href="#[96]">&gt;&gt;</a>&nbsp;&nbsp;&nbsp;uart_io_init
</UL>

<P><STRONG><a name="[72]"></a>UART_ReceiveData</STRONG> (Thumb, 8 bytes, Stack size 0 bytes, mdr32f9qx_uart.o(i.UART_ReceiveData))
<BR><BR>[Called By]<UL><LI><a href="#[f]">&gt;&gt;</a>&nbsp;&nbsp;&nbsp;UART2_IRQHandler
</UL>

<P><STRONG><a name="[c]"></a>USB_IRQHandler</STRONG> (Thumb, 2 bytes, Stack size 0 bytes, mdr32f9qx_it.o(i.USB_IRQHandler))
<BR>[Address Reference Count : 1]<UL><LI> startup_mdr32f9qx.o(RESET)
</UL>
<P><STRONG><a name="[76]"></a>U_MENU_Init</STRONG> (Thumb, 22 bytes, Stack size 4 bytes, menu.o(i.U_MENU_Init))
<BR><BR>[Stack]<UL><LI>Max Depth = 4<LI>Call Chain = U_MENU_Init
</UL>
<BR>[Calls]<UL><LI><a href="#[77]">&gt;&gt;</a>&nbsp;&nbsp;&nbsp;U_MENU_Prepare_Item
</UL>
<BR>[Called By]<UL><LI><a href="#[1f]">&gt;&gt;</a>&nbsp;&nbsp;&nbsp;main
</UL>

<P><STRONG><a name="[2a]"></a>U_MENU_Output</STRONG> (Thumb, 28 bytes, Stack size 24 bytes, menu.o(i.U_MENU_Output))
<BR><BR>[Stack]<UL><LI>Max Depth = 224<LI>Call Chain = U_MENU_Output &rArr; __0scanf &rArr; __vfscanf_char_file &rArr; __vfscanf_char &rArr; __vfscanf &rArr; _scanf_string
</UL>
<BR>[Calls]<UL><LI><a href="#[64]">&gt;&gt;</a>&nbsp;&nbsp;&nbsp;U_MLT_Put_String
<LI><a href="#[32]">&gt;&gt;</a>&nbsp;&nbsp;&nbsp;__0scanf
<LI><a href="#[78]">&gt;&gt;</a>&nbsp;&nbsp;&nbsp;__2printf
</UL>
<BR>[Address Reference Count : 1]<UL><LI> main.o(i.main)
</UL>
<P><STRONG><a name="[77]"></a>U_MENU_Prepare_Item</STRONG> (Thumb, 38 bytes, Stack size 0 bytes, menu.o(i.U_MENU_Prepare_Item))
<BR><BR>[Called By]<UL><LI><a href="#[76]">&gt;&gt;</a>&nbsp;&nbsp;&nbsp;U_MENU_Init
</UL>

<P><STRONG><a name="[29]"></a>U_MENU_Running_String_Task_Function</STRONG> (Thumb, 26 bytes, Stack size 24 bytes, menu.o(i.U_MENU_Running_String_Task_Function))
<BR><BR>[Stack]<UL><LI>Max Depth = 80<LI>Call Chain = U_MENU_Running_String_Task_Function &rArr; vTaskDelay &rArr; xTaskResumeAll &rArr; xTaskIncrementTick
</UL>
<BR>[Calls]<UL><LI><a href="#[62]">&gt;&gt;</a>&nbsp;&nbsp;&nbsp;vTaskDelay
<LI><a href="#[79]">&gt;&gt;</a>&nbsp;&nbsp;&nbsp;__aeabi_memcpy4
</UL>
<BR>[Address Reference Count : 1]<UL><LI> main.o(i.main)
</UL>
<P><STRONG><a name="[28]"></a>U_MENU_Task_Function</STRONG> (Thumb, 32 bytes, Stack size 0 bytes, menu.o(i.U_MENU_Task_Function))
<BR><BR>[Stack]<UL><LI>Max Depth = 56<LI>Call Chain = U_MENU_Task_Function &rArr; vTaskDelay &rArr; xTaskResumeAll &rArr; xTaskIncrementTick
</UL>
<BR>[Calls]<UL><LI><a href="#[62]">&gt;&gt;</a>&nbsp;&nbsp;&nbsp;vTaskDelay
<LI><a href="#[7a]">&gt;&gt;</a>&nbsp;&nbsp;&nbsp;xTaskGetTickCount
</UL>
<BR>[Address Reference Count : 1]<UL><LI> main.o(i.main)
</UL>
<P><STRONG><a name="[7b]"></a>U_MLT_Clear_Chip</STRONG> (Thumb, 24 bytes, Stack size 16 bytes, mlt_lcd.o(i.U_MLT_Clear_Chip))
<BR><BR>[Stack]<UL><LI>Max Depth = 56<LI>Call Chain = U_MLT_Clear_Chip &rArr; U_MLT_Clear_Page &rArr; U_MLT_Write_Data &rArr; U_MLT_Delay
</UL>
<BR>[Calls]<UL><LI><a href="#[7c]">&gt;&gt;</a>&nbsp;&nbsp;&nbsp;U_MLT_Clear_Page
</UL>
<BR>[Called By]<UL><LI><a href="#[86]">&gt;&gt;</a>&nbsp;&nbsp;&nbsp;U_MLT_Init
</UL>

<P><STRONG><a name="[7c]"></a>U_MLT_Clear_Page</STRONG> (Thumb, 58 bytes, Stack size 16 bytes, mlt_lcd.o(i.U_MLT_Clear_Page))
<BR><BR>[Stack]<UL><LI>Max Depth = 40<LI>Call Chain = U_MLT_Clear_Page &rArr; U_MLT_Write_Data &rArr; U_MLT_Delay
</UL>
<BR>[Calls]<UL><LI><a href="#[80]">&gt;&gt;</a>&nbsp;&nbsp;&nbsp;U_MLT_Write_Data
<LI><a href="#[7d]">&gt;&gt;</a>&nbsp;&nbsp;&nbsp;U_MLT_Set_Page
<LI><a href="#[7e]">&gt;&gt;</a>&nbsp;&nbsp;&nbsp;U_MLT_Set_Address
<LI><a href="#[7f]">&gt;&gt;</a>&nbsp;&nbsp;&nbsp;U_MLT_Read_Status
</UL>
<BR>[Called By]<UL><LI><a href="#[7b]">&gt;&gt;</a>&nbsp;&nbsp;&nbsp;U_MLT_Clear_Chip
</UL>

<P><STRONG><a name="[84]"></a>U_MLT_Delay</STRONG> (Thumb, 18 bytes, Stack size 8 bytes, mlt_lcd.o(i.U_MLT_Delay))
<BR><BR>[Stack]<UL><LI>Max Depth = 8<LI>Call Chain = U_MLT_Delay
</UL>
<BR>[Called By]<UL><LI><a href="#[80]">&gt;&gt;</a>&nbsp;&nbsp;&nbsp;U_MLT_Write_Data
<LI><a href="#[7d]">&gt;&gt;</a>&nbsp;&nbsp;&nbsp;U_MLT_Set_Page
<LI><a href="#[7e]">&gt;&gt;</a>&nbsp;&nbsp;&nbsp;U_MLT_Set_Address
<LI><a href="#[7f]">&gt;&gt;</a>&nbsp;&nbsp;&nbsp;U_MLT_Read_Status
<LI><a href="#[88]">&gt;&gt;</a>&nbsp;&nbsp;&nbsp;U_MLT_LCD_Init
<LI><a href="#[81]">&gt;&gt;</a>&nbsp;&nbsp;&nbsp;U_MLT_Disp_On
</UL>

<P><STRONG><a name="[81]"></a>U_MLT_Disp_On</STRONG> (Thumb, 188 bytes, Stack size 8 bytes, mlt_lcd.o(i.U_MLT_Disp_On))
<BR><BR>[Stack]<UL><LI>Max Depth = 16<LI>Call Chain = U_MLT_Disp_On &rArr; U_MLT_Delay
</UL>
<BR>[Calls]<UL><LI><a href="#[82]">&gt;&gt;</a>&nbsp;&nbsp;&nbsp;PORT_SetBits
<LI><a href="#[83]">&gt;&gt;</a>&nbsp;&nbsp;&nbsp;PORT_ResetBits
<LI><a href="#[85]">&gt;&gt;</a>&nbsp;&nbsp;&nbsp;U_MLT_Set_Data_Bits
<LI><a href="#[84]">&gt;&gt;</a>&nbsp;&nbsp;&nbsp;U_MLT_Delay
</UL>
<BR>[Called By]<UL><LI><a href="#[86]">&gt;&gt;</a>&nbsp;&nbsp;&nbsp;U_MLT_Init
</UL>

<P><STRONG><a name="[86]"></a>U_MLT_Init</STRONG> (Thumb, 72 bytes, Stack size 8 bytes, mlt_lcd.o(i.U_MLT_Init))
<BR><BR>[Stack]<UL><LI>Max Depth = 104<LI>Call Chain = U_MLT_Init &rArr; create_scale &rArr; U_MLT_Put_Image &rArr; U_MLT_Write_Data &rArr; U_MLT_Delay
</UL>
<BR>[Calls]<UL><LI><a href="#[65]">&gt;&gt;</a>&nbsp;&nbsp;&nbsp;create_scale
<LI><a href="#[7f]">&gt;&gt;</a>&nbsp;&nbsp;&nbsp;U_MLT_Read_Status
<LI><a href="#[87]">&gt;&gt;</a>&nbsp;&nbsp;&nbsp;U_MLT_Pin_Cfg
<LI><a href="#[88]">&gt;&gt;</a>&nbsp;&nbsp;&nbsp;U_MLT_LCD_Init
<LI><a href="#[81]">&gt;&gt;</a>&nbsp;&nbsp;&nbsp;U_MLT_Disp_On
<LI><a href="#[7b]">&gt;&gt;</a>&nbsp;&nbsp;&nbsp;U_MLT_Clear_Chip
</UL>
<BR>[Called By]<UL><LI><a href="#[1f]">&gt;&gt;</a>&nbsp;&nbsp;&nbsp;main
</UL>

<P><STRONG><a name="[88]"></a>U_MLT_LCD_Init</STRONG> (Thumb, 64 bytes, Stack size 8 bytes, mlt_lcd.o(i.U_MLT_LCD_Init))
<BR><BR>[Stack]<UL><LI>Max Depth = 32<LI>Call Chain = U_MLT_LCD_Init &rArr; U_MLT_Read_Status &rArr; U_MLT_Delay
</UL>
<BR>[Calls]<UL><LI><a href="#[7f]">&gt;&gt;</a>&nbsp;&nbsp;&nbsp;U_MLT_Read_Status
<LI><a href="#[82]">&gt;&gt;</a>&nbsp;&nbsp;&nbsp;PORT_SetBits
<LI><a href="#[83]">&gt;&gt;</a>&nbsp;&nbsp;&nbsp;PORT_ResetBits
<LI><a href="#[84]">&gt;&gt;</a>&nbsp;&nbsp;&nbsp;U_MLT_Delay
</UL>
<BR>[Called By]<UL><LI><a href="#[86]">&gt;&gt;</a>&nbsp;&nbsp;&nbsp;U_MLT_Init
</UL>

<P><STRONG><a name="[87]"></a>U_MLT_Pin_Cfg</STRONG> (Thumb, 120 bytes, Stack size 16 bytes, mlt_lcd.o(i.U_MLT_Pin_Cfg))
<BR><BR>[Stack]<UL><LI>Max Depth = 64<LI>Call Chain = U_MLT_Pin_Cfg &rArr; PORT_Init
</UL>
<BR>[Calls]<UL><LI><a href="#[49]">&gt;&gt;</a>&nbsp;&nbsp;&nbsp;RST_CLK_PCLKcmd
<LI><a href="#[4b]">&gt;&gt;</a>&nbsp;&nbsp;&nbsp;PORT_Init
</UL>
<BR>[Called By]<UL><LI><a href="#[86]">&gt;&gt;</a>&nbsp;&nbsp;&nbsp;U_MLT_Init
</UL>

<P><STRONG><a name="[89]"></a>U_MLT_Put_Char</STRONG> (Thumb, 128 bytes, Stack size 40 bytes, mlt_lcd.o(i.U_MLT_Put_Char))
<BR><BR>[Stack]<UL><LI>Max Depth = 64<LI>Call Chain = U_MLT_Put_Char &rArr; U_MLT_Write_Data &rArr; U_MLT_Delay
</UL>
<BR>[Calls]<UL><LI><a href="#[80]">&gt;&gt;</a>&nbsp;&nbsp;&nbsp;U_MLT_Write_Data
<LI><a href="#[7d]">&gt;&gt;</a>&nbsp;&nbsp;&nbsp;U_MLT_Set_Page
<LI><a href="#[7e]">&gt;&gt;</a>&nbsp;&nbsp;&nbsp;U_MLT_Set_Address
<LI><a href="#[7f]">&gt;&gt;</a>&nbsp;&nbsp;&nbsp;U_MLT_Read_Status
</UL>
<BR>[Called By]<UL><LI><a href="#[65]">&gt;&gt;</a>&nbsp;&nbsp;&nbsp;create_scale
<LI><a href="#[64]">&gt;&gt;</a>&nbsp;&nbsp;&nbsp;U_MLT_Put_String
</UL>

<P><STRONG><a name="[8a]"></a>U_MLT_Put_Image</STRONG> (Thumb, 140 bytes, Stack size 64 bytes, mlt_lcd.o(i.U_MLT_Put_Image))
<BR><BR>[Stack]<UL><LI>Max Depth = 88<LI>Call Chain = U_MLT_Put_Image &rArr; U_MLT_Write_Data &rArr; U_MLT_Delay
</UL>
<BR>[Calls]<UL><LI><a href="#[80]">&gt;&gt;</a>&nbsp;&nbsp;&nbsp;U_MLT_Write_Data
<LI><a href="#[7d]">&gt;&gt;</a>&nbsp;&nbsp;&nbsp;U_MLT_Set_Page
<LI><a href="#[7e]">&gt;&gt;</a>&nbsp;&nbsp;&nbsp;U_MLT_Set_Address
<LI><a href="#[7f]">&gt;&gt;</a>&nbsp;&nbsp;&nbsp;U_MLT_Read_Status
</UL>
<BR>[Called By]<UL><LI><a href="#[65]">&gt;&gt;</a>&nbsp;&nbsp;&nbsp;create_scale
</UL>

<P><STRONG><a name="[64]"></a>U_MLT_Put_String</STRONG> (Thumb, 54 bytes, Stack size 16 bytes, mlt_lcd.o(i.U_MLT_Put_String))
<BR><BR>[Stack]<UL><LI>Max Depth = 80<LI>Call Chain = U_MLT_Put_String &rArr; U_MLT_Put_Char &rArr; U_MLT_Write_Data &rArr; U_MLT_Delay
</UL>
<BR>[Calls]<UL><LI><a href="#[89]">&gt;&gt;</a>&nbsp;&nbsp;&nbsp;U_MLT_Put_Char
</UL>
<BR>[Called By]<UL><LI><a href="#[2a]">&gt;&gt;</a>&nbsp;&nbsp;&nbsp;U_MENU_Output
<LI><a href="#[2b]">&gt;&gt;</a>&nbsp;&nbsp;&nbsp;Task_DSP
</UL>

<P><STRONG><a name="[7f]"></a>U_MLT_Read_Status</STRONG> (Thumb, 182 bytes, Stack size 16 bytes, mlt_lcd.o(i.U_MLT_Read_Status))
<BR><BR>[Stack]<UL><LI>Max Depth = 24<LI>Call Chain = U_MLT_Read_Status &rArr; U_MLT_Delay
</UL>
<BR>[Calls]<UL><LI><a href="#[82]">&gt;&gt;</a>&nbsp;&nbsp;&nbsp;PORT_SetBits
<LI><a href="#[83]">&gt;&gt;</a>&nbsp;&nbsp;&nbsp;PORT_ResetBits
<LI><a href="#[84]">&gt;&gt;</a>&nbsp;&nbsp;&nbsp;U_MLT_Delay
</UL>
<BR>[Called By]<UL><LI><a href="#[66]">&gt;&gt;</a>&nbsp;&nbsp;&nbsp;draw_rms
<LI><a href="#[86]">&gt;&gt;</a>&nbsp;&nbsp;&nbsp;U_MLT_Init
<LI><a href="#[8a]">&gt;&gt;</a>&nbsp;&nbsp;&nbsp;U_MLT_Put_Image
<LI><a href="#[89]">&gt;&gt;</a>&nbsp;&nbsp;&nbsp;U_MLT_Put_Char
<LI><a href="#[88]">&gt;&gt;</a>&nbsp;&nbsp;&nbsp;U_MLT_LCD_Init
<LI><a href="#[7c]">&gt;&gt;</a>&nbsp;&nbsp;&nbsp;U_MLT_Clear_Page
</UL>

<P><STRONG><a name="[7e]"></a>U_MLT_Set_Address</STRONG> (Thumb, 192 bytes, Stack size 16 bytes, mlt_lcd.o(i.U_MLT_Set_Address))
<BR><BR>[Stack]<UL><LI>Max Depth = 24<LI>Call Chain = U_MLT_Set_Address &rArr; U_MLT_Delay
</UL>
<BR>[Calls]<UL><LI><a href="#[82]">&gt;&gt;</a>&nbsp;&nbsp;&nbsp;PORT_SetBits
<LI><a href="#[83]">&gt;&gt;</a>&nbsp;&nbsp;&nbsp;PORT_ResetBits
<LI><a href="#[85]">&gt;&gt;</a>&nbsp;&nbsp;&nbsp;U_MLT_Set_Data_Bits
<LI><a href="#[84]">&gt;&gt;</a>&nbsp;&nbsp;&nbsp;U_MLT_Delay
</UL>
<BR>[Called By]<UL><LI><a href="#[66]">&gt;&gt;</a>&nbsp;&nbsp;&nbsp;draw_rms
<LI><a href="#[8a]">&gt;&gt;</a>&nbsp;&nbsp;&nbsp;U_MLT_Put_Image
<LI><a href="#[89]">&gt;&gt;</a>&nbsp;&nbsp;&nbsp;U_MLT_Put_Char
<LI><a href="#[7c]">&gt;&gt;</a>&nbsp;&nbsp;&nbsp;U_MLT_Clear_Page
</UL>

<P><STRONG><a name="[85]"></a>U_MLT_Set_Data_Bits</STRONG> (Thumb, 60 bytes, Stack size 0 bytes, mlt_lcd.o(i.U_MLT_Set_Data_Bits))
<BR><BR>[Called By]<UL><LI><a href="#[80]">&gt;&gt;</a>&nbsp;&nbsp;&nbsp;U_MLT_Write_Data
<LI><a href="#[7d]">&gt;&gt;</a>&nbsp;&nbsp;&nbsp;U_MLT_Set_Page
<LI><a href="#[7e]">&gt;&gt;</a>&nbsp;&nbsp;&nbsp;U_MLT_Set_Address
<LI><a href="#[81]">&gt;&gt;</a>&nbsp;&nbsp;&nbsp;U_MLT_Disp_On
</UL>

<P><STRONG><a name="[7d]"></a>U_MLT_Set_Page</STRONG> (Thumb, 192 bytes, Stack size 16 bytes, mlt_lcd.o(i.U_MLT_Set_Page))
<BR><BR>[Stack]<UL><LI>Max Depth = 24<LI>Call Chain = U_MLT_Set_Page &rArr; U_MLT_Delay
</UL>
<BR>[Calls]<UL><LI><a href="#[82]">&gt;&gt;</a>&nbsp;&nbsp;&nbsp;PORT_SetBits
<LI><a href="#[83]">&gt;&gt;</a>&nbsp;&nbsp;&nbsp;PORT_ResetBits
<LI><a href="#[85]">&gt;&gt;</a>&nbsp;&nbsp;&nbsp;U_MLT_Set_Data_Bits
<LI><a href="#[84]">&gt;&gt;</a>&nbsp;&nbsp;&nbsp;U_MLT_Delay
</UL>
<BR>[Called By]<UL><LI><a href="#[66]">&gt;&gt;</a>&nbsp;&nbsp;&nbsp;draw_rms
<LI><a href="#[8a]">&gt;&gt;</a>&nbsp;&nbsp;&nbsp;U_MLT_Put_Image
<LI><a href="#[89]">&gt;&gt;</a>&nbsp;&nbsp;&nbsp;U_MLT_Put_Char
<LI><a href="#[7c]">&gt;&gt;</a>&nbsp;&nbsp;&nbsp;U_MLT_Clear_Page
</UL>

<P><STRONG><a name="[80]"></a>U_MLT_Write_Data</STRONG> (Thumb, 190 bytes, Stack size 16 bytes, mlt_lcd.o(i.U_MLT_Write_Data))
<BR><BR>[Stack]<UL><LI>Max Depth = 24<LI>Call Chain = U_MLT_Write_Data &rArr; U_MLT_Delay
</UL>
<BR>[Calls]<UL><LI><a href="#[82]">&gt;&gt;</a>&nbsp;&nbsp;&nbsp;PORT_SetBits
<LI><a href="#[83]">&gt;&gt;</a>&nbsp;&nbsp;&nbsp;PORT_ResetBits
<LI><a href="#[85]">&gt;&gt;</a>&nbsp;&nbsp;&nbsp;U_MLT_Set_Data_Bits
<LI><a href="#[84]">&gt;&gt;</a>&nbsp;&nbsp;&nbsp;U_MLT_Delay
</UL>
<BR>[Called By]<UL><LI><a href="#[66]">&gt;&gt;</a>&nbsp;&nbsp;&nbsp;draw_rms
<LI><a href="#[8a]">&gt;&gt;</a>&nbsp;&nbsp;&nbsp;U_MLT_Put_Image
<LI><a href="#[89]">&gt;&gt;</a>&nbsp;&nbsp;&nbsp;U_MLT_Put_Char
<LI><a href="#[7c]">&gt;&gt;</a>&nbsp;&nbsp;&nbsp;U_MLT_Clear_Page
</UL>

<P><STRONG><a name="[5]"></a>UsageFault_Handler</STRONG> (Thumb, 4 bytes, Stack size 0 bytes, mdr32f9qx_it.o(i.UsageFault_Handler))
<BR>[Address Reference Count : 1]<UL><LI> startup_mdr32f9qx.o(RESET)
</UL>
<P><STRONG><a name="[13]"></a>WWDG_IRQHandler</STRONG> (Thumb, 2 bytes, Stack size 0 bytes, mdr32f9qx_it.o(i.WWDG_IRQHandler))
<BR>[Address Reference Count : 1]<UL><LI> startup_mdr32f9qx.o(RESET)
</UL>
<P><STRONG><a name="[8b]"></a>__0printf</STRONG> (Thumb, 22 bytes, Stack size 24 bytes, printfa.o(i.__0printf), UNUSED)
<BR><BR>[Calls]<UL><LI><a href="#[8c]">&gt;&gt;</a>&nbsp;&nbsp;&nbsp;_printf_core
</UL>

<P><STRONG><a name="[ec]"></a>__1printf</STRONG> (Thumb, 0 bytes, Stack size 24 bytes, printfa.o(i.__0printf), UNUSED)

<P><STRONG><a name="[78]"></a>__2printf</STRONG> (Thumb, 0 bytes, Stack size 24 bytes, printfa.o(i.__0printf))
<BR><BR>[Stack]<UL><LI>Max Depth = 24<LI>Call Chain = __2printf
</UL>
<BR>[Called By]<UL><LI><a href="#[2a]">&gt;&gt;</a>&nbsp;&nbsp;&nbsp;U_MENU_Output
</UL>

<P><STRONG><a name="[ed]"></a>__c89printf</STRONG> (Thumb, 0 bytes, Stack size 24 bytes, printfa.o(i.__0printf), UNUSED)

<P><STRONG><a name="[ee]"></a>printf</STRONG> (Thumb, 0 bytes, Stack size 24 bytes, printfa.o(i.__0printf), UNUSED)

<P><STRONG><a name="[8d]"></a>__0sprintf</STRONG> (Thumb, 34 bytes, Stack size 24 bytes, printfa.o(i.__0sprintf), UNUSED)
<BR><BR>[Calls]<UL><LI><a href="#[27]">&gt;&gt;</a>&nbsp;&nbsp;&nbsp;_sputc
<LI><a href="#[8c]">&gt;&gt;</a>&nbsp;&nbsp;&nbsp;_printf_core
</UL>

<P><STRONG><a name="[ef]"></a>__1sprintf</STRONG> (Thumb, 0 bytes, Stack size 24 bytes, printfa.o(i.__0sprintf), UNUSED)

<P><STRONG><a name="[63]"></a>__2sprintf</STRONG> (Thumb, 0 bytes, Stack size 24 bytes, printfa.o(i.__0sprintf))
<BR><BR>[Stack]<UL><LI>Max Depth = 24<LI>Call Chain = __2sprintf
</UL>
<BR>[Called By]<UL><LI><a href="#[2b]">&gt;&gt;</a>&nbsp;&nbsp;&nbsp;Task_DSP
</UL>

<P><STRONG><a name="[f0]"></a>__c89sprintf</STRONG> (Thumb, 0 bytes, Stack size 24 bytes, printfa.o(i.__0sprintf), UNUSED)

<P><STRONG><a name="[f1]"></a>sprintf</STRONG> (Thumb, 0 bytes, Stack size 24 bytes, printfa.o(i.__0sprintf), UNUSED)

<P><STRONG><a name="[f2]"></a>__scatterload_copy</STRONG> (Thumb, 14 bytes, Stack size unknown bytes, handlers.o(i.__scatterload_copy), UNUSED)

<P><STRONG><a name="[f3]"></a>__scatterload_null</STRONG> (Thumb, 2 bytes, Stack size unknown bytes, handlers.o(i.__scatterload_null), UNUSED)

<P><STRONG><a name="[f4]"></a>__scatterload_zeroinit</STRONG> (Thumb, 14 bytes, Stack size unknown bytes, handlers.o(i.__scatterload_zeroinit), UNUSED)

<P><STRONG><a name="[c4]"></a>__set_errno</STRONG> (Thumb, 6 bytes, Stack size 0 bytes, errno.o(i.__set_errno))
<BR><BR>[Called By]<UL><LI><a href="#[5d]">&gt;&gt;</a>&nbsp;&nbsp;&nbsp;sqrt
</UL>

<P><STRONG><a name="[60]"></a>check_button</STRONG> (Thumb, 124 bytes, Stack size 8 bytes, button.o(i.check_button))
<BR><BR>[Stack]<UL><LI>Max Depth = 8<LI>Call Chain = check_button
</UL>
<BR>[Calls]<UL><LI><a href="#[7a]">&gt;&gt;</a>&nbsp;&nbsp;&nbsp;xTaskGetTickCount
<LI><a href="#[92]">&gt;&gt;</a>&nbsp;&nbsp;&nbsp;PORT_ReadInputDataBit
</UL>
<BR>[Called By]<UL><LI><a href="#[2b]">&gt;&gt;</a>&nbsp;&nbsp;&nbsp;Task_DSP
</UL>

<P><STRONG><a name="[65]"></a>create_scale</STRONG> (Thumb, 136 bytes, Stack size 8 bytes, mlt_lcd.o(i.create_scale))
<BR><BR>[Stack]<UL><LI>Max Depth = 96<LI>Call Chain = create_scale &rArr; U_MLT_Put_Image &rArr; U_MLT_Write_Data &rArr; U_MLT_Delay
</UL>
<BR>[Calls]<UL><LI><a href="#[8a]">&gt;&gt;</a>&nbsp;&nbsp;&nbsp;U_MLT_Put_Image
<LI><a href="#[89]">&gt;&gt;</a>&nbsp;&nbsp;&nbsp;U_MLT_Put_Char
</UL>
<BR>[Called By]<UL><LI><a href="#[86]">&gt;&gt;</a>&nbsp;&nbsp;&nbsp;U_MLT_Init
<LI><a href="#[2b]">&gt;&gt;</a>&nbsp;&nbsp;&nbsp;Task_DSP
</UL>

<P><STRONG><a name="[66]"></a>draw_rms</STRONG> (Thumb, 248 bytes, Stack size 64 bytes, menu.o(i.draw_rms))
<BR><BR>[Stack]<UL><LI>Max Depth = 152<LI>Call Chain = draw_rms &rArr; __aeabi_drsub &rArr; __aeabi_dadd &rArr; _double_epilogue &rArr; _double_round
</UL>
<BR>[Calls]<UL><LI><a href="#[3a]">&gt;&gt;</a>&nbsp;&nbsp;&nbsp;__aeabi_drsub
<LI><a href="#[3b]">&gt;&gt;</a>&nbsp;&nbsp;&nbsp;__aeabi_dmul
<LI><a href="#[3c]">&gt;&gt;</a>&nbsp;&nbsp;&nbsp;__aeabi_ddiv
<LI><a href="#[3e]">&gt;&gt;</a>&nbsp;&nbsp;&nbsp;__aeabi_d2uiz
<LI><a href="#[80]">&gt;&gt;</a>&nbsp;&nbsp;&nbsp;U_MLT_Write_Data
<LI><a href="#[7d]">&gt;&gt;</a>&nbsp;&nbsp;&nbsp;U_MLT_Set_Page
<LI><a href="#[7e]">&gt;&gt;</a>&nbsp;&nbsp;&nbsp;U_MLT_Set_Address
<LI><a href="#[7f]">&gt;&gt;</a>&nbsp;&nbsp;&nbsp;U_MLT_Read_Status
</UL>
<BR>[Called By]<UL><LI><a href="#[2b]">&gt;&gt;</a>&nbsp;&nbsp;&nbsp;Task_DSP
</UL>

<P><STRONG><a name="[22]"></a>fgetc</STRONG> (Thumb, 32 bytes, Stack size 16 bytes, uart_io.o(i.fgetc))
<BR><BR>[Stack]<UL><LI>Max Depth = 120<LI>Call Chain = fgetc &rArr; xQueueGenericReceive &rArr; vTaskPlaceOnEventList &rArr; prvAddCurrentTaskToDelayedList &rArr; vListInsert
</UL>
<BR>[Calls]<UL><LI><a href="#[5c]">&gt;&gt;</a>&nbsp;&nbsp;&nbsp;xQueueGenericReceive
</UL>
<BR>[Address Reference Count : 1]<UL><LI> scanf_char_file.o(.text)
</UL>
<P><STRONG><a name="[26]"></a>fputc</STRONG> (Thumb, 28 bytes, Stack size 16 bytes, uart_io.o(i.fputc))
<BR><BR>[Stack]<UL><LI>Max Depth = 120<LI>Call Chain = fputc &rArr; xQueueGenericSend &rArr; vTaskPlaceOnEventList &rArr; prvAddCurrentTaskToDelayedList &rArr; vListInsert
</UL>
<BR>[Calls]<UL><LI><a href="#[93]">&gt;&gt;</a>&nbsp;&nbsp;&nbsp;xQueueGenericSend
</UL>
<BR>[Address Reference Count : 1]<UL><LI> printfa.o(i.__0printf)
</UL>
<P><STRONG><a name="[94]"></a>init</STRONG> (Thumb, 8 bytes, Stack size 8 bytes, init.o(i.init))
<BR><BR>[Stack]<UL><LI>Max Depth = 40<LI>Call Chain = init &rArr; sys_clk_init &rArr; RST_CLK_HSEstatus &rArr; RST_CLK_GetFlagStatus
</UL>
<BR>[Calls]<UL><LI><a href="#[95]">&gt;&gt;</a>&nbsp;&nbsp;&nbsp;sys_clk_init
</UL>
<BR>[Called By]<UL><LI><a href="#[1f]">&gt;&gt;</a>&nbsp;&nbsp;&nbsp;main
</UL>

<P><STRONG><a name="[1f]"></a>main</STRONG> (Thumb, 184 bytes, Stack size 16 bytes, main.o(i.main))
<BR><BR>[Stack]<UL><LI>Max Depth = 184<LI>Call Chain = main &rArr; vTaskStartScheduler &rArr; xTimerCreateTimerTask &rArr; xTaskCreate &rArr; pvPortMalloc &rArr; xTaskResumeAll &rArr; xTaskIncrementTick
</UL>
<BR>[Calls]<UL><LI><a href="#[98]">&gt;&gt;</a>&nbsp;&nbsp;&nbsp;xTaskCreate
<LI><a href="#[93]">&gt;&gt;</a>&nbsp;&nbsp;&nbsp;xQueueGenericSend
<LI><a href="#[97]">&gt;&gt;</a>&nbsp;&nbsp;&nbsp;xQueueGenericCreate
<LI><a href="#[99]">&gt;&gt;</a>&nbsp;&nbsp;&nbsp;vTaskStartScheduler
<LI><a href="#[96]">&gt;&gt;</a>&nbsp;&nbsp;&nbsp;uart_io_init
<LI><a href="#[94]">&gt;&gt;</a>&nbsp;&nbsp;&nbsp;init
<LI><a href="#[86]">&gt;&gt;</a>&nbsp;&nbsp;&nbsp;U_MLT_Init
<LI><a href="#[76]">&gt;&gt;</a>&nbsp;&nbsp;&nbsp;U_MENU_Init
<LI><a href="#[69]">&gt;&gt;</a>&nbsp;&nbsp;&nbsp;Timer1_init
<LI><a href="#[56]">&gt;&gt;</a>&nbsp;&nbsp;&nbsp;Init_button
<LI><a href="#[52]">&gt;&gt;</a>&nbsp;&nbsp;&nbsp;DMA_init
<LI><a href="#[48]">&gt;&gt;</a>&nbsp;&nbsp;&nbsp;ADC_init
</UL>
<BR>[Address Reference Count : 1]<UL><LI> entry9a.o(.ARM.Collect$$$$0000000B)
</UL>
<P><STRONG><a name="[c2]"></a>pvPortMalloc</STRONG> (Thumb, 166 bytes, Stack size 24 bytes, heap_2.o(i.pvPortMalloc))
<BR><BR>[Stack]<UL><LI>Max Depth = 64<LI>Call Chain = pvPortMalloc &rArr; xTaskResumeAll &rArr; xTaskIncrementTick
</UL>
<BR>[Calls]<UL><LI><a href="#[c3]">&gt;&gt;</a>&nbsp;&nbsp;&nbsp;prvHeapInit
<LI><a href="#[a7]">&gt;&gt;</a>&nbsp;&nbsp;&nbsp;xTaskResumeAll
<LI><a href="#[a6]">&gt;&gt;</a>&nbsp;&nbsp;&nbsp;vTaskSuspendAll
</UL>
<BR>[Called By]<UL><LI><a href="#[98]">&gt;&gt;</a>&nbsp;&nbsp;&nbsp;xTaskCreate
<LI><a href="#[97]">&gt;&gt;</a>&nbsp;&nbsp;&nbsp;xQueueGenericCreate
</UL>

<P><STRONG><a name="[d5]"></a>pvTaskIncrementMutexHeldCount</STRONG> (Thumb, 26 bytes, Stack size 0 bytes, tasks.o(i.pvTaskIncrementMutexHeldCount))
<BR><BR>[Called By]<UL><LI><a href="#[5c]">&gt;&gt;</a>&nbsp;&nbsp;&nbsp;xQueueGenericReceive
</UL>

<P><STRONG><a name="[b3]"></a>pxPortInitialiseStack</STRONG> (Thumb, 30 bytes, Stack size 0 bytes, port.o(i.pxPortInitialiseStack))
<BR><BR>[Called By]<UL><LI><a href="#[b1]">&gt;&gt;</a>&nbsp;&nbsp;&nbsp;prvInitialiseNewTask
</UL>

<P><STRONG><a name="[61]"></a>reset_click</STRONG> (Thumb, 6 bytes, Stack size 0 bytes, button.o(i.reset_click))
<BR><BR>[Called By]<UL><LI><a href="#[2b]">&gt;&gt;</a>&nbsp;&nbsp;&nbsp;Task_DSP
</UL>

<P><STRONG><a name="[5d]"></a>sqrt</STRONG> (Thumb, 76 bytes, Stack size 24 bytes, sqrt.o(i.sqrt))
<BR><BR>[Stack]<UL><LI>Max Depth = 64<LI>Call Chain = sqrt &rArr; _dsqrt &rArr; _double_round
</UL>
<BR>[Calls]<UL><LI><a href="#[42]">&gt;&gt;</a>&nbsp;&nbsp;&nbsp;_dsqrt
<LI><a href="#[c4]">&gt;&gt;</a>&nbsp;&nbsp;&nbsp;__set_errno
</UL>
<BR>[Called By]<UL><LI><a href="#[2b]">&gt;&gt;</a>&nbsp;&nbsp;&nbsp;Task_DSP
</UL>

<P><STRONG><a name="[95]"></a>sys_clk_init</STRONG> (Thumb, 64 bytes, Stack size 8 bytes, init.o(i.sys_clk_init))
<BR><BR>[Stack]<UL><LI>Max Depth = 32<LI>Call Chain = sys_clk_init &rArr; RST_CLK_HSEstatus &rArr; RST_CLK_GetFlagStatus
</UL>
<BR>[Calls]<UL><LI><a href="#[5b]">&gt;&gt;</a>&nbsp;&nbsp;&nbsp;SystemCoreClockUpdate
<LI><a href="#[59]">&gt;&gt;</a>&nbsp;&nbsp;&nbsp;RST_CLK_HSEstatus
<LI><a href="#[c5]">&gt;&gt;</a>&nbsp;&nbsp;&nbsp;RST_CLK_HSEconfig
<LI><a href="#[ca]">&gt;&gt;</a>&nbsp;&nbsp;&nbsp;RST_CLK_CPUclkSelection
<LI><a href="#[c8]">&gt;&gt;</a>&nbsp;&nbsp;&nbsp;RST_CLK_CPUclkPrescaler
<LI><a href="#[c9]">&gt;&gt;</a>&nbsp;&nbsp;&nbsp;RST_CLK_CPU_PLLuse
<LI><a href="#[57]">&gt;&gt;</a>&nbsp;&nbsp;&nbsp;RST_CLK_CPU_PLLstatus
<LI><a href="#[c6]">&gt;&gt;</a>&nbsp;&nbsp;&nbsp;RST_CLK_CPU_PLLconfig
<LI><a href="#[c7]">&gt;&gt;</a>&nbsp;&nbsp;&nbsp;RST_CLK_CPU_PLLcmd
</UL>
<BR>[Called By]<UL><LI><a href="#[94]">&gt;&gt;</a>&nbsp;&nbsp;&nbsp;init
</UL>

<P><STRONG><a name="[96]"></a>uart_io_init</STRONG> (Thumb, 240 bytes, Stack size 40 bytes, uart_io.o(i.uart_io_init))
<BR><BR>[Stack]<UL><LI>Max Depth = 148<LI>Call Chain = uart_io_init &rArr; UART_Init &rArr; RST_CLK_GetClocksFreq
</UL>
<BR>[Calls]<UL><LI><a href="#[74]">&gt;&gt;</a>&nbsp;&nbsp;&nbsp;UART_Init
<LI><a href="#[cc]">&gt;&gt;</a>&nbsp;&nbsp;&nbsp;UART_ITConfig
<LI><a href="#[cd]">&gt;&gt;</a>&nbsp;&nbsp;&nbsp;UART_Cmd
<LI><a href="#[cb]">&gt;&gt;</a>&nbsp;&nbsp;&nbsp;UART_BRGInit
<LI><a href="#[49]">&gt;&gt;</a>&nbsp;&nbsp;&nbsp;RST_CLK_PCLKcmd
<LI><a href="#[4b]">&gt;&gt;</a>&nbsp;&nbsp;&nbsp;PORT_Init
</UL>
<BR>[Called By]<UL><LI><a href="#[1f]">&gt;&gt;</a>&nbsp;&nbsp;&nbsp;main
</UL>

<P><STRONG><a name="[9b]"></a>uxListRemove</STRONG> (Thumb, 40 bytes, Stack size 0 bytes, list.o(i.uxListRemove))
<BR><BR>[Called By]<UL><LI><a href="#[bd]">&gt;&gt;</a>&nbsp;&nbsp;&nbsp;prvSwitchTimerLists
<LI><a href="#[b9]">&gt;&gt;</a>&nbsp;&nbsp;&nbsp;prvProcessReceivedCommands
<LI><a href="#[b7]">&gt;&gt;</a>&nbsp;&nbsp;&nbsp;prvProcessExpiredTimer
<LI><a href="#[a5]">&gt;&gt;</a>&nbsp;&nbsp;&nbsp;prvCheckTasksWaitingTermination
<LI><a href="#[9a]">&gt;&gt;</a>&nbsp;&nbsp;&nbsp;prvAddCurrentTaskToDelayedList
<LI><a href="#[c0]">&gt;&gt;</a>&nbsp;&nbsp;&nbsp;xTaskRemoveFromEventList
<LI><a href="#[ac]">&gt;&gt;</a>&nbsp;&nbsp;&nbsp;xTaskPriorityDisinherit
<LI><a href="#[d0]">&gt;&gt;</a>&nbsp;&nbsp;&nbsp;vTaskPriorityInherit
<LI><a href="#[5a]">&gt;&gt;</a>&nbsp;&nbsp;&nbsp;xTaskIncrementTick
<LI><a href="#[a7]">&gt;&gt;</a>&nbsp;&nbsp;&nbsp;xTaskResumeAll
</UL>

<P><STRONG><a name="[ae]"></a>vApplicationIdleHook</STRONG> (Thumb, 2 bytes, Stack size 0 bytes, main.o(i.vApplicationIdleHook))
<BR><BR>[Called By]<UL><LI><a href="#[2d]">&gt;&gt;</a>&nbsp;&nbsp;&nbsp;prvIdleTask
</UL>

<P><STRONG><a name="[a3]"></a>vListInitialise</STRONG> (Thumb, 26 bytes, Stack size 0 bytes, list.o(i.vListInitialise))
<BR><BR>[Called By]<UL><LI><a href="#[a2]">&gt;&gt;</a>&nbsp;&nbsp;&nbsp;prvCheckForValidListAndQueue
<LI><a href="#[a0]">&gt;&gt;</a>&nbsp;&nbsp;&nbsp;prvInitialiseTaskLists
<LI><a href="#[b0]">&gt;&gt;</a>&nbsp;&nbsp;&nbsp;xQueueGenericReset
</UL>

<P><STRONG><a name="[b2]"></a>vListInitialiseItem</STRONG> (Thumb, 6 bytes, Stack size 0 bytes, list.o(i.vListInitialiseItem))
<BR><BR>[Called By]<UL><LI><a href="#[b1]">&gt;&gt;</a>&nbsp;&nbsp;&nbsp;prvInitialiseNewTask
</UL>

<P><STRONG><a name="[9d]"></a>vListInsert</STRONG> (Thumb, 52 bytes, Stack size 8 bytes, list.o(i.vListInsert))
<BR><BR>[Stack]<UL><LI>Max Depth = 8<LI>Call Chain = vListInsert
</UL>
<BR>[Called By]<UL><LI><a href="#[bd]">&gt;&gt;</a>&nbsp;&nbsp;&nbsp;prvSwitchTimerLists
<LI><a href="#[b4]">&gt;&gt;</a>&nbsp;&nbsp;&nbsp;prvInsertTimerInActiveList
<LI><a href="#[9a]">&gt;&gt;</a>&nbsp;&nbsp;&nbsp;prvAddCurrentTaskToDelayedList
<LI><a href="#[cf]">&gt;&gt;</a>&nbsp;&nbsp;&nbsp;vTaskPlaceOnEventList
</UL>

<P><STRONG><a name="[9c]"></a>vListInsertEnd</STRONG> (Thumb, 24 bytes, Stack size 0 bytes, list.o(i.vListInsertEnd))
<BR><BR>[Called By]<UL><LI><a href="#[9e]">&gt;&gt;</a>&nbsp;&nbsp;&nbsp;prvAddNewTaskToReadyList
<LI><a href="#[9a]">&gt;&gt;</a>&nbsp;&nbsp;&nbsp;prvAddCurrentTaskToDelayedList
<LI><a href="#[c0]">&gt;&gt;</a>&nbsp;&nbsp;&nbsp;xTaskRemoveFromEventList
<LI><a href="#[ac]">&gt;&gt;</a>&nbsp;&nbsp;&nbsp;xTaskPriorityDisinherit
<LI><a href="#[d0]">&gt;&gt;</a>&nbsp;&nbsp;&nbsp;vTaskPriorityInherit
<LI><a href="#[ce]">&gt;&gt;</a>&nbsp;&nbsp;&nbsp;vTaskPlaceOnEventListRestricted
<LI><a href="#[5a]">&gt;&gt;</a>&nbsp;&nbsp;&nbsp;xTaskIncrementTick
<LI><a href="#[a7]">&gt;&gt;</a>&nbsp;&nbsp;&nbsp;xTaskResumeAll
</UL>

<P><STRONG><a name="[9f]"></a>vPortEnterCritical</STRONG> (Thumb, 30 bytes, Stack size 0 bytes, port.o(i.vPortEnterCritical))
<BR><BR>[Called By]<UL><LI><a href="#[5c]">&gt;&gt;</a>&nbsp;&nbsp;&nbsp;xQueueGenericReceive
<LI><a href="#[93]">&gt;&gt;</a>&nbsp;&nbsp;&nbsp;xQueueGenericSend
<LI><a href="#[a2]">&gt;&gt;</a>&nbsp;&nbsp;&nbsp;prvCheckForValidListAndQueue
<LI><a href="#[a5]">&gt;&gt;</a>&nbsp;&nbsp;&nbsp;prvCheckTasksWaitingTermination
<LI><a href="#[9e]">&gt;&gt;</a>&nbsp;&nbsp;&nbsp;prvAddNewTaskToReadyList
<LI><a href="#[d7]">&gt;&gt;</a>&nbsp;&nbsp;&nbsp;xTaskCheckForTimeOut
<LI><a href="#[b0]">&gt;&gt;</a>&nbsp;&nbsp;&nbsp;xQueueGenericReset
<LI><a href="#[bc]">&gt;&gt;</a>&nbsp;&nbsp;&nbsp;vQueueWaitForMessageRestricted
<LI><a href="#[bf]">&gt;&gt;</a>&nbsp;&nbsp;&nbsp;prvUnlockQueue
<LI><a href="#[b6]">&gt;&gt;</a>&nbsp;&nbsp;&nbsp;prvIsQueueFull
<LI><a href="#[b5]">&gt;&gt;</a>&nbsp;&nbsp;&nbsp;prvIsQueueEmpty
<LI><a href="#[a7]">&gt;&gt;</a>&nbsp;&nbsp;&nbsp;xTaskResumeAll
</UL>

<P><STRONG><a name="[a1]"></a>vPortExitCritical</STRONG> (Thumb, 28 bytes, Stack size 0 bytes, port.o(i.vPortExitCritical))
<BR><BR>[Called By]<UL><LI><a href="#[5c]">&gt;&gt;</a>&nbsp;&nbsp;&nbsp;xQueueGenericReceive
<LI><a href="#[93]">&gt;&gt;</a>&nbsp;&nbsp;&nbsp;xQueueGenericSend
<LI><a href="#[a2]">&gt;&gt;</a>&nbsp;&nbsp;&nbsp;prvCheckForValidListAndQueue
<LI><a href="#[a5]">&gt;&gt;</a>&nbsp;&nbsp;&nbsp;prvCheckTasksWaitingTermination
<LI><a href="#[9e]">&gt;&gt;</a>&nbsp;&nbsp;&nbsp;prvAddNewTaskToReadyList
<LI><a href="#[d7]">&gt;&gt;</a>&nbsp;&nbsp;&nbsp;xTaskCheckForTimeOut
<LI><a href="#[b0]">&gt;&gt;</a>&nbsp;&nbsp;&nbsp;xQueueGenericReset
<LI><a href="#[bc]">&gt;&gt;</a>&nbsp;&nbsp;&nbsp;vQueueWaitForMessageRestricted
<LI><a href="#[bf]">&gt;&gt;</a>&nbsp;&nbsp;&nbsp;prvUnlockQueue
<LI><a href="#[b6]">&gt;&gt;</a>&nbsp;&nbsp;&nbsp;prvIsQueueFull
<LI><a href="#[b5]">&gt;&gt;</a>&nbsp;&nbsp;&nbsp;prvIsQueueEmpty
<LI><a href="#[a7]">&gt;&gt;</a>&nbsp;&nbsp;&nbsp;xTaskResumeAll
</UL>

<P><STRONG><a name="[ad]"></a>vPortFree</STRONG> (Thumb, 56 bytes, Stack size 16 bytes, heap_2.o(i.vPortFree))
<BR><BR>[Stack]<UL><LI>Max Depth = 56<LI>Call Chain = vPortFree &rArr; xTaskResumeAll &rArr; xTaskIncrementTick
</UL>
<BR>[Calls]<UL><LI><a href="#[a7]">&gt;&gt;</a>&nbsp;&nbsp;&nbsp;xTaskResumeAll
<LI><a href="#[a6]">&gt;&gt;</a>&nbsp;&nbsp;&nbsp;vTaskSuspendAll
</UL>
<BR>[Called By]<UL><LI><a href="#[98]">&gt;&gt;</a>&nbsp;&nbsp;&nbsp;xTaskCreate
<LI><a href="#[b9]">&gt;&gt;</a>&nbsp;&nbsp;&nbsp;prvProcessReceivedCommands
<LI><a href="#[a8]">&gt;&gt;</a>&nbsp;&nbsp;&nbsp;prvDeleteTCB
</UL>

<P><STRONG><a name="[d3]"></a>vPortSetupTimerInterrupt</STRONG> (Thumb, 14 bytes, Stack size 0 bytes, port.o(i.vPortSetupTimerInterrupt))
<BR><BR>[Called By]<UL><LI><a href="#[d2]">&gt;&gt;</a>&nbsp;&nbsp;&nbsp;xPortStartScheduler
</UL>

<P><STRONG><a name="[a4]"></a>vQueueAddToRegistry</STRONG> (Thumb, 38 bytes, Stack size 0 bytes, queue.o(i.vQueueAddToRegistry))
<BR><BR>[Called By]<UL><LI><a href="#[a2]">&gt;&gt;</a>&nbsp;&nbsp;&nbsp;prvCheckForValidListAndQueue
</UL>

<P><STRONG><a name="[bc]"></a>vQueueWaitForMessageRestricted</STRONG> (Thumb, 74 bytes, Stack size 24 bytes, queue.o(i.vQueueWaitForMessageRestricted))
<BR><BR>[Stack]<UL><LI>Max Depth = 72<LI>Call Chain = vQueueWaitForMessageRestricted &rArr; vTaskPlaceOnEventListRestricted &rArr; prvAddCurrentTaskToDelayedList &rArr; vListInsert
</UL>
<BR>[Calls]<UL><LI><a href="#[ce]">&gt;&gt;</a>&nbsp;&nbsp;&nbsp;vTaskPlaceOnEventListRestricted
<LI><a href="#[bf]">&gt;&gt;</a>&nbsp;&nbsp;&nbsp;prvUnlockQueue
<LI><a href="#[a1]">&gt;&gt;</a>&nbsp;&nbsp;&nbsp;vPortExitCritical
<LI><a href="#[9f]">&gt;&gt;</a>&nbsp;&nbsp;&nbsp;vPortEnterCritical
</UL>
<BR>[Called By]<UL><LI><a href="#[bb]">&gt;&gt;</a>&nbsp;&nbsp;&nbsp;prvProcessTimerOrBlockTask
</UL>

<P><STRONG><a name="[62]"></a>vTaskDelay</STRONG> (Thumb, 46 bytes, Stack size 16 bytes, tasks.o(i.vTaskDelay))
<BR><BR>[Stack]<UL><LI>Max Depth = 56<LI>Call Chain = vTaskDelay &rArr; xTaskResumeAll &rArr; xTaskIncrementTick
</UL>
<BR>[Calls]<UL><LI><a href="#[9a]">&gt;&gt;</a>&nbsp;&nbsp;&nbsp;prvAddCurrentTaskToDelayedList
<LI><a href="#[a7]">&gt;&gt;</a>&nbsp;&nbsp;&nbsp;xTaskResumeAll
<LI><a href="#[a6]">&gt;&gt;</a>&nbsp;&nbsp;&nbsp;vTaskSuspendAll
</UL>
<BR>[Called By]<UL><LI><a href="#[28]">&gt;&gt;</a>&nbsp;&nbsp;&nbsp;U_MENU_Task_Function
<LI><a href="#[29]">&gt;&gt;</a>&nbsp;&nbsp;&nbsp;U_MENU_Running_String_Task_Function
<LI><a href="#[2b]">&gt;&gt;</a>&nbsp;&nbsp;&nbsp;Task_DSP
</UL>

<P><STRONG><a name="[c1]"></a>vTaskMissedYield</STRONG> (Thumb, 8 bytes, Stack size 0 bytes, tasks.o(i.vTaskMissedYield))
<BR><BR>[Called By]<UL><LI><a href="#[bf]">&gt;&gt;</a>&nbsp;&nbsp;&nbsp;prvUnlockQueue
</UL>

<P><STRONG><a name="[cf]"></a>vTaskPlaceOnEventList</STRONG> (Thumb, 28 bytes, Stack size 16 bytes, tasks.o(i.vTaskPlaceOnEventList))
<BR><BR>[Stack]<UL><LI>Max Depth = 48<LI>Call Chain = vTaskPlaceOnEventList &rArr; prvAddCurrentTaskToDelayedList &rArr; vListInsert
</UL>
<BR>[Calls]<UL><LI><a href="#[9a]">&gt;&gt;</a>&nbsp;&nbsp;&nbsp;prvAddCurrentTaskToDelayedList
<LI><a href="#[9d]">&gt;&gt;</a>&nbsp;&nbsp;&nbsp;vListInsert
</UL>
<BR>[Called By]<UL><LI><a href="#[5c]">&gt;&gt;</a>&nbsp;&nbsp;&nbsp;xQueueGenericReceive
<LI><a href="#[93]">&gt;&gt;</a>&nbsp;&nbsp;&nbsp;xQueueGenericSend
</UL>

<P><STRONG><a name="[ce]"></a>vTaskPlaceOnEventListRestricted</STRONG> (Thumb, 36 bytes, Stack size 16 bytes, tasks.o(i.vTaskPlaceOnEventListRestricted))
<BR><BR>[Stack]<UL><LI>Max Depth = 48<LI>Call Chain = vTaskPlaceOnEventListRestricted &rArr; prvAddCurrentTaskToDelayedList &rArr; vListInsert
</UL>
<BR>[Calls]<UL><LI><a href="#[9a]">&gt;&gt;</a>&nbsp;&nbsp;&nbsp;prvAddCurrentTaskToDelayedList
<LI><a href="#[9c]">&gt;&gt;</a>&nbsp;&nbsp;&nbsp;vListInsertEnd
</UL>
<BR>[Called By]<UL><LI><a href="#[bc]">&gt;&gt;</a>&nbsp;&nbsp;&nbsp;vQueueWaitForMessageRestricted
</UL>

<P><STRONG><a name="[d0]"></a>vTaskPriorityInherit</STRONG> (Thumb, 128 bytes, Stack size 16 bytes, tasks.o(i.vTaskPriorityInherit))
<BR><BR>[Stack]<UL><LI>Max Depth = 16<LI>Call Chain = vTaskPriorityInherit
</UL>
<BR>[Calls]<UL><LI><a href="#[9c]">&gt;&gt;</a>&nbsp;&nbsp;&nbsp;vListInsertEnd
<LI><a href="#[9b]">&gt;&gt;</a>&nbsp;&nbsp;&nbsp;uxListRemove
</UL>
<BR>[Called By]<UL><LI><a href="#[5c]">&gt;&gt;</a>&nbsp;&nbsp;&nbsp;xQueueGenericReceive
</UL>

<P><STRONG><a name="[d6]"></a>vTaskSetTimeOutState</STRONG> (Thumb, 14 bytes, Stack size 0 bytes, tasks.o(i.vTaskSetTimeOutState))
<BR><BR>[Called By]<UL><LI><a href="#[5c]">&gt;&gt;</a>&nbsp;&nbsp;&nbsp;xQueueGenericReceive
<LI><a href="#[93]">&gt;&gt;</a>&nbsp;&nbsp;&nbsp;xQueueGenericSend
<LI><a href="#[d7]">&gt;&gt;</a>&nbsp;&nbsp;&nbsp;xTaskCheckForTimeOut
</UL>

<P><STRONG><a name="[99]"></a>vTaskStartScheduler</STRONG> (Thumb, 82 bytes, Stack size 16 bytes, tasks.o(i.vTaskStartScheduler))
<BR><BR>[Stack]<UL><LI>Max Depth = 168<LI>Call Chain = vTaskStartScheduler &rArr; xTimerCreateTimerTask &rArr; xTaskCreate &rArr; pvPortMalloc &rArr; xTaskResumeAll &rArr; xTaskIncrementTick
</UL>
<BR>[Calls]<UL><LI><a href="#[98]">&gt;&gt;</a>&nbsp;&nbsp;&nbsp;xTaskCreate
<LI><a href="#[d1]">&gt;&gt;</a>&nbsp;&nbsp;&nbsp;xTimerCreateTimerTask
<LI><a href="#[d2]">&gt;&gt;</a>&nbsp;&nbsp;&nbsp;xPortStartScheduler
</UL>
<BR>[Called By]<UL><LI><a href="#[1f]">&gt;&gt;</a>&nbsp;&nbsp;&nbsp;main
</UL>

<P><STRONG><a name="[a6]"></a>vTaskSuspendAll</STRONG> (Thumb, 12 bytes, Stack size 0 bytes, tasks.o(i.vTaskSuspendAll))
<BR><BR>[Called By]<UL><LI><a href="#[5c]">&gt;&gt;</a>&nbsp;&nbsp;&nbsp;xQueueGenericReceive
<LI><a href="#[62]">&gt;&gt;</a>&nbsp;&nbsp;&nbsp;vTaskDelay
<LI><a href="#[93]">&gt;&gt;</a>&nbsp;&nbsp;&nbsp;xQueueGenericSend
<LI><a href="#[bb]">&gt;&gt;</a>&nbsp;&nbsp;&nbsp;prvProcessTimerOrBlockTask
<LI><a href="#[a5]">&gt;&gt;</a>&nbsp;&nbsp;&nbsp;prvCheckTasksWaitingTermination
<LI><a href="#[ad]">&gt;&gt;</a>&nbsp;&nbsp;&nbsp;vPortFree
<LI><a href="#[c2]">&gt;&gt;</a>&nbsp;&nbsp;&nbsp;pvPortMalloc
</UL>

<P><STRONG><a name="[31]"></a>vTaskSwitchContext</STRONG> (Thumb, 98 bytes, Stack size 0 bytes, tasks.o(i.vTaskSwitchContext))
<BR><BR>[Called By]<UL><LI><a href="#[8]">&gt;&gt;</a>&nbsp;&nbsp;&nbsp;PendSV_Handler
</UL>

<P><STRONG><a name="[d2]"></a>xPortStartScheduler</STRONG> (Thumb, 42 bytes, Stack size 8 bytes, port.o(i.xPortStartScheduler))
<BR><BR>[Stack]<UL><LI>Max Depth = 8<LI>Call Chain = xPortStartScheduler
</UL>
<BR>[Calls]<UL><LI><a href="#[d3]">&gt;&gt;</a>&nbsp;&nbsp;&nbsp;vPortSetupTimerInterrupt
<LI><a href="#[d4]">&gt;&gt;</a>&nbsp;&nbsp;&nbsp;__asm___6_port_c_39a90d8d__prvStartFirstTask
</UL>
<BR>[Called By]<UL><LI><a href="#[99]">&gt;&gt;</a>&nbsp;&nbsp;&nbsp;vTaskStartScheduler
</UL>

<P><STRONG><a name="[97]"></a>xQueueGenericCreate</STRONG> (Thumb, 56 bytes, Stack size 32 bytes, queue.o(i.xQueueGenericCreate))
<BR><BR>[Stack]<UL><LI>Max Depth = 96<LI>Call Chain = xQueueGenericCreate &rArr; pvPortMalloc &rArr; xTaskResumeAll &rArr; xTaskIncrementTick
</UL>
<BR>[Calls]<UL><LI><a href="#[af]">&gt;&gt;</a>&nbsp;&nbsp;&nbsp;prvInitialiseNewQueue
<LI><a href="#[c2]">&gt;&gt;</a>&nbsp;&nbsp;&nbsp;pvPortMalloc
</UL>
<BR>[Called By]<UL><LI><a href="#[1f]">&gt;&gt;</a>&nbsp;&nbsp;&nbsp;main
<LI><a href="#[a2]">&gt;&gt;</a>&nbsp;&nbsp;&nbsp;prvCheckForValidListAndQueue
</UL>

<P><STRONG><a name="[5c]"></a>xQueueGenericReceive</STRONG> (Thumb, 342 bytes, Stack size 56 bytes, queue.o(i.xQueueGenericReceive))
<BR><BR>[Stack]<UL><LI>Max Depth = 104<LI>Call Chain = xQueueGenericReceive &rArr; vTaskPlaceOnEventList &rArr; prvAddCurrentTaskToDelayedList &rArr; vListInsert
</UL>
<BR>[Calls]<UL><LI><a href="#[c0]">&gt;&gt;</a>&nbsp;&nbsp;&nbsp;xTaskRemoveFromEventList
<LI><a href="#[d7]">&gt;&gt;</a>&nbsp;&nbsp;&nbsp;xTaskCheckForTimeOut
<LI><a href="#[d6]">&gt;&gt;</a>&nbsp;&nbsp;&nbsp;vTaskSetTimeOutState
<LI><a href="#[d0]">&gt;&gt;</a>&nbsp;&nbsp;&nbsp;vTaskPriorityInherit
<LI><a href="#[cf]">&gt;&gt;</a>&nbsp;&nbsp;&nbsp;vTaskPlaceOnEventList
<LI><a href="#[d5]">&gt;&gt;</a>&nbsp;&nbsp;&nbsp;pvTaskIncrementMutexHeldCount
<LI><a href="#[bf]">&gt;&gt;</a>&nbsp;&nbsp;&nbsp;prvUnlockQueue
<LI><a href="#[b5]">&gt;&gt;</a>&nbsp;&nbsp;&nbsp;prvIsQueueEmpty
<LI><a href="#[a9]">&gt;&gt;</a>&nbsp;&nbsp;&nbsp;prvCopyDataFromQueue
<LI><a href="#[a7]">&gt;&gt;</a>&nbsp;&nbsp;&nbsp;xTaskResumeAll
<LI><a href="#[a6]">&gt;&gt;</a>&nbsp;&nbsp;&nbsp;vTaskSuspendAll
<LI><a href="#[a1]">&gt;&gt;</a>&nbsp;&nbsp;&nbsp;vPortExitCritical
<LI><a href="#[9f]">&gt;&gt;</a>&nbsp;&nbsp;&nbsp;vPortEnterCritical
</UL>
<BR>[Called By]<UL><LI><a href="#[22]">&gt;&gt;</a>&nbsp;&nbsp;&nbsp;fgetc
<LI><a href="#[2b]">&gt;&gt;</a>&nbsp;&nbsp;&nbsp;Task_DSP
<LI><a href="#[b9]">&gt;&gt;</a>&nbsp;&nbsp;&nbsp;prvProcessReceivedCommands
</UL>

<P><STRONG><a name="[b0]"></a>xQueueGenericReset</STRONG> (Thumb, 122 bytes, Stack size 16 bytes, queue.o(i.xQueueGenericReset))
<BR><BR>[Stack]<UL><LI>Max Depth = 32<LI>Call Chain = xQueueGenericReset &rArr; xTaskRemoveFromEventList
</UL>
<BR>[Calls]<UL><LI><a href="#[c0]">&gt;&gt;</a>&nbsp;&nbsp;&nbsp;xTaskRemoveFromEventList
<LI><a href="#[a1]">&gt;&gt;</a>&nbsp;&nbsp;&nbsp;vPortExitCritical
<LI><a href="#[9f]">&gt;&gt;</a>&nbsp;&nbsp;&nbsp;vPortEnterCritical
<LI><a href="#[a3]">&gt;&gt;</a>&nbsp;&nbsp;&nbsp;vListInitialise
</UL>
<BR>[Called By]<UL><LI><a href="#[af]">&gt;&gt;</a>&nbsp;&nbsp;&nbsp;prvInitialiseNewQueue
</UL>

<P><STRONG><a name="[93]"></a>xQueueGenericSend</STRONG> (Thumb, 276 bytes, Stack size 56 bytes, queue.o(i.xQueueGenericSend))
[...]
<BR><BR>[Stack]<UL><LI>Max Depth = 16<LI>Call Chain = xTaskPriorityDisinherit
</UL>
<BR>[Calls]<UL><LI><a href="#[9c]">&gt;&gt;</a>&nbsp;&nbsp;&nbsp;vListInsertEnd
<LI><a href="#[9b]">&gt;&gt;</a>&nbsp;&nbsp;&nbsp;uxListRemove
</UL>
<BR>[Called By]<UL><LI><a href="#[ab]">&gt;&gt;</a>&nbsp;&nbsp;&nbsp;prvCopyDataToQueue
</UL>

<P><STRONG><a name="[c0]"></a>xTaskRemoveFromEventList</STRONG> (Thumb, 102 bytes, Stack size 16 bytes, tasks.o(i.xTaskRemoveFromEventList))
<BR><BR>[Stack]<UL><LI>Max Depth = 16<LI>Call Chain = xTaskRemoveFromEventList
</UL>
<BR>[Calls]<UL><LI><a href="#[9c]">&gt;&gt;</a>&nbsp;&nbsp;&nbsp;vListInsertEnd
<LI><a href="#[9b]">&gt;&gt;</a>&nbsp;&nbsp;&nbsp;uxListRemove
</UL>
<BR>[Called By]<UL><LI><a href="#[5c]">&gt;&gt;</a>&nbsp;&nbsp;&nbsp;xQueueGenericReceive
<LI><a href="#[50]">&gt;&gt;</a>&nbsp;&nbsp;&nbsp;xQueueGiveFromISR
<LI><a href="#[73]">&gt;&gt;</a>&nbsp;&nbsp;&nbsp;xQueueGenericSendFromISR
<LI><a href="#[93]">&gt;&gt;</a>&nbsp;&nbsp;&nbsp;xQueueGenericSend
<LI><a href="#[b0]">&gt;&gt;</a>&nbsp;&nbsp;&nbsp;xQueueGenericReset
<LI><a href="#[bf]">&gt;&gt;</a>&nbsp;&nbsp;&nbsp;prvUnlockQueue
</UL>

<P><STRONG><a name="[a7]"></a>xTaskResumeAll</STRONG> (Thumb, 194 bytes, Stack size 16 bytes, tasks.o(i.xTaskResumeAll))
<BR><BR>[Stack]<UL><LI>Max Depth = 40<LI>Call Chain = xTaskResumeAll &rArr; xTaskIncrementTick
</UL>
<BR>[Calls]<UL><LI><a href="#[d8]">&gt;&gt;</a>&nbsp;&nbsp;&nbsp;prvResetNextTaskUnblockTime
<LI><a href="#[5a]">&gt;&gt;</a>&nbsp;&nbsp;&nbsp;xTaskIncrementTick
<LI><a href="#[9c]">&gt;&gt;</a>&nbsp;&nbsp;&nbsp;vListInsertEnd
<LI><a href="#[9b]">&gt;&gt;</a>&nbsp;&nbsp;&nbsp;uxListRemove
<LI><a href="#[a1]">&gt;&gt;</a>&nbsp;&nbsp;&nbsp;vPortExitCritical
<LI><a href="#[9f]">&gt;&gt;</a>&nbsp;&nbsp;&nbsp;vPortEnterCritical
</UL>
<BR>[Called By]<UL><LI><a href="#[5c]">&gt;&gt;</a>&nbsp;&nbsp;&nbsp;xQueueGenericReceive
<LI><a href="#[62]">&gt;&gt;</a>&nbsp;&nbsp;&nbsp;vTaskDelay
<LI><a href="#[93]">&gt;&gt;</a>&nbsp;&nbsp;&nbsp;xQueueGenericSend
<LI><a href="#[bb]">&gt;&gt;</a>&nbsp;&nbsp;&nbsp;prvProcessTimerOrBlockTask
<LI><a href="#[a5]">&gt;&gt;</a>&nbsp;&nbsp;&nbsp;prvCheckTasksWaitingTermination
<LI><a href="#[ad]">&gt;&gt;</a>&nbsp;&nbsp;&nbsp;vPortFree
<LI><a href="#[c2]">&gt;&gt;</a>&nbsp;&nbsp;&nbsp;pvPortMalloc
</UL>

<P><STRONG><a name="[d1]"></a>xTimerCreateTimerTask</STRONG> (Thumb, 40 bytes, Stack size 16 bytes, timers.o(i.xTimerCreateTimerTask))
<BR><BR>[Stack]<UL><LI>Max Depth = 152<LI>Call Chain = xTimerCreateTimerTask &rArr; xTaskCreate &rArr; pvPortMalloc &rArr; xTaskResumeAll &rArr; xTaskIncrementTick
</UL>
<BR>[Calls]<UL><LI><a href="#[98]">&gt;&gt;</a>&nbsp;&nbsp;&nbsp;xTaskCreate
<LI><a href="#[a2]">&gt;&gt;</a>&nbsp;&nbsp;&nbsp;prvCheckForValidListAndQueue
</UL>
<BR>[Called By]<UL><LI><a href="#[99]">&gt;&gt;</a>&nbsp;&nbsp;&nbsp;vTaskStartScheduler
</UL>

<P><STRONG><a name="[b8]"></a>xTimerGenericCommand</STRONG> (Thumb, 102 bytes, Stack size 40 bytes, timers.o(i.xTimerGenericCommand))
<BR><BR>[Stack]<UL><LI>Max Depth = 144<LI>Call Chain = xTimerGenericCommand &rArr; xQueueGenericSend &rArr; vTaskPlaceOnEventList &rArr; prvAddCurrentTaskToDelayedList &rArr; vListInsert
</UL>
<BR>[Calls]<UL><LI><a href="#[73]">&gt;&gt;</a>&nbsp;&nbsp;&nbsp;xQueueGenericSendFromISR
<LI><a href="#[93]">&gt;&gt;</a>&nbsp;&nbsp;&nbsp;xQueueGenericSend
<LI><a href="#[d9]">&gt;&gt;</a>&nbsp;&nbsp;&nbsp;xTaskGetSchedulerState
</UL>
<BR>[Called By]<UL><LI><a href="#[bd]">&gt;&gt;</a>&nbsp;&nbsp;&nbsp;prvSwitchTimerLists
<LI><a href="#[b9]">&gt;&gt;</a>&nbsp;&nbsp;&nbsp;prvProcessReceivedCommands
<LI><a href="#[b7]">&gt;&gt;</a>&nbsp;&nbsp;&nbsp;prvProcessExpiredTimer
</UL>
<P>
<H3>
Local Symbols
</H3>
<P><STRONG><a name="[c3]"></a>prvHeapInit</STRONG> (Thumb, 42 bytes, Stack size 0 bytes, heap_2.o(i.prvHeapInit))
<BR><BR>[Called By]<UL><LI><a href="#[c2]">&gt;&gt;</a>&nbsp;&nbsp;&nbsp;pvPortMalloc
</UL>

<P><STRONG><a name="[2c]"></a>prvTaskExitError</STRONG> (Thumb, 22 bytes, Stack size 0 bytes, port.o(i.prvTaskExitError))
<BR>[Address Reference Count : 1]<UL><LI> port.o(i.pxPortInitialiseStack)
</UL>
<P><STRONG><a name="[a9]"></a>prvCopyDataFromQueue</STRONG> (Thumb, 42 bytes, Stack size 16 bytes, queue.o(i.prvCopyDataFromQueue))
<BR><BR>[Stack]<UL><LI>Max Depth = 16<LI>Call Chain = prvCopyDataFromQueue
</UL>
<BR>[Calls]<UL><LI><a href="#[aa]">&gt;&gt;</a>&nbsp;&nbsp;&nbsp;__aeabi_memcpy
</UL>
<BR>[Called By]<UL><LI><a href="#[5c]">&gt;&gt;</a>&nbsp;&nbsp;&nbsp;xQueueGenericReceive
</UL>

<P><STRONG><a name="[ab]"></a>prvCopyDataToQueue</STRONG> (Thumb, 124 bytes, Stack size 24 bytes, queue.o(i.prvCopyDataToQueue))
<BR><BR>[Stack]<UL><LI>Max Depth = 40<LI>Call Chain = prvCopyDataToQueue &rArr; xTaskPriorityDisinherit
</UL>
<BR>[Calls]<UL><LI><a href="#[ac]">&gt;&gt;</a>&nbsp;&nbsp;&nbsp;xTaskPriorityDisinherit
<LI><a href="#[aa]">&gt;&gt;</a>&nbsp;&nbsp;&nbsp;__aeabi_memcpy
</UL>
<BR>[Called By]<UL><LI><a href="#[73]">&gt;&gt;</a>&nbsp;&nbsp;&nbsp;xQueueGenericSendFromISR
<LI><a href="#[93]">&gt;&gt;</a>&nbsp;&nbsp;&nbsp;xQueueGenericSend
</UL>

<P><STRONG><a name="[af]"></a>prvInitialiseNewQueue</STRONG> (Thumb, 38 bytes, Stack size 24 bytes, queue.o(i.prvInitialiseNewQueue))
<BR><BR>[Stack]<UL><LI>Max Depth = 56<LI>Call Chain = prvInitialiseNewQueue &rArr; xQueueGenericReset &rArr; xTaskRemoveFromEventList
</UL>
<BR>[Calls]<UL><LI><a href="#[b0]">&gt;&gt;</a>&nbsp;&nbsp;&nbsp;xQueueGenericReset
</UL>
<BR>[Called By]<UL><LI><a href="#[97]">&gt;&gt;</a>&nbsp;&nbsp;&nbsp;xQueueGenericCreate
</UL>

<P><STRONG><a name="[b5]"></a>prvIsQueueEmpty</STRONG> (Thumb, 26 bytes, Stack size 16 bytes, queue.o(i.prvIsQueueEmpty))
<BR><BR>[Stack]<UL><LI>Max Depth = 16<LI>Call Chain = prvIsQueueEmpty
</UL>
<BR>[Calls]<UL><LI><a href="#[a1]">&gt;&gt;</a>&nbsp;&nbsp;&nbsp;vPortExitCritical
<LI><a href="#[9f]">&gt;&gt;</a>&nbsp;&nbsp;&nbsp;vPortEnterCritical
</UL>
<BR>[Called By]<UL><LI><a href="#[5c]">&gt;&gt;</a>&nbsp;&nbsp;&nbsp;xQueueGenericReceive
</UL>

<P><STRONG><a name="[b6]"></a>prvIsQueueFull</STRONG> (Thumb, 30 bytes, Stack size 16 bytes, queue.o(i.prvIsQueueFull))
<BR><BR>[Stack]<UL><LI>Max Depth = 16<LI>Call Chain = prvIsQueueFull
</UL>
<BR>[Calls]<UL><LI><a href="#[a1]">&gt;&gt;</a>&nbsp;&nbsp;&nbsp;vPortExitCritical
<LI><a href="#[9f]">&gt;&gt;</a>&nbsp;&nbsp;&nbsp;vPortEnterCritical
</UL>
<BR>[Called By]<UL><LI><a href="#[93]">&gt;&gt;</a>&nbsp;&nbsp;&nbsp;xQueueGenericSend
</UL>

<P><STRONG><a name="[bf]"></a>prvUnlockQueue</STRONG> (Thumb, 126 bytes, Stack size 16 bytes, queue.o(i.prvUnlockQueue))
<BR><BR>[Stack]<UL><LI>Max Depth = 32<LI>Call Chain = prvUnlockQueue &rArr; xTaskRemoveFromEventList
</UL>
<BR>[Calls]<UL><LI><a href="#[c0]">&gt;&gt;</a>&nbsp;&nbsp;&nbsp;xTaskRemoveFromEventList
<LI><a href="#[c1]">&gt;&gt;</a>&nbsp;&nbsp;&nbsp;vTaskMissedYield
<LI><a href="#[a1]">&gt;&gt;</a>&nbsp;&nbsp;&nbsp;vPortExitCritical
<LI><a href="#[9f]">&gt;&gt;</a>&nbsp;&nbsp;&nbsp;vPortEnterCritical
</UL>
<BR>[Called By]<UL><LI><a href="#[5c]">&gt;&gt;</a>&nbsp;&nbsp;&nbsp;xQueueGenericReceive
<LI><a href="#[93]">&gt;&gt;</a>&nbsp;&nbsp;&nbsp;xQueueGenericSend
<LI><a href="#[bc]">&gt;&gt;</a>&nbsp;&nbsp;&nbsp;vQueueWaitForMessageRestricted
</UL>

<P><STRONG><a name="[9a]"></a>prvAddCurrentTaskToDelayedList</STRONG> (Thumb, 100 bytes, Stack size 24 bytes, tasks.o(i.prvAddCurrentTaskToDelayedList))
<BR><BR>[Stack]<UL><LI>Max Depth = 32<LI>Call Chain = prvAddCurrentTaskToDelayedList &rArr; vListInsert
</UL>
<BR>[Calls]<UL><LI><a href="#[9c]">&gt;&gt;</a>&nbsp;&nbsp;&nbsp;vListInsertEnd
<LI><a href="#[9d]">&gt;&gt;</a>&nbsp;&nbsp;&nbsp;vListInsert
<LI><a href="#[9b]">&gt;&gt;</a>&nbsp;&nbsp;&nbsp;uxListRemove
</UL>
<BR>[Called By]<UL><LI><a href="#[62]">&gt;&gt;</a>&nbsp;&nbsp;&nbsp;vTaskDelay
<LI><a href="#[ce]">&gt;&gt;</a>&nbsp;&nbsp;&nbsp;vTaskPlaceOnEventListRestricted
<LI><a href="#[cf]">&gt;&gt;</a>&nbsp;&nbsp;&nbsp;vTaskPlaceOnEventList
</UL>

<P><STRONG><a name="[9e]"></a>prvAddNewTaskToReadyList</STRONG> (Thumb, 148 bytes, Stack size 8 bytes, tasks.o(i.prvAddNewTaskToReadyList))
<BR><BR>[Stack]<UL><LI>Max Depth = 16<LI>Call Chain = prvAddNewTaskToReadyList &rArr; prvInitialiseTaskLists
</UL>
<BR>[Calls]<UL><LI><a href="#[a0]">&gt;&gt;</a>&nbsp;&nbsp;&nbsp;prvInitialiseTaskLists
<LI><a href="#[9c]">&gt;&gt;</a>&nbsp;&nbsp;&nbsp;vListInsertEnd
<LI><a href="#[a1]">&gt;&gt;</a>&nbsp;&nbsp;&nbsp;vPortExitCritical
<LI><a href="#[9f]">&gt;&gt;</a>&nbsp;&nbsp;&nbsp;vPortEnterCritical
</UL>
<BR>[Called By]<UL><LI><a href="#[98]">&gt;&gt;</a>&nbsp;&nbsp;&nbsp;xTaskCreate
</UL>

<P><STRONG><a name="[a5]"></a>prvCheckTasksWaitingTermination</STRONG> (Thumb, 86 bytes, Stack size 16 bytes, tasks.o(i.prvCheckTasksWaitingTermination))
<BR><BR>[Stack]<UL><LI>Max Depth = 80<LI>Call Chain = prvCheckTasksWaitingTermination &rArr; prvDeleteTCB &rArr; vPortFree &rArr; xTaskResumeAll &rArr; xTaskIncrementTick
</UL>
<BR>[Calls]<UL><LI><a href="#[a8]">&gt;&gt;</a>&nbsp;&nbsp;&nbsp;prvDeleteTCB
<LI><a href="#[9b]">&gt;&gt;</a>&nbsp;&nbsp;&nbsp;uxListRemove
<LI><a href="#[a7]">&gt;&gt;</a>&nbsp;&nbsp;&nbsp;xTaskResumeAll
<LI><a href="#[a6]">&gt;&gt;</a>&nbsp;&nbsp;&nbsp;vTaskSuspendAll
<LI><a href="#[a1]">&gt;&gt;</a>&nbsp;&nbsp;&nbsp;vPortExitCritical
<LI><a href="#[9f]">&gt;&gt;</a>&nbsp;&nbsp;&nbsp;vPortEnterCritical
</UL>
<BR>[Called By]<UL><LI><a href="#[2d]">&gt;&gt;</a>&nbsp;&nbsp;&nbsp;prvIdleTask
</UL>

<P><STRONG><a name="[a8]"></a>prvDeleteTCB</STRONG> (Thumb, 18 bytes, Stack size 8 bytes, tasks.o(i.prvDeleteTCB))
<BR><BR>[Stack]<UL><LI>Max Depth = 64<LI>Call Chain = prvDeleteTCB &rArr; vPortFree &rArr; xTaskResumeAll &rArr; xTaskIncrementTick
</UL>
<BR>[Calls]<UL><LI><a href="#[ad]">&gt;&gt;</a>&nbsp;&nbsp;&nbsp;vPortFree
</UL>
<BR>[Called By]<UL><LI><a href="#[a5]">&gt;&gt;</a>&nbsp;&nbsp;&nbsp;prvCheckTasksWaitingTermination
</UL>

<P><STRONG><a name="[2d]"></a>prvIdleTask</STRONG> (Thumb, 36 bytes, Stack size 0 bytes, tasks.o(i.prvIdleTask))
<BR><BR>[Stack]<UL><LI>Max Depth = 80<LI>Call Chain = prvIdleTask &rArr; prvCheckTasksWaitingTermination &rArr; prvDeleteTCB &rArr; vPortFree &rArr; xTaskResumeAll &rArr; xTaskIncrementTick
</UL>
<BR>[Calls]<UL><LI><a href="#[ae]">&gt;&gt;</a>&nbsp;&nbsp;&nbsp;vApplicationIdleHook
<LI><a href="#[a5]">&gt;&gt;</a>&nbsp;&nbsp;&nbsp;prvCheckTasksWaitingTermination
</UL>
<BR>[Address Reference Count : 1]<UL><LI> tasks.o(i.vTaskStartScheduler)
</UL>
<P><STRONG><a name="[b1]"></a>prvInitialiseNewTask</STRONG> (Thumb, 154 bytes, Stack size 56 bytes, tasks.o(i.prvInitialiseNewTask))
<BR><BR>[Stack]<UL><LI>Max Depth = 56<LI>Call Chain = prvInitialiseNewTask
</UL>
<BR>[Calls]<UL><LI><a href="#[b3]">&gt;&gt;</a>&nbsp;&nbsp;&nbsp;pxPortInitialiseStack
<LI><a href="#[b2]">&gt;&gt;</a>&nbsp;&nbsp;&nbsp;vListInitialiseItem
</UL>
<BR>[Called By]<UL><LI><a href="#[98]">&gt;&gt;</a>&nbsp;&nbsp;&nbsp;xTaskCreate
</UL>

<P><STRONG><a name="[a0]"></a>prvInitialiseTaskLists</STRONG> (Thumb, 70 bytes, Stack size 8 bytes, tasks.o(i.prvInitialiseTaskLists))
<BR><BR>[Stack]<UL><LI>Max Depth = 8<LI>Call Chain = prvInitialiseTaskLists
</UL>
<BR>[Calls]<UL><LI><a href="#[a3]">&gt;&gt;</a>&nbsp;&nbsp;&nbsp;vListInitialise
</UL>
<BR>[Called By]<UL><LI><a href="#[9e]">&gt;&gt;</a>&nbsp;&nbsp;&nbsp;prvAddNewTaskToReadyList
</UL>

<P><STRONG><a name="[d8]"></a>prvResetNextTaskUnblockTime</STRONG> (Thumb, 42 bytes, Stack size 0 bytes, tasks.o(i.prvResetNextTaskUnblockTime))
<BR><BR>[Called By]<UL><LI><a href="#[5a]">&gt;&gt;</a>&nbsp;&nbsp;&nbsp;xTaskIncrementTick
<LI><a href="#[a7]">&gt;&gt;</a>&nbsp;&nbsp;&nbsp;xTaskResumeAll
</UL>

<P><STRONG><a name="[a2]"></a>prvCheckForValidListAndQueue</STRONG> (Thumb, 72 bytes, Stack size 8 bytes, timers.o(i.prvCheckForValidListAndQueue))
<BR><BR>[Stack]<UL><LI>Max Depth = 104<LI>Call Chain = prvCheckForValidListAndQueue &rArr; xQueueGenericCreate &rArr; pvPortMalloc &rArr; xTaskResumeAll &rArr; xTaskIncrementTick
</UL>
<BR>[Calls]<UL><LI><a href="#[97]">&gt;&gt;</a>&nbsp;&nbsp;&nbsp;xQueueGenericCreate
<LI><a href="#[a4]">&gt;&gt;</a>&nbsp;&nbsp;&nbsp;vQueueAddToRegistry
<LI><a href="#[a1]">&gt;&gt;</a>&nbsp;&nbsp;&nbsp;vPortExitCritical
<LI><a href="#[9f]">&gt;&gt;</a>&nbsp;&nbsp;&nbsp;vPortEnterCritical
<LI><a href="#[a3]">&gt;&gt;</a>&nbsp;&nbsp;&nbsp;vListInitialise
</UL>
<BR>[Called By]<UL><LI><a href="#[d1]">&gt;&gt;</a>&nbsp;&nbsp;&nbsp;xTimerCreateTimerTask
</UL>

<P><STRONG><a name="[be]"></a>prvGetNextExpireTime</STRONG> (Thumb, 36 bytes, Stack size 0 bytes, timers.o(i.prvGetNextExpireTime))
<BR><BR>[Called By]<UL><LI><a href="#[2e]">&gt;&gt;</a>&nbsp;&nbsp;&nbsp;prvTimerTask
</UL>

<P><STRONG><a name="[b4]"></a>prvInsertTimerInActiveList</STRONG> (Thumb, 80 bytes, Stack size 24 bytes, timers.o(i.prvInsertTimerInActiveList))
<BR><BR>[Stack]<UL><LI>Max Depth = 32<LI>Call Chain = prvInsertTimerInActiveList &rArr; vListInsert
</UL>
<BR>[Calls]<UL><LI><a href="#[9d]">&gt;&gt;</a>&nbsp;&nbsp;&nbsp;vListInsert
</UL>
<BR>[Called By]<UL><LI><a href="#[b9]">&gt;&gt;</a>&nbsp;&nbsp;&nbsp;prvProcessReceivedCommands
<LI><a href="#[b7]">&gt;&gt;</a>&nbsp;&nbsp;&nbsp;prvProcessExpiredTimer
</UL>

<P><STRONG><a name="[b7]"></a>prvProcessExpiredTimer</STRONG> (Thumb, 70 bytes, Stack size 24 bytes, timers.o(i.prvProcessExpiredTimer))
<BR><BR>[Stack]<UL><LI>Max Depth = 168<LI>Call Chain = prvProcessExpiredTimer &rArr; xTimerGenericCommand &rArr; xQueueGenericSend &rArr; vTaskPlaceOnEventList &rArr; prvAddCurrentTaskToDelayedList &rArr; vListInsert
</UL>
<BR>[Calls]<UL><LI><a href="#[b8]">&gt;&gt;</a>&nbsp;&nbsp;&nbsp;xTimerGenericCommand
<LI><a href="#[b4]">&gt;&gt;</a>&nbsp;&nbsp;&nbsp;prvInsertTimerInActiveList
<LI><a href="#[9b]">&gt;&gt;</a>&nbsp;&nbsp;&nbsp;uxListRemove
</UL>
<BR>[Called By]<UL><LI><a href="#[bb]">&gt;&gt;</a>&nbsp;&nbsp;&nbsp;prvProcessTimerOrBlockTask
</UL>

<P><STRONG><a name="[b9]"></a>prvProcessReceivedCommands</STRONG> (Thumb, 184 bytes, Stack size 40 bytes, timers.o(i.prvProcessReceivedCommands))
<BR><BR>[Stack]<UL><LI>Max Depth = 232<LI>Call Chain = prvProcessReceivedCommands &rArr; prvSampleTimeNow &rArr; prvSwitchTimerLists &rArr; xTimerGenericCommand &rArr; xQueueGenericSend &rArr; vTaskPlaceOnEventList &rArr; prvAddCurrentTaskToDelayedList &rArr; vListInsert
</UL>
<BR>[Calls]<UL><LI><a href="#[5c]">&gt;&gt;</a>&nbsp;&nbsp;&nbsp;xQueueGenericReceive
<LI><a href="#[b8]">&gt;&gt;</a>&nbsp;&nbsp;&nbsp;xTimerGenericCommand
<LI><a href="#[ba]">&gt;&gt;</a>&nbsp;&nbsp;&nbsp;prvSampleTimeNow
<LI><a href="#[b4]">&gt;&gt;</a>&nbsp;&nbsp;&nbsp;prvInsertTimerInActiveList
<LI><a href="#[9b]">&gt;&gt;</a>&nbsp;&nbsp;&nbsp;uxListRemove
<LI><a href="#[ad]">&gt;&gt;</a>&nbsp;&nbsp;&nbsp;vPortFree
</UL>
<BR>[Called By]<UL><LI><a href="#[2e]">&gt;&gt;</a>&nbsp;&nbsp;&nbsp;prvTimerTask
</UL>

<P><STRONG><a name="[bb]"></a>prvProcessTimerOrBlockTask</STRONG> (Thumb, 102 bytes, Stack size 24 bytes, timers.o(i.prvProcessTimerOrBlockTask))
<BR><BR>[Stack]<UL><LI>Max Depth = 216<LI>Call Chain = prvProcessTimerOrBlockTask &rArr; prvSampleTimeNow &rArr; prvSwitchTimerLists &rArr; xTimerGenericCommand &rArr; xQueueGenericSend &rArr; vTaskPlaceOnEventList &rArr; prvAddCurrentTaskToDelayedList &rArr; vListInsert
</UL>
<BR>[Calls]<UL><LI><a href="#[ba]">&gt;&gt;</a>&nbsp;&nbsp;&nbsp;prvSampleTimeNow
<LI><a href="#[b7]">&gt;&gt;</a>&nbsp;&nbsp;&nbsp;prvProcessExpiredTimer
<LI><a href="#[bc]">&gt;&gt;</a>&nbsp;&nbsp;&nbsp;vQueueWaitForMessageRestricted
<LI><a href="#[a7]">&gt;&gt;</a>&nbsp;&nbsp;&nbsp;xTaskResumeAll
<LI><a href="#[a6]">&gt;&gt;</a>&nbsp;&nbsp;&nbsp;vTaskSuspendAll
</UL>
<BR>[Called By]<UL><LI><a href="#[2e]">&gt;&gt;</a>&nbsp;&nbsp;&nbsp;prvTimerTask
</UL>

<P><STRONG><a name="[ba]"></a>prvSampleTimeNow</STRONG> (Thumb, 40 bytes, Stack size 16 bytes, timers.o(i.prvSampleTimeNow))
<BR><BR>[Stack]<UL><LI>Max Depth = 192<LI>Call Chain = prvSampleTimeNow &rArr; prvSwitchTimerLists &rArr; xTimerGenericCommand &rArr; xQueueGenericSend &rArr; vTaskPlaceOnEventList &rArr; prvAddCurrentTaskToDelayedList &rArr; vListInsert
</UL>
<BR>[Calls]<UL><LI><a href="#[7a]">&gt;&gt;</a>&nbsp;&nbsp;&nbsp;xTaskGetTickCount
<LI><a href="#[bd]">&gt;&gt;</a>&nbsp;&nbsp;&nbsp;prvSwitchTimerLists
</UL>
<BR>[Called By]<UL><LI><a href="#[bb]">&gt;&gt;</a>&nbsp;&nbsp;&nbsp;prvProcessTimerOrBlockTask
<LI><a href="#[b9]">&gt;&gt;</a>&nbsp;&nbsp;&nbsp;prvProcessReceivedCommands
</UL>

<P><STRONG><a name="[bd]"></a>prvSwitchTimerLists</STRONG> (Thumb, 122 bytes, Stack size 32 bytes, timers.o(i.prvSwitchTimerLists))
<BR><BR>[Stack]<UL><LI>Max Depth = 176<LI>Call Chain = prvSwitchTimerLists &rArr; xTimerGenericCommand &rArr; xQueueGenericSend &rArr; vTaskPlaceOnEventList &rArr; prvAddCurrentTaskToDelayedList &rArr; vListInsert
</UL>
<BR>[Calls]<UL><LI><a href="#[b8]">&gt;&gt;</a>&nbsp;&nbsp;&nbsp;xTimerGenericCommand
<LI><a href="#[9d]">&gt;&gt;</a>&nbsp;&nbsp;&nbsp;vListInsert
<LI><a href="#[9b]">&gt;&gt;</a>&nbsp;&nbsp;&nbsp;uxListRemove
</UL>
<BR>[Called By]<UL><LI><a href="#[ba]">&gt;&gt;</a>&nbsp;&nbsp;&nbsp;prvSampleTimeNow
</UL>

<P><STRONG><a name="[2e]"></a>prvTimerTask</STRONG> (Thumb, 26 bytes, Stack size 8 bytes, timers.o(i.prvTimerTask))
<BR><BR>[Stack]<UL><LI>Max Depth = 240<LI>Call Chain = prvTimerTask &rArr; prvProcessReceivedCommands &rArr; prvSampleTimeNow &rArr; prvSwitchTimerLists &rArr; xTimerGenericCommand &rArr; xQueueGenericSend &rArr; vTaskPlaceOnEventList &rArr; prvAddCurrentTaskToDelayedList &rArr; vListInsert
</UL>
<BR>[Calls]<UL><LI><a href="#[bb]">&gt;&gt;</a>&nbsp;&nbsp;&nbsp;prvProcessTimerOrBlockTask
<LI><a href="#[b9]">&gt;&gt;</a>&nbsp;&nbsp;&nbsp;prvProcessReceivedCommands
<LI><a href="#[be]">&gt;&gt;</a>&nbsp;&nbsp;&nbsp;prvGetNextExpireTime
</UL>
<BR>[Address Reference Count : 1]<UL><LI> timers.o(i.xTimerCreateTimerTask)
</UL>
<P><STRONG><a name="[8e]"></a>_fp_digits</STRONG> (Thumb, 366 bytes, Stack size 64 bytes, printfa.o(i._fp_digits), UNUSED)
<BR><BR>[Calls]<UL><LI><a href="#[3b]">&gt;&gt;</a>&nbsp;&nbsp;&nbsp;__aeabi_dmul
<LI><a href="#[3c]">&gt;&gt;</a>&nbsp;&nbsp;&nbsp;__aeabi_ddiv
<LI><a href="#[5f]">&gt;&gt;</a>&nbsp;&nbsp;&nbsp;__aeabi_cdrcmple
<LI><a href="#[40]">&gt;&gt;</a>&nbsp;&nbsp;&nbsp;__aeabi_uldivmod
<LI><a href="#[34]">&gt;&gt;</a>&nbsp;&nbsp;&nbsp;__aeabi_dadd
<LI><a href="#[43]">&gt;&gt;</a>&nbsp;&nbsp;&nbsp;__aeabi_d2ulz
</UL>
<BR>[Called By]<UL><LI><a href="#[8c]">&gt;&gt;</a>&nbsp;&nbsp;&nbsp;_printf_core
</UL>

<P><STRONG><a name="[8c]"></a>_printf_core</STRONG> (Thumb, 1744 bytes, Stack size 136 bytes, printfa.o(i._printf_core), UNUSED)
<BR><BR>[Calls]<UL><LI><a href="#[40]">&gt;&gt;</a>&nbsp;&nbsp;&nbsp;__aeabi_uldivmod
<LI><a href="#[91]">&gt;&gt;</a>&nbsp;&nbsp;&nbsp;__aeabi_uidivmod
<LI><a href="#[8f]">&gt;&gt;</a>&nbsp;&nbsp;&nbsp;_printf_pre_padding
<LI><a href="#[90]">&gt;&gt;</a>&nbsp;&nbsp;&nbsp;_printf_post_padding
<LI><a href="#[8e]">&gt;&gt;</a>&nbsp;&nbsp;&nbsp;_fp_digits
</UL>
<BR>[Called By]<UL><LI><a href="#[8d]">&gt;&gt;</a>&nbsp;&nbsp;&nbsp;__0sprintf
<LI><a href="#[8b]">&gt;&gt;</a>&nbsp;&nbsp;&nbsp;__0printf
</UL>

<P><STRONG><a name="[90]"></a>_printf_post_padding</STRONG> (Thumb, 36 bytes, Stack size 24 bytes, printfa.o(i._printf_post_padding), UNUSED)
<BR><BR>[Called By]<UL><LI><a href="#[8c]">&gt;&gt;</a>&nbsp;&nbsp;&nbsp;_printf_core
</UL>

<P><STRONG><a name="[8f]"></a>_printf_pre_padding</STRONG> (Thumb, 46 bytes, Stack size 24 bytes, printfa.o(i._printf_pre_padding), UNUSED)
<BR><BR>[Called By]<UL><LI><a href="#[8c]">&gt;&gt;</a>&nbsp;&nbsp;&nbsp;_printf_core
</UL>

<P><STRONG><a name="[27]"></a>_sputc</STRONG> (Thumb, 10 bytes, Stack size 0 bytes, printfa.o(i._sputc))
<BR><BR>[Called By]<UL><LI><a href="#[8d]">&gt;&gt;</a>&nbsp;&nbsp;&nbsp;__0sprintf
</UL>
<BR>[Address Reference Count : 1]<UL><LI> printfa.o(i.__0sprintf)
</UL>
<P><STRONG><a name="[24]"></a>_scanf_char_input</STRONG> (Thumb, 12 bytes, Stack size 0 bytes, scanf_char.o(.text))
<BR>[Address Reference Count : 1]<UL><LI> scanf_char.o(.text)
</UL><P>
<H3>
Undefined Global Symbols
</H3><HR></body></html>
