Component: ARM Compiler 5.06 update 5 (build 528) Tool: armlink [4d35e2]

==============================================================================

Section Cross References

    main.o(i.UART2_IRQHandler) refers to mdr32f9qx_uart.o(i.UART_GetITStatusMasked) for UART_GetITStatusMasked
    main.o(i.UART2_IRQHandler) refers to mdr32f9qx_uart.o(i.UART_ClearITPendingBit) for UART_ClearITPendingBit
    main.o(i.UART2_IRQHandler) refers to mdr32f9qx_uart.o(i.UART_ReceiveData) for UART_ReceiveData
    main.o(i.UART2_IRQHandler) refers to queue.o(i.xQueueGenericSendFromISR) for xQueueGenericSendFromISR
    main.o(i.UART2_IRQHandler) refers to main.o(.data) for ReceiveByte
    main.o(i.main) refers to init.o(i.init) for init
    main.o(i.main) refers to button.o(i.Init_button) for Init_button
    main.o(i.main) refers to mlt_lcd.o(i.U_MLT_Init) for U_MLT_Init
    main.o(i.main) refers to uart_io.o(i.uart_io_init) for uart_io_init
    main.o(i.main) refers to queue.o(i.xQueueGenericCreate) for xQueueGenericCreate
    main.o(i.main) refers to tasks.o(i.xTaskCreate) for xTaskCreate
    main.o(i.main) refers to tasks.o(i.vTaskStartScheduler) for vTaskStartScheduler
    main.o(i.main) refers to main.o(.data) for stdin_queue
    main.o(i.main) refers to menu.o(i.U_MENU_Running_String_Task_Function) for U_MENU_Running_String_Task_Function
    main.o(i.main) refers to menu.o(i.U_MENU_Output) for U_MENU_Output
    main.o(i.main) refers to menu.o(i.U_Privet) for U_Privet
    main.o(i.main) refers to menu.o(i.Task_output) for Task_output
    main.o(i.main) refers to main.o(i.vQHandler) for vQHandler
    main.o(i.vQHandler) refers to queue.o(i.xQueueGenericReceive) for xQueueGenericReceive
    main.o(i.vQHandler) refers to strlen.o(.text) for strlen
    main.o(i.vQHandler) refers to atoi.o(.text) for atoi
    main.o(i.vQHandler) refers to printf3.o(i.__0printf$3) for __2printf
    main.o(i.vQHandler) refers to tasks.o(i.vTaskDelay) for vTaskDelay
    main.o(i.vQHandler) refers to mlt_lcd.o(i.U_MLT_Scroll_String) for U_MLT_Scroll_String
    main.o(i.vQHandler) refers to main.o(.data) for my_queue
    init.o(i.PORT_init) refers to mdr32f9qx_rst_clk.o(i.RST_CLK_PCLKcmd) for RST_CLK_PCLKcmd
    init.o(i.PORT_init) refers to mdr32f9qx_port.o(i.PORT_Init) for PORT_Init
    init.o(i.init) refers to init.o(i.sys_clk_init) for sys_clk_init
    init.o(i.sys_clk_init) refers to mdr32f9qx_rst_clk.o(i.RST_CLK_HSEconfig) for RST_CLK_HSEconfig
    init.o(i.sys_clk_init) refers to mdr32f9qx_rst_clk.o(i.RST_CLK_HSEstatus) for RST_CLK_HSEstatus
    init.o(i.sys_clk_init) refers to mdr32f9qx_rst_clk.o(i.RST_CLK_CPU_PLLconfig) for RST_CLK_CPU_PLLconfig
    init.o(i.sys_clk_init) refers to mdr32f9qx_rst_clk.o(i.RST_CLK_CPU_PLLcmd) for RST_CLK_CPU_PLLcmd
    init.o(i.sys_clk_init) refers to mdr32f9qx_rst_clk.o(i.RST_CLK_CPU_PLLstatus) for RST_CLK_CPU_PLLstatus
    init.o(i.sys_clk_init) refers to mdr32f9qx_rst_clk.o(i.RST_CLK_CPUclkPrescaler) for RST_CLK_CPUclkPrescaler
    init.o(i.sys_clk_init) refers to mdr32f9qx_rst_clk.o(i.RST_CLK_CPU_PLLuse) for RST_CLK_CPU_PLLuse
    init.o(i.sys_clk_init) refers to mdr32f9qx_rst_clk.o(i.RST_CLK_CPUclkSelection) for RST_CLK_CPUclkSelection
    init.o(i.sys_clk_init) refers to system_mdr32f9qx.o(i.SystemCoreClockUpdate) for SystemCoreClockUpdate
    button.o(i.Init_button) refers to mdr32f9qx_rst_clk.o(i.RST_CLK_PCLKcmd) for RST_CLK_PCLKcmd
    button.o(i.Init_button) refers to mdr32f9qx_port.o(i.PORT_StructInit) for PORT_StructInit
    button.o(i.Init_button) refers to mdr32f9qx_port.o(i.PORT_Init) for PORT_Init
    button.o(i.Init_button) refers to button.o(.bss) for SB_SELECT
    button.o(i.U_BTN_Init) refers to mdr32f9qx_rst_clk.o(i.RST_CLK_PCLKcmd) for RST_CLK_PCLKcmd
    button.o(i.U_BTN_Init) refers to mdr32f9qx_port.o(i.PORT_StructInit) for PORT_StructInit
    button.o(i.U_BTN_Init) refers to mdr32f9qx_port.o(i.PORT_Init) for PORT_Init
    button.o(i.U_BTN_Read_Button) refers to mdr32f9qx_port.o(i.PORT_ReadInputDataBit) for PORT_ReadInputDataBit
    button.o(i.check_button) refers to mdr32f9qx_port.o(i.PORT_ReadInputDataBit) for PORT_ReadInputDataBit
    button.o(i.check_button) refers to tasks.o(i.xTaskGetTickCount) for xTaskGetTickCount
    menu.o(i.Task_output) refers to queue.o(i.xQueueGenericReceive) for xQueueGenericReceive
    menu.o(i.Task_output) refers to mdr32f9qx_uart.o(i.UART_GetFlagStatus) for UART_GetFlagStatus
    menu.o(i.Task_output) refers to mdr32f9qx_uart.o(i.UART_SendData) for UART_SendData
    menu.o(i.Task_output) refers to menu.o(.data) for buffer
    menu.o(i.Task_output) refers to main.o(.data) for stdout_queue
    menu.o(i.U_MENU_Output) refers to _scanf_str.o(.text) for _scanf_string
    menu.o(i.U_MENU_Output) refers to tasks.o(i.vTaskDelay) for vTaskDelay
    menu.o(i.U_MENU_Output) refers to __0scanf.o(.text) for __0scanf
    menu.o(i.U_MENU_Output) refers to strlen.o(.text) for strlen
[...]
    ../clib/microlib/init/entry.s            0x00000000   Number         0  entry5.o ABSOLUTE
    ../clib/microlib/init/entry.s            0x00000000   Number         0  entry7a.o ABSOLUTE
    ../clib/microlib/init/entry.s            0x00000000   Number         0  entry7b.o ABSOLUTE
    ../clib/microlib/init/entry.s            0x00000000   Number         0  entry10a.o ABSOLUTE
    ../clib/microlib/init/entry.s            0x00000000   Number         0  entry8a.o ABSOLUTE
    ../clib/microlib/init/entry.s            0x00000000   Number         0  entry8b.o ABSOLUTE
    ../clib/microlib/init/entry.s            0x00000000   Number         0  entry9a.o ABSOLUTE
    ../clib/microlib/init/entry.s            0x00000000   Number         0  entry9b.o ABSOLUTE
    ../clib/microlib/longlong.c              0x00000000   Number         0  llsshr.o ABSOLUTE
    ../clib/microlib/longlong.c              0x00000000   Number         0  llushr.o ABSOLUTE
    ../clib/microlib/longlong.c              0x00000000   Number         0  llshl.o ABSOLUTE
    ../clib/microlib/printf/printf.c         0x00000000   Number         0  printf4.o ABSOLUTE
    ../clib/microlib/printf/printf.c         0x00000000   Number         0  printf5.o ABSOLUTE
    ../clib/microlib/printf/printf.c         0x00000000   Number         0  printfb.o ABSOLUTE
    ../clib/microlib/printf/printf.c         0x00000000   Number         0  printf6.o ABSOLUTE
    ../clib/microlib/printf/printf.c         0x00000000   Number         0  printf2.o ABSOLUTE
    ../clib/microlib/printf/printf.c         0x00000000   Number         0  printf0.o ABSOLUTE
    ../clib/microlib/printf/printf.c         0x00000000   Number         0  printf3.o ABSOLUTE
    ../clib/microlib/printf/printf.c         0x00000000   Number         0  printf1.o ABSOLUTE
    ../clib/microlib/printf/printf.c         0x00000000   Number         0  printfa.o ABSOLUTE
    ../clib/microlib/printf/printf.c         0x00000000   Number         0  printf7.o ABSOLUTE
    ../clib/microlib/printf/printf.c         0x00000000   Number         0  printf8.o ABSOLUTE
    ../clib/microlib/printf/stubs.s          0x00000000   Number         0  stubs.o ABSOLUTE
    ../clib/microlib/stdio/fgetc.c           0x00000000   Number         0  fgetc_b.o ABSOLUTE
    ../clib/microlib/stdio/semi.s            0x00000000   Number         0  semi.o ABSOLUTE
    ../clib/microlib/stdio/streams.c         0x00000000   Number         0  stdin.o ABSOLUTE
    ../clib/microlib/stdio/streams.c         0x00000000   Number         0  stdout.o ABSOLUTE
    ../clib/microlib/string/memcpy.c         0x00000000   Number         0  memcpya.o ABSOLUTE
    ../clib/microlib/string/memcpy.c         0x00000000   Number         0  memcpyb.o ABSOLUTE
    ../clib/microlib/string/strlen.c         0x00000000   Number         0  strlen.o ABSOLUTE
    ../clib/microlib/stubs.s                 0x00000000   Number         0  iusefp.o ABSOLUTE
    ../clib/microlib/stubs.s                 0x00000000   Number         0  iusesemig.o ABSOLUTE
    ../clib/scanf.c                          0x00000000   Number         0  _scanf_str.o ABSOLUTE
    ../clib/scanf.c                          0x00000000   Number         0  scanf_char_file.o ABSOLUTE
    ../clib/scanf.c                          0x00000000   Number         0  atoi.o ABSOLUTE
    ../clib/scanf.c                          0x00000000   Number         0  strtol.o ABSOLUTE
    ../clib/scanf.c                          0x00000000   Number         0  __0scanf.o ABSOLUTE
    ../clib/scanf.c                          0x00000000   Number         0  scanf_char.o ABSOLUTE
    ../clib/scanf.c                          0x00000000   Number         0  _strtoul.o ABSOLUTE
    ../clib/scanf.c                          0x00000000   Number         0  _chval.o ABSOLUTE
    ../clib/scanf.c                          0x00000000   Number         0  _scanf.o ABSOLUTE
    ../fplib/microlib/fpadd.c                0x00000000   Number         0  dadd.o ABSOLUTE
    ../fplib/microlib/fpdiv.c                0x00000000   Number         0  ddiv.o ABSOLUTE
    ../fplib/microlib/fpepilogue.c           0x00000000   Number         0  depilogue.o ABSOLUTE
    ../fplib/microlib/fpfix.c                0x00000000   Number         0  dfixul.o ABSOLUTE
    ../fplib/microlib/fpmul.c                0x00000000   Number         0  dmul.o ABSOLUTE
    C:\Keil_v5\ARM\PACK\Keil\MDR1986BExx\1.5.3\Libraries\MDR32F9Qx_StdPeriph_Driver\src\MDR32F9Qx_adc.c 0x00000000   Number         0  mdr32f9qx_adc.o ABSOLUTE
    C:\Keil_v5\ARM\PACK\Keil\MDR1986BExx\1.5.3\Libraries\MDR32F9Qx_StdPeriph_Driver\src\MDR32F9Qx_bkp.c 0x00000000   Number         0  mdr32f9qx_bkp.o ABSOLUTE
    C:\Keil_v5\ARM\PACK\Keil\MDR1986BExx\1.5.3\Libraries\MDR32F9Qx_StdPeriph_Driver\src\MDR32F9Qx_can.c 0x00000000   Number         0  mdr32f9qx_can.o ABSOLUTE
    C:\Keil_v5\ARM\PACK\Keil\MDR1986BExx\1.5.3\Libraries\MDR32F9Qx_StdPeriph_Driver\src\MDR32F9Qx_comp.c 0x00000000   Number         0  mdr32f9qx_comp.o ABSOLUTE
    C:\Keil_v5\ARM\PACK\Keil\MDR1986BExx\1.5.3\Libraries\MDR32F9Qx_StdPeriph_Driver\src\MDR32F9Qx_dac.c 0x00000000   Number         0  mdr32f9qx_dac.o ABSOLUTE
    C:\Keil_v5\ARM\PACK\Keil\MDR1986BExx\1.5.3\Libraries\MDR32F9Qx_StdPeriph_Driver\src\MDR32F9Qx_dma.c 0x00000000   Number         0  mdr32f9qx_dma.o ABSOLUTE
    C:\Keil_v5\ARM\PACK\Keil\MDR1986BExx\1.5.3\Libraries\MDR32F9Qx_StdPeriph_Driver\src\MDR32F9Qx_ebc.c 0x00000000   Number         0  mdr32f9qx_ebc.o ABSOLUTE
    C:\Keil_v5\ARM\PACK\Keil\MDR1986BExx\1.5.3\Libraries\MDR32F9Qx_StdPeriph_Driver\src\MDR32F9Qx_eeprom.c 0x00000000   Number         0  mdr32f9qx_eeprom.o ABSOLUTE
    C:\Keil_v5\ARM\PACK\Keil\MDR1986BExx\1.5.3\Libraries\MDR32F9Qx_StdPeriph_Driver\src\MDR32F9Qx_i2c.c 0x00000000   Number         0  mdr32f9qx_i2c.o ABSOLUTE
    C:\Keil_v5\ARM\PACK\Keil\MDR1986BExx\1.5.3\Libraries\MDR32F9Qx_StdPeriph_Driver\src\MDR32F9Qx_iwdg.c 0x00000000   Number         0  mdr32f9qx_iwdg.o ABSOLUTE
    C:\Keil_v5\ARM\PACK\Keil\MDR1986BExx\1.5.3\Libraries\MDR32F9Qx_StdPeriph_Driver\src\MDR32F9Qx_port.c 0x00000000   Number         0  mdr32f9qx_port.o ABSOLUTE
    C:\Keil_v5\ARM\PACK\Keil\MDR1986BExx\1.5.3\Libraries\MDR32F9Qx_StdPeriph_Driver\src\MDR32F9Qx_power.c 0x00000000   Number         0  mdr32f9qx_power.o ABSOLUTE
    C:\Keil_v5\ARM\PACK\Keil\MDR1986BExx\1.5.3\Libraries\MDR32F9Qx_StdPeriph_Driver\src\MDR32F9Qx_rst_clk.c 0x00000000   Number         0  mdr32f9qx_rst_clk.o ABSOLUTE
    C:\Keil_v5\ARM\PACK\Keil\MDR1986BExx\1.5.3\Libraries\MDR32F9Qx_StdPeriph_Driver\src\MDR32F9Qx_ssp.c 0x00000000   Number         0  mdr32f9qx_ssp.o ABSOLUTE
    C:\Keil_v5\ARM\PACK\Keil\MDR1986BExx\1.5.3\Libraries\MDR32F9Qx_StdPeriph_Driver\src\MDR32F9Qx_timer.c 0x00000000   Number         0  mdr32f9qx_timer.o ABSOLUTE
    C:\Keil_v5\ARM\PACK\Keil\MDR1986BExx\1.5.3\Libraries\MDR32F9Qx_StdPeriph_Driver\src\MDR32F9Qx_uart.c 0x00000000   Number         0  mdr32f9qx_uart.o ABSOLUTE
    C:\\Keil_v5\\ARM\\PACK\\Keil\\MDR1986BExx\\1.5.3\\Libraries\\MDR32F9Qx_StdPeriph_Driver\\src\\MDR32F9Qx_adc.c 0x00000000   Number         0  mdr32f9qx_adc.o ABSOLUTE
    C:\\Keil_v5\\ARM\\PACK\\Keil\\MDR1986BExx\\1.5.3\\Libraries\\MDR32F9Qx_StdPeriph_Driver\\src\\MDR32F9Qx_bkp.c 0x00000000   Number         0  mdr32f9qx_bkp.o ABSOLUTE
    C:\\Keil_v5\\ARM\\PACK\\Keil\\MDR1986BExx\\1.5.3\\Libraries\\MDR32F9Qx_StdPeriph_Driver\\src\\MDR32F9Qx_can.c 0x00000000   Number         0  mdr32f9qx_can.o ABSOLUTE
    C:\\Keil_v5\\ARM\\PACK\\Keil\\MDR1986BExx\\1.5.3\\Libraries\\MDR32F9Qx_StdPeriph_Driver\\src\\MDR32F9Qx_comp.c 0x00000000   Number         0  mdr32f9qx_comp.o ABSOLUTE
    C:\\Keil_v5\\ARM\\PACK\\Keil\\MDR1986BExx\\1.5.3\\Libraries\\MDR32F9Qx_StdPeriph_Driver\\src\\MDR32F9Qx_dac.c 0x00000000   Number         0  mdr32f9qx_dac.o ABSOLUTE
    C:\\Keil_v5\\ARM\\PACK\\Keil\\MDR1986BExx\\1.5.3\\Libraries\\MDR32F9Qx_StdPeriph_Driver\\src\\MDR32F9Qx_dma.c 0x00000000   Number         0  mdr32f9qx_dma.o ABSOLUTE
    C:\\Keil_v5\\ARM\\PACK\\Keil\\MDR1986BExx\\1.5.3\\Libraries\\MDR32F9Qx_StdPeriph_Driver\\src\\MDR32F9Qx_ebc.c 0x00000000   Number         0  mdr32f9qx_ebc.o ABSOLUTE
    C:\\Keil_v5\\ARM\\PACK\\Keil\\MDR1986BExx\\1.5.3\\Libraries\\MDR32F9Qx_StdPeriph_Driver\\src\\MDR32F9Qx_eeprom.c 0x00000000   Number         0  mdr32f9qx_eeprom.o ABSOLUTE
    C:\\Keil_v5\\ARM\\PACK\\Keil\\MDR1986BExx\\1.5.3\\Libraries\\MDR32F9Qx_StdPeriph_Driver\\src\\MDR32F9Qx_i2c.c 0x00000000   Number         0  mdr32f9qx_i2c.o ABSOLUTE
    C:\\Keil_v5\\ARM\\PACK\\Keil\\MDR1986BExx\\1.5.3\\Libraries\\MDR32F9Qx_StdPeriph_Driver\\src\\MDR32F9Qx_iwdg.c 0x00000000   Number         0  mdr32f9qx_iwdg.o ABSOLUTE
    C:\\Keil_v5\\ARM\\PACK\\Keil\\MDR1986BExx\\1.5.3\\Libraries\\MDR32F9Qx_StdPeriph_Driver\\src\\MDR32F9Qx_port.c 0x00000000   Number         0  mdr32f9qx_port.o ABSOLUTE
    C:\\Keil_v5\\ARM\\PACK\\Keil\\MDR1986BExx\\1.5.3\\Libraries\\MDR32F9Qx_StdPeriph_Driver\\src\\MDR32F9Qx_power.c 0x00000000   Number         0  mdr32f9qx_power.o ABSOLUTE
    C:\\Keil_v5\\ARM\\PACK\\Keil\\MDR1986BExx\\1.5.3\\Libraries\\MDR32F9Qx_StdPeriph_Driver\\src\\MDR32F9Qx_rst_clk.c 0x00000000   Number         0  mdr32f9qx_rst_clk.o ABSOLUTE
    C:\\Keil_v5\\ARM\\PACK\\Keil\\MDR1986BExx\\1.5.3\\Libraries\\MDR32F9Qx_StdPeriph_Driver\\src\\MDR32F9Qx_ssp.c 0x00000000   Number         0  mdr32f9qx_ssp.o ABSOLUTE
    C:\\Keil_v5\\ARM\\PACK\\Keil\\MDR1986BExx\\1.5.3\\Libraries\\MDR32F9Qx_StdPeriph_Driver\\src\\MDR32F9Qx_timer.c 0x00000000   Number         0  mdr32f9qx_timer.o ABSOLUTE
    C:\\Keil_v5\\ARM\\PACK\\Keil\\MDR1986BExx\\1.5.3\\Libraries\\MDR32F9Qx_StdPeriph_Driver\\src\\MDR32F9Qx_uart.c 0x00000000   Number         0  mdr32f9qx_uart.o ABSOLUTE
    MDR32F9Qx_it.c                           0x00000000   Number         0  mdr32f9qx_it.o ABSOLUTE
    MDR32F9Qx_it.c                           0x00000000   Number         0  mdr32f9qx_it.o ABSOLUTE
    MLT\\mlt_lcd.c                           0x00000000   Number         0  mlt_lcd.o ABSOLUTE
    MLT\mlt_lcd.c                            0x00000000   Number         0  mlt_lcd.o ABSOLUTE
    RTE\Device\MDR1986BE92\startup_MDR32F9Qx.s 0x00000000   Number         0  startup_mdr32f9qx.o ABSOLUTE
    RTE\Device\MDR1986BE92\system_MDR32F9Qx.c 0x00000000   Number         0  system_mdr32f9qx.o ABSOLUTE
    RTE\\Device\\MDR1986BE92\\system_MDR32F9Qx.c 0x00000000   Number         0  system_mdr32f9qx.o ABSOLUTE
    button.c                                 0x00000000   Number         0  button.o ABSOLUTE
    button.c                                 0x00000000   Number         0  button.o ABSOLUTE
    cdrcmple.s                               0x00000000   Number         0  cdrcmple.o ABSOLUTE
    dc.s                                     0x00000000   Number         0  dc.o ABSOLUTE
    handlers.s                               0x00000000   Number         0  handlers.o ABSOLUTE
    init.c                                   0x00000000   Number         0  init.o ABSOLUTE
    init.c                                   0x00000000   Number         0  init.o ABSOLUTE
    init.s                                   0x00000000   Number         0  init.o ABSOLUTE
    main.c                                   0x00000000   Number         0  main.o ABSOLUTE
    main.c                                   0x00000000   Number         0  main.o ABSOLUTE
    menu.c                                   0x00000000   Number         0  menu.o ABSOLUTE
    menu.c                                   0x00000000   Number         0  menu.o ABSOLUTE
    rtos\\port.c                             0x00000000   Number         0  port.o ABSOLUTE
    rtos\croutine.c                          0x00000000   Number         0  croutine.o ABSOLUTE
    rtos\event_groups.c                      0x00000000   Number         0  event_groups.o ABSOLUTE
    rtos\heap_2.c                            0x00000000   Number         0  heap_2.o ABSOLUTE
    rtos\list.c                              0x00000000   Number         0  list.o ABSOLUTE
    rtos\port.c                              0x00000000   Number         0  port.o ABSOLUTE
    rtos\queue.c                             0x00000000   Number         0  queue.o ABSOLUTE
    rtos\tasks.c                             0x00000000   Number         0  tasks.o ABSOLUTE
    rtos\timers.c                            0x00000000   Number         0  timers.o ABSOLUTE
    uart_io.c                                0x00000000   Number         0  uart_io.o ABSOLUTE
    uart_io.c                                0x00000000   Number         0  uart_io.o ABSOLUTE
    RESET                                    0x08000000   Section      192  startup_mdr32f9qx.o(RESET)
    .ARM.Collect$$$$00000000                 0x080000c0   Section        0  entry.o(.ARM.Collect$$$$00000000)
    .ARM.Collect$$$$00000001                 0x080000c0   Section        4  entry2.o(.ARM.Collect$$$$00000001)
    .ARM.Collect$$$$00000004                 0x080000c4   Section        4  entry5.o(.ARM.Collect$$$$00000004)
    .ARM.Collect$$$$00000008                 0x080000c8   Section        0  entry7b.o(.ARM.Collect$$$$00000008)
    .ARM.Collect$$$$0000000A                 0x080000c8   Section        0  entry8b.o(.ARM.Collect$$$$0000000A)
    .ARM.Collect$$$$0000000B                 0x080000c8   Section        8  entry9a.o(.ARM.Collect$$$$0000000B)
    .ARM.Collect$$$$0000000D                 0x080000d0   Section        0  entry10a.o(.ARM.Collect$$$$0000000D)
    .ARM.Collect$$$$0000000F                 0x080000d0   Section        0  entry11a.o(.ARM.Collect$$$$0000000F)
    .ARM.Collect$$$$00002712                 0x080000d0   Section        4  entry2.o(.ARM.Collect$$$$00002712)
    __lit__00000000                          0x080000d0   Data           4  entry2.o(.ARM.Collect$$$$00002712)
    .emb_text                                0x080000d4   Section      150  port.o(.emb_text)
    .text                                    0x0800016c   Section       36  startup_mdr32f9qx.o(.text)
    .text                                    0x08000190   Section        0  memcpya.o(.text)
    .text                                    0x080001b4   Section        0  strlen.o(.text)
    .text                                    0x080001c4   Section        0  __0scanf.o(.text)
    .text                                    0x080001e4   Section        0  _scanf_str.o(.text)
    .text                                    0x080002c4   Section        0  atoi.o(.text)
    .text                                    0x080002de   Section        0  uidiv.o(.text)
    .text                                    0x0800030a   Section        0  strtol.o(.text)
    .text                                    0x0800037c   Section        0  scanf_char_file.o(.text)
    .text                                    0x08000390   Section       36  init.o(.text)
    .text                                    0x080003b4   Section        0  fgetc_b.o(.text)
    .text                                    0x080003e0   Section        0  ctype_o.o(.text)
    .text                                    0x080003e8   Section        0  isspace_o.o(.text)
    .text                                    0x080003fc   Section        0  scanf_char.o(.text)
    _scanf_char_input                        0x080003fd   Thumb Code    12  scanf_char.o(.text)
    .text                                    0x08000424   Section        0  _strtoul.o(.text)
    .text                                    0x080004c2   Section        0  semi.o(.text)
    .text                                    0x080004c2   Section        0  _chval.o(.text)
    .text                                    0x080004e0   Section        0  _scanf.o(.text)
    .text                                    0x0800080c   Section        0  iusesemig.o(.text)
    i.ADC_IRQHandler                         0x0800080c   Section        0  mdr32f9qx_it.o(i.ADC_IRQHandler)
    i.BACKUP_IRQHandler                      0x0800080e   Section        0  mdr32f9qx_it.o(i.BACKUP_IRQHandler)
    i.BusFault_Handler                       0x08000810   Section        0  mdr32f9qx_it.o(i.BusFault_Handler)
    i.CAN1_IRQHandler                        0x08000814   Section        0  mdr32f9qx_it.o(i.CAN1_IRQHandler)
    i.CAN2_IRQHandler                        0x08000816   Section        0  mdr32f9qx_it.o(i.CAN2_IRQHandler)
    i.COMPARATOR_IRQHandler                  0x08000818   Section        0  mdr32f9qx_it.o(i.COMPARATOR_IRQHandler)
    i.DebugMon_Handler                       0x0800081a   Section        0  mdr32f9qx_it.o(i.DebugMon_Handler)
    i.EXT_INT1_IRQHandler                    0x0800081c   Section        0  mdr32f9qx_it.o(i.EXT_INT1_IRQHandler)
    i.EXT_INT2_IRQHandler                    0x0800081e   Section        0  mdr32f9qx_it.o(i.EXT_INT2_IRQHandler)
    i.EXT_INT3_IRQHandler                    0x08000820   Section        0  mdr32f9qx_it.o(i.EXT_INT3_IRQHandler)
    i.EXT_INT4_IRQHandler                    0x08000822   Section        0  mdr32f9qx_it.o(i.EXT_INT4_IRQHandler)
    i.HardFault_Handler                      0x08000824   Section        0  mdr32f9qx_it.o(i.HardFault_Handler)
    i.I2C_IRQHandler                         0x08000828   Section        0  mdr32f9qx_it.o(i.I2C_IRQHandler)
    i.Init_button                            0x0800082c   Section        0  button.o(i.Init_button)
    i.MemManage_Handler                      0x080009bc   Section        0  mdr32f9qx_it.o(i.MemManage_Handler)
    i.NMI_Handler                            0x080009c0   Section        0  mdr32f9qx_it.o(i.NMI_Handler)
    i.PORT_Init                              0x080009c4   Section        0  mdr32f9qx_port.o(i.PORT_Init)
    i.PORT_ResetBits                         0x08000b8c   Section        0  mdr32f9qx_port.o(i.PORT_ResetBits)
    i.PORT_SetBits                           0x08000ba8   Section        0  mdr32f9qx_port.o(i.PORT_SetBits)
    i.PORT_StructInit                        0x08000bc4   Section        0  mdr32f9qx_port.o(i.PORT_StructInit)
    i.POWER_IRQHandler                       0x08000be0   Section        0  mdr32f9qx_it.o(i.POWER_IRQHandler)
    i.RST_CLK_CPU_PLLcmd                     0x08000be4   Section        0  mdr32f9qx_rst_clk.o(i.RST_CLK_CPU_PLLcmd)
    i.RST_CLK_CPU_PLLconfig                  0x08000bf0   Section        0  mdr32f9qx_rst_clk.o(i.RST_CLK_CPU_PLLconfig)
    i.RST_CLK_CPU_PLLstatus                  0x08000c30   Section        0  mdr32f9qx_rst_clk.o(i.RST_CLK_CPU_PLLstatus)
    i.RST_CLK_CPU_PLLuse                     0x08000c64   Section        0  mdr32f9qx_rst_clk.o(i.RST_CLK_CPU_PLLuse)
    i.RST_CLK_CPUclkPrescaler                0x08000c70   Section        0  mdr32f9qx_rst_clk.o(i.RST_CLK_CPUclkPrescaler)
    i.RST_CLK_CPUclkSelection                0x08000c88   Section        0  mdr32f9qx_rst_clk.o(i.RST_CLK_CPUclkSelection)
    i.RST_CLK_GetClocksFreq                  0x08000c9c   Section        0  mdr32f9qx_rst_clk.o(i.RST_CLK_GetClocksFreq)
    i.RST_CLK_GetFlagStatus                  0x08000f10   Section        0  mdr32f9qx_rst_clk.o(i.RST_CLK_GetFlagStatus)
    i.RST_CLK_HSEconfig                      0x08000f44   Section        0  mdr32f9qx_rst_clk.o(i.RST_CLK_HSEconfig)
    i.RST_CLK_HSEstatus                      0x08000f80   Section        0  mdr32f9qx_rst_clk.o(i.RST_CLK_HSEstatus)
    i.RST_CLK_PCLKcmd                        0x08000fb4   Section        0  mdr32f9qx_rst_clk.o(i.RST_CLK_PCLKcmd)
    i.SSP1_IRQHandler                        0x08000fd4   Section        0  mdr32f9qx_it.o(i.SSP1_IRQHandler)
    i.SSP2_IRQHandler                        0x08000fd6   Section        0  mdr32f9qx_it.o(i.SSP2_IRQHandler)
    i.SysTick_Handler                        0x08000fd8   Section        0  port.o(i.SysTick_Handler)
    i.SystemCoreClockUpdate                  0x0800100c   Section        0  system_mdr32f9qx.o(i.SystemCoreClockUpdate)
    i.SystemInit                             0x0800109c   Section        0  system_mdr32f9qx.o(i.SystemInit)
    i.Task_output                            0x080010dc   Section        0  menu.o(i.Task_output)
    i.Timer1_IRQHandler                      0x08001118   Section        0  mdr32f9qx_it.o(i.Timer1_IRQHandler)
    i.Timer2_IRQHandler                      0x0800111a   Section        0  mdr32f9qx_it.o(i.Timer2_IRQHandler)
    i.Timer3_IRQHandler                      0x0800111c   Section        0  mdr32f9qx_it.o(i.Timer3_IRQHandler)
    i.UART1_IRQHandler                       0x0800111e   Section        0  mdr32f9qx_it.o(i.UART1_IRQHandler)
    i.UART2_IRQHandler                       0x08001120   Section        0  main.o(i.UART2_IRQHandler)
    i.UART_BRGInit                           0x08001178   Section        0  mdr32f9qx_uart.o(i.UART_BRGInit)
    i.UART_ClearITPendingBit                 0x080011b4   Section        0  mdr32f9qx_uart.o(i.UART_ClearITPendingBit)
    i.UART_Cmd                               0x080011bc   Section        0  mdr32f9qx_uart.o(i.UART_Cmd)
    i.UART_GetFlagStatus                     0x080011d4   Section        0  mdr32f9qx_uart.o(i.UART_GetFlagStatus)
    i.UART_GetITStatusMasked                 0x080011e4   Section        0  mdr32f9qx_uart.o(i.UART_GetITStatusMasked)
    i.UART_ITConfig                          0x080011f4   Section        0  mdr32f9qx_uart.o(i.UART_ITConfig)
    i.UART_Init                              0x08001208   Section        0  mdr32f9qx_uart.o(i.UART_Init)
    i.UART_ReceiveData                       0x080012b8   Section        0  mdr32f9qx_uart.o(i.UART_ReceiveData)
    i.UART_SendData                          0x080012c0   Section        0  mdr32f9qx_uart.o(i.UART_SendData)
    i.USB_IRQHandler                         0x080012c6   Section        0  mdr32f9qx_it.o(i.USB_IRQHandler)
    i.U_MENU_Output                          0x080012c8   Section        0  menu.o(i.U_MENU_Output)
    i.U_MENU_Running_String_Task_Function    0x080013b0   Section        0  menu.o(i.U_MENU_Running_String_Task_Function)
    i.U_MLT_Clear_Chip                       0x080013e0   Section        0  mlt_lcd.o(i.U_MLT_Clear_Chip)
    i.U_MLT_Clear_Page                       0x080013f8   Section        0  mlt_lcd.o(i.U_MLT_Clear_Page)
    i.U_MLT_Delay                            0x08001432   Section        0  mlt_lcd.o(i.U_MLT_Delay)
    i.U_MLT_Disp_On                          0x08001444   Section        0  mlt_lcd.o(i.U_MLT_Disp_On)
    i.U_MLT_Init                             0x08001510   Section        0  mlt_lcd.o(i.U_MLT_Init)
    i.U_MLT_LCD_Init                         0x08001578   Section        0  mlt_lcd.o(i.U_MLT_LCD_Init)
    i.U_MLT_Pin_Cfg                          0x080015bc   Section        0  mlt_lcd.o(i.U_MLT_Pin_Cfg)
    i.U_MLT_Put_Char                         0x08001648   Section        0  mlt_lcd.o(i.U_MLT_Put_Char)
    i.U_MLT_Put_Image                        0x080016cc   Section        0  mlt_lcd.o(i.U_MLT_Put_Image)
    i.U_MLT_Put_String                       0x08001758   Section        0  mlt_lcd.o(i.U_MLT_Put_String)
    i.U_MLT_Read_Status                      0x08001790   Section        0  mlt_lcd.o(i.U_MLT_Read_Status)
    i.U_MLT_Scroll_String                    0x08001858   Section        0  mlt_lcd.o(i.U_MLT_Scroll_String)
    i.U_MLT_Set_Address                      0x080018e8   Section        0  mlt_lcd.o(i.U_MLT_Set_Address)
    i.U_MLT_Set_Data_Bits                    0x080019b8   Section        0  mlt_lcd.o(i.U_MLT_Set_Data_Bits)
    i.U_MLT_Set_Page                         0x080019fc   Section        0  mlt_lcd.o(i.U_MLT_Set_Page)
    i.U_MLT_Write_Data                       0x08001acc   Section        0  mlt_lcd.o(i.U_MLT_Write_Data)
    i.U_Privet                               0x08001b9c   Section        0  menu.o(i.U_Privet)
    i.UsageFault_Handler                     0x08001bc0   Section        0  mdr32f9qx_it.o(i.UsageFault_Handler)
    i.WWDG_IRQHandler                        0x08001bc4   Section        0  mdr32f9qx_it.o(i.WWDG_IRQHandler)
    i.__0printf$3                            0x08001bc8   Section        0  printf3.o(i.__0printf$3)
    i.__aeabi_errno_addr                     0x08001be8   Section        0  errno.o(i.__aeabi_errno_addr)
    i.__scatterload_copy                     0x08001bf0   Section       14  handlers.o(i.__scatterload_copy)
    i.__scatterload_null                     0x08001bfe   Section        2  handlers.o(i.__scatterload_null)
    i.__scatterload_zeroinit                 0x08001c00   Section       14  handlers.o(i.__scatterload_zeroinit)
    i._printf_core                           0x08001c10   Section        0  printf3.o(i._printf_core)
    _printf_core                             0x08001c11   Thumb Code   436  printf3.o(i._printf_core)
    i.fgetc                                  0x08001dc8   Section        0  uart_io.o(i.fgetc)
    i.fputc                                  0x08001dec   Section        0  uart_io.o(i.fputc)
    i.init                                   0x08001e0c   Section        0  init.o(i.init)
    i.main                                   0x08001e14   Section        0  main.o(i.main)
    i.prvAddCurrentTaskToDelayedList         0x08001f04   Section        0  tasks.o(i.prvAddCurrentTaskToDelayedList)
    prvAddCurrentTaskToDelayedList           0x08001f05   Thumb Code   100  tasks.o(i.prvAddCurrentTaskToDelayedList)
    i.prvAddNewTaskToReadyList               0x08001f80   Section        0  tasks.o(i.prvAddNewTaskToReadyList)
    prvAddNewTaskToReadyList                 0x08001f81   Thumb Code   148  tasks.o(i.prvAddNewTaskToReadyList)
    i.prvCheckForValidListAndQueue           0x08002030   Section        0  timers.o(i.prvCheckForValidListAndQueue)
    prvCheckForValidListAndQueue             0x08002031   Thumb Code    72  timers.o(i.prvCheckForValidListAndQueue)
    i.prvCheckTasksWaitingTermination        0x08002094   Section        0  tasks.o(i.prvCheckTasksWaitingTermination)
    prvCheckTasksWaitingTermination          0x08002095   Thumb Code    86  tasks.o(i.prvCheckTasksWaitingTermination)
    i.prvCopyDataFromQueue                   0x080020f8   Section        0  queue.o(i.prvCopyDataFromQueue)
    prvCopyDataFromQueue                     0x080020f9   Thumb Code    42  queue.o(i.prvCopyDataFromQueue)
    i.prvCopyDataToQueue                     0x08002122   Section        0  queue.o(i.prvCopyDataToQueue)
    prvCopyDataToQueue                       0x08002123   Thumb Code   124  queue.o(i.prvCopyDataToQueue)
    i.prvDeleteTCB                           0x0800219e   Section        0  tasks.o(i.prvDeleteTCB)
    prvDeleteTCB                             0x0800219f   Thumb Code    18  tasks.o(i.prvDeleteTCB)
    i.prvGetNextExpireTime                   0x080021b0   Section        0  timers.o(i.prvGetNextExpireTime)
    prvGetNextExpireTime                     0x080021b1   Thumb Code    36  timers.o(i.prvGetNextExpireTime)
    i.prvHeapInit                            0x080021d8   Section        0  heap_2.o(i.prvHeapInit)
    prvHeapInit                              0x080021d9   Thumb Code    42  heap_2.o(i.prvHeapInit)
    i.prvIdleTask                            0x08002210   Section        0  tasks.o(i.prvIdleTask)
    prvIdleTask                              0x08002211   Thumb Code    36  tasks.o(i.prvIdleTask)
    i.prvInitialiseNewQueue                  0x0800223c   Section        0  queue.o(i.prvInitialiseNewQueue)
    prvInitialiseNewQueue                    0x0800223d   Thumb Code    38  queue.o(i.prvInitialiseNewQueue)
    i.prvInitialiseNewTask                   0x08002262   Section        0  tasks.o(i.prvInitialiseNewTask)
    prvInitialiseNewTask                     0x08002263   Thumb Code   154  tasks.o(i.prvInitialiseNewTask)
    i.prvInitialiseTaskLists                 0x080022fc   Section        0  tasks.o(i.prvInitialiseTaskLists)
    prvInitialiseTaskLists                   0x080022fd   Thumb Code    70  tasks.o(i.prvInitialiseTaskLists)
    i.prvInsertTimerInActiveList             0x08002364   Section        0  timers.o(i.prvInsertTimerInActiveList)
    prvInsertTimerInActiveList               0x08002365   Thumb Code    80  timers.o(i.prvInsertTimerInActiveList)
    i.prvIsQueueEmpty                        0x080023bc   Section        0  queue.o(i.prvIsQueueEmpty)
    prvIsQueueEmpty                          0x080023bd   Thumb Code    26  queue.o(i.prvIsQueueEmpty)
    i.prvIsQueueFull                         0x080023d6   Section        0  queue.o(i.prvIsQueueFull)
    prvIsQueueFull                           0x080023d7   Thumb Code    30  queue.o(i.prvIsQueueFull)
    i.prvProcessExpiredTimer                 0x080023f4   Section        0  timers.o(i.prvProcessExpiredTimer)
    prvProcessExpiredTimer                   0x080023f5   Thumb Code    70  timers.o(i.prvProcessExpiredTimer)
    i.prvProcessReceivedCommands             0x08002440   Section        0  timers.o(i.prvProcessReceivedCommands)
    prvProcessReceivedCommands               0x08002441   Thumb Code   184  timers.o(i.prvProcessReceivedCommands)
    i.prvProcessTimerOrBlockTask             0x080024fc   Section        0  timers.o(i.prvProcessTimerOrBlockTask)
    prvProcessTimerOrBlockTask               0x080024fd   Thumb Code   102  timers.o(i.prvProcessTimerOrBlockTask)
    i.prvResetNextTaskUnblockTime            0x08002570   Section        0  tasks.o(i.prvResetNextTaskUnblockTime)
    prvResetNextTaskUnblockTime              0x08002571   Thumb Code    42  tasks.o(i.prvResetNextTaskUnblockTime)
    i.prvSampleTimeNow                       0x080025a4   Section        0  timers.o(i.prvSampleTimeNow)
    prvSampleTimeNow                         0x080025a5   Thumb Code    40  timers.o(i.prvSampleTimeNow)
    i.prvSwitchTimerLists                    0x080025d0   Section        0  timers.o(i.prvSwitchTimerLists)
    prvSwitchTimerLists                      0x080025d1   Thumb Code   122  timers.o(i.prvSwitchTimerLists)
    i.prvTaskExitError                       0x08002654   Section        0  port.o(i.prvTaskExitError)
    prvTaskExitError                         0x08002655   Thumb Code    22  port.o(i.prvTaskExitError)
    i.prvTimerTask                           0x0800266a   Section        0  timers.o(i.prvTimerTask)
    prvTimerTask                             0x0800266b   Thumb Code    26  timers.o(i.prvTimerTask)
    i.prvUnlockQueue                         0x08002684   Section        0  queue.o(i.prvUnlockQueue)
    prvUnlockQueue                           0x08002685   Thumb Code   126  queue.o(i.prvUnlockQueue)
    i.pvPortMalloc                           0x08002704   Section        0  heap_2.o(i.pvPortMalloc)
    i.pvTaskIncrementMutexHeldCount          0x080027bc   Section        0  tasks.o(i.pvTaskIncrementMutexHeldCount)
    i.pxPortInitialiseStack                  0x080027dc   Section        0  port.o(i.pxPortInitialiseStack)
    i.sys_clk_init                           0x08002800   Section        0  init.o(i.sys_clk_init)
    i.uart_io_init                           0x08002840   Section        0  uart_io.o(i.uart_io_init)
    i.uxListRemove                           0x08002918   Section        0  list.o(i.uxListRemove)
    i.vApplicationIdleHook                   0x08002940   Section        0  main.o(i.vApplicationIdleHook)
    i.vListInitialise                        0x08002942   Section        0  list.o(i.vListInitialise)
    i.vListInitialiseItem                    0x0800295c   Section        0  list.o(i.vListInitialiseItem)
    i.vListInsert                            0x08002962   Section        0  list.o(i.vListInsert)
    i.vListInsertEnd                         0x08002996   Section        0  list.o(i.vListInsertEnd)
    i.vPortEnterCritical                     0x080029b0   Section        0  port.o(i.vPortEnterCritical)
    i.vPortExitCritical                      0x080029d4   Section        0  port.o(i.vPortExitCritical)
    i.vPortFree                              0x080029f4   Section        0  heap_2.o(i.vPortFree)
    i.vPortSetupTimerInterrupt               0x08002a34   Section        0  port.o(i.vPortSetupTimerInterrupt)
    i.vQHandler                              0x08002a48   Section        0  main.o(i.vQHandler)
    i.vQueueAddToRegistry                    0x08002b58   Section        0  queue.o(i.vQueueAddToRegistry)
    i.vQueueWaitForMessageRestricted         0x08002b84   Section        0  queue.o(i.vQueueWaitForMessageRestricted)
    i.vTaskDelay                             0x08002bd0   Section        0  tasks.o(i.vTaskDelay)
    i.vTaskDelete                            0x08002c04   Section        0  tasks.o(i.vTaskDelete)
    i.vTaskMissedYield                       0x08002ca4   Section        0  tasks.o(i.vTaskMissedYield)
    i.vTaskPlaceOnEventList                  0x08002cb0   Section        0  tasks.o(i.vTaskPlaceOnEventList)
    i.vTaskPlaceOnEventListRestricted        0x08002cd0   Section        0  tasks.o(i.vTaskPlaceOnEventListRestricted)
    i.vTaskPriorityInherit                   0x08002cf8   Section        0  tasks.o(i.vTaskPriorityInherit)
    i.vTaskSetTimeOutState                   0x08002d84   Section        0  tasks.o(i.vTaskSetTimeOutState)
    i.vTaskStartScheduler                    0x08002d9c   Section        0  tasks.o(i.vTaskStartScheduler)
    i.vTaskSuspendAll                        0x08002e0c   Section        0  tasks.o(i.vTaskSuspendAll)
    i.vTaskSwitchContext                     0x08002e1c   Section        0  tasks.o(i.vTaskSwitchContext)
    i.xPortStartScheduler                    0x08002e94   Section        0  port.o(i.xPortStartScheduler)
    i.xQueueGenericCreate                    0x08002ec8   Section        0  queue.o(i.xQueueGenericCreate)
    i.xQueueGenericReceive                   0x08002f00   Section        0  queue.o(i.xQueueGenericReceive)
    i.xQueueGenericReset                     0x0800305c   Section        0  queue.o(i.xQueueGenericReset)
    i.xQueueGenericSend                      0x080030dc   Section        0  queue.o(i.xQueueGenericSend)
    i.xQueueGenericSendFromISR               0x080031f4   Section        0  queue.o(i.xQueueGenericSendFromISR)
    i.xTaskCheckForTimeOut                   0x0800327c   Section        0  tasks.o(i.xTaskCheckForTimeOut)
    i.xTaskCreate                            0x080032d8   Section        0  tasks.o(i.xTaskCreate)
    i.xTaskGetSchedulerState                 0x08003338   Section        0  tasks.o(i.xTaskGetSchedulerState)
    i.xTaskGetTickCount                      0x08003358   Section        0  tasks.o(i.xTaskGetTickCount)
    i.xTaskIncrementTick                     0x08003364   Section        0  tasks.o(i.xTaskIncrementTick)
    i.xTaskPriorityDisinherit                0x08003468   Section        0  tasks.o(i.xTaskPriorityDisinherit)
    i.xTaskRemoveFromEventList               0x080034c8   Section        0  tasks.o(i.xTaskRemoveFromEventList)
    i.xTaskResumeAll                         0x08003548   Section        0  tasks.o(i.xTaskResumeAll)
    i.xTimerCreateTimerTask                  0x08003630   Section        0  timers.o(i.xTimerCreateTimerTask)
    i.xTimerGenericCommand                   0x0800366c   Section        0  timers.o(i.xTimerGenericCommand)
    .constdata                               0x080036d8   Section     1824  mlt_lcd.o(.constdata)
    MLT_Font                                 0x080036d8   Data        1792  mlt_lcd.o(.constdata)
    init_image                               0x08003dd8   Data          32  mlt_lcd.o(.constdata)
    .constdata                               0x08003df8   Section      129  ctype_o.o(.constdata)
    .constdata                               0x08003e7c   Section        4  ctype_o.o(.constdata)
    table                                    0x08003e7c   Data           4  ctype_o.o(.constdata)
    .conststring                             0x08003e80   Section       16  mlt_lcd.o(.conststring)
    .data                                    0x20000000   Section       20  main.o(.data)
    ReceiveByte                              0x2000000c   Data           1  main.o(.data)
    xHigherPriorityTaskWoken                 0x20000010   Data           4  main.o(.data)
    .data                                    0x20000014   Section       17  menu.o(.data)
    buffer                                   0x20000024   Data           1  menu.o(.data)
    .data                                    0x20000028   Section       24  heap_2.o(.data)
    xStart                                   0x20000028   Data           8  heap_2.o(.data)
    xEnd                                     0x20000030   Data           8  heap_2.o(.data)
    xFreeBytesRemaining                      0x20000038   Data           4  heap_2.o(.data)
    xHeapHasBeenInitialised                  0x2000003c   Data           4  heap_2.o(.data)
    .data                                    0x20000040   Section        4  port.o(.data)
    uxCriticalNesting                        0x20000040   Data           4  port.o(.data)
    .data                                    0x20000044   Section       60  tasks.o(.data)
    pxDelayedTaskList                        0x20000048   Data           4  tasks.o(.data)
    pxOverflowDelayedTaskList                0x2000004c   Data           4  tasks.o(.data)
    uxDeletedTasksWaitingCleanUp             0x20000050   Data           4  tasks.o(.data)
    uxCurrentNumberOfTasks                   0x20000054   Data           4  tasks.o(.data)
    xTickCount                               0x20000058   Data           4  tasks.o(.data)
    uxTopReadyPriority                       0x2000005c   Data           4  tasks.o(.data)
    xSchedulerRunning                        0x20000060   Data           4  tasks.o(.data)
    uxPendedTicks                            0x20000064   Data           4  tasks.o(.data)
    xYieldPending                            0x20000068   Data           4  tasks.o(.data)
    xNumOfOverflows                          0x2000006c   Data           4  tasks.o(.data)
    uxTaskNumber                             0x20000070   Data           4  tasks.o(.data)
    xNextTaskUnblockTime                     0x20000074   Data           4  tasks.o(.data)
    xIdleTaskHandle                          0x20000078   Data           4  tasks.o(.data)
    uxSchedulerSuspended                     0x2000007c   Data           4  tasks.o(.data)
    .data                                    0x20000080   Section       20  timers.o(.data)
    pxCurrentTimerList                       0x20000080   Data           4  timers.o(.data)
    pxOverflowTimerList                      0x20000084   Data           4  timers.o(.data)
    xTimerQueue                              0x20000088   Data           4  timers.o(.data)
    xTimerTaskHandle                         0x2000008c   Data           4  timers.o(.data)
    xLastTime                                0x20000090   Data           4  timers.o(.data)
    .data                                    0x20000094   Section        4  mlt_lcd.o(.data)
    init_string                              0x20000094   Data           4  mlt_lcd.o(.data)
    .data                                    0x20000098   Section        4  system_mdr32f9qx.o(.data)
    .data                                    0x2000009c   Section        4  stdin.o(.data)
    .data                                    0x200000a0   Section        4  stdout.o(.data)
    .data                                    0x200000a4   Section        4  errno.o(.data)
    _errno                                   0x200000a4   Data           4  errno.o(.data)
    .data                                    0x200000a8   Section        3  fgetc_b.o(.data)
    ungetc_sp                                0x200000a8   Data           1  fgetc_b.o(.data)
    ungetc_stack                             0x200000a9   Data           2  fgetc_b.o(.data)
    .bss                                     0x200000ac   Section      120  button.o(.bss)
    .bss                                     0x20000124   Section    20480  heap_2.o(.bss)
    ucHeap                                   0x20000124   Data       20480  heap_2.o(.bss)
    .bss                                     0x20005124   Section       80  queue.o(.bss)
    .bss                                     0x20005174   Section      200  tasks.o(.bss)
    pxReadyTasksLists                        0x20005174   Data         100  tasks.o(.bss)
    xDelayedTaskList1                        0x200051d8   Data          20  tasks.o(.bss)
    xDelayedTaskList2                        0x200051ec   Data          20  tasks.o(.bss)
    xPendingReadyList                        0x20005200   Data          20  tasks.o(.bss)
    xTasksWaitingTermination                 0x20005214   Data          20  tasks.o(.bss)
    xSuspendedTaskList                       0x20005228   Data          20  tasks.o(.bss)
    .bss                                     0x2000523c   Section       40  timers.o(.bss)
    xActiveTimerList1                        0x2000523c   Data          20  timers.o(.bss)
    xActiveTimerList2                        0x20005250   Data          20  timers.o(.bss)
    STACK                                    0x20005268   Section     1024  startup_mdr32f9qx.o(STACK)

    Global Symbols

    Symbol Name                              Value     Ov Type        Size  Object(Section)

    BuildAttributes$$THM_ISAv4$P$D$K$B$S$PE$A:L22UL41UL21$X:L11$S22US41US21$IEEE1$IW$USESV6$~STKCKD$USESV7$~SHL$OSPACE$ROPI$EBA8$MICROLIB$REQ8$PRES8$EABIv2 0x00000000   Number         0  anon$$obj.o ABSOLUTE
    __ARM_use_no_argv                        0x00000000   Number         0  main.o ABSOLUTE
    _printf_a                                0x00000000   Number         0  stubs.o ABSOLUTE
    _printf_c                                0x00000000   Number         0  stubs.o ABSOLUTE
    _printf_charcount                        0x00000000   Number         0  stubs.o ABSOLUTE
    _printf_d                                0x00000000   Number         0  stubs.o ABSOLUTE
    _printf_e                                0x00000000   Number         0  stubs.o ABSOLUTE
    _printf_f                                0x00000000   Number         0  stubs.o ABSOLUTE
    _printf_flags                            0x00000000   Number         0  stubs.o ABSOLUTE
    _printf_fp_dec                           0x00000000   Number         0  stubs.o ABSOLUTE
    _printf_fp_hex                           0x00000000   Number         0  stubs.o ABSOLUTE
    _printf_g                                0x00000000   Number         0  stubs.o ABSOLUTE
    _printf_i                                0x00000000   Number         0  stubs.o ABSOLUTE
    _printf_int_dec                          0x00000000   Number         0  stubs.o ABSOLUTE
    _printf_l                                0x00000000   Number         0  stubs.o ABSOLUTE
    _printf_lc                               0x00000000   Number         0  stubs.o ABSOLUTE
    _printf_ll                               0x00000000   Number         0  stubs.o ABSOLUTE
    _printf_lld                              0x00000000   Number         0  stubs.o ABSOLUTE
    _printf_lli                              0x00000000   Number         0  stubs.o ABSOLUTE
    _printf_llo                              0x00000000   Number         0  stubs.o ABSOLUTE
    _printf_llu                              0x00000000   Number         0  stubs.o ABSOLUTE
    _printf_llx                              0x00000000   Number         0  stubs.o ABSOLUTE
    _printf_longlong_dec                     0x00000000   Number         0  stubs.o ABSOLUTE
    _printf_longlong_hex                     0x00000000   Number         0  stubs.o ABSOLUTE
    _printf_longlong_oct                     0x00000000   Number         0  stubs.o ABSOLUTE
    _printf_ls                               0x00000000   Number         0  stubs.o ABSOLUTE
    _printf_mbtowc                           0x00000000   Number         0  stubs.o ABSOLUTE
    _printf_n                                0x00000000   Number         0  stubs.o ABSOLUTE
    _printf_o                                0x00000000   Number         0  stubs.o ABSOLUTE
    _printf_p                                0x00000000   Number         0  stubs.o ABSOLUTE
    _printf_percent                          0x00000000   Number         0  stubs.o ABSOLUTE
    _printf_pre_padding                      0x00000000   Number         0  stubs.o ABSOLUTE
    _printf_return_value                     0x00000000   Number         0  stubs.o ABSOLUTE
    _printf_s                                0x00000000   Number         0  stubs.o ABSOLUTE
    _printf_sizespec                         0x00000000   Number         0  stubs.o ABSOLUTE
    _printf_str                              0x00000000   Number         0  stubs.o ABSOLUTE
    _printf_truncate_signed                  0x00000000   Number         0  stubs.o ABSOLUTE
    _printf_truncate_unsigned                0x00000000   Number         0  stubs.o ABSOLUTE
    _printf_u                                0x00000000   Number         0  stubs.o ABSOLUTE
    _printf_wc                               0x00000000   Number         0  stubs.o ABSOLUTE
    _printf_wctomb                           0x00000000   Number         0  stubs.o ABSOLUTE
    _printf_widthprec                        0x00000000   Number         0  stubs.o ABSOLUTE
    _printf_x                                0x00000000   Number         0  stubs.o ABSOLUTE
    __cpp_initialize__aeabi_                  - Undefined Weak Reference
    __cxa_finalize                            - Undefined Weak Reference
    __decompress                              - Undefined Weak Reference
    _clock_init                               - Undefined Weak Reference
    _microlib_exit                            - Undefined Weak Reference
    _scanf_int                                - Undefined Weak Reference
    _scanf_longlong                           - Undefined Weak Reference
    _scanf_real                               - Undefined Weak Reference
    __Vectors_Size                           0x000000c0   Number         0  startup_mdr32f9qx.o ABSOLUTE
    __Vectors                                0x08000000   Data           4  startup_mdr32f9qx.o(RESET)
    __Vectors_End                            0x080000c0   Data           0  startup_mdr32f9qx.o(RESET)
    __main                                   0x080000c1   Thumb Code     0  entry.o(.ARM.Collect$$$$00000000)
    _main_stk                                0x080000c1   Thumb Code     0  entry2.o(.ARM.Collect$$$$00000001)
    _main_scatterload                        0x080000c5   Thumb Code     0  entry5.o(.ARM.Collect$$$$00000004)
    __main_after_scatterload                 0x080000c9   Thumb Code     0  entry5.o(.ARM.Collect$$$$00000004)
    _main_clock                              0x080000c9   Thumb Code     0  entry7b.o(.ARM.Collect$$$$00000008)
    _main_cpp_init                           0x080000c9   Thumb Code     0  entry8b.o(.ARM.Collect$$$$0000000A)
    _main_init                               0x080000c9   Thumb Code     0  entry9a.o(.ARM.Collect$$$$0000000B)
    __rt_final_cpp                           0x080000d1   Thumb Code     0  entry10a.o(.ARM.Collect$$$$0000000D)
    __rt_final_exit                          0x080000d1   Thumb Code     0  entry11a.o(.ARM.Collect$$$$0000000F)
    SVC_Handler                              0x080000d5   Thumb Code    32  port.o(.emb_text)
    __asm___6_port_c_39a90d8d__prvStartFirstTask 0x080000f9   Thumb Code    28  port.o(.emb_text)
    PendSV_Handler                           0x08000119   Thumb Code    72  port.o(.emb_text)
    vPortGetIPSR                             0x08000165   Thumb Code     6  port.o(.emb_text)
    Reset_Handler                            0x0800016d   Thumb Code     8  startup_mdr32f9qx.o(.text)
    DMA_IRQHandler                           0x08000187   Thumb Code     0  startup_mdr32f9qx.o(.text)
    __aeabi_memcpy                           0x08000191   Thumb Code    36  memcpya.o(.text)
    __aeabi_memcpy4                          0x08000191   Thumb Code     0  memcpya.o(.text)
    __aeabi_memcpy8                          0x08000191   Thumb Code     0  memcpya.o(.text)
    strlen                                   0x080001b5   Thumb Code    14  strlen.o(.text)
    __0scanf                                 0x080001c5   Thumb Code    26  __0scanf.o(.text)
    _scanf_string                            0x080001e5   Thumb Code   224  _scanf_str.o(.text)
    atoi                                     0x080002c5   Thumb Code    26  atoi.o(.text)
    __aeabi_uidiv                            0x080002df   Thumb Code     0  uidiv.o(.text)
    __aeabi_uidivmod                         0x080002df   Thumb Code    44  uidiv.o(.text)
    strtol                                   0x0800030b   Thumb Code   112  strtol.o(.text)
    __vfscanf_char_file                      0x0800037d   Thumb Code    12  scanf_char_file.o(.text)
    __scatterload                            0x08000391   Thumb Code    28  init.o(.text)
    __scatterload_rt2                        0x08000391   Thumb Code     0  init.o(.text)
    _fgetc$bs                                0x080003b5   Thumb Code    28  fgetc_b.o(.text)
    __backspace                              0x080003d1   Thumb Code    10  fgetc_b.o(.text)
    __rt_ctype_table                         0x080003e1   Thumb Code     4  ctype_o.o(.text)
    isspace                                  0x080003e9   Thumb Code    18  isspace_o.o(.text)
    __vfscanf_char                           0x08000409   Thumb Code    20  scanf_char.o(.text)
    _strtoul                                 0x08000425   Thumb Code   158  _strtoul.o(.text)
    __semihosting_library_function           0x080004c3   Thumb Code     0  semi.o(.text)
    _chval                                   0x080004c3   Thumb Code    28  _chval.o(.text)
    __vfscanf                                0x080004e1   Thumb Code   808  _scanf.o(.text)
    ADC_IRQHandler                           0x0800080d   Thumb Code     2  mdr32f9qx_it.o(i.ADC_IRQHandler)
    __I$use$semihosting$fgetc                0x0800080d   Thumb Code     0  iusesemig.o(.text)
    BACKUP_IRQHandler                        0x0800080f   Thumb Code     2  mdr32f9qx_it.o(i.BACKUP_IRQHandler)
    BusFault_Handler                         0x08000811   Thumb Code     4  mdr32f9qx_it.o(i.BusFault_Handler)
    CAN1_IRQHandler                          0x08000815   Thumb Code     2  mdr32f9qx_it.o(i.CAN1_IRQHandler)
    CAN2_IRQHandler                          0x08000817   Thumb Code     2  mdr32f9qx_it.o(i.CAN2_IRQHandler)
    COMPARATOR_IRQHandler                    0x08000819   Thumb Code     2  mdr32f9qx_it.o(i.COMPARATOR_IRQHandler)
    DebugMon_Handler                         0x0800081b   Thumb Code     2  mdr32f9qx_it.o(i.DebugMon_Handler)
    EXT_INT1_IRQHandler                      0x0800081d   Thumb Code     2  mdr32f9qx_it.o(i.EXT_INT1_IRQHandler)
    EXT_INT2_IRQHandler                      0x0800081f   Thumb Code     2  mdr32f9qx_it.o(i.EXT_INT2_IRQHandler)
    EXT_INT3_IRQHandler                      0x08000821   Thumb Code     2  mdr32f9qx_it.o(i.EXT_INT3_IRQHandler)
    EXT_INT4_IRQHandler                      0x08000823   Thumb Code     2  mdr32f9qx_it.o(i.EXT_INT4_IRQHandler)
    HardFault_Handler                        0x08000825   Thumb Code     4  mdr32f9qx_it.o(i.HardFault_Handler)
    I2C_IRQHandler                           0x08000829   Thumb Code     2  mdr32f9qx_it.o(i.I2C_IRQHandler)
    Init_button                              0x0800082d   Thumb Code   366  button.o(i.Init_button)
    MemManage_Handler                        0x080009bd   Thumb Code     4  mdr32f9qx_it.o(i.MemManage_Handler)
    NMI_Handler                              0x080009c1   Thumb Code     2  mdr32f9qx_it.o(i.NMI_Handler)
    PORT_Init                                0x080009c5   Thumb Code   450  mdr32f9qx_port.o(i.PORT_Init)
    PORT_ResetBits                           0x08000b8d   Thumb Code    22  mdr32f9qx_port.o(i.PORT_ResetBits)
    PORT_SetBits                             0x08000ba9   Thumb Code    22  mdr32f9qx_port.o(i.PORT_SetBits)
    PORT_StructInit                          0x08000bc5   Thumb Code    28  mdr32f9qx_port.o(i.PORT_StructInit)
    POWER_IRQHandler                         0x08000be1   Thumb Code     2  mdr32f9qx_it.o(i.POWER_IRQHandler)
    RST_CLK_CPU_PLLcmd                       0x08000be5   Thumb Code     6  mdr32f9qx_rst_clk.o(i.RST_CLK_CPU_PLLcmd)
    RST_CLK_CPU_PLLconfig                    0x08000bf1   Thumb Code    54  mdr32f9qx_rst_clk.o(i.RST_CLK_CPU_PLLconfig)
    RST_CLK_CPU_PLLstatus                    0x08000c31   Thumb Code    52  mdr32f9qx_rst_clk.o(i.RST_CLK_CPU_PLLstatus)
    RST_CLK_CPU_PLLuse                       0x08000c65   Thumb Code     6  mdr32f9qx_rst_clk.o(i.RST_CLK_CPU_PLLuse)
    RST_CLK_CPUclkPrescaler                  0x08000c71   Thumb Code    18  mdr32f9qx_rst_clk.o(i.RST_CLK_CPUclkPrescaler)
    RST_CLK_CPUclkSelection                  0x08000c89   Thumb Code    16  mdr32f9qx_rst_clk.o(i.RST_CLK_CPUclkSelection)
    RST_CLK_GetClocksFreq                    0x08000c9d   Thumb Code   620  mdr32f9qx_rst_clk.o(i.RST_CLK_GetClocksFreq)
    RST_CLK_GetFlagStatus                    0x08000f11   Thumb Code    42  mdr32f9qx_rst_clk.o(i.RST_CLK_GetFlagStatus)
    RST_CLK_HSEconfig                        0x08000f45   Thumb Code    56  mdr32f9qx_rst_clk.o(i.RST_CLK_HSEconfig)
    RST_CLK_HSEstatus                        0x08000f81   Thumb Code    52  mdr32f9qx_rst_clk.o(i.RST_CLK_HSEstatus)
    RST_CLK_PCLKcmd                          0x08000fb5   Thumb Code    26  mdr32f9qx_rst_clk.o(i.RST_CLK_PCLKcmd)
    SSP1_IRQHandler                          0x08000fd5   Thumb Code     2  mdr32f9qx_it.o(i.SSP1_IRQHandler)
    SSP2_IRQHandler                          0x08000fd7   Thumb Code     2  mdr32f9qx_it.o(i.SSP2_IRQHandler)
    SysTick_Handler                          0x08000fd9   Thumb Code    46  port.o(i.SysTick_Handler)
    SystemCoreClockUpdate                    0x0800100d   Thumb Code   130  system_mdr32f9qx.o(i.SystemCoreClockUpdate)
    SystemInit                               0x0800109d   Thumb Code    54  system_mdr32f9qx.o(i.SystemInit)
    Task_output                              0x080010dd   Thumb Code    46  menu.o(i.Task_output)
    Timer1_IRQHandler                        0x08001119   Thumb Code     2  mdr32f9qx_it.o(i.Timer1_IRQHandler)
    Timer2_IRQHandler                        0x0800111b   Thumb Code     2  mdr32f9qx_it.o(i.Timer2_IRQHandler)
    Timer3_IRQHandler                        0x0800111d   Thumb Code     2  mdr32f9qx_it.o(i.Timer3_IRQHandler)
    UART1_IRQHandler                         0x0800111f   Thumb Code     2  mdr32f9qx_it.o(i.UART1_IRQHandler)
    UART2_IRQHandler                         0x08001121   Thumb Code    68  main.o(i.UART2_IRQHandler)
    UART_BRGInit                             0x08001179   Thumb Code    48  mdr32f9qx_uart.o(i.UART_BRGInit)
    UART_ClearITPendingBit                   0x080011b5   Thumb Code     8  mdr32f9qx_uart.o(i.UART_ClearITPendingBit)
    UART_Cmd                                 0x080011bd   Thumb Code    24  mdr32f9qx_uart.o(i.UART_Cmd)
    UART_GetFlagStatus                       0x080011d5   Thumb Code    16  mdr32f9qx_uart.o(i.UART_GetFlagStatus)
    UART_GetITStatusMasked                   0x080011e5   Thumb Code    16  mdr32f9qx_uart.o(i.UART_GetITStatusMasked)
    UART_ITConfig                            0x080011f5   Thumb Code    18  mdr32f9qx_uart.o(i.UART_ITConfig)
    UART_Init                                0x08001209   Thumb Code   162  mdr32f9qx_uart.o(i.UART_Init)
    UART_ReceiveData                         0x080012b9   Thumb Code     8  mdr32f9qx_uart.o(i.UART_ReceiveData)
    UART_SendData                            0x080012c1   Thumb Code     6  mdr32f9qx_uart.o(i.UART_SendData)
    USB_IRQHandler                           0x080012c7   Thumb Code     2  mdr32f9qx_it.o(i.USB_IRQHandler)
    U_MENU_Output                            0x080012c9   Thumb Code   178  menu.o(i.U_MENU_Output)
    U_MENU_Running_String_Task_Function      0x080013b1   Thumb Code    26  menu.o(i.U_MENU_Running_String_Task_Function)
    U_MLT_Clear_Chip                         0x080013e1   Thumb Code    24  mlt_lcd.o(i.U_MLT_Clear_Chip)
    U_MLT_Clear_Page                         0x080013f9   Thumb Code    58  mlt_lcd.o(i.U_MLT_Clear_Page)
    U_MLT_Delay                              0x08001433   Thumb Code    18  mlt_lcd.o(i.U_MLT_Delay)
    U_MLT_Disp_On                            0x08001445   Thumb Code   188  mlt_lcd.o(i.U_MLT_Disp_On)
    U_MLT_Init                               0x08001511   Thumb Code    94  mlt_lcd.o(i.U_MLT_Init)
    U_MLT_LCD_Init                           0x08001579   Thumb Code    64  mlt_lcd.o(i.U_MLT_LCD_Init)
    U_MLT_Pin_Cfg                            0x080015bd   Thumb Code   120  mlt_lcd.o(i.U_MLT_Pin_Cfg)
    U_MLT_Put_Char                           0x08001649   Thumb Code   128  mlt_lcd.o(i.U_MLT_Put_Char)
    U_MLT_Put_Image                          0x080016cd   Thumb Code   140  mlt_lcd.o(i.U_MLT_Put_Image)
    U_MLT_Put_String                         0x08001759   Thumb Code    54  mlt_lcd.o(i.U_MLT_Put_String)
    U_MLT_Read_Status                        0x08001791   Thumb Code   182  mlt_lcd.o(i.U_MLT_Read_Status)
    U_MLT_Scroll_String                      0x08001859   Thumb Code   142  mlt_lcd.o(i.U_MLT_Scroll_String)
    U_MLT_Set_Address                        0x080018e9   Thumb Code   192  mlt_lcd.o(i.U_MLT_Set_Address)
    U_MLT_Set_Data_Bits                      0x080019b9   Thumb Code    60  mlt_lcd.o(i.U_MLT_Set_Data_Bits)
    U_MLT_Set_Page                           0x080019fd   Thumb Code   192  mlt_lcd.o(i.U_MLT_Set_Page)
    U_MLT_Write_Data                         0x08001acd   Thumb Code   190  mlt_lcd.o(i.U_MLT_Write_Data)
    U_Privet                                 0x08001b9d   Thumb Code    16  menu.o(i.U_Privet)
    UsageFault_Handler                       0x08001bc1   Thumb Code     4  mdr32f9qx_it.o(i.UsageFault_Handler)
    WWDG_IRQHandler                          0x08001bc5   Thumb Code     2  mdr32f9qx_it.o(i.WWDG_IRQHandler)
    __0printf$3                              0x08001bc9   Thumb Code    22  printf3.o(i.__0printf$3)
    __1printf$3                              0x08001bc9   Thumb Code     0  printf3.o(i.__0printf$3)
    __2printf                                0x08001bc9   Thumb Code     0  printf3.o(i.__0printf$3)
    __aeabi_errno_addr                       0x08001be9   Thumb Code     4  errno.o(i.__aeabi_errno_addr)
    __rt_errno_addr                          0x08001be9   Thumb Code     0  errno.o(i.__aeabi_errno_addr)
    __scatterload_copy                       0x08001bf1   Thumb Code    14  handlers.o(i.__scatterload_copy)
    __scatterload_null                       0x08001bff   Thumb Code     2  handlers.o(i.__scatterload_null)
    __scatterload_zeroinit                   0x08001c01   Thumb Code    14  handlers.o(i.__scatterload_zeroinit)
    fgetc                                    0x08001dc9   Thumb Code    32  uart_io.o(i.fgetc)
    fputc                                    0x08001ded   Thumb Code    28  uart_io.o(i.fputc)
    init                                     0x08001e0d   Thumb Code     8  init.o(i.init)
    main                                     0x08001e15   Thumb Code   168  main.o(i.main)
    pvPortMalloc                             0x08002705   Thumb Code   166  heap_2.o(i.pvPortMalloc)
    pvTaskIncrementMutexHeldCount            0x080027bd   Thumb Code    26  tasks.o(i.pvTaskIncrementMutexHeldCount)
    pxPortInitialiseStack                    0x080027dd   Thumb Code    30  port.o(i.pxPortInitialiseStack)
    sys_clk_init                             0x08002801   Thumb Code    64  init.o(i.sys_clk_init)
    uart_io_init                             0x08002841   Thumb Code   206  uart_io.o(i.uart_io_init)
    uxListRemove                             0x08002919   Thumb Code    40  list.o(i.uxListRemove)
    vApplicationIdleHook                     0x08002941   Thumb Code     2  main.o(i.vApplicationIdleHook)
    vListInitialise                          0x08002943   Thumb Code    26  list.o(i.vListInitialise)
    vListInitialiseItem                      0x0800295d   Thumb Code     6  list.o(i.vListInitialiseItem)
    vListInsert                              0x08002963   Thumb Code    52  list.o(i.vListInsert)
    vListInsertEnd                           0x08002997   Thumb Code    24  list.o(i.vListInsertEnd)
    vPortEnterCritical                       0x080029b1   Thumb Code    30  port.o(i.vPortEnterCritical)
    vPortExitCritical                        0x080029d5   Thumb Code    28  port.o(i.vPortExitCritical)
    vPortFree                                0x080029f5   Thumb Code    56  heap_2.o(i.vPortFree)
    vPortSetupTimerInterrupt                 0x08002a35   Thumb Code    14  port.o(i.vPortSetupTimerInterrupt)
    vQHandler                                0x08002a49   Thumb Code   202  main.o(i.vQHandler)
    vQueueAddToRegistry                      0x08002b59   Thumb Code    38  queue.o(i.vQueueAddToRegistry)
    vQueueWaitForMessageRestricted           0x08002b85   Thumb Code    74  queue.o(i.vQueueWaitForMessageRestricted)
    vTaskDelay                               0x08002bd1   Thumb Code    46  tasks.o(i.vTaskDelay)
    vTaskDelete                              0x08002c05   Thumb Code   132  tasks.o(i.vTaskDelete)
    vTaskMissedYield                         0x08002ca5   Thumb Code     8  tasks.o(i.vTaskMissedYield)
    vTaskPlaceOnEventList                    0x08002cb1   Thumb Code    28  tasks.o(i.vTaskPlaceOnEventList)
    vTaskPlaceOnEventListRestricted          0x08002cd1   Thumb Code    36  tasks.o(i.vTaskPlaceOnEventListRestricted)
    vTaskPriorityInherit                     0x08002cf9   Thumb Code   128  tasks.o(i.vTaskPriorityInherit)
    vTaskSetTimeOutState                     0x08002d85   Thumb Code    14  tasks.o(i.vTaskSetTimeOutState)
    vTaskStartScheduler                      0x08002d9d   Thumb Code    82  tasks.o(i.vTaskStartScheduler)
    vTaskSuspendAll                          0x08002e0d   Thumb Code    12  tasks.o(i.vTaskSuspendAll)
    vTaskSwitchContext                       0x08002e1d   Thumb Code    98  tasks.o(i.vTaskSwitchContext)
    xPortStartScheduler                      0x08002e95   Thumb Code    42  port.o(i.xPortStartScheduler)
    xQueueGenericCreate                      0x08002ec9   Thumb Code    56  queue.o(i.xQueueGenericCreate)
    xQueueGenericReceive                     0x08002f01   Thumb Code   342  queue.o(i.xQueueGenericReceive)
    xQueueGenericReset                       0x0800305d   Thumb Code   122  queue.o(i.xQueueGenericReset)
    xQueueGenericSend                        0x080030dd   Thumb Code   276  queue.o(i.xQueueGenericSend)
    xQueueGenericSendFromISR                 0x080031f5   Thumb Code   134  queue.o(i.xQueueGenericSendFromISR)
    xTaskCheckForTimeOut                     0x0800327d   Thumb Code    84  tasks.o(i.xTaskCheckForTimeOut)
    xTaskCreate                              0x080032d9   Thumb Code    96  tasks.o(i.xTaskCreate)
    xTaskGetSchedulerState                   0x08003339   Thumb Code    24  tasks.o(i.xTaskGetSchedulerState)
    xTaskGetTickCount                        0x08003359   Thumb Code     6  tasks.o(i.xTaskGetTickCount)
    xTaskIncrementTick                       0x08003365   Thumb Code   214  tasks.o(i.xTaskIncrementTick)
    xTaskPriorityDisinherit                  0x08003469   Thumb Code    86  tasks.o(i.xTaskPriorityDisinherit)
    xTaskRemoveFromEventList                 0x080034c9   Thumb Code   102  tasks.o(i.xTaskRemoveFromEventList)
    xTaskResumeAll                           0x08003549   Thumb Code   194  tasks.o(i.xTaskResumeAll)
    xTimerCreateTimerTask                    0x08003631   Thumb Code    40  timers.o(i.xTimerCreateTimerTask)
    xTimerGenericCommand                     0x0800366d   Thumb Code   102  timers.o(i.xTimerGenericCommand)
    __ctype_table                            0x08003df8   Data         129  ctype_o.o(.constdata)
    Region$$Table$$Base                      0x08003e90   Number         0  anon$$obj.o(Region$$Table)
    Region$$Table$$Limit                     0x08003eb0   Number         0  anon$$obj.o(Region$$Table)
    stdin_queue                              0x20000000   Data           4  main.o(.data)
    stdout_queue                             0x20000004   Data           4  main.o(.data)
    my_queue                                 0x20000008   Data           4  main.o(.data)
    U_MENU_Item                              0x20000014   Data           1  menu.o(.data)
    U_MENU_Time_String                       0x20000015   Data           8  menu.o(.data)
    U_MENU_Message                           0x20000020   Data           4  menu.o(.data)
    pxCurrentTCB                             0x20000044   Data           4  tasks.o(.data)
    SystemCoreClock                          0x20000098   Data           4  system_mdr32f9qx.o(.data)
    __stdin                                  0x2000009c   Data           4  stdin.o(.data)
    __stdout                                 0x200000a0   Data           4  stdout.o(.data)
    SB_SELECT                                0x200000ac   Data          24  button.o(.bss)
    SB_UP                                    0x200000c4   Data          24  button.o(.bss)
    SB_DOWN                                  0x200000dc   Data          24  button.o(.bss)
    SB_RIGHT                                 0x200000f4   Data          24  button.o(.bss)
    SB_LEFT                                  0x2000010c   Data          24  button.o(.bss)
    xQueueRegistry                           0x20005124   Data          80  queue.o(.bss)
    __initial_sp                             0x20005668   Data           0  startup_mdr32f9qx.o(STACK)



==============================================================================

Memory Map of the image

  Image Entry point : 0x080000c1

  Load Region LR_IROM1 (Base: 0x08000000, Size: 0x00003f5c, Max: 0x00020000, ABSOLUTE)

    Execution Region ER_IROM1 (Exec base: 0x08000000, Load base: 0x08000000, Size: 0x00003eb0, Max: 0x00020000, ABSOLUTE)

    Exec Addr    Load Addr    Size         Type   Attr      Idx    E Section Name        Object

    0x08000000   0x08000000   0x000000c0   Data   RO         1543    RESET               startup_mdr32f9qx.o
    0x080000c0   0x080000c0   0x00000000   Code   RO         3725  * .ARM.Collect$$$$00000000  mc_w.l(entry.o)
    0x080000c0   0x080000c0   0x00000004   Code   RO         4001    .ARM.Collect$$$$00000001  mc_w.l(entry2.o)
    0x080000c4   0x080000c4   0x00000004   Code   RO         4004    .ARM.Collect$$$$00000004  mc_w.l(entry5.o)
    0x080000c8   0x080000c8   0x00000000   Code   RO         4006    .ARM.Collect$$$$00000008  mc_w.l(entry7b.o)
    0x080000c8   0x080000c8   0x00000000   Code   RO         4008    .ARM.Collect$$$$0000000A  mc_w.l(entry8b.o)
    0x080000c8   0x080000c8   0x00000008   Code   RO         4009    .ARM.Collect$$$$0000000B  mc_w.l(entry9a.o)
    0x080000d0   0x080000d0   0x00000000   Code   RO         4011    .ARM.Collect$$$$0000000D  mc_w.l(entry10a.o)
    0x080000d0   0x080000d0   0x00000000   Code   RO         4013    .ARM.Collect$$$$0000000F  mc_w.l(entry11a.o)
    0x080000d0   0x080000d0   0x00000004   Code   RO         4002    .ARM.Collect$$$$00002712  mc_w.l(entry2.o)
    0x080000d4   0x080000d4   0x00000096   Code   RO          708    .emb_text           port.o
    0x0800016a   0x0800016a   0x00000002   PAD
    0x0800016c   0x0800016c   0x00000024   Code   RO         1544    .text               startup_mdr32f9qx.o
    0x08000190   0x08000190   0x00000024   Code   RO         3728    .text               mc_w.l(memcpya.o)
    0x080001b4   0x080001b4   0x0000000e   Code   RO         3730    .text               mc_w.l(strlen.o)
    0x080001c2   0x080001c2   0x00000002   PAD
    0x080001c4   0x080001c4   0x00000020   Code   RO         3995    .text               mc_w.l(__0scanf.o)
    0x080001e4   0x080001e4   0x000000e0   Code   RO         3997    .text               mc_w.l(_scanf_str.o)
    0x080002c4   0x080002c4   0x0000001a   Code   RO         3999    .text               mc_w.l(atoi.o)
    0x080002de   0x080002de   0x0000002c   Code   RO         4017    .text               mc_w.l(uidiv.o)
    0x0800030a   0x0800030a   0x00000070   Code   RO         4028    .text               mc_w.l(strtol.o)
    0x0800037a   0x0800037a   0x00000002   PAD
    0x0800037c   0x0800037c   0x00000014   Code   RO         4030    .text               mc_w.l(scanf_char_file.o)
    0x08000390   0x08000390   0x00000024   Code   RO         4043    .text               mc_w.l(init.o)
    0x080003b4   0x080003b4   0x0000002c   Code   RO         4045    .text               mc_w.l(fgetc_b.o)
    0x080003e0   0x080003e0   0x00000008   Code   RO         4054    .text               mc_w.l(ctype_o.o)
    0x080003e8   0x080003e8   0x00000012   Code   RO         4076    .text               mc_w.l(isspace_o.o)
    0x080003fa   0x080003fa   0x00000002   PAD
    0x080003fc   0x080003fc   0x00000028   Code   RO         4082    .text               mc_w.l(scanf_char.o)
    0x08000424   0x08000424   0x0000009e   Code   RO         4084    .text               mc_w.l(_strtoul.o)
    0x080004c2   0x080004c2   0x00000000   Code   RO         4088    .text               mc_w.l(semi.o)
    0x080004c2   0x080004c2   0x0000001c   Code   RO         4091    .text               mc_w.l(_chval.o)
    0x080004de   0x080004de   0x00000002   PAD
    0x080004e0   0x080004e0   0x0000032c   Code   RO         4093    .text               mc_w.l(_scanf.o)
    0x0800080c   0x0800080c   0x00000000   Code   RO         4095    .text               mc_w.l(iusesemig.o)
    0x0800080c   0x0800080c   0x00000002   Code   RO          162    i.ADC_IRQHandler    mdr32f9qx_it.o
    0x0800080e   0x0800080e   0x00000002   Code   RO          163    i.BACKUP_IRQHandler  mdr32f9qx_it.o
    0x08000810   0x08000810   0x00000004   Code   RO          164    i.BusFault_Handler  mdr32f9qx_it.o
    0x08000814   0x08000814   0x00000002   Code   RO          165    i.CAN1_IRQHandler   mdr32f9qx_it.o
    0x08000816   0x08000816   0x00000002   Code   RO          166    i.CAN2_IRQHandler   mdr32f9qx_it.o
    0x08000818   0x08000818   0x00000002   Code   RO          167    i.COMPARATOR_IRQHandler  mdr32f9qx_it.o
    0x0800081a   0x0800081a   0x00000002   Code   RO          168    i.DebugMon_Handler  mdr32f9qx_it.o
    0x0800081c   0x0800081c   0x00000002   Code   RO          169    i.EXT_INT1_IRQHandler  mdr32f9qx_it.o
    0x0800081e   0x0800081e   0x00000002   Code   RO          170    i.EXT_INT2_IRQHandler  mdr32f9qx_it.o
    0x08000820   0x08000820   0x00000002   Code   RO          171    i.EXT_INT3_IRQHandler  mdr32f9qx_it.o
    0x08000822   0x08000822   0x00000002   Code   RO          172    i.EXT_INT4_IRQHandler  mdr32f9qx_it.o
    0x08000824   0x08000824   0x00000004   Code   RO          173    i.HardFault_Handler  mdr32f9qx_it.o
    0x08000828   0x08000828   0x00000002   Code   RO          174    i.I2C_IRQHandler    mdr32f9qx_it.o
    0x0800082a   0x0800082a   0x00000002   PAD
    0x0800082c   0x0800082c   0x00000190   Code   RO          372    i.Init_button       button.o
    0x080009bc   0x080009bc   0x00000004   Code   RO          175    i.MemManage_Handler  mdr32f9qx_it.o
    0x080009c0   0x080009c0   0x00000002   Code   RO          176    i.NMI_Handler       mdr32f9qx_it.o
    0x080009c2   0x080009c2   0x00000002   PAD
    0x080009c4   0x080009c4   0x000001c8   Code   RO         2748    i.PORT_Init         mdr32f9qx_port.o
    0x08000b8c   0x08000b8c   0x0000001c   Code   RO         2751    i.PORT_ResetBits    mdr32f9qx_port.o
    0x08000ba8   0x08000ba8   0x0000001c   Code   RO         2752    i.PORT_SetBits      mdr32f9qx_port.o
    0x08000bc4   0x08000bc4   0x0000001c   Code   RO         2753    i.PORT_StructInit   mdr32f9qx_port.o
    0x08000be0   0x08000be0   0x00000002   Code   RO          177    i.POWER_IRQHandler  mdr32f9qx_it.o
    0x08000be2   0x08000be2   0x00000002   PAD
    0x08000be4   0x08000be4   0x0000000c   Code   RO         2933    i.RST_CLK_CPU_PLLcmd  mdr32f9qx_rst_clk.o
    0x08000bf0   0x08000bf0   0x00000040   Code   RO         2934    i.RST_CLK_CPU_PLLconfig  mdr32f9qx_rst_clk.o
    0x08000c30   0x08000c30   0x00000034   Code   RO         2935    i.RST_CLK_CPU_PLLstatus  mdr32f9qx_rst_clk.o
    0x08000c64   0x08000c64   0x0000000c   Code   RO         2936    i.RST_CLK_CPU_PLLuse  mdr32f9qx_rst_clk.o
    0x08000c70   0x08000c70   0x00000018   Code   RO         2937    i.RST_CLK_CPUclkPrescaler  mdr32f9qx_rst_clk.o
    0x08000c88   0x08000c88   0x00000014   Code   RO         2938    i.RST_CLK_CPUclkSelection  mdr32f9qx_rst_clk.o
    0x08000c9c   0x08000c9c   0x00000274   Code   RO         2940    i.RST_CLK_GetClocksFreq  mdr32f9qx_rst_clk.o
    0x08000f10   0x08000f10   0x00000034   Code   RO         2941    i.RST_CLK_GetFlagStatus  mdr32f9qx_rst_clk.o
    0x08000f44   0x08000f44   0x0000003c   Code   RO         2943    i.RST_CLK_HSEconfig  mdr32f9qx_rst_clk.o
    0x08000f80   0x08000f80   0x00000034   Code   RO         2944    i.RST_CLK_HSEstatus  mdr32f9qx_rst_clk.o
    0x08000fb4   0x08000fb4   0x00000020   Code   RO         2954    i.RST_CLK_PCLKcmd   mdr32f9qx_rst_clk.o
    0x08000fd4   0x08000fd4   0x00000002   Code   RO          178    i.SSP1_IRQHandler   mdr32f9qx_it.o
    0x08000fd6   0x08000fd6   0x00000002   Code   RO          179    i.SSP2_IRQHandler   mdr32f9qx_it.o
    0x08000fd8   0x08000fd8   0x00000034   Code   RO          709    i.SysTick_Handler   port.o
    0x0800100c   0x0800100c   0x00000090   Code   RO         1551    i.SystemCoreClockUpdate  system_mdr32f9qx.o
    0x0800109c   0x0800109c   0x00000040   Code   RO         1552    i.SystemInit        system_mdr32f9qx.o
    0x080010dc   0x080010dc   0x0000003c   Code   RO          426    i.Task_output       menu.o
    0x08001118   0x08001118   0x00000002   Code   RO          180    i.Timer1_IRQHandler  mdr32f9qx_it.o
    0x0800111a   0x0800111a   0x00000002   Code   RO          181    i.Timer2_IRQHandler  mdr32f9qx_it.o
    0x0800111c   0x0800111c   0x00000002   Code   RO          182    i.Timer3_IRQHandler  mdr32f9qx_it.o
    0x0800111e   0x0800111e   0x00000002   Code   RO          183    i.UART1_IRQHandler  mdr32f9qx_it.o
    0x08001120   0x08001120   0x00000058   Code   RO            4    i.UART2_IRQHandler  main.o
    0x08001178   0x08001178   0x0000003c   Code   RO         3608    i.UART_BRGInit      mdr32f9qx_uart.o
    0x080011b4   0x080011b4   0x00000008   Code   RO         3610    i.UART_ClearITPendingBit  mdr32f9qx_uart.o
    0x080011bc   0x080011bc   0x00000018   Code   RO         3611    i.UART_Cmd          mdr32f9qx_uart.o
    0x080011d4   0x080011d4   0x00000010   Code   RO         3615    i.UART_GetFlagStatus  mdr32f9qx_uart.o
    0x080011e4   0x080011e4   0x00000010   Code   RO         3617    i.UART_GetITStatusMasked  mdr32f9qx_uart.o
    0x080011f4   0x080011f4   0x00000012   Code   RO         3618    i.UART_ITConfig     mdr32f9qx_uart.o
    0x08001206   0x08001206   0x00000002   PAD
    0x08001208   0x08001208   0x000000b0   Code   RO         3619    i.UART_Init         mdr32f9qx_uart.o
    0x080012b8   0x080012b8   0x00000008   Code   RO         3622    i.UART_ReceiveData  mdr32f9qx_uart.o
    0x080012c0   0x080012c0   0x00000006   Code   RO         3623    i.UART_SendData     mdr32f9qx_uart.o
    0x080012c6   0x080012c6   0x00000002   Code   RO          184    i.USB_IRQHandler    mdr32f9qx_it.o
    0x080012c8   0x080012c8   0x000000e8   Code   RO          427    i.U_MENU_Output     menu.o
    0x080013b0   0x080013b0   0x00000030   Code   RO          429    i.U_MENU_Running_String_Task_Function  menu.o
    0x080013e0   0x080013e0   0x00000018   Code   RO         1402    i.U_MLT_Clear_Chip  mlt_lcd.o
    0x080013f8   0x080013f8   0x0000003a   Code   RO         1403    i.U_MLT_Clear_Page  mlt_lcd.o
    0x08001432   0x08001432   0x00000012   Code   RO         1404    i.U_MLT_Delay       mlt_lcd.o
    0x08001444   0x08001444   0x000000cc   Code   RO         1406    i.U_MLT_Disp_On     mlt_lcd.o
    0x08001510   0x08001510   0x00000068   Code   RO         1407    i.U_MLT_Init        mlt_lcd.o
    0x08001578   0x08001578   0x00000044   Code   RO         1408    i.U_MLT_LCD_Init    mlt_lcd.o
    0x080015bc   0x080015bc   0x0000008c   Code   RO         1409    i.U_MLT_Pin_Cfg     mlt_lcd.o
    0x08001648   0x08001648   0x00000084   Code   RO         1410    i.U_MLT_Put_Char    mlt_lcd.o
    0x080016cc   0x080016cc   0x0000008c   Code   RO         1411    i.U_MLT_Put_Image   mlt_lcd.o
    0x08001758   0x08001758   0x00000036   Code   RO         1412    i.U_MLT_Put_String  mlt_lcd.o
    0x0800178e   0x0800178e   0x00000002   PAD
    0x08001790   0x08001790   0x000000c8   Code   RO         1414    i.U_MLT_Read_Status  mlt_lcd.o
    0x08001858   0x08001858   0x0000008e   Code   RO         1415    i.U_MLT_Scroll_String  mlt_lcd.o
    0x080018e6   0x080018e6   0x00000002   PAD
    0x080018e8   0x080018e8   0x000000d0   Code   RO         1416    i.U_MLT_Set_Address  mlt_lcd.o
    0x080019b8   0x080019b8   0x00000044   Code   RO         1417    i.U_MLT_Set_Data_Bits  mlt_lcd.o
    0x080019fc   0x080019fc   0x000000d0   Code   RO         1418    i.U_MLT_Set_Page    mlt_lcd.o
    0x08001acc   0x08001acc   0x000000d0   Code   RO         1419    i.U_MLT_Write_Data  mlt_lcd.o
    0x08001b9c   0x08001b9c   0x00000024   Code   RO          430    i.U_Privet          menu.o
    0x08001bc0   0x08001bc0   0x00000004   Code   RO          185    i.UsageFault_Handler  mdr32f9qx_it.o
    0x08001bc4   0x08001bc4   0x00000002   Code   RO          186    i.WWDG_IRQHandler   mdr32f9qx_it.o
    0x08001bc6   0x08001bc6   0x00000002   PAD
    0x08001bc8   0x08001bc8   0x00000020   Code   RO         3823    i.__0printf$3       mc_w.l(printf3.o)
    0x08001be8   0x08001be8   0x00000008   Code   RO         4021    i.__aeabi_errno_addr  mc_w.l(errno.o)
    0x08001bf0   0x08001bf0   0x0000000e   Code   RO         4101    i.__scatterload_copy  mc_w.l(handlers.o)
    0x08001bfe   0x08001bfe   0x00000002   Code   RO         4102    i.__scatterload_null  mc_w.l(handlers.o)
    0x08001c00   0x08001c00   0x0000000e   Code   RO         4103    i.__scatterload_zeroinit  mc_w.l(handlers.o)
    0x08001c0e   0x08001c0e   0x00000002   PAD
    0x08001c10   0x08001c10   0x000001b8   Code   RO         3830    i._printf_core      mc_w.l(printf3.o)
    0x08001dc8   0x08001dc8   0x00000024   Code   RO          485    i.fgetc             uart_io.o
    0x08001dec   0x08001dec   0x00000020   Code   RO          486    i.fputc             uart_io.o
    0x08001e0c   0x08001e0c   0x00000008   Code   RO          334    i.init              init.o
    0x08001e14   0x08001e14   0x000000f0   Code   RO            5    i.main              main.o
    0x08001f04   0x08001f04   0x0000007c   Code   RO          959    i.prvAddCurrentTaskToDelayedList  tasks.o
    0x08001f80   0x08001f80   0x000000b0   Code   RO          960    i.prvAddNewTaskToReadyList  tasks.o
    0x08002030   0x08002030   0x00000064   Code   RO         1281    i.prvCheckForValidListAndQueue  timers.o
    0x08002094   0x08002094   0x00000064   Code   RO          961    i.prvCheckTasksWaitingTermination  tasks.o
    0x080020f8   0x080020f8   0x0000002a   Code   RO          780    i.prvCopyDataFromQueue  queue.o
    0x08002122   0x08002122   0x0000007c   Code   RO          781    i.prvCopyDataToQueue  queue.o
    0x0800219e   0x0800219e   0x00000012   Code   RO          962    i.prvDeleteTCB      tasks.o
    0x080021b0   0x080021b0   0x00000028   Code   RO         1282    i.prvGetNextExpireTime  timers.o
    0x080021d8   0x080021d8   0x00000038   Code   RO          634    i.prvHeapInit       heap_2.o
    0x08002210   0x08002210   0x0000002c   Code   RO          963    i.prvIdleTask       tasks.o
    0x0800223c   0x0800223c   0x00000026   Code   RO          783    i.prvInitialiseNewQueue  queue.o
    0x08002262   0x08002262   0x0000009a   Code   RO          964    i.prvInitialiseNewTask  tasks.o
    0x080022fc   0x080022fc   0x00000068   Code   RO          965    i.prvInitialiseTaskLists  tasks.o
    0x08002364   0x08002364   0x00000058   Code   RO         1284    i.prvInsertTimerInActiveList  timers.o
    0x080023bc   0x080023bc   0x0000001a   Code   RO          784    i.prvIsQueueEmpty   queue.o
    0x080023d6   0x080023d6   0x0000001e   Code   RO          785    i.prvIsQueueFull    queue.o
    0x080023f4   0x080023f4   0x0000004c   Code   RO         1285    i.prvProcessExpiredTimer  timers.o
    0x08002440   0x08002440   0x000000bc   Code   RO         1286    i.prvProcessReceivedCommands  timers.o
    0x080024fc   0x080024fc   0x00000074   Code   RO         1287    i.prvProcessTimerOrBlockTask  timers.o
    0x08002570   0x08002570   0x00000034   Code   RO          966    i.prvResetNextTaskUnblockTime  tasks.o
    0x080025a4   0x080025a4   0x0000002c   Code   RO         1288    i.prvSampleTimeNow  timers.o
    0x080025d0   0x080025d0   0x00000084   Code   RO         1289    i.prvSwitchTimerLists  timers.o
    0x08002654   0x08002654   0x00000016   Code   RO          710    i.prvTaskExitError  port.o
    0x0800266a   0x0800266a   0x0000001a   Code   RO         1290    i.prvTimerTask      timers.o
    0x08002684   0x08002684   0x0000007e   Code   RO          786    i.prvUnlockQueue    queue.o
    0x08002702   0x08002702   0x00000002   PAD
    0x08002704   0x08002704   0x000000b8   Code   RO          635    i.pvPortMalloc      heap_2.o
    0x080027bc   0x080027bc   0x00000020   Code   RO          969    i.pvTaskIncrementMutexHeldCount  tasks.o
    0x080027dc   0x080027dc   0x00000024   Code   RO          711    i.pxPortInitialiseStack  port.o
    0x08002800   0x08002800   0x00000040   Code   RO          335    i.sys_clk_init      init.o
    0x08002840   0x08002840   0x000000d8   Code   RO          487    i.uart_io_init      uart_io.o
    0x08002918   0x08002918   0x00000028   Code   RO          672    i.uxListRemove      list.o
    0x08002940   0x08002940   0x00000002   Code   RO            6    i.vApplicationIdleHook  main.o
    0x08002942   0x08002942   0x0000001a   Code   RO          673    i.vListInitialise   list.o
    0x0800295c   0x0800295c   0x00000006   Code   RO          674    i.vListInitialiseItem  list.o
    0x08002962   0x08002962   0x00000034   Code   RO          675    i.vListInsert       list.o
    0x08002996   0x08002996   0x00000018   Code   RO          676    i.vListInsertEnd    list.o
    0x080029ae   0x080029ae   0x00000002   PAD
    0x080029b0   0x080029b0   0x00000024   Code   RO          713    i.vPortEnterCritical  port.o
    0x080029d4   0x080029d4   0x00000020   Code   RO          714    i.vPortExitCritical  port.o
    0x080029f4   0x080029f4   0x00000040   Code   RO          636    i.vPortFree         heap_2.o
    0x08002a34   0x08002a34   0x00000014   Code   RO          715    i.vPortSetupTimerInterrupt  port.o
    0x08002a48   0x08002a48   0x00000110   Code   RO            7    i.vQHandler         main.o
    0x08002b58   0x08002b58   0x0000002c   Code   RO          790    i.vQueueAddToRegistry  queue.o
    0x08002b84   0x08002b84   0x0000004a   Code   RO          793    i.vQueueWaitForMessageRestricted  queue.o
    0x08002bce   0x08002bce   0x00000002   PAD
    0x08002bd0   0x08002bd0   0x00000034   Code   RO          975    i.vTaskDelay        tasks.o
    0x08002c04   0x08002c04   0x000000a0   Code   RO          977    i.vTaskDelete       tasks.o
    0x08002ca4   0x08002ca4   0x0000000c   Code   RO          979    i.vTaskMissedYield  tasks.o
    0x08002cb0   0x08002cb0   0x00000020   Code   RO          981    i.vTaskPlaceOnEventList  tasks.o
    0x08002cd0   0x08002cd0   0x00000028   Code   RO          982    i.vTaskPlaceOnEventListRestricted  tasks.o
    0x08002cf8   0x08002cf8   0x0000008c   Code   RO          984    i.vTaskPriorityInherit  tasks.o
    0x08002d84   0x08002d84   0x00000018   Code   RO          988    i.vTaskSetTimeOutState  tasks.o
    0x08002d9c   0x08002d9c   0x00000070   Code   RO          989    i.vTaskStartScheduler  tasks.o
    0x08002e0c   0x08002e0c   0x00000010   Code   RO          991    i.vTaskSuspendAll   tasks.o
    0x08002e1c   0x08002e1c   0x00000078   Code   RO          992    i.vTaskSwitchContext  tasks.o
    0x08002e94   0x08002e94   0x00000034   Code   RO          716    i.xPortStartScheduler  port.o
    0x08002ec8   0x08002ec8   0x00000038   Code   RO          796    i.xQueueGenericCreate  queue.o
    0x08002f00   0x08002f00   0x0000015c   Code   RO          797    i.xQueueGenericReceive  queue.o
    0x0800305c   0x0800305c   0x00000080   Code   RO          798    i.xQueueGenericReset  queue.o
    0x080030dc   0x080030dc   0x00000118   Code   RO          799    i.xQueueGenericSend  queue.o
    0x080031f4   0x080031f4   0x00000086   Code   RO          800    i.xQueueGenericSendFromISR  queue.o
    0x0800327a   0x0800327a   0x00000002   PAD
    0x0800327c   0x0800327c   0x0000005c   Code   RO          993    i.xTaskCheckForTimeOut  tasks.o
    0x080032d8   0x080032d8   0x00000060   Code   RO          994    i.xTaskCreate       tasks.o
    0x08003338   0x08003338   0x00000020   Code   RO          998    i.xTaskGetSchedulerState  tasks.o
    0x08003358   0x08003358   0x0000000c   Code   RO          999    i.xTaskGetTickCount  tasks.o
    0x08003364   0x08003364   0x00000104   Code   RO         1001    i.xTaskIncrementTick  tasks.o
    0x08003468   0x08003468   0x00000060   Code   RO         1004    i.xTaskPriorityDisinherit  tasks.o
    0x080034c8   0x080034c8   0x00000080   Code   RO         1005    i.xTaskRemoveFromEventList  tasks.o
    0x08003548   0x08003548   0x000000e8   Code   RO         1007    i.xTaskResumeAll    tasks.o
    0x08003630   0x08003630   0x0000003c   Code   RO         1294    i.xTimerCreateTimerTask  timers.o
    0x0800366c   0x0800366c   0x0000006c   Code   RO         1295    i.xTimerGenericCommand  timers.o
    0x080036d8   0x080036d8   0x00000720   Data   RO         1420    .constdata          mlt_lcd.o
    0x08003df8   0x08003df8   0x00000081   Data   RO         4055    .constdata          mc_w.l(ctype_o.o)
    0x08003e79   0x08003e79   0x00000003   PAD
    0x08003e7c   0x08003e7c   0x00000004   Data   RO         4056    .constdata          mc_w.l(ctype_o.o)
    0x08003e80   0x08003e80   0x00000010   Data   RO         1421    .conststring        mlt_lcd.o
    0x08003e90   0x08003e90   0x00000020   Data   RO         4099    Region$$Table       anon$$obj.o


    Execution Region RW_IRAM1 (Exec base: 0x20000000, Load base: 0x08003eb0, Size: 0x00005668, Max: 0x00008000, ABSOLUTE)

    Exec Addr    Load Addr    Size         Type   Attr      Idx    E Section Name        Object

    0x20000000   0x08003eb0   0x00000014   Data   RW            9    .data               main.o
    0x20000014   0x08003ec4   0x00000011   Data   RW          433    .data               menu.o
    0x20000025   0x08003ed5   0x00000003   PAD
    0x20000028   0x08003ed8   0x00000018   Data   RW          640    .data               heap_2.o
    0x20000040   0x08003ef0   0x00000004   Data   RW          717    .data               port.o
    0x20000044   0x08003ef4   0x0000003c   Data   RW         1010    .data               tasks.o
    0x20000080   0x08003f30   0x00000014   Data   RW         1301    .data               timers.o
    0x20000094   0x08003f44   0x00000004   Data   RW         1422    .data               mlt_lcd.o
    0x20000098   0x08003f48   0x00000004   Data   RW         1553    .data               system_mdr32f9qx.o
    0x2000009c   0x08003f4c   0x00000004   Data   RW         4015    .data               mc_w.l(stdin.o)
    0x200000a0   0x08003f50   0x00000004   Data   RW         4016    .data               mc_w.l(stdout.o)
    0x200000a4   0x08003f54   0x00000004   Data   RW         4024    .data               mc_w.l(errno.o)
    0x200000a8   0x08003f58   0x00000003   Data   RW         4046    .data               mc_w.l(fgetc_b.o)
    0x200000ab   0x08003f5b   0x00000001   PAD
    0x200000ac        -       0x00000078   Zero   RW          377    .bss                button.o
    0x20000124        -       0x00005000   Zero   RW          639    .bss                heap_2.o
    0x20005124        -       0x00000050   Zero   RW          808    .bss                queue.o
    0x20005174        -       0x000000c8   Zero   RW         1009    .bss                tasks.o
    0x2000523c        -       0x00000028   Zero   RW         1300    .bss                timers.o
    0x20005264   0x08003f5b   0x00000004   PAD
    0x20005268        -       0x00000400   Zero   RW         1541    STACK               startup_mdr32f9qx.o


==============================================================================

Image component sizes


      Code (inc. data)   RO Data    RW Data    ZI Data      Debug   Object Name

       400         34          0          0        120       1613   button.o
         0          0          0          0          0      11320   event_groups.o
       304         40          0         24      20480       3267   heap_2.o
        72          0          0          0          0        838   init.o
       148          0          0          0          0       2886   list.o
       602        162          0         20          0      86709   main.o
        58          0          0          0          0      10112   mdr32f9qx_it.o
       540         18          0          0          0       3382   mdr32f9qx_port.o
      1008         60          0          0          0      10504   mdr32f9qx_rst_clk.o
       332         26          0          0          0       7212   mdr32f9qx_uart.o
       376        110          0         17          0       2943   menu.o
      1976        130       1840          4          0      10492   mlt_lcd.o
       400         50          0          4          0       8028   port.o
      1450         22          0          0         80      11525   queue.o
        36          8        192          0       1024        800   startup_mdr32f9qx.o
       208         24          0          4          0       1399   system_mdr32f9qx.o
      2460        390          0         60        200      27079   tasks.o
       978        114          0         20         40       7943   timers.o
       284         18          0          0          0      29666   uart_io.o

    ----------------------------------------------------------------------
     11656       1206       2064        156      21948     237718   Object Totals
         0          0         32          0          0          0   (incl. Generated)
        24          0          0          3          4          0   (incl. Padding)

    ----------------------------------------------------------------------

      Code (inc. data)   RO Data    RW Data    ZI Data      Debug   Library Member Name

        32          6          0          0          0         84   __0scanf.o
        28          0          0          0          0         68   _chval.o
       812          4          0          0          0        112   _scanf.o
       224          0          0          0          0         96   _scanf_str.o
       158          0          0          0          0         92   _strtoul.o
        26          0          0          0          0         80   atoi.o
         8          4        133          0          0         68   ctype_o.o
         0          0          0          0          0          0   entry.o
         0          0          0          0          0          0   entry10a.o
         0          0          0          0          0          0   entry11a.o
         8          4          0          0          0          0   entry2.o
         4          0          0          0          0          0   entry5.o
         0          0          0          0          0          0   entry7b.o
         0          0          0          0          0          0   entry8b.o
         8          4          0          0          0          0   entry9a.o
         8          4          0          4          0         68   errno.o
        44          6          0          3          0        144   fgetc_b.o
        30          0          0          0          0          0   handlers.o
        36          8          0          0          0         68   init.o
        18          0          0          0          0         76   isspace_o.o
         0          0          0          0          0          0   iusesemig.o
        36          0          0          0          0         68   memcpya.o
       472         14          0          0          0        184   printf3.o
        40          8          0          0          0         84   scanf_char.o
        20          8          0          0          0         68   scanf_char_file.o
         0          0          0          0          0          0   semi.o
         0          0          0          4          0          0   stdin.o
         0          0          0          4          0          0   stdout.o
        14          0          0          0          0         68   strlen.o
       112          0          0          0          0         88   strtol.o
        44          0          0          0          0         80   uidiv.o

    ----------------------------------------------------------------------
      2192         70        136         16          0       1596   Library Totals
        10          0          3          1          0          0   (incl. Padding)

    ----------------------------------------------------------------------

      Code (inc. data)   RO Data    RW Data    ZI Data      Debug   Library Name

      2182         70        133         15          0       1596   mc_w.l

    ----------------------------------------------------------------------
      2192         70        136         16          0       1596   Library Totals

    ----------------------------------------------------------------------

==============================================================================


      Code (inc. data)   RO Data    RW Data    ZI Data      Debug   

     13848       1276       2200        172      21948     231146   Grand Totals
     13848       1276       2200        172      21948     231146   ELF Image Totals
     13848       1276       2200        172          0          0   ROM Totals

==============================================================================

    Total RO  Size (Code + RO Data)                16048 (  15.67kB)
    Total RW  Size (RW Data + ZI Data)             22120 (  21.60kB)
    Total ROM Size (Code + RO Data + RW Data)      16220 (  15.84kB)

==============================================================================

