<!doctype html public "-//w3c//dtd html 4.0 transitional//en">
<html><head>
<title>Static Call Graph - [.\obj\cantest.axf]</title></head>
<body><HR>
<H1>Static Call Graph for image .\obj\cantest.axf</H1><HR>
<BR><P>#&#060CALLGRAPH&#062# ARM Linker, 5060528: Last Updated: Tue Apr 16 11:35:53 2024
<BR><P>
<H3>Maximum Stack Usage =        256 bytes + Unknown(Cycles, Untraceable Function Pointers)</H3><H3>
Call chain for Maximum Stack Depth:</H3>
U_MENU_Output &rArr; __0scanf &rArr; __vfscanf_char_file &rArr; __vfscanf_char &rArr; __vfscanf &rArr; _scanf_string
<P>
<H3>
Mutually Recursive functions
</H3> <LI><a href="#[d]">DMA_IRQHandler</a>&nbsp;&nbsp;&nbsp;&rArr;&nbsp;&nbsp;&nbsp;<a href="#[d]">DMA_IRQHandler</a><BR>
</UL>
<P>
<H3>
Function Pointers
</H3><UL>
 <LI><a href="#[17]">ADC_IRQHandler</a> from mdr32f9qx_it.o(i.ADC_IRQHandler) referenced from startup_mdr32f9qx.o(RESET)
 <LI><a href="#[1a]">BACKUP_IRQHandler</a> from mdr32f9qx_it.o(i.BACKUP_IRQHandler) referenced from startup_mdr32f9qx.o(RESET)
 <LI><a href="#[4]">BusFault_Handler</a> from mdr32f9qx_it.o(i.BusFault_Handler) referenced from startup_mdr32f9qx.o(RESET)
 <LI><a href="#[a]">CAN1_IRQHandler</a> from mdr32f9qx_it.o(i.CAN1_IRQHandler) referenced from startup_mdr32f9qx.o(RESET)
 <LI><a href="#[b]">CAN2_IRQHandler</a> from mdr32f9qx_it.o(i.CAN2_IRQHandler) referenced from startup_mdr32f9qx.o(RESET)
 <LI><a href="#[18]">COMPARATOR_IRQHandler</a> from mdr32f9qx_it.o(i.COMPARATOR_IRQHandler) referenced from startup_mdr32f9qx.o(RESET)
 <LI><a href="#[d]">DMA_IRQHandler</a> from startup_mdr32f9qx.o(.text) referenced from startup_mdr32f9qx.o(RESET)
 <LI><a href="#[7]">DebugMon_Handler</a> from mdr32f9qx_it.o(i.DebugMon_Handler) referenced from startup_mdr32f9qx.o(RESET)
 <LI><a href="#[1b]">EXT_INT1_IRQHandler</a> from mdr32f9qx_it.o(i.EXT_INT1_IRQHandler) referenced from startup_mdr32f9qx.o(RESET)
 <LI><a href="#[1c]">EXT_INT2_IRQHandler</a> from mdr32f9qx_it.o(i.EXT_INT2_IRQHandler) referenced from startup_mdr32f9qx.o(RESET)
 <LI><a href="#[1d]">EXT_INT3_IRQHandler</a> from mdr32f9qx_it.o(i.EXT_INT3_IRQHandler) referenced from startup_mdr32f9qx.o(RESET)
 <LI><a href="#[1e]">EXT_INT4_IRQHandler</a> from mdr32f9qx_it.o(i.EXT_INT4_IRQHandler) referenced from startup_mdr32f9qx.o(RESET)
 <LI><a href="#[2]">HardFault_Handler</a> from mdr32f9qx_it.o(i.HardFault_Handler) referenced from startup_mdr32f9qx.o(RESET)
 <LI><a href="#[11]">I2C_IRQHandler</a> from mdr32f9qx_it.o(i.I2C_IRQHandler) referenced from startup_mdr32f9qx.o(RESET)
 <LI><a href="#[3]">MemManage_Handler</a> from mdr32f9qx_it.o(i.MemManage_Handler) referenced from startup_mdr32f9qx.o(RESET)
 <LI><a href="#[1]">NMI_Handler</a> from mdr32f9qx_it.o(i.NMI_Handler) referenced from startup_mdr32f9qx.o(RESET)
 <LI><a href="#[12]">POWER_IRQHandler</a> from mdr32f9qx_it.o(i.POWER_IRQHandler) referenced from startup_mdr32f9qx.o(RESET)
 <LI><a href="#[8]">PendSV_Handler</a> from port.o(.emb_text) referenced from startup_mdr32f9qx.o(RESET)
 <LI><a href="#[0]">Reset_Handler</a> from startup_mdr32f9qx.o(.text) referenced from startup_mdr32f9qx.o(RESET)
 <LI><a href="#[10]">SSP1_IRQHandler</a> from mdr32f9qx_it.o(i.SSP1_IRQHandler) referenced from startup_mdr32f9qx.o(RESET)
 <LI><a href="#[19]">SSP2_IRQHandler</a> from mdr32f9qx_it.o(i.SSP2_IRQHandler) referenced from startup_mdr32f9qx.o(RESET)
 <LI><a href="#[6]">SVC_Handler</a> from port.o(.emb_text) referenced from startup_mdr32f9qx.o(RESET)
 <LI><a href="#[9]">SysTick_Handler</a> from port.o(i.SysTick_Handler) referenced from startup_mdr32f9qx.o(RESET)
 <LI><a href="#[20]">SystemInit</a> from system_mdr32f9qx.o(i.SystemInit) referenced from startup_mdr32f9qx.o(.text)
 <LI><a href="#[2a]">Task_output</a> from menu.o(i.Task_output) referenced from main.o(i.main)
 <LI><a href="#[14]">Timer1_IRQHandler</a> from mdr32f9qx_it.o(i.Timer1_IRQHandler) referenced from startup_mdr32f9qx.o(RESET)
 <LI><a href="#[15]">Timer2_IRQHandler</a> from mdr32f9qx_it.o(i.Timer2_IRQHandler) referenced from startup_mdr32f9qx.o(RESET)
 <LI><a href="#[16]">Timer3_IRQHandler</a> from mdr32f9qx_it.o(i.Timer3_IRQHandler) referenced from startup_mdr32f9qx.o(RESET)
 <LI><a href="#[e]">UART1_IRQHandler</a> from mdr32f9qx_it.o(i.UART1_IRQHandler) referenced from startup_mdr32f9qx.o(RESET)
 <LI><a href="#[f]">UART2_IRQHandler</a> from main.o(i.UART2_IRQHandler) referenced from startup_mdr32f9qx.o(RESET)
 <LI><a href="#[c]">USB_IRQHandler</a> from mdr32f9qx_it.o(i.USB_IRQHandler) referenced from startup_mdr32f9qx.o(RESET)
 <LI><a href="#[28]">U_MENU_Output</a> from menu.o(i.U_MENU_Output) referenced from main.o(i.main)
 <LI><a href="#[27]">U_MENU_Running_String_Task_Function</a> from menu.o(i.U_MENU_Running_String_Task_Function) referenced from main.o(i.main)
 <LI><a href="#[29]">U_Privet</a> from menu.o(i.U_Privet) referenced from main.o(i.main)
 <LI><a href="#[5]">UsageFault_Handler</a> from mdr32f9qx_it.o(i.UsageFault_Handler) referenced from startup_mdr32f9qx.o(RESET)
 <LI><a href="#[13]">WWDG_IRQHandler</a> from mdr32f9qx_it.o(i.WWDG_IRQHandler) referenced from startup_mdr32f9qx.o(RESET)
 <LI><a href="#[23]">__backspace</a> from fgetc_b.o(.text) referenced from scanf_char_file.o(.text)
 <LI><a href="#[21]">__main</a> from entry.o(.ARM.Collect$$$$00000000) referenced from startup_mdr32f9qx.o(.text)
 <LI><a href="#[24]">_scanf_char_input</a> from scanf_char.o(.text) referenced from scanf_char.o(.text)
 <LI><a href="#[22]">fgetc</a> from uart_io.o(i.fgetc) referenced from scanf_char_file.o(.text)
 <LI><a href="#[26]">fputc</a> from uart_io.o(i.fputc) referenced from printf3.o(i.__0printf$3)
 <LI><a href="#[25]">isspace</a> from isspace_o.o(.text) referenced from scanf_char.o(.text)
 <LI><a href="#[1f]">main</a> from main.o(i.main) referenced from entry9a.o(.ARM.Collect$$$$0000000B)
 <LI><a href="#[2d]">prvIdleTask</a> from tasks.o(i.prvIdleTask) referenced from tasks.o(i.vTaskStartScheduler)
 <LI><a href="#[2c]">prvTaskExitError</a> from port.o(i.prvTaskExitError) referenced from port.o(i.pxPortInitialiseStack)
 <LI><a href="#[2e]">prvTimerTask</a> from timers.o(i.prvTimerTask) referenced from timers.o(i.xTimerCreateTimerTask)
 <LI><a href="#[2b]">vQHandler</a> from main.o(i.vQHandler) referenced from main.o(i.main)
</UL>
<P>
<H3>
Global Symbols
</H3>
<P><STRONG><a name="[21]"></a>__main</STRONG> (Thumb, 0 bytes, Stack size unknown bytes, entry.o(.ARM.Collect$$$$00000000))
<BR>[Address Reference Count : 1]<UL><LI> startup_mdr32f9qx.o(.text)
</UL>
<P><STRONG><a name="[b1]"></a>_main_stk</STRONG> (Thumb, 0 bytes, Stack size unknown bytes, entry2.o(.ARM.Collect$$$$00000001))

<P><STRONG><a name="[2f]"></a>_main_scatterload</STRONG> (Thumb, 0 bytes, Stack size unknown bytes, entry5.o(.ARM.Collect$$$$00000004))
<BR><BR>[Calls]<UL><LI><a href="#[30]">&gt;&gt;</a>&nbsp;&nbsp;&nbsp;__scatterload
</UL>

<P><STRONG><a name="[3a]"></a>__main_after_scatterload</STRONG> (Thumb, 0 bytes, Stack size unknown bytes, entry5.o(.ARM.Collect$$$$00000004))
<BR><BR>[Called By]<UL><LI><a href="#[30]">&gt;&gt;</a>&nbsp;&nbsp;&nbsp;__scatterload
</UL>

<P><STRONG><a name="[b2]"></a>_main_clock</STRONG> (Thumb, 0 bytes, Stack size unknown bytes, entry7b.o(.ARM.Collect$$$$00000008))

<P><STRONG><a name="[b3]"></a>_main_cpp_init</STRONG> (Thumb, 0 bytes, Stack size unknown bytes, entry8b.o(.ARM.Collect$$$$0000000A))

<P><STRONG><a name="[b4]"></a>_main_init</STRONG> (Thumb, 0 bytes, Stack size unknown bytes, entry9a.o(.ARM.Collect$$$$0000000B))

<P><STRONG><a name="[b5]"></a>__rt_final_cpp</STRONG> (Thumb, 0 bytes, Stack size unknown bytes, entry10a.o(.ARM.Collect$$$$0000000D))

<P><STRONG><a name="[b6]"></a>__rt_final_exit</STRONG> (Thumb, 0 bytes, Stack size unknown bytes, entry11a.o(.ARM.Collect$$$$0000000F))

<P><STRONG><a name="[6]"></a>SVC_Handler</STRONG> (Thumb, 32 bytes, Stack size 0 bytes, port.o(.emb_text))
<BR>[Address Reference Count : 1]<UL><LI> startup_mdr32f9qx.o(RESET)
</UL>
<P><STRONG><a name="[ac]"></a>__asm___6_port_c_39a90d8d__prvStartFirstTask</STRONG> (Thumb, 28 bytes, Stack size 0 bytes, port.o(.emb_text))
<BR><BR>[Called By]<UL><LI><a href="#[aa]">&gt;&gt;</a>&nbsp;&nbsp;&nbsp;xPortStartScheduler
</UL>

<P><STRONG><a name="[8]"></a>PendSV_Handler</STRONG> (Thumb, 72 bytes, Stack size 0 bytes, port.o(.emb_text))
<BR><BR>[Calls]<UL><LI><a href="#[31]">&gt;&gt;</a>&nbsp;&nbsp;&nbsp;vTaskSwitchContext
</UL>
<BR>[Address Reference Count : 1]<UL><LI> startup_mdr32f9qx.o(RESET)
</UL>
<P><STRONG><a name="[b7]"></a>vPortGetIPSR</STRONG> (Thumb, 6 bytes, Stack size 0 bytes, port.o(.emb_text), UNUSED)

<P><STRONG><a name="[0]"></a>Reset_Handler</STRONG> (Thumb, 8 bytes, Stack size 0 bytes, startup_mdr32f9qx.o(.text))
<BR>[Address Reference Count : 1]<UL><LI> startup_mdr32f9qx.o(RESET)
</UL>
<P><STRONG><a name="[d]"></a>DMA_IRQHandler</STRONG> (Thumb, 0 bytes, Stack size 0 bytes, startup_mdr32f9qx.o(.text))
<BR><BR>[Calls]<UL><LI><a href="#[d]">&gt;&gt;</a>&nbsp;&nbsp;&nbsp;DMA_IRQHandler
</UL>
<BR>[Called By]<UL><LI><a href="#[d]">&gt;&gt;</a>&nbsp;&nbsp;&nbsp;DMA_IRQHandler
</UL>
<BR>[Address Reference Count : 1]<UL><LI> startup_mdr32f9qx.o(RESET)
</UL>
<P><STRONG><a name="[81]"></a>__aeabi_memcpy</STRONG> (Thumb, 36 bytes, Stack size 0 bytes, memcpya.o(.text))
<BR><BR>[Called By]<UL><LI><a href="#[82]">&gt;&gt;</a>&nbsp;&nbsp;&nbsp;prvCopyDataToQueue
<LI><a href="#[80]">&gt;&gt;</a>&nbsp;&nbsp;&nbsp;prvCopyDataFromQueue
</UL>

<P><STRONG><a name="[54]"></a>__aeabi_memcpy4</STRONG> (Thumb, 0 bytes, Stack size 0 bytes, memcpya.o(.text))
<BR><BR>[Called By]<UL><LI><a href="#[27]">&gt;&gt;</a>&nbsp;&nbsp;&nbsp;U_MENU_Running_String_Task_Function
</UL>

<P><STRONG><a name="[b8]"></a>__aeabi_memcpy8</STRONG> (Thumb, 0 bytes, Stack size 0 bytes, memcpya.o(.text), UNUSED)

<P><STRONG><a name="[51]"></a>strlen</STRONG> (Thumb, 14 bytes, Stack size 0 bytes, strlen.o(.text))
<BR><BR>[Called By]<UL><LI><a href="#[66]">&gt;&gt;</a>&nbsp;&nbsp;&nbsp;U_MLT_Scroll_String
<LI><a href="#[28]">&gt;&gt;</a>&nbsp;&nbsp;&nbsp;U_MENU_Output
<LI><a href="#[2b]">&gt;&gt;</a>&nbsp;&nbsp;&nbsp;vQHandler
</UL>

<P><STRONG><a name="[32]"></a>__0scanf</STRONG> (Thumb, 26 bytes, Stack size 56 bytes, __0scanf.o(.text))
<BR><BR>[Stack]<UL><LI>Max Depth = 200<LI>Call Chain = __0scanf &rArr; __vfscanf_char_file &rArr; __vfscanf_char &rArr; __vfscanf &rArr; _scanf_string
</UL>
<BR>[Calls]<UL><LI><a href="#[33]">&gt;&gt;</a>&nbsp;&nbsp;&nbsp;__vfscanf_char_file
</UL>
<BR>[Called By]<UL><LI><a href="#[28]">&gt;&gt;</a>&nbsp;&nbsp;&nbsp;U_MENU_Output
</UL>

<P><STRONG><a name="[3d]"></a>_scanf_string</STRONG> (Thumb, 224 bytes, Stack size 56 bytes, _scanf_str.o(.text))
<BR><BR>[Stack]<UL><LI>Max Depth = 56<LI>Call Chain = _scanf_string
</UL>
<BR>[Called By]<UL><LI><a href="#[3b]">&gt;&gt;</a>&nbsp;&nbsp;&nbsp;__vfscanf
</UL>

<P><STRONG><a name="[34]"></a>atoi</STRONG> (Thumb, 26 bytes, Stack size 16 bytes, atoi.o(.text))
<BR><BR>[Stack]<UL><LI>Max Depth = 88<LI>Call Chain = atoi &rArr; strtol &rArr; _strtoul
</UL>
<BR>[Calls]<UL><LI><a href="#[36]">&gt;&gt;</a>&nbsp;&nbsp;&nbsp;strtol
<LI><a href="#[35]">&gt;&gt;</a>&nbsp;&nbsp;&nbsp;__aeabi_errno_addr
</UL>
<BR>[Called By]<UL><LI><a href="#[2b]">&gt;&gt;</a>&nbsp;&nbsp;&nbsp;vQHandler
</UL>

<P><STRONG><a name="[b9]"></a>__aeabi_uidiv</STRONG> (Thumb, 0 bytes, Stack size 12 bytes, uidiv.o(.text), UNUSED)

<P><STRONG><a name="[6a]"></a>__aeabi_uidivmod</STRONG> (Thumb, 44 bytes, Stack size 12 bytes, uidiv.o(.text), UNUSED)
<BR><BR>[Called By]<UL><LI><a href="#[69]">&gt;&gt;</a>&nbsp;&nbsp;&nbsp;_printf_core
</UL>

<P><STRONG><a name="[36]"></a>strtol</STRONG> (Thumb, 112 bytes, Stack size 32 bytes, strtol.o(.text))
<BR><BR>[Stack]<UL><LI>Max Depth = 72<LI>Call Chain = strtol &rArr; _strtoul
</UL>
<BR>[Calls]<UL><LI><a href="#[38]">&gt;&gt;</a>&nbsp;&nbsp;&nbsp;_strtoul
<LI><a href="#[37]">&gt;&gt;</a>&nbsp;&nbsp;&nbsp;__rt_ctype_table
<LI><a href="#[35]">&gt;&gt;</a>&nbsp;&nbsp;&nbsp;__aeabi_errno_addr
</UL>
<BR>[Called By]<UL><LI><a href="#[34]">&gt;&gt;</a>&nbsp;&nbsp;&nbsp;atoi
</UL>

<P><STRONG><a name="[33]"></a>__vfscanf_char_file</STRONG> (Thumb, 12 bytes, Stack size 0 bytes, scanf_char_file.o(.text))
<BR><BR>[Stack]<UL><LI>Max Depth = 144<LI>Call Chain = __vfscanf_char_file &rArr; __vfscanf_char &rArr; __vfscanf &rArr; _scanf_string
</UL>
<BR>[Calls]<UL><LI><a href="#[39]">&gt;&gt;</a>&nbsp;&nbsp;&nbsp;__vfscanf_char
</UL>
<BR>[Called By]<UL><LI><a href="#[32]">&gt;&gt;</a>&nbsp;&nbsp;&nbsp;__0scanf
</UL>

<P><STRONG><a name="[30]"></a>__scatterload</STRONG> (Thumb, 28 bytes, Stack size 0 bytes, init.o(.text))
<BR><BR>[Calls]<UL><LI><a href="#[3a]">&gt;&gt;</a>&nbsp;&nbsp;&nbsp;__main_after_scatterload
</UL>
<BR>[Called By]<UL><LI><a href="#[2f]">&gt;&gt;</a>&nbsp;&nbsp;&nbsp;_main_scatterload
</UL>

<P><STRONG><a name="[ba]"></a>__scatterload_rt2</STRONG> (Thumb, 0 bytes, Stack size 0 bytes, init.o(.text), UNUSED)

<P><STRONG><a name="[bb]"></a>_fgetc$bs</STRONG> (Thumb, 28 bytes, Stack size 8 bytes, fgetc_b.o(.text), UNUSED)

<P><STRONG><a name="[23]"></a>__backspace</STRONG> (Thumb, 10 bytes, Stack size 0 bytes, fgetc_b.o(.text))
<BR>[Address Reference Count : 1]<UL><LI> scanf_char_file.o(.text)
</UL>
<P><STRONG><a name="[37]"></a>__rt_ctype_table</STRONG> (Thumb, 4 bytes, Stack size 0 bytes, ctype_o.o(.text))
<BR><BR>[Called By]<UL><LI><a href="#[25]">&gt;&gt;</a>&nbsp;&nbsp;&nbsp;isspace
<LI><a href="#[36]">&gt;&gt;</a>&nbsp;&nbsp;&nbsp;strtol
</UL>

<P><STRONG><a name="[25]"></a>isspace</STRONG> (Thumb, 18 bytes, Stack size 8 bytes, isspace_o.o(.text))
<BR><BR>[Stack]<UL><LI>Max Depth = 8<LI>Call Chain = isspace
</UL>
<BR>[Calls]<UL><LI><a href="#[37]">&gt;&gt;</a>&nbsp;&nbsp;&nbsp;__rt_ctype_table
</UL>
<BR>[Address Reference Count : 1]<UL><LI> scanf_char.o(.text)
</UL>
<P><STRONG><a name="[39]"></a>__vfscanf_char</STRONG> (Thumb, 20 bytes, Stack size 0 bytes, scanf_char.o(.text))
<BR><BR>[Stack]<UL><LI>Max Depth = 144<LI>Call Chain = __vfscanf_char &rArr; __vfscanf &rArr; _scanf_string
</UL>
<BR>[Calls]<UL><LI><a href="#[3b]">&gt;&gt;</a>&nbsp;&nbsp;&nbsp;__vfscanf
</UL>
<BR>[Called By]<UL><LI><a href="#[33]">&gt;&gt;</a>&nbsp;&nbsp;&nbsp;__vfscanf_char_file
</UL>

<P><STRONG><a name="[38]"></a>_strtoul</STRONG> (Thumb, 158 bytes, Stack size 40 bytes, _strtoul.o(.text))
<BR><BR>[Stack]<UL><LI>Max Depth = 40<LI>Call Chain = _strtoul
</UL>
<BR>[Calls]<UL><LI><a href="#[3c]">&gt;&gt;</a>&nbsp;&nbsp;&nbsp;_chval
<LI><a href="#[35]">&gt;&gt;</a>&nbsp;&nbsp;&nbsp;__aeabi_errno_addr
</UL>
<BR>[Called By]<UL><LI><a href="#[36]">&gt;&gt;</a>&nbsp;&nbsp;&nbsp;strtol
</UL>

<P><STRONG><a name="[bc]"></a>__semihosting_library_function</STRONG> (Thumb, 0 bytes, Stack size 0 bytes, semi.o(.text), UNUSED)

<P><STRONG><a name="[3c]"></a>_chval</STRONG> (Thumb, 28 bytes, Stack size 0 bytes, _chval.o(.text))
<BR><BR>[Called By]<UL><LI><a href="#[38]">&gt;&gt;</a>&nbsp;&nbsp;&nbsp;_strtoul
</UL>

<P><STRONG><a name="[3b]"></a>__vfscanf</STRONG> (Thumb, 808 bytes, Stack size 88 bytes, _scanf.o(.text))
<BR><BR>[Stack]<UL><LI>Max Depth = 144<LI>Call Chain = __vfscanf &rArr; _scanf_string
</UL>
<BR>[Calls]<UL><LI><a href="#[3d]">&gt;&gt;</a>&nbsp;&nbsp;&nbsp;_scanf_string
</UL>
<BR>[Called By]<UL><LI><a href="#[39]">&gt;&gt;</a>&nbsp;&nbsp;&nbsp;__vfscanf_char
</UL>

<P><STRONG><a name="[17]"></a>ADC_IRQHandler</STRONG> (Thumb, 2 bytes, Stack size 0 bytes, mdr32f9qx_it.o(i.ADC_IRQHandler))
<BR>[Address Reference Count : 1]<UL><LI> startup_mdr32f9qx.o(RESET)
</UL>
<P><STRONG><a name="[bd]"></a>__I$use$semihosting$fgetc</STRONG> (Thumb, 0 bytes, Stack size 0 bytes, iusesemig.o(.text), UNUSED)

<P><STRONG><a name="[1a]"></a>BACKUP_IRQHandler</STRONG> (Thumb, 2 bytes, Stack size 0 bytes, mdr32f9qx_it.o(i.BACKUP_IRQHandler))
<BR>[Address Reference Count : 1]<UL><LI> startup_mdr32f9qx.o(RESET)
</UL>
<P><STRONG><a name="[4]"></a>BusFault_Handler</STRONG> (Thumb, 4 bytes, Stack size 0 bytes, mdr32f9qx_it.o(i.BusFault_Handler))
<BR>[Address Reference Count : 1]<UL><LI> startup_mdr32f9qx.o(RESET)
</UL>
<P><STRONG><a name="[a]"></a>CAN1_IRQHandler</STRONG> (Thumb, 2 bytes, Stack size 0 bytes, mdr32f9qx_it.o(i.CAN1_IRQHandler))
<BR>[Address Reference Count : 1]<UL><LI> startup_mdr32f9qx.o(RESET)
</UL>
<P><STRONG><a name="[b]"></a>CAN2_IRQHandler</STRONG> (Thumb, 2 bytes, Stack size 0 bytes, mdr32f9qx_it.o(i.CAN2_IRQHandler))
<BR>[Address Reference Count : 1]<UL><LI> startup_mdr32f9qx.o(RESET)
</UL>
<P><STRONG><a name="[18]"></a>COMPARATOR_IRQHandler</STRONG> (Thumb, 2 bytes, Stack size 0 bytes, mdr32f9qx_it.o(i.COMPARATOR_IRQHandler))
<BR>[Address Reference Count : 1]<UL><LI> startup_mdr32f9qx.o(RESET)
</UL>
<P><STRONG><a name="[7]"></a>DebugMon_Handler</STRONG> (Thumb, 2 bytes, Stack size 0 bytes, mdr32f9qx_it.o(i.DebugMon_Handler))
<BR>[Address Reference Count : 1]<UL><LI> startup_mdr32f9qx.o(RESET)
</UL>
<P><STRONG><a name="[1b]"></a>EXT_INT1_IRQHandler</STRONG> (Thumb, 2 bytes, Stack size 0 bytes, mdr32f9qx_it.o(i.EXT_INT1_IRQHandler))
<BR>[Address Reference Count : 1]<UL><LI> startup_mdr32f9qx.o(RESET)
</UL>
<P><STRONG><a name="[1c]"></a>EXT_INT2_IRQHandler</STRONG> (Thumb, 2 bytes, Stack size 0 bytes, mdr32f9qx_it.o(i.EXT_INT2_IRQHandler))
<BR>[Address Reference Count : 1]<UL><LI> startup_mdr32f9qx.o(RESET)
</UL>
<P><STRONG><a name="[1d]"></a>EXT_INT3_IRQHandler</STRONG> (Thumb, 2 bytes, Stack size 0 bytes, mdr32f9qx_it.o(i.EXT_INT3_IRQHandler))
<BR>[Address Reference Count : 1]<UL><LI> startup_mdr32f9qx.o(RESET)
</UL>
<P><STRONG><a name="[1e]"></a>EXT_INT4_IRQHandler</STRONG> (Thumb, 2 bytes, Stack size 0 bytes, mdr32f9qx_it.o(i.EXT_INT4_IRQHandler))
<BR>[Address Reference Count : 1]<UL><LI> startup_mdr32f9qx.o(RESET)
</UL>
<P><STRONG><a name="[2]"></a>HardFault_Handler</STRONG> (Thumb, 4 bytes, Stack size 0 bytes, mdr32f9qx_it.o(i.HardFault_Handler))
<BR>[Address Reference Count : 1]<UL><LI> startup_mdr32f9qx.o(RESET)
</UL>
<P><STRONG><a name="[11]"></a>I2C_IRQHandler</STRONG> (Thumb, 2 bytes, Stack size 0 bytes, mdr32f9qx_it.o(i.I2C_IRQHandler))
<BR>[Address Reference Count : 1]<UL><LI> startup_mdr32f9qx.o(RESET)
</UL>
<P><STRONG><a name="[3e]"></a>Init_button</STRONG> (Thumb, 366 bytes, Stack size 16 bytes, button.o(i.Init_button))
<BR><BR>[Stack]<UL><LI>Max Depth = 64<LI>Call Chain = Init_button &rArr; PORT_Init
</UL>
<BR>[Calls]<UL><LI><a href="#[40]">&gt;&gt;</a>&nbsp;&nbsp;&nbsp;PORT_StructInit
<LI><a href="#[3f]">&gt;&gt;</a>&nbsp;&nbsp;&nbsp;RST_CLK_PCLKcmd
<LI><a href="#[41]">&gt;&gt;</a>&nbsp;&nbsp;&nbsp;PORT_Init
</UL>
<BR>[Called By]<UL><LI><a href="#[1f]">&gt;&gt;</a>&nbsp;&nbsp;&nbsp;main
</UL>

<P><STRONG><a name="[3]"></a>MemManage_Handler</STRONG> (Thumb, 4 bytes, Stack size 0 bytes, mdr32f9qx_it.o(i.MemManage_Handler))
<BR>[Address Reference Count : 1]<UL><LI> startup_mdr32f9qx.o(RESET)
</UL>
<P><STRONG><a name="[1]"></a>NMI_Handler</STRONG> (Thumb, 2 bytes, Stack size 0 bytes, mdr32f9qx_it.o(i.NMI_Handler))
<BR>[Address Reference Count : 1]<UL><LI> startup_mdr32f9qx.o(RESET)
</UL>
<P><STRONG><a name="[41]"></a>PORT_Init</STRONG> (Thumb, 450 bytes, Stack size 48 bytes, mdr32f9qx_port.o(i.PORT_Init))
<BR><BR>[Stack]<UL><LI>Max Depth = 48<LI>Call Chain = PORT_Init
</UL>
<BR>[Called By]<UL><LI><a href="#[6d]">&gt;&gt;</a>&nbsp;&nbsp;&nbsp;uart_io_init
<LI><a href="#[3e]">&gt;&gt;</a>&nbsp;&nbsp;&nbsp;Init_button
<LI><a href="#[61]">&gt;&gt;</a>&nbsp;&nbsp;&nbsp;U_MLT_Pin_Cfg
</UL>

<P><STRONG><a name="[5d]"></a>PORT_ResetBits</STRONG> (Thumb, 22 bytes, Stack size 0 bytes, mdr32f9qx_port.o(i.PORT_ResetBits))
<BR><BR>[Called By]<UL><LI><a href="#[5a]">&gt;&gt;</a>&nbsp;&nbsp;&nbsp;U_MLT_Write_Data
<LI><a href="#[57]">&gt;&gt;</a>&nbsp;&nbsp;&nbsp;U_MLT_Set_Page
<LI><a href="#[58]">&gt;&gt;</a>&nbsp;&nbsp;&nbsp;U_MLT_Set_Address
<LI><a href="#[59]">&gt;&gt;</a>&nbsp;&nbsp;&nbsp;U_MLT_Read_Status
<LI><a href="#[62]">&gt;&gt;</a>&nbsp;&nbsp;&nbsp;U_MLT_LCD_Init
<LI><a href="#[5b]">&gt;&gt;</a>&nbsp;&nbsp;&nbsp;U_MLT_Disp_On
</UL>

<P><STRONG><a name="[5c]"></a>PORT_SetBits</STRONG> (Thumb, 22 bytes, Stack size 0 bytes, mdr32f9qx_port.o(i.PORT_SetBits))
<BR><BR>[Called By]<UL><LI><a href="#[5a]">&gt;&gt;</a>&nbsp;&nbsp;&nbsp;U_MLT_Write_Data
<LI><a href="#[57]">&gt;&gt;</a>&nbsp;&nbsp;&nbsp;U_MLT_Set_Page
<LI><a href="#[58]">&gt;&gt;</a>&nbsp;&nbsp;&nbsp;U_MLT_Set_Address
<LI><a href="#[59]">&gt;&gt;</a>&nbsp;&nbsp;&nbsp;U_MLT_Read_Status
<LI><a href="#[62]">&gt;&gt;</a>&nbsp;&nbsp;&nbsp;U_MLT_LCD_Init
<LI><a href="#[5b]">&gt;&gt;</a>&nbsp;&nbsp;&nbsp;U_MLT_Disp_On
</UL>

<P><STRONG><a name="[40]"></a>PORT_StructInit</STRONG> (Thumb, 28 bytes, Stack size 0 bytes, mdr32f9qx_port.o(i.PORT_StructInit))
<BR><BR>[Called By]<UL><LI><a href="#[3e]">&gt;&gt;</a>&nbsp;&nbsp;&nbsp;Init_button
</UL>

<P><STRONG><a name="[12]"></a>POWER_IRQHandler</STRONG> (Thumb, 2 bytes, Stack size 0 bytes, mdr32f9qx_it.o(i.POWER_IRQHandler))
<BR>[Address Reference Count : 1]<UL><LI> startup_mdr32f9qx.o(RESET)
</UL>
<P><STRONG><a name="[9e]"></a>RST_CLK_CPU_PLLcmd</STRONG> (Thumb, 6 bytes, Stack size 0 bytes, mdr32f9qx_rst_clk.o(i.RST_CLK_CPU_PLLcmd))
<BR><BR>[Called By]<UL><LI><a href="#[6c]">&gt;&gt;</a>&nbsp;&nbsp;&nbsp;sys_clk_init
</UL>

<P><STRONG><a name="[9d]"></a>RST_CLK_CPU_PLLconfig</STRONG> (Thumb, 54 bytes, Stack size 8 bytes, mdr32f9qx_rst_clk.o(i.RST_CLK_CPU_PLLconfig))
<BR><BR>[Stack]<UL><LI>Max Depth = 8<LI>Call Chain = RST_CLK_CPU_PLLconfig
</UL>
<BR>[Called By]<UL><LI><a href="#[6c]">&gt;&gt;</a>&nbsp;&nbsp;&nbsp;sys_clk_init
</UL>

<P><STRONG><a name="[42]"></a>RST_CLK_CPU_PLLstatus</STRONG> (Thumb, 52 bytes, Stack size 16 bytes, mdr32f9qx_rst_clk.o(i.RST_CLK_CPU_PLLstatus))
<BR><BR>[Stack]<UL><LI>Max Depth = 24<LI>Call Chain = RST_CLK_CPU_PLLstatus &rArr; RST_CLK_GetFlagStatus
</UL>
<BR>[Calls]<UL><LI><a href="#[43]">&gt;&gt;</a>&nbsp;&nbsp;&nbsp;RST_CLK_GetFlagStatus
</UL>
<BR>[Called By]<UL><LI><a href="#[6c]">&gt;&gt;</a>&nbsp;&nbsp;&nbsp;sys_clk_init
</UL>

<P><STRONG><a name="[a0]"></a>RST_CLK_CPU_PLLuse</STRONG> (Thumb, 6 bytes, Stack size 0 bytes, mdr32f9qx_rst_clk.o(i.RST_CLK_CPU_PLLuse))
<BR><BR>[Called By]<UL><LI><a href="#[6c]">&gt;&gt;</a>&nbsp;&nbsp;&nbsp;sys_clk_init
</UL>

<P><STRONG><a name="[9f]"></a>RST_CLK_CPUclkPrescaler</STRONG> (Thumb, 18 bytes, Stack size 0 bytes, mdr32f9qx_rst_clk.o(i.RST_CLK_CPUclkPrescaler))
<BR><BR>[Called By]<UL><LI><a href="#[6c]">&gt;&gt;</a>&nbsp;&nbsp;&nbsp;sys_clk_init
</UL>

<P><STRONG><a name="[a1]"></a>RST_CLK_CPUclkSelection</STRONG> (Thumb, 16 bytes, Stack size 0 bytes, mdr32f9qx_rst_clk.o(i.RST_CLK_CPUclkSelection))
<BR><BR>[Called By]<UL><LI><a href="#[6c]">&gt;&gt;</a>&nbsp;&nbsp;&nbsp;sys_clk_init
</UL>

<P><STRONG><a name="[4f]"></a>RST_CLK_GetClocksFreq</STRONG> (Thumb, 620 bytes, Stack size 44 bytes, mdr32f9qx_rst_clk.o(i.RST_CLK_GetClocksFreq))
<BR><BR>[Stack]<UL><LI>Max Depth = 44<LI>Call Chain = RST_CLK_GetClocksFreq
</UL>
<BR>[Called By]<UL><LI><a href="#[4e]">&gt;&gt;</a>&nbsp;&nbsp;&nbsp;UART_Init
</UL>

<P><STRONG><a name="[43]"></a>RST_CLK_GetFlagStatus</STRONG> (Thumb, 42 bytes, Stack size 8 bytes, mdr32f9qx_rst_clk.o(i.RST_CLK_GetFlagStatus))
<BR><BR>[Stack]<UL><LI>Max Depth = 8<LI>Call Chain = RST_CLK_GetFlagStatus
</UL>
<BR>[Called By]<UL><LI><a href="#[44]">&gt;&gt;</a>&nbsp;&nbsp;&nbsp;RST_CLK_HSEstatus
<LI><a href="#[42]">&gt;&gt;</a>&nbsp;&nbsp;&nbsp;RST_CLK_CPU_PLLstatus
</UL>

<P><STRONG><a name="[9c]"></a>RST_CLK_HSEconfig</STRONG> (Thumb, 56 bytes, Stack size 0 bytes, mdr32f9qx_rst_clk.o(i.RST_CLK_HSEconfig))
<BR><BR>[Called By]<UL><LI><a href="#[6c]">&gt;&gt;</a>&nbsp;&nbsp;&nbsp;sys_clk_init
</UL>

<P><STRONG><a name="[44]"></a>RST_CLK_HSEstatus</STRONG> (Thumb, 52 bytes, Stack size 16 bytes, mdr32f9qx_rst_clk.o(i.RST_CLK_HSEstatus))
<BR><BR>[Stack]<UL><LI>Max Depth = 24<LI>Call Chain = RST_CLK_HSEstatus &rArr; RST_CLK_GetFlagStatus
</UL>
<BR>[Calls]<UL><LI><a href="#[43]">&gt;&gt;</a>&nbsp;&nbsp;&nbsp;RST_CLK_GetFlagStatus
</UL>
<BR>[Called By]<UL><LI><a href="#[6c]">&gt;&gt;</a>&nbsp;&nbsp;&nbsp;sys_clk_init
</UL>

<P><STRONG><a name="[3f]"></a>RST_CLK_PCLKcmd</STRONG> (Thumb, 26 bytes, Stack size 0 bytes, mdr32f9qx_rst_clk.o(i.RST_CLK_PCLKcmd))
<BR><BR>[Called By]<UL><LI><a href="#[6d]">&gt;&gt;</a>&nbsp;&nbsp;&nbsp;uart_io_init
<LI><a href="#[3e]">&gt;&gt;</a>&nbsp;&nbsp;&nbsp;Init_button
<LI><a href="#[61]">&gt;&gt;</a>&nbsp;&nbsp;&nbsp;U_MLT_Pin_Cfg
</UL>

<P><STRONG><a name="[10]"></a>SSP1_IRQHandler</STRONG> (Thumb, 2 bytes, Stack size 0 bytes, mdr32f9qx_it.o(i.SSP1_IRQHandler))
<BR>[Address Reference Count : 1]<UL><LI> startup_mdr32f9qx.o(RESET)
</UL>
<P><STRONG><a name="[19]"></a>SSP2_IRQHandler</STRONG> (Thumb, 2 bytes, Stack size 0 bytes, mdr32f9qx_it.o(i.SSP2_IRQHandler))
<BR>[Address Reference Count : 1]<UL><LI> startup_mdr32f9qx.o(RESET)
</UL>
<P><STRONG><a name="[9]"></a>SysTick_Handler</STRONG> (Thumb, 46 bytes, Stack size 8 bytes, port.o(i.SysTick_Handler))
<BR><BR>[Stack]<UL><LI>Max Depth = 32<LI>Call Chain = SysTick_Handler &rArr; xTaskIncrementTick
</UL>
<BR>[Calls]<UL><LI><a href="#[45]">&gt;&gt;</a>&nbsp;&nbsp;&nbsp;xTaskIncrementTick
</UL>
<BR>[Address Reference Count : 1]<UL><LI> startup_mdr32f9qx.o(RESET)
</UL>
<P><STRONG><a name="[46]"></a>SystemCoreClockUpdate</STRONG> (Thumb, 130 bytes, Stack size 12 bytes, system_mdr32f9qx.o(i.SystemCoreClockUpdate))
<BR><BR>[Stack]<UL><LI>Max Depth = 12<LI>Call Chain = SystemCoreClockUpdate
</UL>
<BR>[Called By]<UL><LI><a href="#[6c]">&gt;&gt;</a>&nbsp;&nbsp;&nbsp;sys_clk_init
<LI><a href="#[20]">&gt;&gt;</a>&nbsp;&nbsp;&nbsp;SystemInit
</UL>

<P><STRONG><a name="[20]"></a>SystemInit</STRONG> (Thumb, 54 bytes, Stack size 4 bytes, system_mdr32f9qx.o(i.SystemInit))
<BR><BR>[Stack]<UL><LI>Max Depth = 16<LI>Call Chain = SystemInit &rArr; SystemCoreClockUpdate
</UL>
<BR>[Calls]<UL><LI><a href="#[46]">&gt;&gt;</a>&nbsp;&nbsp;&nbsp;SystemCoreClockUpdate
</UL>
<BR>[Address Reference Count : 1]<UL><LI> startup_mdr32f9qx.o(.text)
</UL>
<P><STRONG><a name="[2a]"></a>Task_output</STRONG> (Thumb, 46 bytes, Stack size 0 bytes, menu.o(i.Task_output))
<BR><BR>[Stack]<UL><LI>Max Depth = 104<LI>Call Chain = Task_output &rArr; xQueueGenericReceive &rArr; vTaskPlaceOnEventList &rArr; prvAddCurrentTaskToDelayedList &rArr; vListInsert
</UL>
<BR>[Calls]<UL><LI><a href="#[49]">&gt;&gt;</a>&nbsp;&nbsp;&nbsp;UART_SendData
<LI><a href="#[48]">&gt;&gt;</a>&nbsp;&nbsp;&nbsp;UART_GetFlagStatus
<LI><a href="#[47]">&gt;&gt;</a>&nbsp;&nbsp;&nbsp;xQueueGenericReceive
</UL>
<BR>[Address Reference Count : 1]<UL><LI> main.o(i.main)
</UL>
<P><STRONG><a name="[14]"></a>Timer1_IRQHandler</STRONG> (Thumb, 2 bytes, Stack size 0 bytes, mdr32f9qx_it.o(i.Timer1_IRQHandler))
<BR>[Address Reference Count : 1]<UL><LI> startup_mdr32f9qx.o(RESET)
</UL>
<P><STRONG><a name="[15]"></a>Timer2_IRQHandler</STRONG> (Thumb, 2 bytes, Stack size 0 bytes, mdr32f9qx_it.o(i.Timer2_IRQHandler))
<BR>[Address Reference Count : 1]<UL><LI> startup_mdr32f9qx.o(RESET)
</UL>
<P><STRONG><a name="[16]"></a>Timer3_IRQHandler</STRONG> (Thumb, 2 bytes, Stack size 0 bytes, mdr32f9qx_it.o(i.Timer3_IRQHandler))
<BR>[Address Reference Count : 1]<UL><LI> startup_mdr32f9qx.o(RESET)
</UL>
<P><STRONG><a name="[e]"></a>UART1_IRQHandler</STRONG> (Thumb, 2 bytes, Stack size 0 bytes, mdr32f9qx_it.o(i.UART1_IRQHandler))
<BR>[Address Reference Count : 1]<UL><LI> startup_mdr32f9qx.o(RESET)
</UL>
<P><STRONG><a name="[f]"></a>UART2_IRQHandler</STRONG> (Thumb, 68 bytes, Stack size 8 bytes, main.o(i.UART2_IRQHandler))
<BR><BR>[Stack]<UL><LI>Max Depth = 88<LI>Call Chain = UART2_IRQHandler &rArr; xQueueGenericSendFromISR &rArr; prvCopyDataToQueue &rArr; xTaskPriorityDisinherit
</UL>
<BR>[Calls]<UL><LI><a href="#[4d]">&gt;&gt;</a>&nbsp;&nbsp;&nbsp;xQueueGenericSendFromISR
<LI><a href="#[4c]">&gt;&gt;</a>&nbsp;&nbsp;&nbsp;UART_ReceiveData
<LI><a href="#[4a]">&gt;&gt;</a>&nbsp;&nbsp;&nbsp;UART_GetITStatusMasked
<LI><a href="#[4b]">&gt;&gt;</a>&nbsp;&nbsp;&nbsp;UART_ClearITPendingBit
</UL>
<BR>[Address Reference Count : 1]<UL><LI> startup_mdr32f9qx.o(RESET)
</UL>
<P><STRONG><a name="[a2]"></a>UART_BRGInit</STRONG> (Thumb, 48 bytes, Stack size 0 bytes, mdr32f9qx_uart.o(i.UART_BRGInit))
<BR><BR>[Called By]<UL><LI><a href="#[6d]">&gt;&gt;</a>&nbsp;&nbsp;&nbsp;uart_io_init
</UL>

<P><STRONG><a name="[4b]"></a>UART_ClearITPendingBit</STRONG> (Thumb, 8 bytes, Stack size 0 bytes, mdr32f9qx_uart.o(i.UART_ClearITPendingBit))
<BR><BR>[Called By]<UL><LI><a href="#[f]">&gt;&gt;</a>&nbsp;&nbsp;&nbsp;UART2_IRQHandler
</UL>

<P><STRONG><a name="[a4]"></a>UART_Cmd</STRONG> (Thumb, 24 bytes, Stack size 0 bytes, mdr32f9qx_uart.o(i.UART_Cmd))
<BR><BR>[Called By]<UL><LI><a href="#[6d]">&gt;&gt;</a>&nbsp;&nbsp;&nbsp;uart_io_init
</UL>

<P><STRONG><a name="[48]"></a>UART_GetFlagStatus</STRONG> (Thumb, 16 bytes, Stack size 0 bytes, mdr32f9qx_uart.o(i.UART_GetFlagStatus))
<BR><BR>[Called By]<UL><LI><a href="#[2a]">&gt;&gt;</a>&nbsp;&nbsp;&nbsp;Task_output
</UL>

<P><STRONG><a name="[4a]"></a>UART_GetITStatusMasked</STRONG> (Thumb, 16 bytes, Stack size 0 bytes, mdr32f9qx_uart.o(i.UART_GetITStatusMasked))
<BR><BR>[Called By]<UL><LI><a href="#[f]">&gt;&gt;</a>&nbsp;&nbsp;&nbsp;UART2_IRQHandler
</UL>

<P><STRONG><a name="[a3]"></a>UART_ITConfig</STRONG> (Thumb, 18 bytes, Stack size 0 bytes, mdr32f9qx_uart.o(i.UART_ITConfig))
<BR><BR>[Called By]<UL><LI><a href="#[6d]">&gt;&gt;</a>&nbsp;&nbsp;&nbsp;uart_io_init
</UL>

<P><STRONG><a name="[4e]"></a>UART_Init</STRONG> (Thumb, 162 bytes, Stack size 64 bytes, mdr32f9qx_uart.o(i.UART_Init))
<BR><BR>[Stack]<UL><LI>Max Depth = 108<LI>Call Chain = UART_Init &rArr; RST_CLK_GetClocksFreq
</UL>
<BR>[Calls]<UL><LI><a href="#[4f]">&gt;&gt;</a>&nbsp;&nbsp;&nbsp;RST_CLK_GetClocksFreq
</UL>
<BR>[Called By]<UL><LI><a href="#[6d]">&gt;&gt;</a>&nbsp;&nbsp;&nbsp;uart_io_init
</UL>

<P><STRONG><a name="[4c]"></a>UART_ReceiveData</STRONG> (Thumb, 8 bytes, Stack size 0 bytes, mdr32f9qx_uart.o(i.UART_ReceiveData))
<BR><BR>[Called By]<UL><LI><a href="#[f]">&gt;&gt;</a>&nbsp;&nbsp;&nbsp;UART2_IRQHandler
</UL>

<P><STRONG><a name="[49]"></a>UART_SendData</STRONG> (Thumb, 6 bytes, Stack size 0 bytes, mdr32f9qx_uart.o(i.UART_SendData))
<BR><BR>[Called By]<UL><LI><a href="#[2a]">&gt;&gt;</a>&nbsp;&nbsp;&nbsp;Task_output
</UL>

<P><STRONG><a name="[c]"></a>USB_IRQHandler</STRONG> (Thumb, 2 bytes, Stack size 0 bytes, mdr32f9qx_it.o(i.USB_IRQHandler))
<BR>[Address Reference Count : 1]<UL><LI> startup_mdr32f9qx.o(RESET)
</UL>
<P><STRONG><a name="[28]"></a>U_MENU_Output</STRONG> (Thumb, 178 bytes, Stack size 56 bytes, menu.o(i.U_MENU_Output))
<BR><BR>[Stack]<UL><LI>Max Depth = 256<LI>Call Chain = U_MENU_Output &rArr; __0scanf &rArr; __vfscanf_char_file &rArr; __vfscanf_char &rArr; __vfscanf &rArr; _scanf_string
</UL>
<BR>[Calls]<UL><LI><a href="#[52]">&gt;&gt;</a>&nbsp;&nbsp;&nbsp;xQueueGenericSend
<LI><a href="#[50]">&gt;&gt;</a>&nbsp;&nbsp;&nbsp;vTaskDelay
<LI><a href="#[53]">&gt;&gt;</a>&nbsp;&nbsp;&nbsp;__2printf
<LI><a href="#[51]">&gt;&gt;</a>&nbsp;&nbsp;&nbsp;strlen
<LI><a href="#[32]">&gt;&gt;</a>&nbsp;&nbsp;&nbsp;__0scanf
</UL>
<BR>[Address Reference Count : 1]<UL><LI> main.o(i.main)
</UL>
<P><STRONG><a name="[27]"></a>U_MENU_Running_String_Task_Function</STRONG> (Thumb, 26 bytes, Stack size 24 bytes, menu.o(i.U_MENU_Running_String_Task_Function))
<BR><BR>[Stack]<UL><LI>Max Depth = 80<LI>Call Chain = U_MENU_Running_String_Task_Function &rArr; vTaskDelay &rArr; xTaskResumeAll &rArr; xTaskIncrementTick
</UL>
<BR>[Calls]<UL><LI><a href="#[50]">&gt;&gt;</a>&nbsp;&nbsp;&nbsp;vTaskDelay
<LI><a href="#[54]">&gt;&gt;</a>&nbsp;&nbsp;&nbsp;__aeabi_memcpy4
</UL>
<BR>[Address Reference Count : 1]<UL><LI> main.o(i.main)
</UL>
<P><STRONG><a name="[55]"></a>U_MLT_Clear_Chip</STRONG> (Thumb, 24 bytes, Stack size 16 bytes, mlt_lcd.o(i.U_MLT_Clear_Chip))
<BR><BR>[Stack]<UL><LI>Max Depth = 56<LI>Call Chain = U_MLT_Clear_Chip &rArr; U_MLT_Clear_Page &rArr; U_MLT_Write_Data &rArr; U_MLT_Delay
</UL>
<BR>[Calls]<UL><LI><a href="#[56]">&gt;&gt;</a>&nbsp;&nbsp;&nbsp;U_MLT_Clear_Page
</UL>
<BR>[Called By]<UL><LI><a href="#[60]">&gt;&gt;</a>&nbsp;&nbsp;&nbsp;U_MLT_Init
</UL>

<P><STRONG><a name="[56]"></a>U_MLT_Clear_Page</STRONG> (Thumb, 58 bytes, Stack size 16 bytes, mlt_lcd.o(i.U_MLT_Clear_Page))
<BR><BR>[Stack]<UL><LI>Max Depth = 40<LI>Call Chain = U_MLT_Clear_Page &rArr; U_MLT_Write_Data &rArr; U_MLT_Delay
</UL>
<BR>[Calls]<UL><LI><a href="#[5a]">&gt;&gt;</a>&nbsp;&nbsp;&nbsp;U_MLT_Write_Data
<LI><a href="#[57]">&gt;&gt;</a>&nbsp;&nbsp;&nbsp;U_MLT_Set_Page
<LI><a href="#[58]">&gt;&gt;</a>&nbsp;&nbsp;&nbsp;U_MLT_Set_Address
<LI><a href="#[59]">&gt;&gt;</a>&nbsp;&nbsp;&nbsp;U_MLT_Read_Status
</UL>
<BR>[Called By]<UL><LI><a href="#[55]">&gt;&gt;</a>&nbsp;&nbsp;&nbsp;U_MLT_Clear_Chip
</UL>

<P><STRONG><a name="[5e]"></a>U_MLT_Delay</STRONG> (Thumb, 18 bytes, Stack size 8 bytes, mlt_lcd.o(i.U_MLT_Delay))
<BR><BR>[Stack]<UL><LI>Max Depth = 8<LI>Call Chain = U_MLT_Delay
</UL>
<BR>[Called By]<UL><LI><a href="#[5a]">&gt;&gt;</a>&nbsp;&nbsp;&nbsp;U_MLT_Write_Data
<LI><a href="#[57]">&gt;&gt;</a>&nbsp;&nbsp;&nbsp;U_MLT_Set_Page
<LI><a href="#[58]">&gt;&gt;</a>&nbsp;&nbsp;&nbsp;U_MLT_Set_Address
<LI><a href="#[59]">&gt;&gt;</a>&nbsp;&nbsp;&nbsp;U_MLT_Read_Status
<LI><a href="#[62]">&gt;&gt;</a>&nbsp;&nbsp;&nbsp;U_MLT_LCD_Init
<LI><a href="#[5b]">&gt;&gt;</a>&nbsp;&nbsp;&nbsp;U_MLT_Disp_On
</UL>

<P><STRONG><a name="[5b]"></a>U_MLT_Disp_On</STRONG> (Thumb, 188 bytes, Stack size 8 bytes, mlt_lcd.o(i.U_MLT_Disp_On))
<BR><BR>[Stack]<UL><LI>Max Depth = 16<LI>Call Chain = U_MLT_Disp_On &rArr; U_MLT_Delay
</UL>
<BR>[Calls]<UL><LI><a href="#[5c]">&gt;&gt;</a>&nbsp;&nbsp;&nbsp;PORT_SetBits
<LI><a href="#[5d]">&gt;&gt;</a>&nbsp;&nbsp;&nbsp;PORT_ResetBits
<LI><a href="#[5f]">&gt;&gt;</a>&nbsp;&nbsp;&nbsp;U_MLT_Set_Data_Bits
<LI><a href="#[5e]">&gt;&gt;</a>&nbsp;&nbsp;&nbsp;U_MLT_Delay
</UL>
<BR>[Called By]<UL><LI><a href="#[60]">&gt;&gt;</a>&nbsp;&nbsp;&nbsp;U_MLT_Init
</UL>

<P><STRONG><a name="[60]"></a>U_MLT_Init</STRONG> (Thumb, 94 bytes, Stack size 8 bytes, mlt_lcd.o(i.U_MLT_Init))
<BR><BR>[Stack]<UL><LI>Max Depth = 96<LI>Call Chain = U_MLT_Init &rArr; U_MLT_Put_Image &rArr; U_MLT_Write_Data &rArr; U_MLT_Delay
</UL>
<BR>[Calls]<UL><LI><a href="#[63]">&gt;&gt;</a>&nbsp;&nbsp;&nbsp;U_MLT_Put_String
<LI><a href="#[59]">&gt;&gt;</a>&nbsp;&nbsp;&nbsp;U_MLT_Read_Status
<LI><a href="#[64]">&gt;&gt;</a>&nbsp;&nbsp;&nbsp;U_MLT_Put_Image
<LI><a href="#[61]">&gt;&gt;</a>&nbsp;&nbsp;&nbsp;U_MLT_Pin_Cfg
<LI><a href="#[62]">&gt;&gt;</a>&nbsp;&nbsp;&nbsp;U_MLT_LCD_Init
<LI><a href="#[5b]">&gt;&gt;</a>&nbsp;&nbsp;&nbsp;U_MLT_Disp_On
<LI><a href="#[55]">&gt;&gt;</a>&nbsp;&nbsp;&nbsp;U_MLT_Clear_Chip
</UL>
<BR>[Called By]<UL><LI><a href="#[1f]">&gt;&gt;</a>&nbsp;&nbsp;&nbsp;main
</UL>

<P><STRONG><a name="[62]"></a>U_MLT_LCD_Init</STRONG> (Thumb, 64 bytes, Stack size 8 bytes, mlt_lcd.o(i.U_MLT_LCD_Init))
<BR><BR>[Stack]<UL><LI>Max Depth = 32<LI>Call Chain = U_MLT_LCD_Init &rArr; U_MLT_Read_Status &rArr; U_MLT_Delay
</UL>
<BR>[Calls]<UL><LI><a href="#[5c]">&gt;&gt;</a>&nbsp;&nbsp;&nbsp;PORT_SetBits
<LI><a href="#[5d]">&gt;&gt;</a>&nbsp;&nbsp;&nbsp;PORT_ResetBits
<LI><a href="#[59]">&gt;&gt;</a>&nbsp;&nbsp;&nbsp;U_MLT_Read_Status
<LI><a href="#[5e]">&gt;&gt;</a>&nbsp;&nbsp;&nbsp;U_MLT_Delay
</UL>
<BR>[Called By]<UL><LI><a href="#[60]">&gt;&gt;</a>&nbsp;&nbsp;&nbsp;U_MLT_Init
</UL>

<P><STRONG><a name="[61]"></a>U_MLT_Pin_Cfg</STRONG> (Thumb, 120 bytes, Stack size 16 bytes, mlt_lcd.o(i.U_MLT_Pin_Cfg))
<BR><BR>[Stack]<UL><LI>Max Depth = 64<LI>Call Chain = U_MLT_Pin_Cfg &rArr; PORT_Init
</UL>
<BR>[Calls]<UL><LI><a href="#[3f]">&gt;&gt;</a>&nbsp;&nbsp;&nbsp;RST_CLK_PCLKcmd
<LI><a href="#[41]">&gt;&gt;</a>&nbsp;&nbsp;&nbsp;PORT_Init
</UL>
<BR>[Called By]<UL><LI><a href="#[60]">&gt;&gt;</a>&nbsp;&nbsp;&nbsp;U_MLT_Init
</UL>

<P><STRONG><a name="[65]"></a>U_MLT_Put_Char</STRONG> (Thumb, 128 bytes, Stack size 40 bytes, mlt_lcd.o(i.U_MLT_Put_Char))
<BR><BR>[Stack]<UL><LI>Max Depth = 64<LI>Call Chain = U_MLT_Put_Char &rArr; U_MLT_Write_Data &rArr; U_MLT_Delay
</UL>
<BR>[Calls]<UL><LI><a href="#[5a]">&gt;&gt;</a>&nbsp;&nbsp;&nbsp;U_MLT_Write_Data
<LI><a href="#[57]">&gt;&gt;</a>&nbsp;&nbsp;&nbsp;U_MLT_Set_Page
<LI><a href="#[58]">&gt;&gt;</a>&nbsp;&nbsp;&nbsp;U_MLT_Set_Address
<LI><a href="#[59]">&gt;&gt;</a>&nbsp;&nbsp;&nbsp;U_MLT_Read_Status
</UL>
<BR>[Called By]<UL><LI><a href="#[63]">&gt;&gt;</a>&nbsp;&nbsp;&nbsp;U_MLT_Put_String
</UL>

<P><STRONG><a name="[64]"></a>U_MLT_Put_Image</STRONG> (Thumb, 140 bytes, Stack size 64 bytes, mlt_lcd.o(i.U_MLT_Put_Image))
<BR><BR>[Stack]<UL><LI>Max Depth = 88<LI>Call Chain = U_MLT_Put_Image &rArr; U_MLT_Write_Data &rArr; U_MLT_Delay
</UL>
<BR>[Calls]<UL><LI><a href="#[5a]">&gt;&gt;</a>&nbsp;&nbsp;&nbsp;U_MLT_Write_Data
<LI><a href="#[57]">&gt;&gt;</a>&nbsp;&nbsp;&nbsp;U_MLT_Set_Page
<LI><a href="#[58]">&gt;&gt;</a>&nbsp;&nbsp;&nbsp;U_MLT_Set_Address
<LI><a href="#[59]">&gt;&gt;</a>&nbsp;&nbsp;&nbsp;U_MLT_Read_Status
</UL>
<BR>[Called By]<UL><LI><a href="#[60]">&gt;&gt;</a>&nbsp;&nbsp;&nbsp;U_MLT_Init
</UL>

<P><STRONG><a name="[63]"></a>U_MLT_Put_String</STRONG> (Thumb, 54 bytes, Stack size 16 bytes, mlt_lcd.o(i.U_MLT_Put_String))
<BR><BR>[Stack]<UL><LI>Max Depth = 80<LI>Call Chain = U_MLT_Put_String &rArr; U_MLT_Put_Char &rArr; U_MLT_Write_Data &rArr; U_MLT_Delay
</UL>
<BR>[Calls]<UL><LI><a href="#[65]">&gt;&gt;</a>&nbsp;&nbsp;&nbsp;U_MLT_Put_Char
</UL>
<BR>[Called By]<UL><LI><a href="#[66]">&gt;&gt;</a>&nbsp;&nbsp;&nbsp;U_MLT_Scroll_String
<LI><a href="#[60]">&gt;&gt;</a>&nbsp;&nbsp;&nbsp;U_MLT_Init
</UL>

<P><STRONG><a name="[59]"></a>U_MLT_Read_Status</STRONG> (Thumb, 182 bytes, Stack size 16 bytes, mlt_lcd.o(i.U_MLT_Read_Status))
<BR><BR>[Stack]<UL><LI>Max Depth = 24<LI>Call Chain = U_MLT_Read_Status &rArr; U_MLT_Delay
</UL>
<BR>[Calls]<UL><LI><a href="#[5c]">&gt;&gt;</a>&nbsp;&nbsp;&nbsp;PORT_SetBits
<LI><a href="#[5d]">&gt;&gt;</a>&nbsp;&nbsp;&nbsp;PORT_ResetBits
<LI><a href="#[5e]">&gt;&gt;</a>&nbsp;&nbsp;&nbsp;U_MLT_Delay
</UL>
<BR>[Called By]<UL><LI><a href="#[60]">&gt;&gt;</a>&nbsp;&nbsp;&nbsp;U_MLT_Init
<LI><a href="#[64]">&gt;&gt;</a>&nbsp;&nbsp;&nbsp;U_MLT_Put_Image
<LI><a href="#[65]">&gt;&gt;</a>&nbsp;&nbsp;&nbsp;U_MLT_Put_Char
<LI><a href="#[62]">&gt;&gt;</a>&nbsp;&nbsp;&nbsp;U_MLT_LCD_Init
<LI><a href="#[56]">&gt;&gt;</a>&nbsp;&nbsp;&nbsp;U_MLT_Clear_Page
</UL>

<P><STRONG><a name="[66]"></a>U_MLT_Scroll_String</STRONG> (Thumb, 142 bytes, Stack size 56 bytes, mlt_lcd.o(i.U_MLT_Scroll_String))
<BR><BR>[Stack]<UL><LI>Max Depth = 136<LI>Call Chain = U_MLT_Scroll_String &rArr; U_MLT_Put_String &rArr; U_MLT_Put_Char &rArr; U_MLT_Write_Data &rArr; U_MLT_Delay
</UL>
<BR>[Calls]<UL><LI><a href="#[63]">&gt;&gt;</a>&nbsp;&nbsp;&nbsp;U_MLT_Put_String
<LI><a href="#[51]">&gt;&gt;</a>&nbsp;&nbsp;&nbsp;strlen
</UL>
<BR>[Called By]<UL><LI><a href="#[2b]">&gt;&gt;</a>&nbsp;&nbsp;&nbsp;vQHandler
</UL>

<P><STRONG><a name="[58]"></a>U_MLT_Set_Address</STRONG> (Thumb, 192 bytes, Stack size 16 bytes, mlt_lcd.o(i.U_MLT_Set_Address))
<BR><BR>[Stack]<UL><LI>Max Depth = 24<LI>Call Chain = U_MLT_Set_Address &rArr; U_MLT_Delay
</UL>
<BR>[Calls]<UL><LI><a href="#[5c]">&gt;&gt;</a>&nbsp;&nbsp;&nbsp;PORT_SetBits
<LI><a href="#[5d]">&gt;&gt;</a>&nbsp;&nbsp;&nbsp;PORT_ResetBits
<LI><a href="#[5f]">&gt;&gt;</a>&nbsp;&nbsp;&nbsp;U_MLT_Set_Data_Bits
<LI><a href="#[5e]">&gt;&gt;</a>&nbsp;&nbsp;&nbsp;U_MLT_Delay
</UL>
<BR>[Called By]<UL><LI><a href="#[64]">&gt;&gt;</a>&nbsp;&nbsp;&nbsp;U_MLT_Put_Image
<LI><a href="#[65]">&gt;&gt;</a>&nbsp;&nbsp;&nbsp;U_MLT_Put_Char
<LI><a href="#[56]">&gt;&gt;</a>&nbsp;&nbsp;&nbsp;U_MLT_Clear_Page
</UL>

<P><STRONG><a name="[5f]"></a>U_MLT_Set_Data_Bits</STRONG> (Thumb, 60 bytes, Stack size 0 bytes, mlt_lcd.o(i.U_MLT_Set_Data_Bits))
<BR><BR>[Called By]<UL><LI><a href="#[5a]">&gt;&gt;</a>&nbsp;&nbsp;&nbsp;U_MLT_Write_Data
<LI><a href="#[57]">&gt;&gt;</a>&nbsp;&nbsp;&nbsp;U_MLT_Set_Page
<LI><a href="#[58]">&gt;&gt;</a>&nbsp;&nbsp;&nbsp;U_MLT_Set_Address
<LI><a href="#[5b]">&gt;&gt;</a>&nbsp;&nbsp;&nbsp;U_MLT_Disp_On
</UL>

<P><STRONG><a name="[57]"></a>U_MLT_Set_Page</STRONG> (Thumb, 192 bytes, Stack size 16 bytes, mlt_lcd.o(i.U_MLT_Set_Page))
<BR><BR>[Stack]<UL><LI>Max Depth = 24<LI>Call Chain = U_MLT_Set_Page &rArr; U_MLT_Delay
</UL>
<BR>[Calls]<UL><LI><a href="#[5c]">&gt;&gt;</a>&nbsp;&nbsp;&nbsp;PORT_SetBits
<LI><a href="#[5d]">&gt;&gt;</a>&nbsp;&nbsp;&nbsp;PORT_ResetBits
<LI><a href="#[5f]">&gt;&gt;</a>&nbsp;&nbsp;&nbsp;U_MLT_Set_Data_Bits
<LI><a href="#[5e]">&gt;&gt;</a>&nbsp;&nbsp;&nbsp;U_MLT_Delay
</UL>
<BR>[Called By]<UL><LI><a href="#[64]">&gt;&gt;</a>&nbsp;&nbsp;&nbsp;U_MLT_Put_Image
<LI><a href="#[65]">&gt;&gt;</a>&nbsp;&nbsp;&nbsp;U_MLT_Put_Char
<LI><a href="#[56]">&gt;&gt;</a>&nbsp;&nbsp;&nbsp;U_MLT_Clear_Page
</UL>

<P><STRONG><a name="[5a]"></a>U_MLT_Write_Data</STRONG> (Thumb, 190 bytes, Stack size 16 bytes, mlt_lcd.o(i.U_MLT_Write_Data))
<BR><BR>[Stack]<UL><LI>Max Depth = 24<LI>Call Chain = U_MLT_Write_Data &rArr; U_MLT_Delay
</UL>
<BR>[Calls]<UL><LI><a href="#[5c]">&gt;&gt;</a>&nbsp;&nbsp;&nbsp;PORT_SetBits
<LI><a href="#[5d]">&gt;&gt;</a>&nbsp;&nbsp;&nbsp;PORT_ResetBits
<LI><a href="#[5f]">&gt;&gt;</a>&nbsp;&nbsp;&nbsp;U_MLT_Set_Data_Bits
<LI><a href="#[5e]">&gt;&gt;</a>&nbsp;&nbsp;&nbsp;U_MLT_Delay
</UL>
<BR>[Called By]<UL><LI><a href="#[64]">&gt;&gt;</a>&nbsp;&nbsp;&nbsp;U_MLT_Put_Image
<LI><a href="#[65]">&gt;&gt;</a>&nbsp;&nbsp;&nbsp;U_MLT_Put_Char
<LI><a href="#[56]">&gt;&gt;</a>&nbsp;&nbsp;&nbsp;U_MLT_Clear_Page
</UL>

<P><STRONG><a name="[29]"></a>U_Privet</STRONG> (Thumb, 16 bytes, Stack size 8 bytes, menu.o(i.U_Privet))
<BR><BR>[Stack]<UL><LI>Max Depth = 88<LI>Call Chain = U_Privet &rArr; vTaskDelete &rArr; prvDeleteTCB &rArr; vPortFree &rArr; xTaskResumeAll &rArr; xTaskIncrementTick
</UL>
<BR>[Calls]<UL><LI><a href="#[67]">&gt;&gt;</a>&nbsp;&nbsp;&nbsp;vTaskDelete
<LI><a href="#[53]">&gt;&gt;</a>&nbsp;&nbsp;&nbsp;__2printf
</UL>
<BR>[Address Reference Count : 1]<UL><LI> main.o(i.main)
</UL>
<P><STRONG><a name="[5]"></a>UsageFault_Handler</STRONG> (Thumb, 4 bytes, Stack size 0 bytes, mdr32f9qx_it.o(i.UsageFault_Handler))
<BR>[Address Reference Count : 1]<UL><LI> startup_mdr32f9qx.o(RESET)
</UL>
<P><STRONG><a name="[13]"></a>WWDG_IRQHandler</STRONG> (Thumb, 2 bytes, Stack size 0 bytes, mdr32f9qx_it.o(i.WWDG_IRQHandler))
<BR>[Address Reference Count : 1]<UL><LI> startup_mdr32f9qx.o(RESET)
</UL>
<P><STRONG><a name="[68]"></a>__0printf$3</STRONG> (Thumb, 22 bytes, Stack size 24 bytes, printf3.o(i.__0printf$3), UNUSED)
<BR><BR>[Calls]<UL><LI><a href="#[69]">&gt;&gt;</a>&nbsp;&nbsp;&nbsp;_printf_core
</UL>

<P><STRONG><a name="[be]"></a>__1printf$3</STRONG> (Thumb, 0 bytes, Stack size 24 bytes, printf3.o(i.__0printf$3), UNUSED)

<P><STRONG><a name="[53]"></a>__2printf</STRONG> (Thumb, 0 bytes, Stack size 24 bytes, printf3.o(i.__0printf$3))
<BR><BR>[Stack]<UL><LI>Max Depth = 24<LI>Call Chain = __2printf
</UL>
<BR>[Called By]<UL><LI><a href="#[29]">&gt;&gt;</a>&nbsp;&nbsp;&nbsp;U_Privet
<LI><a href="#[28]">&gt;&gt;</a>&nbsp;&nbsp;&nbsp;U_MENU_Output
<LI><a href="#[2b]">&gt;&gt;</a>&nbsp;&nbsp;&nbsp;vQHandler
</UL>

<P><STRONG><a name="[35]"></a>__aeabi_errno_addr</STRONG> (Thumb, 4 bytes, Stack size 0 bytes, errno.o(i.__aeabi_errno_addr))
<BR><BR>[Called By]<UL><LI><a href="#[38]">&gt;&gt;</a>&nbsp;&nbsp;&nbsp;_strtoul
<LI><a href="#[36]">&gt;&gt;</a>&nbsp;&nbsp;&nbsp;strtol
<LI><a href="#[34]">&gt;&gt;</a>&nbsp;&nbsp;&nbsp;atoi
</UL>

<P><STRONG><a name="[bf]"></a>__rt_errno_addr</STRONG> (Thumb, 0 bytes, Stack size 0 bytes, errno.o(i.__aeabi_errno_addr), UNUSED)

<P><STRONG><a name="[c0]"></a>__scatterload_copy</STRONG> (Thumb, 14 bytes, Stack size unknown bytes, handlers.o(i.__scatterload_copy), UNUSED)

<P><STRONG><a name="[c1]"></a>__scatterload_null</STRONG> (Thumb, 2 bytes, Stack size unknown bytes, handlers.o(i.__scatterload_null), UNUSED)

<P><STRONG><a name="[c2]"></a>__scatterload_zeroinit</STRONG> (Thumb, 14 bytes, Stack size unknown bytes, handlers.o(i.__scatterload_zeroinit), UNUSED)

<P><STRONG><a name="[22]"></a>fgetc</STRONG> (Thumb, 32 bytes, Stack size 16 bytes, uart_io.o(i.fgetc))
<BR><BR>[Stack]<UL><LI>Max Depth = 120<LI>Call Chain = fgetc &rArr; xQueueGenericReceive &rArr; vTaskPlaceOnEventList &rArr; prvAddCurrentTaskToDelayedList &rArr; vListInsert
</UL>
<BR>[Calls]<UL><LI><a href="#[47]">&gt;&gt;</a>&nbsp;&nbsp;&nbsp;xQueueGenericReceive
</UL>
<BR>[Address Reference Count : 1]<UL><LI> scanf_char_file.o(.text)
</UL>
<P><STRONG><a name="[26]"></a>fputc</STRONG> (Thumb, 28 bytes, Stack size 16 bytes, uart_io.o(i.fputc))
<BR><BR>[Stack]<UL><LI>Max Depth = 120<LI>Call Chain = fputc &rArr; xQueueGenericSend &rArr; vTaskPlaceOnEventList &rArr; prvAddCurrentTaskToDelayedList &rArr; vListInsert
</UL>
<BR>[Calls]<UL><LI><a href="#[52]">&gt;&gt;</a>&nbsp;&nbsp;&nbsp;xQueueGenericSend
</UL>
<BR>[Address Reference Count : 1]<UL><LI> printf3.o(i.__0printf$3)
</UL>
<P><STRONG><a name="[6b]"></a>init</STRONG> (Thumb, 8 bytes, Stack size 8 bytes, init.o(i.init))
<BR><BR>[Stack]<UL><LI>Max Depth = 40<LI>Call Chain = init &rArr; sys_clk_init &rArr; RST_CLK_HSEstatus &rArr; RST_CLK_GetFlagStatus
</UL>
<BR>[Calls]<UL><LI><a href="#[6c]">&gt;&gt;</a>&nbsp;&nbsp;&nbsp;sys_clk_init
</UL>
<BR>[Called By]<UL><LI><a href="#[1f]">&gt;&gt;</a>&nbsp;&nbsp;&nbsp;main
</UL>

<P><STRONG><a name="[1f]"></a>main</STRONG> (Thumb, 168 bytes, Stack size 16 bytes, main.o(i.main))
<BR><BR>[Stack]<UL><LI>Max Depth = 184<LI>Call Chain = main &rArr; vTaskStartScheduler &rArr; xTimerCreateTimerTask &rArr; xTaskCreate &rArr; pvPortMalloc &rArr; xTaskResumeAll &rArr; xTaskIncrementTick
</UL>
<BR>[Calls]<UL><LI><a href="#[6f]">&gt;&gt;</a>&nbsp;&nbsp;&nbsp;xTaskCreate
<LI><a href="#[6e]">&gt;&gt;</a>&nbsp;&nbsp;&nbsp;xQueueGenericCreate
<LI><a href="#[70]">&gt;&gt;</a>&nbsp;&nbsp;&nbsp;vTaskStartScheduler
<LI><a href="#[6d]">&gt;&gt;</a>&nbsp;&nbsp;&nbsp;uart_io_init
<LI><a href="#[6b]">&gt;&gt;</a>&nbsp;&nbsp;&nbsp;init
<LI><a href="#[60]">&gt;&gt;</a>&nbsp;&nbsp;&nbsp;U_MLT_Init
<LI><a href="#[3e]">&gt;&gt;</a>&nbsp;&nbsp;&nbsp;Init_button
</UL>
<BR>[Address Reference Count : 1]<UL><LI> entry9a.o(.ARM.Collect$$$$0000000B)
</UL>
<P><STRONG><a name="[9a]"></a>pvPortMalloc</STRONG> (Thumb, 166 bytes, Stack size 24 bytes, heap_2.o(i.pvPortMalloc))
<BR><BR>[Stack]<UL><LI>Max Depth = 64<LI>Call Chain = pvPortMalloc &rArr; xTaskResumeAll &rArr; xTaskIncrementTick
</UL>
<BR>[Calls]<UL><LI><a href="#[9b]">&gt;&gt;</a>&nbsp;&nbsp;&nbsp;prvHeapInit
<LI><a href="#[7e]">&gt;&gt;</a>&nbsp;&nbsp;&nbsp;xTaskResumeAll
<LI><a href="#[7d]">&gt;&gt;</a>&nbsp;&nbsp;&nbsp;vTaskSuspendAll
</UL>
<BR>[Called By]<UL><LI><a href="#[6f]">&gt;&gt;</a>&nbsp;&nbsp;&nbsp;xTaskCreate
<LI><a href="#[6e]">&gt;&gt;</a>&nbsp;&nbsp;&nbsp;xQueueGenericCreate
</UL>

<P><STRONG><a name="[ad]"></a>pvTaskIncrementMutexHeldCount</STRONG> (Thumb, 26 bytes, Stack size 0 bytes, tasks.o(i.pvTaskIncrementMutexHeldCount))
<BR><BR>[Called By]<UL><LI><a href="#[47]">&gt;&gt;</a>&nbsp;&nbsp;&nbsp;xQueueGenericReceive
</UL>

<P><STRONG><a name="[8a]"></a>pxPortInitialiseStack</STRONG> (Thumb, 30 bytes, Stack size 0 bytes, port.o(i.pxPortInitialiseStack))
<BR><BR>[Called By]<UL><LI><a href="#[88]">&gt;&gt;</a>&nbsp;&nbsp;&nbsp;prvInitialiseNewTask
</UL>

<P><STRONG><a name="[6c]"></a>sys_clk_init</STRONG> (Thumb, 64 bytes, Stack size 8 bytes, init.o(i.sys_clk_init))
<BR><BR>[Stack]<UL><LI>Max Depth = 32<LI>Call Chain = sys_clk_init &rArr; RST_CLK_HSEstatus &rArr; RST_CLK_GetFlagStatus
</UL>
<BR>[Calls]<UL><LI><a href="#[46]">&gt;&gt;</a>&nbsp;&nbsp;&nbsp;SystemCoreClockUpdate
<LI><a href="#[44]">&gt;&gt;</a>&nbsp;&nbsp;&nbsp;RST_CLK_HSEstatus
<LI><a href="#[9c]">&gt;&gt;</a>&nbsp;&nbsp;&nbsp;RST_CLK_HSEconfig
<LI><a href="#[a1]">&gt;&gt;</a>&nbsp;&nbsp;&nbsp;RST_CLK_CPUclkSelection
<LI><a href="#[9f]">&gt;&gt;</a>&nbsp;&nbsp;&nbsp;RST_CLK_CPUclkPrescaler
<LI><a href="#[a0]">&gt;&gt;</a>&nbsp;&nbsp;&nbsp;RST_CLK_CPU_PLLuse
<LI><a href="#[42]">&gt;&gt;</a>&nbsp;&nbsp;&nbsp;RST_CLK_CPU_PLLstatus
<LI><a href="#[9d]">&gt;&gt;</a>&nbsp;&nbsp;&nbsp;RST_CLK_CPU_PLLconfig
<LI><a href="#[9e]">&gt;&gt;</a>&nbsp;&nbsp;&nbsp;RST_CLK_CPU_PLLcmd
</UL>
<BR>[Called By]<UL><LI><a href="#[6b]">&gt;&gt;</a>&nbsp;&nbsp;&nbsp;init
</UL>

<P><STRONG><a name="[6d]"></a>uart_io_init</STRONG> (Thumb, 206 bytes, Stack size 32 bytes, uart_io.o(i.uart_io_init))
<BR><BR>[Stack]<UL><LI>Max Depth = 140<LI>Call Chain = uart_io_init &rArr; UART_Init &rArr; RST_CLK_GetClocksFreq
</UL>
<BR>[Calls]<UL><LI><a href="#[4e]">&gt;&gt;</a>&nbsp;&nbsp;&nbsp;UART_Init
<LI><a href="#[a3]">&gt;&gt;</a>&nbsp;&nbsp;&nbsp;UART_ITConfig
<LI><a href="#[a4]">&gt;&gt;</a>&nbsp;&nbsp;&nbsp;UART_Cmd
<LI><a href="#[a2]">&gt;&gt;</a>&nbsp;&nbsp;&nbsp;UART_BRGInit
<LI><a href="#[3f]">&gt;&gt;</a>&nbsp;&nbsp;&nbsp;RST_CLK_PCLKcmd
<LI><a href="#[41]">&gt;&gt;</a>&nbsp;&nbsp;&nbsp;PORT_Init
</UL>
<BR>[Called By]<UL><LI><a href="#[1f]">&gt;&gt;</a>&nbsp;&nbsp;&nbsp;main
</UL>

<P><STRONG><a name="[72]"></a>uxListRemove</STRONG> (Thumb, 40 bytes, Stack size 0 bytes, list.o(i.uxListRemove))
<BR><BR>[Called By]<UL><LI><a href="#[7e]">&gt;&gt;</a>&nbsp;&nbsp;&nbsp;xTaskResumeAll
<LI><a href="#[67]">&gt;&gt;</a>&nbsp;&nbsp;&nbsp;vTaskDelete
<LI><a href="#[95]">&gt;&gt;</a>&nbsp;&nbsp;&nbsp;prvSwitchTimerLists
<LI><a href="#[90]">&gt;&gt;</a>&nbsp;&nbsp;&nbsp;prvProcessReceivedCommands
<LI><a href="#[8e]">&gt;&gt;</a>&nbsp;&nbsp;&nbsp;prvProcessExpiredTimer
<LI><a href="#[7c]">&gt;&gt;</a>&nbsp;&nbsp;&nbsp;prvCheckTasksWaitingTermination
<LI><a href="#[71]">&gt;&gt;</a>&nbsp;&nbsp;&nbsp;prvAddCurrentTaskToDelayedList
<LI><a href="#[98]">&gt;&gt;</a>&nbsp;&nbsp;&nbsp;xTaskRemoveFromEventList
<LI><a href="#[83]">&gt;&gt;</a>&nbsp;&nbsp;&nbsp;xTaskPriorityDisinherit
<LI><a href="#[a8]">&gt;&gt;</a>&nbsp;&nbsp;&nbsp;vTaskPriorityInherit
<LI><a href="#[45]">&gt;&gt;</a>&nbsp;&nbsp;&nbsp;xTaskIncrementTick
</UL>

<P><STRONG><a name="[85]"></a>vApplicationIdleHook</STRONG> (Thumb, 2 bytes, Stack size 0 bytes, main.o(i.vApplicationIdleHook))
<BR><BR>[Called By]<UL><LI><a href="#[2d]">&gt;&gt;</a>&nbsp;&nbsp;&nbsp;prvIdleTask
</UL>

<P><STRONG><a name="[7a]"></a>vListInitialise</STRONG> (Thumb, 26 bytes, Stack size 0 bytes, list.o(i.vListInitialise))
<BR><BR>[Called By]<UL><LI><a href="#[79]">&gt;&gt;</a>&nbsp;&nbsp;&nbsp;prvCheckForValidListAndQueue
<LI><a href="#[77]">&gt;&gt;</a>&nbsp;&nbsp;&nbsp;prvInitialiseTaskLists
<LI><a href="#[87]">&gt;&gt;</a>&nbsp;&nbsp;&nbsp;xQueueGenericReset
</UL>

<P><STRONG><a name="[89]"></a>vListInitialiseItem</STRONG> (Thumb, 6 bytes, Stack size 0 bytes, list.o(i.vListInitialiseItem))
<BR><BR>[Called By]<UL><LI><a href="#[88]">&gt;&gt;</a>&nbsp;&nbsp;&nbsp;prvInitialiseNewTask
</UL>

<P><STRONG><a name="[74]"></a>vListInsert</STRONG> (Thumb, 52 bytes, Stack size 8 bytes, list.o(i.vListInsert))
<BR><BR>[Stack]<UL><LI>Max Depth = 8<LI>Call Chain = vListInsert
</UL>
<BR>[Called By]<UL><LI><a href="#[95]">&gt;&gt;</a>&nbsp;&nbsp;&nbsp;prvSwitchTimerLists
<LI><a href="#[8b]">&gt;&gt;</a>&nbsp;&nbsp;&nbsp;prvInsertTimerInActiveList
<LI><a href="#[71]">&gt;&gt;</a>&nbsp;&nbsp;&nbsp;prvAddCurrentTaskToDelayedList
<LI><a href="#[a7]">&gt;&gt;</a>&nbsp;&nbsp;&nbsp;vTaskPlaceOnEventList
</UL>

<P><STRONG><a name="[73]"></a>vListInsertEnd</STRONG> (Thumb, 24 bytes, Stack size 0 bytes, list.o(i.vListInsertEnd))
<BR><BR>[Called By]<UL><LI><a href="#[7e]">&gt;&gt;</a>&nbsp;&nbsp;&nbsp;xTaskResumeAll
<LI><a href="#[67]">&gt;&gt;</a>&nbsp;&nbsp;&nbsp;vTaskDelete
<LI><a href="#[75]">&gt;&gt;</a>&nbsp;&nbsp;&nbsp;prvAddNewTaskToReadyList
<LI><a href="#[71]">&gt;&gt;</a>&nbsp;&nbsp;&nbsp;prvAddCurrentTaskToDelayedList
<LI><a href="#[98]">&gt;&gt;</a>&nbsp;&nbsp;&nbsp;xTaskRemoveFromEventList
<LI><a href="#[83]">&gt;&gt;</a>&nbsp;&nbsp;&nbsp;xTaskPriorityDisinherit
<LI><a href="#[a8]">&gt;&gt;</a>&nbsp;&nbsp;&nbsp;vTaskPriorityInherit
<LI><a href="#[a5]">&gt;&gt;</a>&nbsp;&nbsp;&nbsp;vTaskPlaceOnEventListRestricted
<LI><a href="#[45]">&gt;&gt;</a>&nbsp;&nbsp;&nbsp;xTaskIncrementTick
</UL>

<P><STRONG><a name="[76]"></a>vPortEnterCritical</STRONG> (Thumb, 30 bytes, Stack size 0 bytes, port.o(i.vPortEnterCritical))
<BR><BR>[Called By]<UL><LI><a href="#[7e]">&gt;&gt;</a>&nbsp;&nbsp;&nbsp;xTaskResumeAll
<LI><a href="#[52]">&gt;&gt;</a>&nbsp;&nbsp;&nbsp;xQueueGenericSend
<LI><a href="#[67]">&gt;&gt;</a>&nbsp;&nbsp;&nbsp;vTaskDelete
<LI><a href="#[47]">&gt;&gt;</a>&nbsp;&nbsp;&nbsp;xQueueGenericReceive
<LI><a href="#[79]">&gt;&gt;</a>&nbsp;&nbsp;&nbsp;prvCheckForValidListAndQueue
<LI><a href="#[7c]">&gt;&gt;</a>&nbsp;&nbsp;&nbsp;prvCheckTasksWaitingTermination
<LI><a href="#[75]">&gt;&gt;</a>&nbsp;&nbsp;&nbsp;prvAddNewTaskToReadyList
<LI><a href="#[af]">&gt;&gt;</a>&nbsp;&nbsp;&nbsp;xTaskCheckForTimeOut
<LI><a href="#[87]">&gt;&gt;</a>&nbsp;&nbsp;&nbsp;xQueueGenericReset
<LI><a href="#[93]">&gt;&gt;</a>&nbsp;&nbsp;&nbsp;vQueueWaitForMessageRestricted
<LI><a href="#[97]">&gt;&gt;</a>&nbsp;&nbsp;&nbsp;prvUnlockQueue
<LI><a href="#[8d]">&gt;&gt;</a>&nbsp;&nbsp;&nbsp;prvIsQueueFull
<LI><a href="#[8c]">&gt;&gt;</a>&nbsp;&nbsp;&nbsp;prvIsQueueEmpty
</UL>

<P><STRONG><a name="[78]"></a>vPortExitCritical</STRONG> (Thumb, 28 bytes, Stack size 0 bytes, port.o(i.vPortExitCritical))
<BR><BR>[Called By]<UL><LI><a href="#[7e]">&gt;&gt;</a>&nbsp;&nbsp;&nbsp;xTaskResumeAll
<LI><a href="#[52]">&gt;&gt;</a>&nbsp;&nbsp;&nbsp;xQueueGenericSend
<LI><a href="#[67]">&gt;&gt;</a>&nbsp;&nbsp;&nbsp;vTaskDelete
<LI><a href="#[47]">&gt;&gt;</a>&nbsp;&nbsp;&nbsp;xQueueGenericReceive
<LI><a href="#[79]">&gt;&gt;</a>&nbsp;&nbsp;&nbsp;prvCheckForValidListAndQueue
<LI><a href="#[7c]">&gt;&gt;</a>&nbsp;&nbsp;&nbsp;prvCheckTasksWaitingTermination
<LI><a href="#[75]">&gt;&gt;</a>&nbsp;&nbsp;&nbsp;prvAddNewTaskToReadyList
<LI><a href="#[af]">&gt;&gt;</a>&nbsp;&nbsp;&nbsp;xTaskCheckForTimeOut
<LI><a href="#[87]">&gt;&gt;</a>&nbsp;&nbsp;&nbsp;xQueueGenericReset
<LI><a href="#[93]">&gt;&gt;</a>&nbsp;&nbsp;&nbsp;vQueueWaitForMessageRestricted
<LI><a href="#[97]">&gt;&gt;</a>&nbsp;&nbsp;&nbsp;prvUnlockQueue
<LI><a href="#[8d]">&gt;&gt;</a>&nbsp;&nbsp;&nbsp;prvIsQueueFull
<LI><a href="#[8c]">&gt;&gt;</a>&nbsp;&nbsp;&nbsp;prvIsQueueEmpty
</UL>

<P><STRONG><a name="[84]"></a>vPortFree</STRONG> (Thumb, 56 bytes, Stack size 16 bytes, heap_2.o(i.vPortFree))
<BR><BR>[Stack]<UL><LI>Max Depth = 56<LI>Call Chain = vPortFree &rArr; xTaskResumeAll &rArr; xTaskIncrementTick
</UL>
<BR>[Calls]<UL><LI><a href="#[7e]">&gt;&gt;</a>&nbsp;&nbsp;&nbsp;xTaskResumeAll
<LI><a href="#[7d]">&gt;&gt;</a>&nbsp;&nbsp;&nbsp;vTaskSuspendAll
</UL>
<BR>[Called By]<UL><LI><a href="#[6f]">&gt;&gt;</a>&nbsp;&nbsp;&nbsp;xTaskCreate
<LI><a href="#[90]">&gt;&gt;</a>&nbsp;&nbsp;&nbsp;prvProcessReceivedCommands
<LI><a href="#[7f]">&gt;&gt;</a>&nbsp;&nbsp;&nbsp;prvDeleteTCB
</UL>

<P><STRONG><a name="[ab]"></a>vPortSetupTimerInterrupt</STRONG> (Thumb, 14 bytes, Stack size 0 bytes, port.o(i.vPortSetupTimerInterrupt))
<BR><BR>[Called By]<UL><LI><a href="#[aa]">&gt;&gt;</a>&nbsp;&nbsp;&nbsp;xPortStartScheduler
</UL>

<P><STRONG><a name="[2b]"></a>vQHandler</STRONG> (Thumb, 202 bytes, Stack size 32 bytes, main.o(i.vQHandler))
<BR><BR>[Stack]<UL><LI>Max Depth = 168<LI>Call Chain = vQHandler &rArr; U_MLT_Scroll_String &rArr; U_MLT_Put_String &rArr; U_MLT_Put_Char &rArr; U_MLT_Write_Data &rArr; U_MLT_Delay
</UL>
<BR>[Calls]<UL><LI><a href="#[47]">&gt;&gt;</a>&nbsp;&nbsp;&nbsp;xQueueGenericReceive
<LI><a href="#[50]">&gt;&gt;</a>&nbsp;&nbsp;&nbsp;vTaskDelay
<LI><a href="#[66]">&gt;&gt;</a>&nbsp;&nbsp;&nbsp;U_MLT_Scroll_String
<LI><a href="#[53]">&gt;&gt;</a>&nbsp;&nbsp;&nbsp;__2printf
<LI><a href="#[51]">&gt;&gt;</a>&nbsp;&nbsp;&nbsp;strlen
<LI><a href="#[34]">&gt;&gt;</a>&nbsp;&nbsp;&nbsp;atoi
</UL>
<BR>[Address Reference Count : 1]<UL><LI> main.o(i.main)
</UL>
<P><STRONG><a name="[7b]"></a>vQueueAddToRegistry</STRONG> (Thumb, 38 bytes, Stack size 0 bytes, queue.o(i.vQueueAddToRegistry))
<BR><BR>[Called By]<UL><LI><a href="#[79]">&gt;&gt;</a>&nbsp;&nbsp;&nbsp;prvCheckForValidListAndQueue
</UL>

<P><STRONG><a name="[93]"></a>vQueueWaitForMessageRestricted</STRONG> (Thumb, 74 bytes, Stack size 24 bytes, queue.o(i.vQueueWaitForMessageRestricted))
<BR><BR>[Stack]<UL><LI>Max Depth = 72<LI>Call Chain = vQueueWaitForMessageRestricted &rArr; vTaskPlaceOnEventListRestricted &rArr; prvAddCurrentTaskToDelayedList &rArr; vListInsert
</UL>
<BR>[Calls]<UL><LI><a href="#[78]">&gt;&gt;</a>&nbsp;&nbsp;&nbsp;vPortExitCritical
<LI><a href="#[76]">&gt;&gt;</a>&nbsp;&nbsp;&nbsp;vPortEnterCritical
<LI><a href="#[a5]">&gt;&gt;</a>&nbsp;&nbsp;&nbsp;vTaskPlaceOnEventListRestricted
<LI><a href="#[97]">&gt;&gt;</a>&nbsp;&nbsp;&nbsp;prvUnlockQueue
</UL>
<BR>[Called By]<UL><LI><a href="#[92]">&gt;&gt;</a>&nbsp;&nbsp;&nbsp;prvProcessTimerOrBlockTask
</UL>

<P><STRONG><a name="[50]"></a>vTaskDelay</STRONG> (Thumb, 46 bytes, Stack size 16 bytes, tasks.o(i.vTaskDelay))
<BR><BR>[Stack]<UL><LI>Max Depth = 56<LI>Call Chain = vTaskDelay &rArr; xTaskResumeAll &rArr; xTaskIncrementTick
</UL>
<BR>[Calls]<UL><LI><a href="#[7e]">&gt;&gt;</a>&nbsp;&nbsp;&nbsp;xTaskResumeAll
<LI><a href="#[7d]">&gt;&gt;</a>&nbsp;&nbsp;&nbsp;vTaskSuspendAll
<LI><a href="#[71]">&gt;&gt;</a>&nbsp;&nbsp;&nbsp;prvAddCurrentTaskToDelayedList
</UL>
<BR>[Called By]<UL><LI><a href="#[27]">&gt;&gt;</a>&nbsp;&nbsp;&nbsp;U_MENU_Running_String_Task_Function
<LI><a href="#[28]">&gt;&gt;</a>&nbsp;&nbsp;&nbsp;U_MENU_Output
<LI><a href="#[2b]">&gt;&gt;</a>&nbsp;&nbsp;&nbsp;vQHandler
</UL>

<P><STRONG><a name="[67]"></a>vTaskDelete</STRONG> (Thumb, 132 bytes, Stack size 16 bytes, tasks.o(i.vTaskDelete))
<BR><BR>[Stack]<UL><LI>Max Depth = 80<LI>Call Chain = vTaskDelete &rArr; prvDeleteTCB &rArr; vPortFree &rArr; xTaskResumeAll &rArr; xTaskIncrementTick
</UL>
<BR>[Calls]<UL><LI><a href="#[73]">&gt;&gt;</a>&nbsp;&nbsp;&nbsp;vListInsertEnd
<LI><a href="#[72]">&gt;&gt;</a>&nbsp;&nbsp;&nbsp;uxListRemove
<LI><a href="#[78]">&gt;&gt;</a>&nbsp;&nbsp;&nbsp;vPortExitCritical
<LI><a href="#[76]">&gt;&gt;</a>&nbsp;&nbsp;&nbsp;vPortEnterCritical
<LI><a href="#[a6]">&gt;&gt;</a>&nbsp;&nbsp;&nbsp;prvResetNextTaskUnblockTime
<LI><a href="#[7f]">&gt;&gt;</a>&nbsp;&nbsp;&nbsp;prvDeleteTCB
</UL>
<BR>[Called By]<UL><LI><a href="#[29]">&gt;&gt;</a>&nbsp;&nbsp;&nbsp;U_Privet
</UL>

<P><STRONG><a name="[99]"></a>vTaskMissedYield</STRONG> (Thumb, 8 bytes, Stack size 0 bytes, tasks.o(i.vTaskMissedYield))
<BR><BR>[Called By]<UL><LI><a href="#[97]">&gt;&gt;</a>&nbsp;&nbsp;&nbsp;prvUnlockQueue
</UL>

<P><STRONG><a name="[a7]"></a>vTaskPlaceOnEventList</STRONG> (Thumb, 28 bytes, Stack size 16 bytes, tasks.o(i.vTaskPlaceOnEventList))
<BR><BR>[Stack]<UL><LI>Max Depth = 48<LI>Call Chain = vTaskPlaceOnEventList &rArr; prvAddCurrentTaskToDelayedList &rArr; vListInsert
</UL>
<BR>[Calls]<UL><LI><a href="#[74]">&gt;&gt;</a>&nbsp;&nbsp;&nbsp;vListInsert
<LI><a href="#[71]">&gt;&gt;</a>&nbsp;&nbsp;&nbsp;prvAddCurrentTaskToDelayedList
</UL>
<BR>[Called By]<UL><LI><a href="#[52]">&gt;&gt;</a>&nbsp;&nbsp;&nbsp;xQueueGenericSend
<LI><a href="#[47]">&gt;&gt;</a>&nbsp;&nbsp;&nbsp;xQueueGenericReceive
</UL>

<P><STRONG><a name="[a5]"></a>vTaskPlaceOnEventListRestricted</STRONG> (Thumb, 36 bytes, Stack size 16 bytes, tasks.o(i.vTaskPlaceOnEventListRestricted))
<BR><BR>[Stack]<UL><LI>Max Depth = 48<LI>Call Chain = vTaskPlaceOnEventListRestricted &rArr; prvAddCurrentTaskToDelayedList &rArr; vListInsert
</UL>
<BR>[Calls]<UL><LI><a href="#[73]">&gt;&gt;</a>&nbsp;&nbsp;&nbsp;vListInsertEnd
<LI><a href="#[71]">&gt;&gt;</a>&nbsp;&nbsp;&nbsp;prvAddCurrentTaskToDelayedList
</UL>
<BR>[Called By]<UL><LI><a href="#[93]">&gt;&gt;</a>&nbsp;&nbsp;&nbsp;vQueueWaitForMessageRestricted
</UL>

<P><STRONG><a name="[a8]"></a>vTaskPriorityInherit</STRONG> (Thumb, 128 bytes, Stack size 16 bytes, tasks.o(i.vTaskPriorityInherit))
<BR><BR>[Stack]<UL><LI>Max Depth = 16<LI>Call Chain = vTaskPriorityInherit
</UL>
<BR>[Calls]<UL><LI><a href="#[73]">&gt;&gt;</a>&nbsp;&nbsp;&nbsp;vListInsertEnd
<LI><a href="#[72]">&gt;&gt;</a>&nbsp;&nbsp;&nbsp;uxListRemove
</UL>
<BR>[Called By]<UL><LI><a href="#[47]">&gt;&gt;</a>&nbsp;&nbsp;&nbsp;xQueueGenericReceive
</UL>

<P><STRONG><a name="[ae]"></a>vTaskSetTimeOutState</STRONG> (Thumb, 14 bytes, Stack size 0 bytes, tasks.o(i.vTaskSetTimeOutState))
<BR><BR>[Called By]<UL><LI><a href="#[52]">&gt;&gt;</a>&nbsp;&nbsp;&nbsp;xQueueGenericSend
<LI><a href="#[47]">&gt;&gt;</a>&nbsp;&nbsp;&nbsp;xQueueGenericReceive
<LI><a href="#[af]">&gt;&gt;</a>&nbsp;&nbsp;&nbsp;xTaskCheckForTimeOut
</UL>

<P><STRONG><a name="[70]"></a>vTaskStartScheduler</STRONG> (Thumb, 82 bytes, Stack size 16 bytes, tasks.o(i.vTaskStartScheduler))
<BR><BR>[Stack]<UL><LI>Max Depth = 168<LI>Call Chain = vTaskStartScheduler &rArr; xTimerCreateTimerTask &rArr; xTaskCreate &rArr; pvPortMalloc &rArr; xTaskResumeAll &rArr; xTaskIncrementTick
</UL>
<BR>[Calls]<UL><LI><a href="#[6f]">&gt;&gt;</a>&nbsp;&nbsp;&nbsp;xTaskCreate
<LI><a href="#[a9]">&gt;&gt;</a>&nbsp;&nbsp;&nbsp;xTimerCreateTimerTask
<LI><a href="#[aa]">&gt;&gt;</a>&nbsp;&nbsp;&nbsp;xPortStartScheduler
</UL>
<BR>[Called By]<UL><LI><a href="#[1f]">&gt;&gt;</a>&nbsp;&nbsp;&nbsp;main
</UL>

<P><STRONG><a name="[7d]"></a>vTaskSuspendAll</STRONG> (Thumb, 12 bytes, Stack size 0 bytes, tasks.o(i.vTaskSuspendAll))
<BR><BR>[Called By]<UL><LI><a href="#[84]">&gt;&gt;</a>&nbsp;&nbsp;&nbsp;vPortFree
<LI><a href="#[9a]">&gt;&gt;</a>&nbsp;&nbsp;&nbsp;pvPortMalloc
<LI><a href="#[52]">&gt;&gt;</a>&nbsp;&nbsp;&nbsp;xQueueGenericSend
<LI><a href="#[47]">&gt;&gt;</a>&nbsp;&nbsp;&nbsp;xQueueGenericReceive
<LI><a href="#[50]">&gt;&gt;</a>&nbsp;&nbsp;&nbsp;vTaskDelay
<LI><a href="#[92]">&gt;&gt;</a>&nbsp;&nbsp;&nbsp;prvProcessTimerOrBlockTask
<LI><a href="#[7c]">&gt;&gt;</a>&nbsp;&nbsp;&nbsp;prvCheckTasksWaitingTermination
</UL>

<P><STRONG><a name="[31]"></a>vTaskSwitchContext</STRONG> (Thumb, 98 bytes, Stack size 0 bytes, tasks.o(i.vTaskSwitchContext))
<BR><BR>[Called By]<UL><LI><a href="#[8]">&gt;&gt;</a>&nbsp;&nbsp;&nbsp;PendSV_Handler
</UL>

<P><STRONG><a name="[aa]"></a>xPortStartScheduler</STRONG> (Thumb, 42 bytes, Stack size 8 bytes, port.o(i.xPortStartScheduler))
<BR><BR>[Stack]<UL><LI>Max Depth = 8<LI>Call Chain = xPortStartScheduler
</UL>
<BR>[Calls]<UL><LI><a href="#[ab]">&gt;&gt;</a>&nbsp;&nbsp;&nbsp;vPortSetupTimerInterrupt
<LI><a href="#[ac]">&gt;&gt;</a>&nbsp;&nbsp;&nbsp;__asm___6_port_c_39a90d8d__prvStartFirstTask
</UL>
<BR>[Called By]<UL><LI><a href="#[70]">&gt;&gt;</a>&nbsp;&nbsp;&nbsp;vTaskStartScheduler
</UL>

<P><STRONG><a name="[6e]"></a>xQueueGenericCreate</STRONG> (Thumb, 56 bytes, Stack size 32 bytes, queue.o(i.xQueueGenericCreate))
<BR><BR>[Stack]<UL><LI>Max Depth = 96<LI>Call Chain = xQueueGenericCreate &rArr; pvPortMalloc &rArr; xTaskResumeAll &rArr; xTaskIncrementTick
</UL>
<BR>[Calls]<UL><LI><a href="#[9a]">&gt;&gt;</a>&nbsp;&nbsp;&nbsp;pvPortMalloc
<LI><a href="#[86]">&gt;&gt;</a>&nbsp;&nbsp;&nbsp;prvInitialiseNewQueue
</UL>
<BR>[Called By]<UL><LI><a href="#[1f]">&gt;&gt;</a>&nbsp;&nbsp;&nbsp;main
<LI><a href="#[79]">&gt;&gt;</a>&nbsp;&nbsp;&nbsp;prvCheckForValidListAndQueue
</UL>

<P><STRONG><a name="[47]"></a>xQueueGenericReceive</STRONG> (Thumb, 342 bytes, Stack size 56 bytes, queue.o(i.xQueueGenericReceive))
<BR><BR>[Stack]<UL><LI>Max Depth = 104<LI>Call Chain = xQueueGenericReceive &rArr; vTaskPlaceOnEventList &rArr; prvAddCurrentTaskToDelayedList &rArr; vListInsert
</UL>
<BR>[Calls]<UL><LI><a href="#[7e]">&gt;&gt;</a>&nbsp;&nbsp;&nbsp;xTaskResumeAll
<LI><a href="#[7d]">&gt;&gt;</a>&nbsp;&nbsp;&nbsp;vTaskSuspendAll
<LI><a href="#[78]">&gt;&gt;</a>&nbsp;&nbsp;&nbsp;vPortExitCritical
<LI><a href="#[76]">&gt;&gt;</a>&nbsp;&nbsp;&nbsp;vPortEnterCritical
<LI><a href="#[98]">&gt;&gt;</a>&nbsp;&nbsp;&nbsp;xTaskRemoveFromEventList
<LI><a href="#[af]">&gt;&gt;</a>&nbsp;&nbsp;&nbsp;xTaskCheckForTimeOut
<LI><a href="#[ae]">&gt;&gt;</a>&nbsp;&nbsp;&nbsp;vTaskSetTimeOutState
<LI><a href="#[a8]">&gt;&gt;</a>&nbsp;&nbsp;&nbsp;vTaskPriorityInherit
<LI><a href="#[a7]">&gt;&gt;</a>&nbsp;&nbsp;&nbsp;vTaskPlaceOnEventList
<LI><a href="#[ad]">&gt;&gt;</a>&nbsp;&nbsp;&nbsp;pvTaskIncrementMutexHeldCount
<LI><a href="#[97]">&gt;&gt;</a>&nbsp;&nbsp;&nbsp;prvUnlockQueue
<LI><a href="#[8c]">&gt;&gt;</a>&nbsp;&nbsp;&nbsp;prvIsQueueEmpty
<LI><a href="#[80]">&gt;&gt;</a>&nbsp;&nbsp;&nbsp;prvCopyDataFromQueue
</UL>
<BR>[Called By]<UL><LI><a href="#[22]">&gt;&gt;</a>&nbsp;&nbsp;&nbsp;fgetc
<LI><a href="#[2a]">&gt;&gt;</a>&nbsp;&nbsp;&nbsp;Task_output
<LI><a href="#[2b]">&gt;&gt;</a>&nbsp;&nbsp;&nbsp;vQHandler
<LI><a href="#[90]">&gt;&gt;</a>&nbsp;&nbsp;&nbsp;prvProcessReceivedCommands
</UL>

<P><STRONG><a name="[87]"></a>xQueueGenericReset</STRONG> (Thumb, 122 bytes, Stack size 16 bytes, queue.o(i.xQueueGenericReset))
<BR><BR>[Stack]<UL><LI>Max Depth = 32<LI>Call Chain = xQueueGenericReset &rArr; xTaskRemoveFromEventList
</UL>
<BR>[Calls]<UL><LI><a href="#[78]">&gt;&gt;</a>&nbsp;&nbsp;&nbsp;vPortExitCritical
<LI><a href="#[76]">&gt;&gt;</a>&nbsp;&nbsp;&nbsp;vPortEnterCritical
<LI><a href="#[7a]">&gt;&gt;</a>&nbsp;&nbsp;&nbsp;vListInitialise
<LI><a href="#[98]">&gt;&gt;</a>&nbsp;&nbsp;&nbsp;xTaskRemoveFromEventList
</UL>
<BR>[Called By]<UL><LI><a href="#[86]">&gt;&gt;</a>&nbsp;&nbsp;&nbsp;prvInitialiseNewQueue
</UL>

<P><STRONG><a name="[52]"></a>xQueueGenericSend</STRONG> (Thumb, 276 bytes, Stack size 56 bytes, queue.o(i.xQueueGenericSend))
<BR><BR>[Stack]<UL><LI>Max Depth = 104<LI>Call Chain = xQueueGenericSend &rArr; vTaskPlaceOnEventList &rArr; prvAddCurrentTaskToDelayedList &rArr; vListInsert
</UL>
<BR>[Calls]<UL><LI><a href="#[7e]">&gt;&gt;</a>&nbsp;&nbsp;&nbsp;xTaskResumeAll
<LI><a href="#[7d]">&gt;&gt;</a>&nbsp;&nbsp;&nbsp;vTaskSuspendAll
<LI><a href="#[78]">&gt;&gt;</a>&nbsp;&nbsp;&nbsp;vPortExitCritical
<LI><a href="#[76]">&gt;&gt;</a>&nbsp;&nbsp;&nbsp;vPortEnterCritical
<LI><a href="#[98]">&gt;&gt;</a>&nbsp;&nbsp;&nbsp;xTaskRemoveFromEventList
<LI><a href="#[af]">&gt;&gt;</a>&nbsp;&nbsp;&nbsp;xTaskCheckForTimeOut
<LI><a href="#[ae]">&gt;&gt;</a>&nbsp;&nbsp;&nbsp;vTaskSetTimeOutState
<LI><a href="#[a7]">&gt;&gt;</a>&nbsp;&nbsp;&nbsp;vTaskPlaceOnEventList
<LI><a href="#[97]">&gt;&gt;</a>&nbsp;&nbsp;&nbsp;prvUnlockQueue
<LI><a href="#[8d]">&gt;&gt;</a>&nbsp;&nbsp;&nbsp;prvIsQueueFull
<LI><a href="#[82]">&gt;&gt;</a>&nbsp;&nbsp;&nbsp;prvCopyDataToQueue
</UL>
<BR>[Called By]<UL><LI><a href="#[26]">&gt;&gt;</a>&nbsp;&nbsp;&nbsp;fputc
<LI><a href="#[28]">&gt;&gt;</a>&nbsp;&nbsp;&nbsp;U_MENU_Output
<LI><a href="#[8f]">&gt;&gt;</a>&nbsp;&nbsp;&nbsp;xTimerGenericCommand
</UL>

<P><STRONG><a name="[4d]"></a>xQueueGenericSendFromISR</STRONG> (Thumb, 134 bytes, Stack size 40 bytes, queue.o(i.xQueueGenericSendFromISR))
<BR><BR>[Stack]<UL><LI>Max Depth = 80<LI>Call Chain = xQueueGenericSendFromISR &rArr; prvCopyDataToQueue &rArr; xTaskPriorityDisinherit
</UL>
<BR>[Calls]<UL><LI><a href="#[98]">&gt;&gt;</a>&nbsp;&nbsp;&nbsp;xTaskRemoveFromEventList
<LI><a href="#[82]">&gt;&gt;</a>&nbsp;&nbsp;&nbsp;prvCopyDataToQueue
</UL>
<BR>[Called By]<UL><LI><a href="#[f]">&gt;&gt;</a>&nbsp;&nbsp;&nbsp;UART2_IRQHandler
<LI><a href="#[8f]">&gt;&gt;</a>&nbsp;&nbsp;&nbsp;xTimerGenericCommand
</UL>

<P><STRONG><a name="[af]"></a>xTaskCheckForTimeOut</STRONG> (Thumb, 84 bytes, Stack size 16 bytes, tasks.o(i.xTaskCheckForTimeOut))
<BR><BR>[Stack]<UL><LI>Max Depth = 16<LI>Call Chain = xTaskCheckForTimeOut
</UL>
<BR>[Calls]<UL><LI><a href="#[78]">&gt;&gt;</a>&nbsp;&nbsp;&nbsp;vPortExitCritical
<LI><a href="#[76]">&gt;&gt;</a>&nbsp;&nbsp;&nbsp;vPortEnterCritical
<LI><a href="#[ae]">&gt;&gt;</a>&nbsp;&nbsp;&nbsp;vTaskSetTimeOutState
</UL>
<BR>[Called By]<UL><LI><a href="#[52]">&gt;&gt;</a>&nbsp;&nbsp;&nbsp;xQueueGenericSend
<LI><a href="#[47]">&gt;&gt;</a>&nbsp;&nbsp;&nbsp;xQueueGenericReceive
</UL>

<P><STRONG><a name="[6f]"></a>xTaskCreate</STRONG> (Thumb, 96 bytes, Stack size 72 bytes, tasks.o(i.xTaskCreate))
<BR><BR>[Stack]<UL><LI>Max Depth = 136<LI>Call Chain = xTaskCreate &rArr; pvPortMalloc &rArr; xTaskResumeAll &rArr; xTaskIncrementTick
</UL>
<BR>[Calls]<UL><LI><a href="#[84]">&gt;&gt;</a>&nbsp;&nbsp;&nbsp;vPortFree
<LI><a href="#[9a]">&gt;&gt;</a>&nbsp;&nbsp;&nbsp;pvPortMalloc
<LI><a href="#[88]">&gt;&gt;</a>&nbsp;&nbsp;&nbsp;prvInitialiseNewTask
<LI><a href="#[75]">&gt;&gt;</a>&nbsp;&nbsp;&nbsp;prvAddNewTaskToReadyList
</UL>
<BR>[Called By]<UL><LI><a href="#[70]">&gt;&gt;</a>&nbsp;&nbsp;&nbsp;vTaskStartScheduler
<LI><a href="#[1f]">&gt;&gt;</a>&nbsp;&nbsp;&nbsp;main
<LI><a href="#[a9]">&gt;&gt;</a>&nbsp;&nbsp;&nbsp;xTimerCreateTimerTask
</UL>

<P><STRONG><a name="[b0]"></a>xTaskGetSchedulerState</STRONG> (Thumb, 24 bytes, Stack size 0 bytes, tasks.o(i.xTaskGetSchedulerState))
<BR><BR>[Called By]<UL><LI><a href="#[8f]">&gt;&gt;</a>&nbsp;&nbsp;&nbsp;xTimerGenericCommand
</UL>

<P><STRONG><a name="[94]"></a>xTaskGetTickCount</STRONG> (Thumb, 6 bytes, Stack size 0 bytes, tasks.o(i.xTaskGetTickCount))
<BR><BR>[Called By]<UL><LI><a href="#[91]">&gt;&gt;</a>&nbsp;&nbsp;&nbsp;prvSampleTimeNow
</UL>

<P><STRONG><a name="[45]"></a>xTaskIncrementTick</STRONG> (Thumb, 214 bytes, Stack size 24 bytes, tasks.o(i.xTaskIncrementTick))
<BR><BR>[Stack]<UL><LI>Max Depth = 24<LI>Call Chain = xTaskIncrementTick
</UL>
<BR>[Calls]<UL><LI><a href="#[73]">&gt;&gt;</a>&nbsp;&nbsp;&nbsp;vListInsertEnd
<LI><a href="#[72]">&gt;&gt;</a>&nbsp;&nbsp;&nbsp;uxListRemove
<LI><a href="#[a6]">&gt;&gt;</a>&nbsp;&nbsp;&nbsp;prvResetNextTaskUnblockTime
</UL>
<BR>[Called By]<UL><LI><a href="#[7e]">&gt;&gt;</a>&nbsp;&nbsp;&nbsp;xTaskResumeAll
<LI><a href="#[9]">&gt;&gt;</a>&nbsp;&nbsp;&nbsp;SysTick_Handler
</UL>

<P><STRONG><a name="[83]"></a>xTaskPriorityDisinherit</STRONG> (Thumb, 86 bytes, Stack size 16 bytes, tasks.o(i.xTaskPriorityDisinherit))
<BR><BR>[Stack]<UL><LI>Max Depth = 16<LI>Call Chain = xTaskPriorityDisinherit
</UL>
<BR>[Calls]<UL><LI><a href="#[73]">&gt;&gt;</a>&nbsp;&nbsp;&nbsp;vListInsertEnd
<LI><a href="#[72]">&gt;&gt;</a>&nbsp;&nbsp;&nbsp;uxListRemove
</UL>
<BR>[Called By]<UL><LI><a href="#[82]">&gt;&gt;</a>&nbsp;&nbsp;&nbsp;prvCopyDataToQueue
</UL>

<P><STRONG><a name="[98]"></a>xTaskRemoveFromEventList</STRONG> (Thumb, 102 bytes, Stack size 16 bytes, tasks.o(i.xTaskRemoveFromEventList))
<BR><BR>[Stack]<UL><LI>Max Depth = 16<LI>Call Chain = xTaskRemoveFromEventList
</UL>
<BR>[Calls]<UL><LI><a href="#[73]">&gt;&gt;</a>&nbsp;&nbsp;&nbsp;vListInsertEnd
<LI><a href="#[72]">&gt;&gt;</a>&nbsp;&nbsp;&nbsp;uxListRemove
</UL>
<BR>[Called By]<UL><LI><a href="#[52]">&gt;&gt;</a>&nbsp;&nbsp;&nbsp;xQueueGenericSend
<LI><a href="#[4d]">&gt;&gt;</a>&nbsp;&nbsp;&nbsp;xQueueGenericSendFromISR
<LI><a href="#[47]">&gt;&gt;</a>&nbsp;&nbsp;&nbsp;xQueueGenericReceive
<LI><a href="#[87]">&gt;&gt;</a>&nbsp;&nbsp;&nbsp;xQueueGenericReset
<LI><a href="#[97]">&gt;&gt;</a>&nbsp;&nbsp;&nbsp;prvUnlockQueue
</UL>

<P><STRONG><a name="[7e]"></a>xTaskResumeAll</STRONG> (Thumb, 194 bytes, Stack size 16 bytes, tasks.o(i.xTaskResumeAll))
<BR><BR>[Stack]<UL><LI>Max Depth = 40<LI>Call Chain = xTaskResumeAll &rArr; xTaskIncrementTick
</UL>
<BR>[Calls]<UL><LI><a href="#[73]">&gt;&gt;</a>&nbsp;&nbsp;&nbsp;vListInsertEnd
<LI><a href="#[72]">&gt;&gt;</a>&nbsp;&nbsp;&nbsp;uxListRemove
<LI><a href="#[78]">&gt;&gt;</a>&nbsp;&nbsp;&nbsp;vPortExitCritical
<LI><a href="#[76]">&gt;&gt;</a>&nbsp;&nbsp;&nbsp;vPortEnterCritical
<LI><a href="#[a6]">&gt;&gt;</a>&nbsp;&nbsp;&nbsp;prvResetNextTaskUnblockTime
<LI><a href="#[45]">&gt;&gt;</a>&nbsp;&nbsp;&nbsp;xTaskIncrementTick
</UL>
<BR>[Called By]<UL><LI><a href="#[84]">&gt;&gt;</a>&nbsp;&nbsp;&nbsp;vPortFree
<LI><a href="#[9a]">&gt;&gt;</a>&nbsp;&nbsp;&nbsp;pvPortMalloc
<LI><a href="#[52]">&gt;&gt;</a>&nbsp;&nbsp;&nbsp;xQueueGenericSend
<LI><a href="#[47]">&gt;&gt;</a>&nbsp;&nbsp;&nbsp;xQueueGenericReceive
<LI><a href="#[50]">&gt;&gt;</a>&nbsp;&nbsp;&nbsp;vTaskDelay
<LI><a href="#[92]">&gt;&gt;</a>&nbsp;&nbsp;&nbsp;prvProcessTimerOrBlockTask
<LI><a href="#[7c]">&gt;&gt;</a>&nbsp;&nbsp;&nbsp;prvCheckTasksWaitingTermination
</UL>

<P><STRONG><a name="[a9]"></a>xTimerCreateTimerTask</STRONG> (Thumb, 40 bytes, Stack size 16 bytes, timers.o(i.xTimerCreateTimerTask))
<BR><BR>[Stack]<UL><LI>Max Depth = 152<LI>Call Chain = xTimerCreateTimerTask &rArr; xTaskCreate &rArr; pvPortMalloc &rArr; xTaskResumeAll &rArr; xTaskIncrementTick
</UL>
<BR>[Calls]<UL><LI><a href="#[6f]">&gt;&gt;</a>&nbsp;&nbsp;&nbsp;xTaskCreate
<LI><a href="#[79]">&gt;&gt;</a>&nbsp;&nbsp;&nbsp;prvCheckForValidListAndQueue
</UL>
<BR>[Called By]<UL><LI><a href="#[70]">&gt;&gt;</a>&nbsp;&nbsp;&nbsp;vTaskStartScheduler
</UL>

<P><STRONG><a name="[8f]"></a>xTimerGenericCommand</STRONG> (Thumb, 102 bytes, Stack size 40 bytes, timers.o(i.xTimerGenericCommand))
<BR><BR>[Stack]<UL><LI>Max Depth = 144<LI>Call Chain = xTimerGenericCommand &rArr; xQueueGenericSend &rArr; vTaskPlaceOnEventList &rArr; prvAddCurrentTaskToDelayedList &rArr; vListInsert
</UL>
<BR>[Calls]<UL><LI><a href="#[52]">&gt;&gt;</a>&nbsp;&nbsp;&nbsp;xQueueGenericSend
<LI><a href="#[4d]">&gt;&gt;</a>&nbsp;&nbsp;&nbsp;xQueueGenericSendFromISR
<LI><a href="#[b0]">&gt;&gt;</a>&nbsp;&nbsp;&nbsp;xTaskGetSchedulerState
</UL>
<BR>[Called By]<UL><LI><a href="#[95]">&gt;&gt;</a>&nbsp;&nbsp;&nbsp;prvSwitchTimerLists
<LI><a href="#[90]">&gt;&gt;</a>&nbsp;&nbsp;&nbsp;prvProcessReceivedCommands
<LI><a href="#[8e]">&gt;&gt;</a>&nbsp;&nbsp;&nbsp;prvProcessExpiredTimer
</UL>
<P>
<H3>
Local Symbols
</H3>
<P><STRONG><a name="[9b]"></a>prvHeapInit</STRONG> (Thumb, 42 bytes, Stack size 0 bytes, heap_2.o(i.prvHeapInit))
<BR><BR>[Called By]<UL><LI><a href="#[9a]">&gt;&gt;</a>&nbsp;&nbsp;&nbsp;pvPortMalloc
</UL>

<P><STRONG><a name="[2c]"></a>prvTaskExitError</STRONG> (Thumb, 22 bytes, Stack size 0 bytes, port.o(i.prvTaskExitError))
<BR>[Address Reference Count : 1]<UL><LI> port.o(i.pxPortInitialiseStack)
</UL>
<P><STRONG><a name="[80]"></a>prvCopyDataFromQueue</STRONG> (Thumb, 42 bytes, Stack size 16 bytes, queue.o(i.prvCopyDataFromQueue))
<BR><BR>[Stack]<UL><LI>Max Depth = 16<LI>Call Chain = prvCopyDataFromQueue
</UL>
<BR>[Calls]<UL><LI><a href="#[81]">&gt;&gt;</a>&nbsp;&nbsp;&nbsp;__aeabi_memcpy
</UL>
<BR>[Called By]<UL><LI><a href="#[47]">&gt;&gt;</a>&nbsp;&nbsp;&nbsp;xQueueGenericReceive
</UL>

<P><STRONG><a name="[82]"></a>prvCopyDataToQueue</STRONG> (Thumb, 124 bytes, Stack size 24 bytes, queue.o(i.prvCopyDataToQueue))
<BR><BR>[Stack]<UL><LI>Max Depth = 40<LI>Call Chain = prvCopyDataToQueue &rArr; xTaskPriorityDisinherit
</UL>
<BR>[Calls]<UL><LI><a href="#[83]">&gt;&gt;</a>&nbsp;&nbsp;&nbsp;xTaskPriorityDisinherit
<LI><a href="#[81]">&gt;&gt;</a>&nbsp;&nbsp;&nbsp;__aeabi_memcpy
</UL>
<BR>[Called By]<UL><LI><a href="#[52]">&gt;&gt;</a>&nbsp;&nbsp;&nbsp;xQueueGenericSend
<LI><a href="#[4d]">&gt;&gt;</a>&nbsp;&nbsp;&nbsp;xQueueGenericSendFromISR
</UL>

<P><STRONG><a name="[86]"></a>prvInitialiseNewQueue</STRONG> (Thumb, 38 bytes, Stack size 24 bytes, queue.o(i.prvInitialiseNewQueue))
<BR><BR>[Stack]<UL><LI>Max Depth = 56<LI>Call Chain = prvInitialiseNewQueue &rArr; xQueueGenericReset &rArr; xTaskRemoveFromEventList
</UL>
<BR>[Calls]<UL><LI><a href="#[87]">&gt;&gt;</a>&nbsp;&nbsp;&nbsp;xQueueGenericReset
</UL>
<BR>[Called By]<UL><LI><a href="#[6e]">&gt;&gt;</a>&nbsp;&nbsp;&nbsp;xQueueGenericCreate
</UL>

<P><STRONG><a name="[8c]"></a>prvIsQueueEmpty</STRONG> (Thumb, 26 bytes, Stack size 16 bytes, queue.o(i.prvIsQueueEmpty))
<BR><BR>[Stack]<UL><LI>Max Depth = 16<LI>Call Chain = prvIsQueueEmpty
</UL>
<BR>[Calls]<UL><LI><a href="#[78]">&gt;&gt;</a>&nbsp;&nbsp;&nbsp;vPortExitCritical
<LI><a href="#[76]">&gt;&gt;</a>&nbsp;&nbsp;&nbsp;vPortEnterCritical
</UL>
<BR>[Called By]<UL><LI><a href="#[47]">&gt;&gt;</a>&nbsp;&nbsp;&nbsp;xQueueGenericReceive
</UL>

<P><STRONG><a name="[8d]"></a>prvIsQueueFull</STRONG> (Thumb, 30 bytes, Stack size 16 bytes, queue.o(i.prvIsQueueFull))
<BR><BR>[Stack]<UL><LI>Max Depth = 16<LI>Call Chain = prvIsQueueFull
</UL>
<BR>[Calls]<UL><LI><a href="#[78]">&gt;&gt;</a>&nbsp;&nbsp;&nbsp;vPortExitCritical
<LI><a href="#[76]">&gt;&gt;</a>&nbsp;&nbsp;&nbsp;vPortEnterCritical
</UL>
<BR>[Called By]<UL><LI><a href="#[52]">&gt;&gt;</a>&nbsp;&nbsp;&nbsp;xQueueGenericSend
</UL>

<P><STRONG><a name="[97]"></a>prvUnlockQueue</STRONG> (Thumb, 126 bytes, Stack size 16 bytes, queue.o(i.prvUnlockQueue))
<BR><BR>[Stack]<UL><LI>Max Depth = 32<LI>Call Chain = prvUnlockQueue &rArr; xTaskRemoveFromEventList
</UL>
<BR>[Calls]<UL><LI><a href="#[78]">&gt;&gt;</a>&nbsp;&nbsp;&nbsp;vPortExitCritical
<LI><a href="#[76]">&gt;&gt;</a>&nbsp;&nbsp;&nbsp;vPortEnterCritical
<LI><a href="#[98]">&gt;&gt;</a>&nbsp;&nbsp;&nbsp;xTaskRemoveFromEventList
<LI><a href="#[99]">&gt;&gt;</a>&nbsp;&nbsp;&nbsp;vTaskMissedYield
</UL>
<BR>[Called By]<UL><LI><a href="#[52]">&gt;&gt;</a>&nbsp;&nbsp;&nbsp;xQueueGenericSend
<LI><a href="#[47]">&gt;&gt;</a>&nbsp;&nbsp;&nbsp;xQueueGenericReceive
<LI><a href="#[93]">&gt;&gt;</a>&nbsp;&nbsp;&nbsp;vQueueWaitForMessageRestricted
</UL>

<P><STRONG><a name="[71]"></a>prvAddCurrentTaskToDelayedList</STRONG> (Thumb, 100 bytes, Stack size 24 bytes, tasks.o(i.prvAddCurrentTaskToDelayedList))
<BR><BR>[Stack]<UL><LI>Max Depth = 32<LI>Call Chain = prvAddCurrentTaskToDelayedList &rArr; vListInsert
</UL>
<BR>[Calls]<UL><LI><a href="#[73]">&gt;&gt;</a>&nbsp;&nbsp;&nbsp;vListInsertEnd
<LI><a href="#[74]">&gt;&gt;</a>&nbsp;&nbsp;&nbsp;vListInsert
<LI><a href="#[72]">&gt;&gt;</a>&nbsp;&nbsp;&nbsp;uxListRemove
</UL>
<BR>[Called By]<UL><LI><a href="#[50]">&gt;&gt;</a>&nbsp;&nbsp;&nbsp;vTaskDelay
<LI><a href="#[a5]">&gt;&gt;</a>&nbsp;&nbsp;&nbsp;vTaskPlaceOnEventListRestricted
<LI><a href="#[a7]">&gt;&gt;</a>&nbsp;&nbsp;&nbsp;vTaskPlaceOnEventList
</UL>

<P><STRONG><a name="[75]"></a>prvAddNewTaskToReadyList</STRONG> (Thumb, 148 bytes, Stack size 8 bytes, tasks.o(i.prvAddNewTaskToReadyList))
<BR><BR>[Stack]<UL><LI>Max Depth = 16<LI>Call Chain = prvAddNewTaskToReadyList &rArr; prvInitialiseTaskLists
</UL>
<BR>[Calls]<UL><LI><a href="#[73]">&gt;&gt;</a>&nbsp;&nbsp;&nbsp;vListInsertEnd
<LI><a href="#[78]">&gt;&gt;</a>&nbsp;&nbsp;&nbsp;vPortExitCritical
<LI><a href="#[76]">&gt;&gt;</a>&nbsp;&nbsp;&nbsp;vPortEnterCritical
<LI><a href="#[77]">&gt;&gt;</a>&nbsp;&nbsp;&nbsp;prvInitialiseTaskLists
</UL>
<BR>[Called By]<UL><LI><a href="#[6f]">&gt;&gt;</a>&nbsp;&nbsp;&nbsp;xTaskCreate
</UL>

<P><STRONG><a name="[7c]"></a>prvCheckTasksWaitingTermination</STRONG> (Thumb, 86 bytes, Stack size 16 bytes, tasks.o(i.prvCheckTasksWaitingTermination))
<BR><BR>[Stack]<UL><LI>Max Depth = 80<LI>Call Chain = prvCheckTasksWaitingTermination &rArr; prvDeleteTCB &rArr; vPortFree &rArr; xTaskResumeAll &rArr; xTaskIncrementTick
</UL>
<BR>[Calls]<UL><LI><a href="#[72]">&gt;&gt;</a>&nbsp;&nbsp;&nbsp;uxListRemove
<LI><a href="#[7e]">&gt;&gt;</a>&nbsp;&nbsp;&nbsp;xTaskResumeAll
<LI><a href="#[7d]">&gt;&gt;</a>&nbsp;&nbsp;&nbsp;vTaskSuspendAll
<LI><a href="#[78]">&gt;&gt;</a>&nbsp;&nbsp;&nbsp;vPortExitCritical
<LI><a href="#[76]">&gt;&gt;</a>&nbsp;&nbsp;&nbsp;vPortEnterCritical
<LI><a href="#[7f]">&gt;&gt;</a>&nbsp;&nbsp;&nbsp;prvDeleteTCB
</UL>
<BR>[Called By]<UL><LI><a href="#[2d]">&gt;&gt;</a>&nbsp;&nbsp;&nbsp;prvIdleTask
</UL>

<P><STRONG><a name="[7f]"></a>prvDeleteTCB</STRONG> (Thumb, 18 bytes, Stack size 8 bytes, tasks.o(i.prvDeleteTCB))
<BR><BR>[Stack]<UL><LI>Max Depth = 64<LI>Call Chain = prvDeleteTCB &rArr; vPortFree &rArr; xTaskResumeAll &rArr; xTaskIncrementTick
</UL>
<BR>[Calls]<UL><LI><a href="#[84]">&gt;&gt;</a>&nbsp;&nbsp;&nbsp;vPortFree
</UL>
<BR>[Called By]<UL><LI><a href="#[67]">&gt;&gt;</a>&nbsp;&nbsp;&nbsp;vTaskDelete
<LI><a href="#[7c]">&gt;&gt;</a>&nbsp;&nbsp;&nbsp;prvCheckTasksWaitingTermination
</UL>

<P><STRONG><a name="[2d]"></a>prvIdleTask</STRONG> (Thumb, 36 bytes, Stack size 0 bytes, tasks.o(i.prvIdleTask))
<BR><BR>[Stack]<UL><LI>Max Depth = 80<LI>Call Chain = prvIdleTask &rArr; prvCheckTasksWaitingTermination &rArr; prvDeleteTCB &rArr; vPortFree &rArr; xTaskResumeAll &rArr; xTaskIncrementTick
</UL>
<BR>[Calls]<UL><LI><a href="#[85]">&gt;&gt;</a>&nbsp;&nbsp;&nbsp;vApplicationIdleHook
<LI><a href="#[7c]">&gt;&gt;</a>&nbsp;&nbsp;&nbsp;prvCheckTasksWaitingTermination
</UL>
<BR>[Address Reference Count : 1]<UL><LI> tasks.o(i.vTaskStartScheduler)
</UL>
<P><STRONG><a name="[88]"></a>prvInitialiseNewTask</STRONG> (Thumb, 154 bytes, Stack size 56 bytes, tasks.o(i.prvInitialiseNewTask))
<BR><BR>[Stack]<UL><LI>Max Depth = 56<LI>Call Chain = prvInitialiseNewTask
</UL>
<BR>[Calls]<UL><LI><a href="#[89]">&gt;&gt;</a>&nbsp;&nbsp;&nbsp;vListInitialiseItem
<LI><a href="#[8a]">&gt;&gt;</a>&nbsp;&nbsp;&nbsp;pxPortInitialiseStack
</UL>
<BR>[Called By]<UL><LI><a href="#[6f]">&gt;&gt;</a>&nbsp;&nbsp;&nbsp;xTaskCreate
</UL>

<P><STRONG><a name="[77]"></a>prvInitialiseTaskLists</STRONG> (Thumb, 70 bytes, Stack size 8 bytes, tasks.o(i.prvInitialiseTaskLists))
<BR><BR>[Stack]<UL><LI>Max Depth = 8<LI>Call Chain = prvInitialiseTaskLists
</UL>
<BR>[Calls]<UL><LI><a href="#[7a]">&gt;&gt;</a>&nbsp;&nbsp;&nbsp;vListInitialise
</UL>
<BR>[Called By]<UL><LI><a href="#[75]">&gt;&gt;</a>&nbsp;&nbsp;&nbsp;prvAddNewTaskToReadyList
</UL>

<P><STRONG><a name="[a6]"></a>prvResetNextTaskUnblockTime</STRONG> (Thumb, 42 bytes, Stack size 0 bytes, tasks.o(i.prvResetNextTaskUnblockTime))
<BR><BR>[Called By]<UL><LI><a href="#[7e]">&gt;&gt;</a>&nbsp;&nbsp;&nbsp;xTaskResumeAll
<LI><a href="#[67]">&gt;&gt;</a>&nbsp;&nbsp;&nbsp;vTaskDelete
<LI><a href="#[45]">&gt;&gt;</a>&nbsp;&nbsp;&nbsp;xTaskIncrementTick
</UL>

<P><STRONG><a name="[79]"></a>prvCheckForValidListAndQueue</STRONG> (Thumb, 72 bytes, Stack size 8 bytes, timers.o(i.prvCheckForValidListAndQueue))
<BR><BR>[Stack]<UL><LI>Max Depth = 104<LI>Call Chain = prvCheckForValidListAndQueue &rArr; xQueueGenericCreate &rArr; pvPortMalloc &rArr; xTaskResumeAll &rArr; xTaskIncrementTick
</UL>
<BR>[Calls]<UL><LI><a href="#[78]">&gt;&gt;</a>&nbsp;&nbsp;&nbsp;vPortExitCritical
<LI><a href="#[76]">&gt;&gt;</a>&nbsp;&nbsp;&nbsp;vPortEnterCritical
<LI><a href="#[7a]">&gt;&gt;</a>&nbsp;&nbsp;&nbsp;vListInitialise
<LI><a href="#[6e]">&gt;&gt;</a>&nbsp;&nbsp;&nbsp;xQueueGenericCreate
<LI><a href="#[7b]">&gt;&gt;</a>&nbsp;&nbsp;&nbsp;vQueueAddToRegistry
</UL>
<BR>[Called By]<UL><LI><a href="#[a9]">&gt;&gt;</a>&nbsp;&nbsp;&nbsp;xTimerCreateTimerTask
</UL>

<P><STRONG><a name="[96]"></a>prvGetNextExpireTime</STRONG> (Thumb, 36 bytes, Stack size 0 bytes, timers.o(i.prvGetNextExpireTime))
<BR><BR>[Called By]<UL><LI><a href="#[2e]">&gt;&gt;</a>&nbsp;&nbsp;&nbsp;prvTimerTask
</UL>

<P><STRONG><a name="[8b]"></a>prvInsertTimerInActiveList</STRONG> (Thumb, 80 bytes, Stack size 24 bytes, timers.o(i.prvInsertTimerInActiveList))
<BR><BR>[Stack]<UL><LI>Max Depth = 32<LI>Call Chain = prvInsertTimerInActiveList &rArr; vListInsert
</UL>
<BR>[Calls]<UL><LI><a href="#[74]">&gt;&gt;</a>&nbsp;&nbsp;&nbsp;vListInsert
</UL>
<BR>[Called By]<UL><LI><a href="#[90]">&gt;&gt;</a>&nbsp;&nbsp;&nbsp;prvProcessReceivedCommands
<LI><a href="#[8e]">&gt;&gt;</a>&nbsp;&nbsp;&nbsp;prvProcessExpiredTimer
</UL>

<P><STRONG><a name="[8e]"></a>prvProcessExpiredTimer</STRONG> (Thumb, 70 bytes, Stack size 24 bytes, timers.o(i.prvProcessExpiredTimer))
<BR><BR>[Stack]<UL><LI>Max Depth = 168<LI>Call Chain = prvProcessExpiredTimer &rArr; xTimerGenericCommand &rArr; xQueueGenericSend &rArr; vTaskPlaceOnEventList &rArr; prvAddCurrentTaskToDelayedList &rArr; vListInsert
</UL>
<BR>[Calls]<UL><LI><a href="#[72]">&gt;&gt;</a>&nbsp;&nbsp;&nbsp;uxListRemove
<LI><a href="#[8f]">&gt;&gt;</a>&nbsp;&nbsp;&nbsp;xTimerGenericCommand
<LI><a href="#[8b]">&gt;&gt;</a>&nbsp;&nbsp;&nbsp;prvInsertTimerInActiveList
</UL>
<BR>[Called By]<UL><LI><a href="#[92]">&gt;&gt;</a>&nbsp;&nbsp;&nbsp;prvProcessTimerOrBlockTask
</UL>

<P><STRONG><a name="[90]"></a>prvProcessReceivedCommands</STRONG> (Thumb, 184 bytes, Stack size 40 bytes, timers.o(i.prvProcessReceivedCommands))
<BR><BR>[Stack]<UL><LI>Max Depth = 232<LI>Call Chain = prvProcessReceivedCommands &rArr; prvSampleTimeNow &rArr; prvSwitchTimerLists &rArr; xTimerGenericCommand &rArr; xQueueGenericSend &rArr; vTaskPlaceOnEventList &rArr; prvAddCurrentTaskToDelayedList &rArr; vListInsert
</UL>
<BR>[Calls]<UL><LI><a href="#[72]">&gt;&gt;</a>&nbsp;&nbsp;&nbsp;uxListRemove
<LI><a href="#[84]">&gt;&gt;</a>&nbsp;&nbsp;&nbsp;vPortFree
<LI><a href="#[47]">&gt;&gt;</a>&nbsp;&nbsp;&nbsp;xQueueGenericReceive
<LI><a href="#[8f]">&gt;&gt;</a>&nbsp;&nbsp;&nbsp;xTimerGenericCommand
<LI><a href="#[91]">&gt;&gt;</a>&nbsp;&nbsp;&nbsp;prvSampleTimeNow
<LI><a href="#[8b]">&gt;&gt;</a>&nbsp;&nbsp;&nbsp;prvInsertTimerInActiveList
</UL>
<BR>[Called By]<UL><LI><a href="#[2e]">&gt;&gt;</a>&nbsp;&nbsp;&nbsp;prvTimerTask
</UL>

<P><STRONG><a name="[92]"></a>prvProcessTimerOrBlockTask</STRONG> (Thumb, 102 bytes, Stack size 24 bytes, timers.o(i.prvProcessTimerOrBlockTask))
<BR><BR>[Stack]<UL><LI>Max Depth = 216<LI>Call Chain = prvProcessTimerOrBlockTask &rArr; prvSampleTimeNow &rArr; prvSwitchTimerLists &rArr; xTimerGenericCommand &rArr; xQueueGenericSend &rArr; vTaskPlaceOnEventList &rArr; prvAddCurrentTaskToDelayedList &rArr; vListInsert
</UL>
<BR>[Calls]<UL><LI><a href="#[7e]">&gt;&gt;</a>&nbsp;&nbsp;&nbsp;xTaskResumeAll
<LI><a href="#[7d]">&gt;&gt;</a>&nbsp;&nbsp;&nbsp;vTaskSuspendAll
<LI><a href="#[91]">&gt;&gt;</a>&nbsp;&nbsp;&nbsp;prvSampleTimeNow
<LI><a href="#[8e]">&gt;&gt;</a>&nbsp;&nbsp;&nbsp;prvProcessExpiredTimer
<LI><a href="#[93]">&gt;&gt;</a>&nbsp;&nbsp;&nbsp;vQueueWaitForMessageRestricted
</UL>
<BR>[Called By]<UL><LI><a href="#[2e]">&gt;&gt;</a>&nbsp;&nbsp;&nbsp;prvTimerTask
</UL>

<P><STRONG><a name="[91]"></a>prvSampleTimeNow</STRONG> (Thumb, 40 bytes, Stack size 16 bytes, timers.o(i.prvSampleTimeNow))
<BR><BR>[Stack]<UL><LI>Max Depth = 192<LI>Call Chain = prvSampleTimeNow &rArr; prvSwitchTimerLists &rArr; xTimerGenericCommand &rArr; xQueueGenericSend &rArr; vTaskPlaceOnEventList &rArr; prvAddCurrentTaskToDelayedList &rArr; vListInsert
</UL>
<BR>[Calls]<UL><LI><a href="#[94]">&gt;&gt;</a>&nbsp;&nbsp;&nbsp;xTaskGetTickCount
<LI><a href="#[95]">&gt;&gt;</a>&nbsp;&nbsp;&nbsp;prvSwitchTimerLists
</UL>
<BR>[Called By]<UL><LI><a href="#[92]">&gt;&gt;</a>&nbsp;&nbsp;&nbsp;prvProcessTimerOrBlockTask
<LI><a href="#[90]">&gt;&gt;</a>&nbsp;&nbsp;&nbsp;prvProcessReceivedCommands
</UL>

<P><STRONG><a name="[95]"></a>prvSwitchTimerLists</STRONG> (Thumb, 122 bytes, Stack size 32 bytes, timers.o(i.prvSwitchTimerLists))
<BR><BR>[Stack]<UL><LI>Max Depth = 176<LI>Call Chain = prvSwitchTimerLists &rArr; xTimerGenericCommand &rArr; xQueueGenericSend &rArr; vTaskPlaceOnEventList &rArr; prvAddCurrentTaskToDelayedList &rArr; vListInsert
</UL>
<BR>[Calls]<UL><LI><a href="#[74]">&gt;&gt;</a>&nbsp;&nbsp;&nbsp;vListInsert
<LI><a href="#[72]">&gt;&gt;</a>&nbsp;&nbsp;&nbsp;uxListRemove
<LI><a href="#[8f]">&gt;&gt;</a>&nbsp;&nbsp;&nbsp;xTimerGenericCommand
</UL>
<BR>[Called By]<UL><LI><a href="#[91]">&gt;&gt;</a>&nbsp;&nbsp;&nbsp;prvSampleTimeNow
</UL>

<P><STRONG><a name="[2e]"></a>prvTimerTask</STRONG> (Thumb, 26 bytes, Stack size 8 bytes, timers.o(i.prvTimerTask))
<BR><BR>[Stack]<UL><LI>Max Depth = 240<LI>Call Chain = prvTimerTask &rArr; prvProcessReceivedCommands &rArr; prvSampleTimeNow &rArr; prvSwitchTimerLists &rArr; xTimerGenericCommand &rArr; xQueueGenericSend &rArr; vTaskPlaceOnEventList &rArr; prvAddCurrentTaskToDelayedList &rArr; vListInsert
</UL>
<BR>[Calls]<UL><LI><a href="#[92]">&gt;&gt;</a>&nbsp;&nbsp;&nbsp;prvProcessTimerOrBlockTask
<LI><a href="#[90]">&gt;&gt;</a>&nbsp;&nbsp;&nbsp;prvProcessReceivedCommands
<LI><a href="#[96]">&gt;&gt;</a>&nbsp;&nbsp;&nbsp;prvGetNextExpireTime
</UL>
<BR>[Address Reference Count : 1]<UL><LI> timers.o(i.xTimerCreateTimerTask)
</UL>
<P><STRONG><a name="[69]"></a>_printf_core</STRONG> (Thumb, 436 bytes, Stack size 96 bytes, printf3.o(i._printf_core), UNUSED)
<BR><BR>[Calls]<UL><LI><a href="#[6a]">&gt;&gt;</a>&nbsp;&nbsp;&nbsp;__aeabi_uidivmod
</UL>
<BR>[Called By]<UL><LI><a href="#[68]">&gt;&gt;</a>&nbsp;&nbsp;&nbsp;__0printf$3
</UL>

<P><STRONG><a name="[24]"></a>_scanf_char_input</STRONG> (Thumb, 12 bytes, Stack size 0 bytes, scanf_char.o(.text))
<BR>[Address Reference Count : 1]<UL><LI> scanf_char.o(.text)
</UL><P>
<H3>
Undefined Global Symbols
</H3><HR></body></html>
