<html>
<body>
<pre>
<h1>µVision Build Log</h1>
<h2>Tool Versions:</h2>
IDE-Version: µVision V5.24.2.0
Copyright (C) 2017 ARM Ltd and ARM Germany GmbH. All rights reserved.
License Information: PE PE, PE, LIC=----
 
Tool Versions:
Toolchain:       MDK-Lite  Version: 5.24.1
Toolchain Path:  C:\Keil_v5\ARM\ARMCC\Bin
C Compiler:      Armcc.exe V5.06 update 5 (build 528)
Assembler:       Armasm.exe V5.06 update 5 (build 528)
Linker/Locator:  ArmLink.exe V5.06 update 5 (build 528)
Library Manager: ArmAr.exe V5.06 update 5 (build 528)
Hex Converter:   FromElf.exe V5.06 update 5 (build 528)
CPU DLL:         SARMCM3.DLL V5.24.1
Dialog DLL:      DCM.DLL V1.16.0.0
Target DLL:      Segger\JL2CM3.dll V2.99.26.0
Dialog DLL:      TCM.DLL V1.32.0.0
 
<h2>Project:</h2>
C:\Users\Ñòóäåíò\Desktop\SAMPLE2_1 - êîïèÿ\sample2_1.uvprojx
Project File Date:  04/12/2024

<h2>Output:</h2>
*** Using Compiler 'V5.06 update 5 (build 528)', folder: 'C:\Keil_v5\ARM\ARMCC\Bin'
Rebuild target 'Target 1'
compiling init.c...
compiling main.c...
main.c(109): warning:  #181-D: argument is incompatible with corresponding format string conversion
  			printf("QUEUE RECIEVED STRING '%s'\r\n", &string);
main.c(154): warning:  #167-D: argument of type "void (*)(void)" is incompatible with parameter of type "TaskFunction_t"
      xTaskCreate(U_MENU_Running_String_Task_Function, (char *) "Task2", 
onfigMINIMAL_STACK_SIZE, 
ULL, 
skIDLE_PRIORITY + 2, 
ULL);
main.c(156): warning:  #167-D: argument of type "void (*)(void)" is incompatible with parameter of type "TaskFunction_t"
       xTaskCreate(U_MENU_Output, (char *) "Task3", 
onfigMINIMAL_STACK_SIZE, 
ULL, 
skIDLE_PRIORITY + 2, 
ULL);
main.c(158): warning:  #167-D: argument of type "void (*)(void)" is incompatible with parameter of type "TaskFunction_t"
       xTaskCreate(U_Privet, (char *) "Task4", 
onfigMINIMAL_STACK_SIZE, 
ULL, 
skIDLE_PRIORITY + 3, 
ULL);
main.c(160): warning:  #167-D: argument of type "void (*)(void)" is incompatible with parameter of type "TaskFunction_t"
       xTaskCreate(Task_output, (char *) "Task5", 
onfigMINIMAL_STACK_SIZE, 
ULL, 
skIDLE_PRIORITY + 3, 
ULL);
main.c(161): warning:  #167-D: argument of type "void (*)(void)" is incompatible with parameter of type "TaskFunction_t"
  	  xTaskCreate(vQHandler,(char *) "Task6",
onfigMINIMAL_STACK_SIZE,
ULL, 
skIDLE_PRIORITY + 1,
ULL);
main.c: 6 warnings, 0 errors
compiling MDR32F9Qx_it.c...
compiling menu.c...
menu.c(72): warning:  #223-D: function "sprintf" declared implicitly
  			sprintf(str, "DOWN %d", SB_DOWN.TIME_DOWN);
menu.c(79): warning:  #223-D: function "sprintf" declared implicitly
  			sprintf(str, "LEFT %d", SB_LEFT.TIME_DOWN);
menu.c(85): warning:  #223-D: function "sprintf" declared implicitly
  			sprintf(str, "RIGHT %d", SB_RIGHT.TIME_DOWN);
menu.c(91): warning:  #223-D: function "sprintf" declared implicitly
  			sprintf(str, "SELECT %d", SB_SELECT.TIME_DOWN);
menu.c(52): warning:  #550-D: variable "xLastTime"  was set but never used
  	portTickType xLastTime;
menu.c(53): warning:  #550-D: variable "flag_button"  was set but never used
  	uint8_t flag_button;
menu.c(171): warning:  #177-D: variable "k"  was declared but never referenced
  	uint32_t k = 0;
menu.c(175): warning:  #177-D: variable "s"  was declared but never referenced
  	const char s[]="Work with buttons";
menu.c(207): warning:  #223-D: function "scanf" declared implicitly
  	scanf("%26s", Message_UART);
menu.c(225): warning:  #174-D: expression has no effect
  	for (iterator; iterator < length; iterator++)
menu.c(236): warning:  #223-D: function "printf" declared implicitly
  	printf("YOUR STR IS '%s'\r\n", &run_string);
menu.c(200): warning:  #177-D: variable "str"  was declared but never referenced
  		char str[10];
menu.c(245): warning:  #223-D: function "printf" declared implicitly
  	printf("Work with Queues\r\n");
menu.c: 13 warnings, 0 errors
compiling button.c...
button.c(159): warning:  #223-D: function "xTaskGetTickCount" declared implicitly
  				button -> TIME_UP_DOWN = xTaskGetTickCount();
button.c(165): warning:  #223-D: function "xTaskGetTickCount" declared implicitly
  			if (((xTaskGetTickCount()) - (button -> TIME_UP_DOWN)) > ANTIBOUNCE_DELAY)
button.c(177): warning:  #223-D: function "xTaskGetTickCount" declared implicitly
  				button -> TIME_DOWN_UP = xTaskGetTickCount();
button.c(183): warning:  #223-D: function "xTaskGetTickCount" declared implicitly
  			if (((xTaskGetTickCount()) - (button -> TIME_DOWN_UP)) > ANTIBOUNCE_DELAY)
button.c: 4 warnings, 0 errors
compiling uart_io.c...
compiling heap_2.c...
compiling event_groups.c...
compiling croutine.c...
compiling list.c...
compiling queue.c...
compiling port.c...
compiling tasks.c...
compiling timers.c...
assembling startup_MDR32F9Qx.s...
compiling mlt_lcd.c...
compiling system_MDR32F9Qx.c...
compiling MDR32F9Qx_adc.c...
compiling MDR32F9Qx_bkp.c...
compiling MDR32F9Qx_comp.c...
compiling MDR32F9Qx_can.c...
compiling MDR32F9Qx_dac.c...
compiling MDR32F9Qx_dma.c...
compiling MDR32F9Qx_ebc.c...
compiling MDR32F9Qx_i2c.c...
compiling MDR32F9Qx_eeprom.c...
compiling MDR32F9Qx_iwdg.c...
compiling MDR32F9Qx_port.c...
compiling MDR32F9Qx_power.c...
compiling MDR32F9Qx_rst_clk.c...
compiling MDR32F9Qx_ssp.c...
compiling MDR32F9Qx_uart.c...
compiling MDR32F9Qx_timer.c...
linking...
Program Size: Code=13848 RO-data=2200 RW-data=172 ZI-data=21948  
FromELF: creating hex file...
".\obj\cantest.axf" - 0 Error(s), 23 Warning(s).

<h2>Software Packages used:</h2>

Package Vendor: ARM
                http://www.keil.com/pack/ARM.CMSIS.5.0.1.pack
                ARM.CMSIS.5.0.1
                CMSIS (Cortex Microcontroller Software Interface Standard)
   * Component: CORE Version: 5.0.1

Package Vendor: Keil
                http://www.keil.com/pack/Keil.MDR1986BExx.1.5.3.pack
                Keil.MDR1986BExx.1.5.3
                Milandr MDR1986BExx Series Device Support, Drivers and Examples
   * Component: UART Version: 1.5
   * Component: TIMER Version: 1.5
   * Component: SSP Version: 1.5
   * Component: RST_CLK Version: 1.5
   * Component: POWER Version: 1.5
   * Component: PORT Version: 1.5
   * Component: LIB Version: 1.5
   * Component: IWDG Version: 1.5
   * Component: I2C Version: 1.5
   * Component: EEPROM Version: 1.5
   * Component: EBC Version: 1.5
   * Component: DMA Version: 1.5
   * Component: DAC Version: 1.5
   * Component: COMP Version: 1.5
   * Component: CAN Version: 1.5
   * Component: BKP Version: 1.5
   * Component: ADC Version: 1.5
   * Component: Startup Version: 1.5

<h2>Collection of Component include folders:</h2>
  .\RTE\Device\MDR1986BE92
  .\RTE\_Target_1
  C:\Keil_v5\ARM\PACK\ARM\CMSIS\5.0.1\CMSIS\Include
  C:\Keil_v5\ARM\PACK\Keil\MDR1986BExx\1.5.3\Libraries\CMSIS\CM3\CoreSupport
  C:\Keil_v5\ARM\PACK\Keil\MDR1986BExx\1.5.3\Libraries\CMSIS\CM3\DeviceSupport\MDR32F9Qx\inc
  C:\Keil_v5\ARM\PACK\Keil\MDR1986BExx\1.5.3\Libraries\MDR32F9Qx_StdPeriph_Driver\inc

<h2>Collection of Component Files used:</h2>

   * Component: Keil::Drivers:UART:1.5
      Include file:  Libraries\MDR32F9Qx_StdPeriph_Driver\inc\MDR32F9Qx_uart.h
      Source file:   Libraries\MDR32F9Qx_StdPeriph_Driver\src\MDR32F9Qx_uart.c

   * Component: Keil::Drivers:TIMER:1.5
      Include file:  Libraries\MDR32F9Qx_StdPeriph_Driver\inc\MDR32F9Qx_timer.h
      Source file:   Libraries\MDR32F9Qx_StdPeriph_Driver\src\MDR32F9Qx_timer.c

   * Component: Keil::Drivers:SSP:1.5
      Include file:  Libraries\MDR32F9Qx_StdPeriph_Driver\inc\MDR32F9Qx_ssp.h
      Source file:   Libraries\MDR32F9Qx_StdPeriph_Driver\src\MDR32F9Qx_ssp.c

   * Component: Keil::Drivers:RST_CLK:1.5
      Include file:  Libraries\MDR32F9Qx_StdPeriph_Driver\inc\MDR32F9Qx_rst_clk.h
      Source file:   Libraries\MDR32F9Qx_StdPeriph_Driver\src\MDR32F9Qx_rst_clk.c

   * Component: Keil::Drivers:POWER:1.5
      Include file:  Libraries\MDR32F9Qx_StdPeriph_Driver\inc\MDR32F9Qx_power.h
      Source file:   Libraries\MDR32F9Qx_StdPeriph_Driver\src\MDR32F9Qx_power.c

   * Component: Keil::Drivers:PORT:1.5
      Include file:  Libraries\MDR32F9Qx_StdPeriph_Driver\inc\MDR32F9Qx_port.h
      Source file:   Libraries\MDR32F9Qx_StdPeriph_Driver\src\MDR32F9Qx_port.c

   * Component: Keil::Drivers:LIB:1.5
      Include file:  Libraries\MDR32F9Qx_StdPeriph_Driver\inc\MDR32F9Qx_lib.h

   * Component: Keil::Drivers:IWDG:1.5
      Include file:  Libraries\MDR32F9Qx_StdPeriph_Driver\inc\MDR32F9Qx_iwdg.h
      Source file:   Libraries\MDR32F9Qx_StdPeriph_Driver\src\MDR32F9Qx_iwdg.c

   * Component: Keil::Drivers:I2C:1.5
      Include file:  Libraries\MDR32F9Qx_StdPeriph_Driver\inc\MDR32F9Qx_i2c.h
      Source file:   Libraries\MDR32F9Qx_StdPeriph_Driver\src\MDR32F9Qx_i2c.c

   * Component: Keil::Drivers:EEPROM:1.5
      Include file:  Libraries\MDR32F9Qx_StdPeriph_Driver\inc\MDR32F9Qx_eeprom.h
      Source file:   Libraries\MDR32F9Qx_StdPeriph_Driver\src\MDR32F9Qx_eeprom.c

   * Component: Keil::Drivers:EBC:1.5
      Include file:  Libraries\MDR32F9Qx_StdPeriph_Driver\inc\MDR32F9Qx_ebc.h
      Source file:   Libraries\MDR32F9Qx_StdPeriph_Driver\src\MDR32F9Qx_ebc.c

   * Component: Keil::Drivers:DMA:1.5
      Include file:  Libraries\MDR32F9Qx_StdPeriph_Driver\inc\MDR32F9Qx_dma.h
      Source file:   Libraries\MDR32F9Qx_StdPeriph_Driver\src\MDR32F9Qx_dma.c

   * Component: Keil::Drivers:DAC:1.5
      Include file:  Libraries\MDR32F9Qx_StdPeriph_Driver\inc\MDR32F9Qx_dac.h
      Source file:   Libraries\MDR32F9Qx_StdPeriph_Driver\src\MDR32F9Qx_dac.c

   * Component: Keil::Drivers:COMP:1.5
      Include file:  Libraries\MDR32F9Qx_StdPeriph_Driver\inc\MDR32F9Qx_comp.h
      Source file:   Libraries\MDR32F9Qx_StdPeriph_Driver\src\MDR32F9Qx_comp.c

   * Component: Keil::Drivers:CAN:1.5
      Include file:  Libraries\MDR32F9Qx_StdPeriph_Driver\inc\MDR32F9Qx_can.h
      Source file:   Libraries\MDR32F9Qx_StdPeriph_Driver\src\MDR32F9Qx_can.c

   * Component: Keil::Drivers:BKP:1.5
      Include file:  Libraries\MDR32F9Qx_StdPeriph_Driver\inc\MDR32F9Qx_bkp.h
      Source file:   Libraries\MDR32F9Qx_StdPeriph_Driver\src\MDR32F9Qx_bkp.c

   * Component: Keil::Drivers:ADC:1.5
      Include file:  Libraries\MDR32F9Qx_StdPeriph_Driver\inc\MDR32F9Qx_adc.h
      Source file:   Libraries\MDR32F9Qx_StdPeriph_Driver\src\MDR32F9Qx_adc.c

   * Component: Keil::Device:Startup:1.5
      Source file:   Libraries\CMSIS\CM3\DeviceSupport\MDR32F9Qx\startup\arm\startup_MDR32F9Qx.s
      Source file:   Libraries\CMSIS\CM3\DeviceSupport\MDR32F9Qx\startup\arm\system_MDR32F9Qx.c
      Include file:  Libraries\CMSIS\CM3\DeviceSupport\MDR32F9Qx\startup\arm\system_MDR32F9Qx.h
      Include file:  Libraries\CMSIS\CM3\CoreSupport\core_cm3.h
      Include file:  Config\MDR32F9Qx_config.h

   * Component: ARM::CMSIS:CORE:5.0.1
Build Time Elapsed:  00:00:07
</pre>
</body>
</html>
