Component: ARM Compiler 5.06 update 5 (build 528) Tool: armlink [4d35e2]

==============================================================================

Section Cross References

    main.o(i.main) refers to init.o(i.init) for init
    main.o(i.main) refers to button.o(i.Init_button) for Init_button
    main.o(i.main) refers to mlt_lcd.o(i.U_MLT_Init) for U_MLT_Init
    main.o(i.main) refers to menu.o(i.U_MENU_Init) for U_MENU_Init
    main.o(i.main) refers to tasks.o(i.xTaskCreate) for xTaskCreate
    main.o(i.main) refers to tasks.o(i.vTaskStartScheduler) for vTaskStartScheduler
    main.o(i.main) refers to menu.o(i.vMenu) for vMenu
    main.o(i.main) refers to menu.o(i.vScroll_String) for vScroll_String
    init.o(i.PORT_init) refers to mdr32f9qx_rst_clk.o(i.RST_CLK_PCLKcmd) for RST_CLK_PCLKcmd
    init.o(i.PORT_init) refers to mdr32f9qx_port.o(i.PORT_Init) for PORT_Init
    init.o(i.init) refers to init.o(i.sys_clk_init) for sys_clk_init
    init.o(i.sys_clk_init) refers to mdr32f9qx_rst_clk.o(i.RST_CLK_HSEconfig) for RST_CLK_HSEconfig
    init.o(i.sys_clk_init) refers to mdr32f9qx_rst_clk.o(i.RST_CLK_HSEstatus) for RST_CLK_HSEstatus
    init.o(i.sys_clk_init) refers to mdr32f9qx_rst_clk.o(i.RST_CLK_CPU_PLLconfig) for RST_CLK_CPU_PLLconfig
    init.o(i.sys_clk_init) refers to mdr32f9qx_rst_clk.o(i.RST_CLK_CPU_PLLcmd) for RST_CLK_CPU_PLLcmd
    init.o(i.sys_clk_init) refers to mdr32f9qx_rst_clk.o(i.RST_CLK_CPU_PLLstatus) for RST_CLK_CPU_PLLstatus
    init.o(i.sys_clk_init) refers to mdr32f9qx_rst_clk.o(i.RST_CLK_CPUclkPrescaler) for RST_CLK_CPUclkPrescaler
    init.o(i.sys_clk_init) refers to mdr32f9qx_rst_clk.o(i.RST_CLK_CPU_PLLuse) for RST_CLK_CPU_PLLuse
    init.o(i.sys_clk_init) refers to mdr32f9qx_rst_clk.o(i.RST_CLK_CPUclkSelection) for RST_CLK_CPUclkSelection
    init.o(i.sys_clk_init) refers to system_mdr32f9qx.o(i.SystemCoreClockUpdate) for SystemCoreClockUpdate
    button.o(i.Init_button) refers to mdr32f9qx_rst_clk.o(i.RST_CLK_PCLKcmd) for RST_CLK_PCLKcmd
    button.o(i.Init_button) refers to mdr32f9qx_port.o(i.PORT_StructInit) for PORT_StructInit
    button.o(i.Init_button) refers to mdr32f9qx_port.o(i.PORT_Init) for PORT_Init
    button.o(i.Init_button) refers to button.o(.bss) for SB_SELECT
    button.o(i.U_BTN_Init) refers to mdr32f9qx_rst_clk.o(i.RST_CLK_PCLKcmd) for RST_CLK_PCLKcmd
    button.o(i.U_BTN_Init) refers to mdr32f9qx_port.o(i.PORT_StructInit) for PORT_StructInit
    button.o(i.U_BTN_Init) refers to mdr32f9qx_port.o(i.PORT_Init) for PORT_Init
    button.o(i.U_BTN_Read_Button) refers to mdr32f9qx_port.o(i.PORT_ReadInputDataBit) for PORT_ReadInputDataBit
    button.o(i.check_button) refers to mdr32f9qx_port.o(i.PORT_ReadInputDataBit) for PORT_ReadInputDataBit
    button.o(i.check_button) refers to tasks.o(i.xTaskGetTickCount) for xTaskGetTickCount
    menu.o(i.U_MENU_Init) refers to menu.o(i.U_MENU_Prepare_Item) for U_MENU_Prepare_Item
    menu.o(i.U_MENU_Init) refers to mlt_lcd.o(i.U_MLT_Put_String) for U_MLT_Put_String
    menu.o(i.U_MENU_Init) refers to menu.o(.data) for U_MENU_Item
    menu.o(i.vMenu) refers to tasks.o(i.xTaskGetTickCount) for xTaskGetTickCount
    menu.o(i.vMenu) refers to tasks.o(i.vTaskDelay) for vTaskDelay
    menu.o(i.vMenu) refers to button.o(i.check_button) for check_button
    menu.o(i.vMenu) refers to button.o(i.reset_click) for reset_click
    menu.o(i.vMenu) refers to printf1.o(i.__0sprintf$1) for __2sprintf
    menu.o(i.vMenu) refers to mlt_lcd.o(i.U_MLT_Put_String) for U_MLT_Put_String
    menu.o(i.vMenu) refers to button.o(.bss) for SB_UP
    menu.o(i.vScroll_String) refers to memcpya.o(.text) for __aeabi_memcpy4
    menu.o(i.vScroll_String) refers to tasks.o(i.vTaskDelay) for vTaskDelay
    menu.o(i.vScroll_String) refers to mlt_lcd.o(i.U_MLT_Scroll_String) for U_MLT_Scroll_String
    event_groups.o(i.vEventGroupClearBitsCallback) refers to event_groups.o(i.xEventGroupClearBits) for xEventGroupClearBits
    event_groups.o(i.vEventGroupDelete) refers to tasks.o(i.vTaskSuspendAll) for vTaskSuspendAll
    event_groups.o(i.vEventGroupDelete) refers to tasks.o(i.xTaskRemoveFromUnorderedEventList) for xTaskRemoveFromUnorderedEventList
    event_groups.o(i.vEventGroupDelete) refers to heap_2.o(i.vPortFree) for vPortFree
    event_groups.o(i.vEventGroupDelete) refers to tasks.o(i.xTaskResumeAll) for xTaskResumeAll
    event_groups.o(i.vEventGroupSetBitsCallback) refers to event_groups.o(i.xEventGroupSetBits) for xEventGroupSetBits
    event_groups.o(i.xEventGroupClearBits) refers to port.o(i.vPortEnterCritical) for vPortEnterCritical
    event_groups.o(i.xEventGroupClearBits) refers to port.o(i.vPortExitCritical) for vPortExitCritical
    event_groups.o(i.xEventGroupCreate) refers to heap_2.o(i.pvPortMalloc) for pvPortMalloc
    event_groups.o(i.xEventGroupCreate) refers to list.o(i.vListInitialise) for vListInitialise
    event_groups.o(i.xEventGroupSetBits) refers to tasks.o(i.vTaskSuspendAll) for vTaskSuspendAll
[...]
    Removing mdr32f9qx_dac.o(i.DAC1_Cmd), (28 bytes).
    Removing mdr32f9qx_dac.o(i.DAC1_GetData), (12 bytes).
    Removing mdr32f9qx_dac.o(i.DAC1_Init), (20 bytes).
    Removing mdr32f9qx_dac.o(i.DAC1_SetData), (12 bytes).
    Removing mdr32f9qx_dac.o(i.DAC2_Cmd), (28 bytes).
    Removing mdr32f9qx_dac.o(i.DAC2_GetData), (12 bytes).
    Removing mdr32f9qx_dac.o(i.DAC2_Init), (20 bytes).
    Removing mdr32f9qx_dac.o(i.DAC2_SetData), (12 bytes).
    Removing mdr32f9qx_dac.o(i.DAC_DeInit), (16 bytes).
    Removing mdr32f9qx_dac.o(i.DAC_Init), (28 bytes).
    Removing mdr32f9qx_dma.o(.rev16_text), (4 bytes).
    Removing mdr32f9qx_dma.o(.revsh_text), (4 bytes).
    Removing mdr32f9qx_dma.o(.rrx_text), (6 bytes).
    Removing mdr32f9qx_dma.o(i.DMA_ClearError), (12 bytes).
    Removing mdr32f9qx_dma.o(i.DMA_Cmd), (28 bytes).
    Removing mdr32f9qx_dma.o(i.DMA_CtrlDataInit), (112 bytes).
    Removing mdr32f9qx_dma.o(i.DMA_CtrlInit), (52 bytes).
    Removing mdr32f9qx_dma.o(i.DMA_DeInit), (32 bytes).
    Removing mdr32f9qx_dma.o(i.DMA_GetCurrTransferCounter), (40 bytes).
    Removing mdr32f9qx_dma.o(i.DMA_GetFlagStatus), (172 bytes).
    Removing mdr32f9qx_dma.o(i.DMA_Init), (148 bytes).
    Removing mdr32f9qx_dma.o(i.DMA_Request), (16 bytes).
    Removing mdr32f9qx_dma.o(i.DMA_SG_CtrlInit), (20 bytes).
    Removing mdr32f9qx_dma.o(i.DMA_SG_Init), (164 bytes).
    Removing mdr32f9qx_dma.o(i.DMA_SG_StructInit), (18 bytes).
    Removing mdr32f9qx_dma.o(i.DMA_StructInit), (16 bytes).
    Removing mdr32f9qx_dma.o(.bss), (1024 bytes).
    Removing mdr32f9qx_ebc.o(.rev16_text), (4 bytes).
    Removing mdr32f9qx_ebc.o(.revsh_text), (4 bytes).
    Removing mdr32f9qx_ebc.o(.rrx_text), (6 bytes).
    Removing mdr32f9qx_ebc.o(i.EBC_CalcNandCycles), (60 bytes).
    Removing mdr32f9qx_ebc.o(i.EBC_CalcWaitStates), (72 bytes).
    Removing mdr32f9qx_ebc.o(i.EBC_DeInit), (16 bytes).
    Removing mdr32f9qx_ebc.o(i.EBC_GetBusyStatus), (24 bytes).
    Removing mdr32f9qx_ebc.o(i.EBC_Init), (64 bytes).
    Removing mdr32f9qx_ebc.o(i.EBC_StructInit), (24 bytes).
    Removing mdr32f9qx_i2c.o(.rev16_text), (4 bytes).
    Removing mdr32f9qx_i2c.o(.revsh_text), (4 bytes).
    Removing mdr32f9qx_i2c.o(.rrx_text), (6 bytes).
    Removing mdr32f9qx_i2c.o(i.I2C_CheckEvent), (24 bytes).
    Removing mdr32f9qx_i2c.o(i.I2C_ClearITPendingBit), (16 bytes).
    Removing mdr32f9qx_i2c.o(i.I2C_Cmd), (28 bytes).
    Removing mdr32f9qx_i2c.o(i.I2C_DeInit), (24 bytes).
    Removing mdr32f9qx_i2c.o(i.I2C_GetFlagStatus), (22 bytes).
    Removing mdr32f9qx_i2c.o(i.I2C_GetITStatus), (24 bytes).
    Removing mdr32f9qx_i2c.o(i.I2C_GetLastEvent), (24 bytes).
    Removing mdr32f9qx_i2c.o(i.I2C_GetReceivedData), (12 bytes).
    Removing mdr32f9qx_i2c.o(i.I2C_ITConfig), (28 bytes).
    Removing mdr32f9qx_i2c.o(i.I2C_Init), (44 bytes).
    Removing mdr32f9qx_i2c.o(i.I2C_Send7bitAddress), (20 bytes).
    Removing mdr32f9qx_i2c.o(i.I2C_SendByte), (16 bytes).
    Removing mdr32f9qx_i2c.o(i.I2C_SendSTOP), (12 bytes).
    Removing mdr32f9qx_i2c.o(i.I2C_StartReceiveData), (16 bytes).
    Removing mdr32f9qx_i2c.o(i.I2C_StructInit), (10 bytes).
    Removing mdr32f9qx_iwdg.o(.rev16_text), (4 bytes).
    Removing mdr32f9qx_iwdg.o(.revsh_text), (4 bytes).
    Removing mdr32f9qx_iwdg.o(.rrx_text), (6 bytes).
    Removing mdr32f9qx_iwdg.o(i.IWDG_Enable), (16 bytes).
    Removing mdr32f9qx_iwdg.o(i.IWDG_GetFlagStatus), (24 bytes).
    Removing mdr32f9qx_iwdg.o(i.IWDG_ReloadCounter), (16 bytes).
    Removing mdr32f9qx_iwdg.o(i.IWDG_SetPrescaler), (12 bytes).
    Removing mdr32f9qx_iwdg.o(i.IWDG_SetReload), (12 bytes).
    Removing mdr32f9qx_iwdg.o(i.IWDG_WriteAccessDisable), (12 bytes).
    Removing mdr32f9qx_iwdg.o(i.IWDG_WriteAccessEnable), (16 bytes).
    Removing mdr32f9qx_port.o(.rev16_text), (4 bytes).
    Removing mdr32f9qx_port.o(.revsh_text), (4 bytes).
    Removing mdr32f9qx_port.o(.rrx_text), (6 bytes).
    Removing mdr32f9qx_port.o(i.PORT_DeInit), (20 bytes).
    Removing mdr32f9qx_port.o(i.PORT_ReadInputData), (6 bytes).
    Removing mdr32f9qx_port.o(i.PORT_Write), (24 bytes).
    Removing mdr32f9qx_port.o(i.PORT_WriteBit), (44 bytes).
    Removing mdr32f9qx_power.o(.rev16_text), (4 bytes).
    Removing mdr32f9qx_power.o(.revsh_text), (4 bytes).
    Removing mdr32f9qx_power.o(.rrx_text), (6 bytes).
    Removing mdr32f9qx_power.o(i.POWER_ClearFlag), (16 bytes).
    Removing mdr32f9qx_power.o(i.POWER_DUccMode), (24 bytes).
    Removing mdr32f9qx_power.o(i.POWER_DUccStandby), (12 bytes).
    Removing mdr32f9qx_power.o(i.POWER_DUccTrim), (24 bytes).
    Removing mdr32f9qx_power.o(i.POWER_DeInit), (12 bytes).
    Removing mdr32f9qx_power.o(i.POWER_EnterSTANDBYMode), (32 bytes).
    Removing mdr32f9qx_power.o(i.POWER_EnterSTOPMode), (80 bytes).
    Removing mdr32f9qx_power.o(i.POWER_FlagPORstatus), (16 bytes).
    Removing mdr32f9qx_power.o(i.POWER_GetFlagStatus), (24 bytes).
    Removing mdr32f9qx_power.o(i.POWER_PVBDlevelConfig), (28 bytes).
    Removing mdr32f9qx_power.o(i.POWER_PVD_INVconfig), (32 bytes).
    Removing mdr32f9qx_power.o(i.POWER_PVD_ITconfig), (32 bytes).
    Removing mdr32f9qx_power.o(i.POWER_PVDenable), (12 bytes).
    Removing mdr32f9qx_power.o(i.POWER_PVDlevelConfig), (28 bytes).
    Removing mdr32f9qx_power.o(i.POWER_SetFlagPOR), (12 bytes).
    Removing mdr32f9qx_rst_clk.o(.rev16_text), (4 bytes).
    Removing mdr32f9qx_rst_clk.o(.revsh_text), (4 bytes).
    Removing mdr32f9qx_rst_clk.o(.rrx_text), (6 bytes).
    Removing mdr32f9qx_rst_clk.o(i.RST_CLK_ADCclkEnable), (12 bytes).
    Removing mdr32f9qx_rst_clk.o(i.RST_CLK_ADCclkPrescaler), (24 bytes).
    Removing mdr32f9qx_rst_clk.o(i.RST_CLK_ADCclkSelection), (20 bytes).
    Removing mdr32f9qx_rst_clk.o(i.RST_CLK_DeInit), (44 bytes).
    Removing mdr32f9qx_rst_clk.o(i.RST_CLK_GetClocksFreq), (628 bytes).
    Removing mdr32f9qx_rst_clk.o(i.RST_CLK_HSEclkPrescaler), (20 bytes).
    Removing mdr32f9qx_rst_clk.o(i.RST_CLK_HSIadjust), (24 bytes).
    Removing mdr32f9qx_rst_clk.o(i.RST_CLK_HSIclkPrescaler), (24 bytes).
    Removing mdr32f9qx_rst_clk.o(i.RST_CLK_HSIcmd), (12 bytes).
    Removing mdr32f9qx_rst_clk.o(i.RST_CLK_HSIstatus), (52 bytes).
    Removing mdr32f9qx_rst_clk.o(i.RST_CLK_LSEconfig), (60 bytes).
    Removing mdr32f9qx_rst_clk.o(i.RST_CLK_LSEstatus), (52 bytes).
    Removing mdr32f9qx_rst_clk.o(i.RST_CLK_LSIadjust), (24 bytes).
    Removing mdr32f9qx_rst_clk.o(i.RST_CLK_LSIcmd), (12 bytes).
    Removing mdr32f9qx_rst_clk.o(i.RST_CLK_LSIstatus), (52 bytes).
    Removing mdr32f9qx_rst_clk.o(i.RST_CLK_RTC_HSEclkEnable), (12 bytes).
    Removing mdr32f9qx_rst_clk.o(i.RST_CLK_RTC_HSIclkEnable), (12 bytes).
    Removing mdr32f9qx_rst_clk.o(i.RST_CLK_USB_PLLcmd), (12 bytes).
    Removing mdr32f9qx_rst_clk.o(i.RST_CLK_USB_PLLconfig), (64 bytes).
    Removing mdr32f9qx_rst_clk.o(i.RST_CLK_USB_PLLstatus), (52 bytes).
    Removing mdr32f9qx_rst_clk.o(i.RST_CLK_USB_PLLuse), (12 bytes).
    Removing mdr32f9qx_rst_clk.o(i.RST_CLK_USBclkEnable), (12 bytes).
    Removing mdr32f9qx_rst_clk.o(i.RST_CLK_USBclkPrescaler), (12 bytes).
    Removing mdr32f9qx_rst_clk.o(i.RST_CLK_WarmDeInit), (84 bytes).
    Removing mdr32f9qx_ssp.o(.rev16_text), (4 bytes).
    Removing mdr32f9qx_ssp.o(.revsh_text), (4 bytes).
    Removing mdr32f9qx_ssp.o(.rrx_text), (6 bytes).
    Removing mdr32f9qx_ssp.o(i.SSP_BRGInit), (60 bytes).
    Removing mdr32f9qx_ssp.o(i.SSP_ClearITPendingBit), (8 bytes).
    Removing mdr32f9qx_ssp.o(i.SSP_Cmd), (24 bytes).
    Removing mdr32f9qx_ssp.o(i.SSP_DMACmd), (24 bytes).
    Removing mdr32f9qx_ssp.o(i.SSP_DeInit), (18 bytes).
    Removing mdr32f9qx_ssp.o(i.SSP_GetFlagStatus), (16 bytes).
    Removing mdr32f9qx_ssp.o(i.SSP_GetITStatus), (18 bytes).
    Removing mdr32f9qx_ssp.o(i.SSP_GetITStatusMasked), (16 bytes).
    Removing mdr32f9qx_ssp.o(i.SSP_ITConfig), (18 bytes).
    Removing mdr32f9qx_ssp.o(i.SSP_Init), (38 bytes).
    Removing mdr32f9qx_ssp.o(i.SSP_ReceiveData), (8 bytes).
    Removing mdr32f9qx_ssp.o(i.SSP_SendData), (4 bytes).
    Removing mdr32f9qx_ssp.o(i.SSP_StructInit), (28 bytes).
    Removing mdr32f9qx_timer.o(.rev16_text), (4 bytes).
    Removing mdr32f9qx_timer.o(.revsh_text), (4 bytes).
    Removing mdr32f9qx_timer.o(.rrx_text), (6 bytes).
    Removing mdr32f9qx_timer.o(i.TIMER_BRGInit), (84 bytes).
    Removing mdr32f9qx_timer.o(i.TIMER_BRKPolarityConfig), (14 bytes).
    Removing mdr32f9qx_timer.o(i.TIMER_ChnBRKResetConfig), (24 bytes).
    Removing mdr32f9qx_timer.o(i.TIMER_ChnCCR1_Cmd), (30 bytes).
    Removing mdr32f9qx_timer.o(i.TIMER_ChnCCR1_EventSourceConfig), (24 bytes).
    Removing mdr32f9qx_timer.o(i.TIMER_ChnCapturePrescalerConfig), (26 bytes).
    Removing mdr32f9qx_timer.o(i.TIMER_ChnCompare1Config), (32 bytes).
    Removing mdr32f9qx_timer.o(i.TIMER_ChnCompareConfig), (32 bytes).
    Removing mdr32f9qx_timer.o(i.TIMER_ChnETRResetConfig), (24 bytes).
    Removing mdr32f9qx_timer.o(i.TIMER_ChnETR_Cmd), (30 bytes).
    Removing mdr32f9qx_timer.o(i.TIMER_ChnEventSourceConfig), (24 bytes).
    Removing mdr32f9qx_timer.o(i.TIMER_ChnFilterConfig), (24 bytes).
    Removing mdr32f9qx_timer.o(i.TIMER_ChnInit), (70 bytes).
    Removing mdr32f9qx_timer.o(i.TIMER_ChnNOutConfig), (36 bytes).
    Removing mdr32f9qx_timer.o(i.TIMER_ChnNOutModeConfig), (26 bytes).
    Removing mdr32f9qx_timer.o(i.TIMER_ChnNOutPolarityConfig), (26 bytes).
    Removing mdr32f9qx_timer.o(i.TIMER_ChnNOutSourceConfig), (26 bytes).
    Removing mdr32f9qx_timer.o(i.TIMER_ChnOutConfig), (34 bytes).
    Removing mdr32f9qx_timer.o(i.TIMER_ChnOutDTGConfig), (20 bytes).
    Removing mdr32f9qx_timer.o(i.TIMER_ChnOutInit), (66 bytes).
    Removing mdr32f9qx_timer.o(i.TIMER_ChnOutModeConfig), (24 bytes).
    Removing mdr32f9qx_timer.o(i.TIMER_ChnOutPolarityConfig), (26 bytes).
    Removing mdr32f9qx_timer.o(i.TIMER_ChnOutSourceConfig), (26 bytes).
    Removing mdr32f9qx_timer.o(i.TIMER_ChnOutStructInit), (22 bytes).
    Removing mdr32f9qx_timer.o(i.TIMER_ChnREFFormatConfig), (24 bytes).
    Removing mdr32f9qx_timer.o(i.TIMER_ChnStructInit), (28 bytes).
    Removing mdr32f9qx_timer.o(i.TIMER_ClearFlag), (6 bytes).
    Removing mdr32f9qx_timer.o(i.TIMER_Cmd), (20 bytes).
    Removing mdr32f9qx_timer.o(i.TIMER_CntAutoreloadConfig), (18 bytes).
    Removing mdr32f9qx_timer.o(i.TIMER_CntEventSourceConfig), (14 bytes).
    Removing mdr32f9qx_timer.o(i.TIMER_CntInit), (54 bytes).
    Removing mdr32f9qx_timer.o(i.TIMER_CntStructInit), (28 bytes).
    Removing mdr32f9qx_timer.o(i.TIMER_CounterModeConfig), (14 bytes).
    Removing mdr32f9qx_timer.o(i.TIMER_DMACmd), (18 bytes).
    Removing mdr32f9qx_timer.o(i.TIMER_DeInit), (68 bytes).
    Removing mdr32f9qx_timer.o(i.TIMER_ETRFilterConfig), (16 bytes).
    Removing mdr32f9qx_timer.o(i.TIMER_ETRInputConfig), (22 bytes).
    Removing mdr32f9qx_timer.o(i.TIMER_ETRPolarityConfig), (14 bytes).
    Removing mdr32f9qx_timer.o(i.TIMER_ETRPrescalerConfig), (14 bytes).
    Removing mdr32f9qx_timer.o(i.TIMER_FilterSamplingConfig), (14 bytes).
    Removing mdr32f9qx_timer.o(i.TIMER_GetChnCapture), (18 bytes).
    Removing mdr32f9qx_timer.o(i.TIMER_GetChnCapture1), (18 bytes).
    Removing mdr32f9qx_timer.o(i.TIMER_GetChnWriteComplete), (28 bytes).
    Removing mdr32f9qx_timer.o(i.TIMER_GetCntWriteComplete), (18 bytes).
    Removing mdr32f9qx_timer.o(i.TIMER_GetCounter), (8 bytes).
    Removing mdr32f9qx_timer.o(i.TIMER_GetCounterDirection), (18 bytes).
    Removing mdr32f9qx_timer.o(i.TIMER_GetFlagStatus), (16 bytes).
    Removing mdr32f9qx_timer.o(i.TIMER_GetITStatus), (24 bytes).
    Removing mdr32f9qx_timer.o(i.TIMER_GetStatus), (6 bytes).
    Removing mdr32f9qx_timer.o(i.TIMER_ITConfig), (18 bytes).
    Removing mdr32f9qx_timer.o(i.TIMER_SetChnCompare), (14 bytes).
    Removing mdr32f9qx_timer.o(i.TIMER_SetChnCompare1), (14 bytes).
    Removing mdr32f9qx_timer.o(i.TIMER_SetCntAutoreload), (4 bytes).
    Removing mdr32f9qx_timer.o(i.TIMER_SetCntPrescaler), (4 bytes).
    Removing mdr32f9qx_timer.o(i.TIMER_SetCounter), (4 bytes).
    Removing mdr32f9qx_timer.o(i.TIMER_SetCounterDirection), (14 bytes).
    Removing mdr32f9qx_uart.o(.rev16_text), (4 bytes).
    Removing mdr32f9qx_uart.o(.revsh_text), (4 bytes).
    Removing mdr32f9qx_uart.o(.rrx_text), (6 bytes).
    Removing mdr32f9qx_uart.o(i.UART_BRGInit), (60 bytes).
    Removing mdr32f9qx_uart.o(i.UART_BreakLine), (24 bytes).
    Removing mdr32f9qx_uart.o(i.UART_ClearITPendingBit), (8 bytes).
    Removing mdr32f9qx_uart.o(i.UART_Cmd), (24 bytes).
    Removing mdr32f9qx_uart.o(i.UART_DMACmd), (24 bytes).
    Removing mdr32f9qx_uart.o(i.UART_DMAConfig), (8 bytes).
    Removing mdr32f9qx_uart.o(i.UART_DeInit), (38 bytes).
    Removing mdr32f9qx_uart.o(i.UART_GetFlagStatus), (16 bytes).
    Removing mdr32f9qx_uart.o(i.UART_GetITStatus), (18 bytes).
    Removing mdr32f9qx_uart.o(i.UART_GetITStatusMasked), (16 bytes).
    Removing mdr32f9qx_uart.o(i.UART_ITConfig), (18 bytes).
    Removing mdr32f9qx_uart.o(i.UART_Init), (176 bytes).
    Removing mdr32f9qx_uart.o(i.UART_IrDACmd), (24 bytes).
    Removing mdr32f9qx_uart.o(i.UART_IrDAConfig), (40 bytes).
    Removing mdr32f9qx_uart.o(i.UART_ReceiveData), (8 bytes).
    Removing mdr32f9qx_uart.o(i.UART_SendData), (6 bytes).
    Removing mdr32f9qx_uart.o(i.UART_StructInit), (24 bytes).
    Removing dadd.o(.text), (334 bytes).
    Removing dmul.o(.text), (228 bytes).
    Removing ddiv.o(.text), (222 bytes).
    Removing dfixul.o(.text), (48 bytes).
    Removing cdrcmple.o(.text), (48 bytes).
    Removing depilogue.o(.text), (186 bytes).

429 unused section(s) (total 19628 bytes) removed from the image.

==============================================================================

Image Symbol Table

    Local Symbols

    Symbol Name                              Value     Ov Type        Size  Object(Section)

    ../clib/microlib/division.c              0x00000000   Number         0  uidiv.o ABSOLUTE
    ../clib/microlib/division.c              0x00000000   Number         0  uldiv.o ABSOLUTE
    ../clib/microlib/init/entry.s            0x00000000   Number         0  entry11a.o ABSOLUTE
    ../clib/microlib/init/entry.s            0x00000000   Number         0  entry10a.o ABSOLUTE
    ../clib/microlib/init/entry.s            0x00000000   Number         0  entry8a.o ABSOLUTE
    ../clib/microlib/init/entry.s            0x00000000   Number         0  entry8b.o ABSOLUTE
    ../clib/microlib/init/entry.s            0x00000000   Number         0  entry9a.o ABSOLUTE
    ../clib/microlib/init/entry.s            0x00000000   Number         0  entry9b.o ABSOLUTE
    ../clib/microlib/init/entry.s            0x00000000   Number         0  entry5.o ABSOLUTE
    ../clib/microlib/init/entry.s            0x00000000   Number         0  entry10b.o ABSOLUTE
    ../clib/microlib/init/entry.s            0x00000000   Number         0  entry2.o ABSOLUTE
    ../clib/microlib/init/entry.s            0x00000000   Number         0  entry11b.o ABSOLUTE
    ../clib/microlib/init/entry.s            0x00000000   Number         0  entry.o ABSOLUTE
    ../clib/microlib/init/entry.s            0x00000000   Number         0  entry7a.o ABSOLUTE
    ../clib/microlib/init/entry.s            0x00000000   Number         0  entry7b.o ABSOLUTE
    ../clib/microlib/longlong.c              0x00000000   Number         0  llushr.o ABSOLUTE
    ../clib/microlib/longlong.c              0x00000000   Number         0  llsshr.o ABSOLUTE
    ../clib/microlib/longlong.c              0x00000000   Number         0  llshl.o ABSOLUTE
    ../clib/microlib/printf/printf.c         0x00000000   Number         0  printf5.o ABSOLUTE
    ../clib/microlib/printf/printf.c         0x00000000   Number         0  printf6.o ABSOLUTE
    ../clib/microlib/printf/printf.c         0x00000000   Number         0  printf7.o ABSOLUTE
    ../clib/microlib/printf/printf.c         0x00000000   Number         0  printf8.o ABSOLUTE
    ../clib/microlib/printf/printf.c         0x00000000   Number         0  printfa.o ABSOLUTE
    ../clib/microlib/printf/printf.c         0x00000000   Number         0  printfb.o ABSOLUTE
    ../clib/microlib/printf/printf.c         0x00000000   Number         0  printf0.o ABSOLUTE
    ../clib/microlib/printf/printf.c         0x00000000   Number         0  printf1.o ABSOLUTE
    ../clib/microlib/printf/printf.c         0x00000000   Number         0  printf2.o ABSOLUTE
    ../clib/microlib/printf/printf.c         0x00000000   Number         0  printf3.o ABSOLUTE
    ../clib/microlib/printf/printf.c         0x00000000   Number         0  printf4.o ABSOLUTE
    ../clib/microlib/printf/stubs.s          0x00000000   Number         0  stubs.o ABSOLUTE
    ../clib/microlib/stdio/fputc.c           0x00000000   Number         0  fputc.o ABSOLUTE
    ../clib/microlib/stdio/semi.s            0x00000000   Number         0  semi.o ABSOLUTE
    ../clib/microlib/stdio/streams.c         0x00000000   Number         0  stdout.o ABSOLUTE
    ../clib/microlib/string/memcpy.c         0x00000000   Number         0  memcpya.o ABSOLUTE
    ../clib/microlib/string/memcpy.c         0x00000000   Number         0  memcpyb.o ABSOLUTE
    ../clib/microlib/string/strlen.c         0x00000000   Number         0  strlen.o ABSOLUTE
    ../clib/microlib/stubs.s                 0x00000000   Number         0  iusesemip.o ABSOLUTE
    ../clib/microlib/stubs.s                 0x00000000   Number         0  iusefp.o ABSOLUTE
    ../fplib/microlib/fpadd.c                0x00000000   Number         0  dadd.o ABSOLUTE
    ../fplib/microlib/fpdiv.c                0x00000000   Number         0  ddiv.o ABSOLUTE
    ../fplib/microlib/fpepilogue.c           0x00000000   Number         0  depilogue.o ABSOLUTE
    ../fplib/microlib/fpfix.c                0x00000000   Number         0  dfixul.o ABSOLUTE
    ../fplib/microlib/fpmul.c                0x00000000   Number         0  dmul.o ABSOLUTE
    C:\Keil_v5\ARM\PACK\Keil\MDR1986BExx\1.5.3\Libraries\MDR32F9Qx_StdPeriph_Driver\src\MDR32F9Qx_adc.c 0x00000000   Number         0  mdr32f9qx_adc.o ABSOLUTE
    C:\Keil_v5\ARM\PACK\Keil\MDR1986BExx\1.5.3\Libraries\MDR32F9Qx_StdPeriph_Driver\src\MDR32F9Qx_bkp.c 0x00000000   Number         0  mdr32f9qx_bkp.o ABSOLUTE
    C:\Keil_v5\ARM\PACK\Keil\MDR1986BExx\1.5.3\Libraries\MDR32F9Qx_StdPeriph_Driver\src\MDR32F9Qx_can.c 0x00000000   Number         0  mdr32f9qx_can.o ABSOLUTE
    C:\Keil_v5\ARM\PACK\Keil\MDR1986BExx\1.5.3\Libraries\MDR32F9Qx_StdPeriph_Driver\src\MDR32F9Qx_comp.c 0x00000000   Number         0  mdr32f9qx_comp.o ABSOLUTE
    C:\Keil_v5\ARM\PACK\Keil\MDR1986BExx\1.5.3\Libraries\MDR32F9Qx_StdPeriph_Driver\src\MDR32F9Qx_dac.c 0x00000000   Number         0  mdr32f9qx_dac.o ABSOLUTE
    C:\Keil_v5\ARM\PACK\Keil\MDR1986BExx\1.5.3\Libraries\MDR32F9Qx_StdPeriph_Driver\src\MDR32F9Qx_dma.c 0x00000000   Number         0  mdr32f9qx_dma.o ABSOLUTE
    C:\Keil_v5\ARM\PACK\Keil\MDR1986BExx\1.5.3\Libraries\MDR32F9Qx_StdPeriph_Driver\src\MDR32F9Qx_ebc.c 0x00000000   Number         0  mdr32f9qx_ebc.o ABSOLUTE
    C:\Keil_v5\ARM\PACK\Keil\MDR1986BExx\1.5.3\Libraries\MDR32F9Qx_StdPeriph_Driver\src\MDR32F9Qx_i2c.c 0x00000000   Number         0  mdr32f9qx_i2c.o ABSOLUTE
    C:\Keil_v5\ARM\PACK\Keil\MDR1986BExx\1.5.3\Libraries\MDR32F9Qx_StdPeriph_Driver\src\MDR32F9Qx_iwdg.c 0x00000000   Number         0  mdr32f9qx_iwdg.o ABSOLUTE
    C:\Keil_v5\ARM\PACK\Keil\MDR1986BExx\1.5.3\Libraries\MDR32F9Qx_StdPeriph_Driver\src\MDR32F9Qx_port.c 0x00000000   Number         0  mdr32f9qx_port.o ABSOLUTE
    C:\Keil_v5\ARM\PACK\Keil\MDR1986BExx\1.5.3\Libraries\MDR32F9Qx_StdPeriph_Driver\src\MDR32F9Qx_power.c 0x00000000   Number         0  mdr32f9qx_power.o ABSOLUTE
    C:\Keil_v5\ARM\PACK\Keil\MDR1986BExx\1.5.3\Libraries\MDR32F9Qx_StdPeriph_Driver\src\MDR32F9Qx_rst_clk.c 0x00000000   Number         0  mdr32f9qx_rst_clk.o ABSOLUTE
    C:\Keil_v5\ARM\PACK\Keil\MDR1986BExx\1.5.3\Libraries\MDR32F9Qx_StdPeriph_Driver\src\MDR32F9Qx_ssp.c 0x00000000   Number         0  mdr32f9qx_ssp.o ABSOLUTE
    C:\Keil_v5\ARM\PACK\Keil\MDR1986BExx\1.5.3\Libraries\MDR32F9Qx_StdPeriph_Driver\src\MDR32F9Qx_timer.c 0x00000000   Number         0  mdr32f9qx_timer.o ABSOLUTE
    C:\Keil_v5\ARM\PACK\Keil\MDR1986BExx\1.5.3\Libraries\MDR32F9Qx_StdPeriph_Driver\src\MDR32F9Qx_uart.c 0x00000000   Number         0  mdr32f9qx_uart.o ABSOLUTE
    C:\\Keil_v5\\ARM\\PACK\\Keil\\MDR1986BExx\\1.5.3\\Libraries\\MDR32F9Qx_StdPeriph_Driver\\src\\MDR32F9Qx_adc.c 0x00000000   Number         0  mdr32f9qx_adc.o ABSOLUTE
    C:\\Keil_v5\\ARM\\PACK\\Keil\\MDR1986BExx\\1.5.3\\Libraries\\MDR32F9Qx_StdPeriph_Driver\\src\\MDR32F9Qx_bkp.c 0x00000000   Number         0  mdr32f9qx_bkp.o ABSOLUTE
    C:\\Keil_v5\\ARM\\PACK\\Keil\\MDR1986BExx\\1.5.3\\Libraries\\MDR32F9Qx_StdPeriph_Driver\\src\\MDR32F9Qx_can.c 0x00000000   Number         0  mdr32f9qx_can.o ABSOLUTE
    C:\\Keil_v5\\ARM\\PACK\\Keil\\MDR1986BExx\\1.5.3\\Libraries\\MDR32F9Qx_StdPeriph_Driver\\src\\MDR32F9Qx_comp.c 0x00000000   Number         0  mdr32f9qx_comp.o ABSOLUTE
    C:\\Keil_v5\\ARM\\PACK\\Keil\\MDR1986BExx\\1.5.3\\Libraries\\MDR32F9Qx_StdPeriph_Driver\\src\\MDR32F9Qx_dac.c 0x00000000   Number         0  mdr32f9qx_dac.o ABSOLUTE
    C:\\Keil_v5\\ARM\\PACK\\Keil\\MDR1986BExx\\1.5.3\\Libraries\\MDR32F9Qx_StdPeriph_Driver\\src\\MDR32F9Qx_dma.c 0x00000000   Number         0  mdr32f9qx_dma.o ABSOLUTE
    C:\\Keil_v5\\ARM\\PACK\\Keil\\MDR1986BExx\\1.5.3\\Libraries\\MDR32F9Qx_StdPeriph_Driver\\src\\MDR32F9Qx_ebc.c 0x00000000   Number         0  mdr32f9qx_ebc.o ABSOLUTE
    C:\\Keil_v5\\ARM\\PACK\\Keil\\MDR1986BExx\\1.5.3\\Libraries\\MDR32F9Qx_StdPeriph_Driver\\src\\MDR32F9Qx_i2c.c 0x00000000   Number         0  mdr32f9qx_i2c.o ABSOLUTE
    C:\\Keil_v5\\ARM\\PACK\\Keil\\MDR1986BExx\\1.5.3\\Libraries\\MDR32F9Qx_StdPeriph_Driver\\src\\MDR32F9Qx_iwdg.c 0x00000000   Number         0  mdr32f9qx_iwdg.o ABSOLUTE
    C:\\Keil_v5\\ARM\\PACK\\Keil\\MDR1986BExx\\1.5.3\\Libraries\\MDR32F9Qx_StdPeriph_Driver\\src\\MDR32F9Qx_port.c 0x00000000   Number         0  mdr32f9qx_port.o ABSOLUTE
    C:\\Keil_v5\\ARM\\PACK\\Keil\\MDR1986BExx\\1.5.3\\Libraries\\MDR32F9Qx_StdPeriph_Driver\\src\\MDR32F9Qx_power.c 0x00000000   Number         0  mdr32f9qx_power.o ABSOLUTE
    C:\\Keil_v5\\ARM\\PACK\\Keil\\MDR1986BExx\\1.5.3\\Libraries\\MDR32F9Qx_StdPeriph_Driver\\src\\MDR32F9Qx_rst_clk.c 0x00000000   Number         0  mdr32f9qx_rst_clk.o ABSOLUTE
    C:\\Keil_v5\\ARM\\PACK\\Keil\\MDR1986BExx\\1.5.3\\Libraries\\MDR32F9Qx_StdPeriph_Driver\\src\\MDR32F9Qx_ssp.c 0x00000000   Number         0  mdr32f9qx_ssp.o ABSOLUTE
    C:\\Keil_v5\\ARM\\PACK\\Keil\\MDR1986BExx\\1.5.3\\Libraries\\MDR32F9Qx_StdPeriph_Driver\\src\\MDR32F9Qx_timer.c 0x00000000   Number         0  mdr32f9qx_timer.o ABSOLUTE
    C:\\Keil_v5\\ARM\\PACK\\Keil\\MDR1986BExx\\1.5.3\\Libraries\\MDR32F9Qx_StdPeriph_Driver\\src\\MDR32F9Qx_uart.c 0x00000000   Number         0  mdr32f9qx_uart.o ABSOLUTE
    MDR32F9Qx_it.c                           0x00000000   Number         0  mdr32f9qx_it.o ABSOLUTE
    MDR32F9Qx_it.c                           0x00000000   Number         0  mdr32f9qx_it.o ABSOLUTE
    MLT\\mlt_lcd.c                           0x00000000   Number         0  mlt_lcd.o ABSOLUTE
    MLT\mlt_lcd.c                            0x00000000   Number         0  mlt_lcd.o ABSOLUTE
    RTE\Device\MDR1986BE92\startup_MDR32F9Qx.s 0x00000000   Number         0  startup_mdr32f9qx.o ABSOLUTE
    RTE\Device\MDR1986BE92\system_MDR32F9Qx.c 0x00000000   Number         0  system_mdr32f9qx.o ABSOLUTE
    RTE\\Device\\MDR1986BE92\\system_MDR32F9Qx.c 0x00000000   Number         0  system_mdr32f9qx.o ABSOLUTE
    button.c                                 0x00000000   Number         0  button.o ABSOLUTE
    button.c                                 0x00000000   Number         0  button.o ABSOLUTE
    cdrcmple.s                               0x00000000   Number         0  cdrcmple.o ABSOLUTE
    dc.s                                     0x00000000   Number         0  dc.o ABSOLUTE
    handlers.s                               0x00000000   Number         0  handlers.o ABSOLUTE
    init.c                                   0x00000000   Number         0  init.o ABSOLUTE
    init.c                                   0x00000000   Number         0  init.o ABSOLUTE
    init.s                                   0x00000000   Number         0  init.o ABSOLUTE
    main.c                                   0x00000000   Number         0  main.o ABSOLUTE
    main.c                                   0x00000000   Number         0  main.o ABSOLUTE
    menu.c                                   0x00000000   Number         0  menu.o ABSOLUTE
    menu.c                                   0x00000000   Number         0  menu.o ABSOLUTE
    rtos\\port.c                             0x00000000   Number         0  port.o ABSOLUTE
    rtos\croutine.c                          0x00000000   Number         0  croutine.o ABSOLUTE
    rtos\event_groups.c                      0x00000000   Number         0  event_groups.o ABSOLUTE
    rtos\heap_2.c                            0x00000000   Number         0  heap_2.o ABSOLUTE
    rtos\list.c                              0x00000000   Number         0  list.o ABSOLUTE
    rtos\port.c                              0x00000000   Number         0  port.o ABSOLUTE
    rtos\queue.c                             0x00000000   Number         0  queue.o ABSOLUTE
    rtos\tasks.c                             0x00000000   Number         0  tasks.o ABSOLUTE
    rtos\timers.c                            0x00000000   Number         0  timers.o ABSOLUTE
    RESET                                    0x08000000   Section      192  startup_mdr32f9qx.o(RESET)
    .ARM.Collect$$$$00000000                 0x080000c0   Section        0  entry.o(.ARM.Collect$$$$00000000)
    .ARM.Collect$$$$00000001                 0x080000c0   Section        4  entry2.o(.ARM.Collect$$$$00000001)
    .ARM.Collect$$$$00000004                 0x080000c4   Section        4  entry5.o(.ARM.Collect$$$$00000004)
    .ARM.Collect$$$$00000008                 0x080000c8   Section        0  entry7b.o(.ARM.Collect$$$$00000008)
    .ARM.Collect$$$$0000000A                 0x080000c8   Section        0  entry8b.o(.ARM.Collect$$$$0000000A)
    .ARM.Collect$$$$0000000B                 0x080000c8   Section        8  entry9a.o(.ARM.Collect$$$$0000000B)
    .ARM.Collect$$$$0000000D                 0x080000d0   Section        0  entry10a.o(.ARM.Collect$$$$0000000D)
    .ARM.Collect$$$$0000000F                 0x080000d0   Section        0  entry11a.o(.ARM.Collect$$$$0000000F)
    .ARM.Collect$$$$00002712                 0x080000d0   Section        4  entry2.o(.ARM.Collect$$$$00002712)
    __lit__00000000                          0x080000d0   Data           4  entry2.o(.ARM.Collect$$$$00002712)
    .emb_text                                0x080000d4   Section      150  port.o(.emb_text)
    .text                                    0x0800016c   Section       36  startup_mdr32f9qx.o(.text)
    .text                                    0x08000190   Section        0  memcpya.o(.text)
    .text                                    0x080001b4   Section        0  strlen.o(.text)
    .text                                    0x080001c2   Section        0  uidiv.o(.text)
    .text                                    0x080001f0   Section       36  init.o(.text)
    i.ADC_IRQHandler                         0x08000214   Section        0  mdr32f9qx_it.o(i.ADC_IRQHandler)
    i.BACKUP_IRQHandler                      0x08000216   Section        0  mdr32f9qx_it.o(i.BACKUP_IRQHandler)
    i.BusFault_Handler                       0x08000218   Section        0  mdr32f9qx_it.o(i.BusFault_Handler)
    i.CAN1_IRQHandler                        0x0800021c   Section        0  mdr32f9qx_it.o(i.CAN1_IRQHandler)
    i.CAN2_IRQHandler                        0x0800021e   Section        0  mdr32f9qx_it.o(i.CAN2_IRQHandler)
    i.COMPARATOR_IRQHandler                  0x08000220   Section        0  mdr32f9qx_it.o(i.COMPARATOR_IRQHandler)
    i.DebugMon_Handler                       0x08000222   Section        0  mdr32f9qx_it.o(i.DebugMon_Handler)
    i.EXT_INT1_IRQHandler                    0x08000224   Section        0  mdr32f9qx_it.o(i.EXT_INT1_IRQHandler)
    i.EXT_INT2_IRQHandler                    0x08000226   Section        0  mdr32f9qx_it.o(i.EXT_INT2_IRQHandler)
    i.EXT_INT3_IRQHandler                    0x08000228   Section        0  mdr32f9qx_it.o(i.EXT_INT3_IRQHandler)
    i.EXT_INT4_IRQHandler                    0x0800022a   Section        0  mdr32f9qx_it.o(i.EXT_INT4_IRQHandler)
    i.HardFault_Handler                      0x0800022c   Section        0  mdr32f9qx_it.o(i.HardFault_Handler)
    i.I2C_IRQHandler                         0x08000230   Section        0  mdr32f9qx_it.o(i.I2C_IRQHandler)
    i.Init_button                            0x08000234   Section        0  button.o(i.Init_button)
    i.MemManage_Handler                      0x080003c4   Section        0  mdr32f9qx_it.o(i.MemManage_Handler)
    i.NMI_Handler                            0x080003c8   Section        0  mdr32f9qx_it.o(i.NMI_Handler)
    i.PORT_Init                              0x080003cc   Section        0  mdr32f9qx_port.o(i.PORT_Init)
    i.PORT_ReadInputDataBit                  0x08000594   Section        0  mdr32f9qx_port.o(i.PORT_ReadInputDataBit)
    i.PORT_ResetBits                         0x080005a4   Section        0  mdr32f9qx_port.o(i.PORT_ResetBits)
    i.PORT_SetBits                           0x080005c0   Section        0  mdr32f9qx_port.o(i.PORT_SetBits)
    i.PORT_StructInit                        0x080005dc   Section        0  mdr32f9qx_port.o(i.PORT_StructInit)
    i.POWER_IRQHandler                       0x080005f8   Section        0  mdr32f9qx_it.o(i.POWER_IRQHandler)
    i.RST_CLK_CPU_PLLcmd                     0x080005fc   Section        0  mdr32f9qx_rst_clk.o(i.RST_CLK_CPU_PLLcmd)
    i.RST_CLK_CPU_PLLconfig                  0x08000608   Section        0  mdr32f9qx_rst_clk.o(i.RST_CLK_CPU_PLLconfig)
    i.RST_CLK_CPU_PLLstatus                  0x08000648   Section        0  mdr32f9qx_rst_clk.o(i.RST_CLK_CPU_PLLstatus)
    i.RST_CLK_CPU_PLLuse                     0x0800067c   Section        0  mdr32f9qx_rst_clk.o(i.RST_CLK_CPU_PLLuse)
    i.RST_CLK_CPUclkPrescaler                0x08000688   Section        0  mdr32f9qx_rst_clk.o(i.RST_CLK_CPUclkPrescaler)
    i.RST_CLK_CPUclkSelection                0x080006a0   Section        0  mdr32f9qx_rst_clk.o(i.RST_CLK_CPUclkSelection)
    i.RST_CLK_GetFlagStatus                  0x080006b4   Section        0  mdr32f9qx_rst_clk.o(i.RST_CLK_GetFlagStatus)
    i.RST_CLK_HSEconfig                      0x080006e8   Section        0  mdr32f9qx_rst_clk.o(i.RST_CLK_HSEconfig)
    i.RST_CLK_HSEstatus                      0x08000724   Section        0  mdr32f9qx_rst_clk.o(i.RST_CLK_HSEstatus)
    i.RST_CLK_PCLKcmd                        0x08000758   Section        0  mdr32f9qx_rst_clk.o(i.RST_CLK_PCLKcmd)
    i.SSP1_IRQHandler                        0x08000778   Section        0  mdr32f9qx_it.o(i.SSP1_IRQHandler)
    i.SSP2_IRQHandler                        0x0800077a   Section        0  mdr32f9qx_it.o(i.SSP2_IRQHandler)
    i.SysTick_Handler                        0x0800077c   Section        0  port.o(i.SysTick_Handler)
    i.SystemCoreClockUpdate                  0x080007b0   Section        0  system_mdr32f9qx.o(i.SystemCoreClockUpdate)
    i.SystemInit                             0x08000840   Section        0  system_mdr32f9qx.o(i.SystemInit)
    i.Timer1_IRQHandler                      0x08000880   Section        0  mdr32f9qx_it.o(i.Timer1_IRQHandler)
    i.Timer2_IRQHandler                      0x08000882   Section        0  mdr32f9qx_it.o(i.Timer2_IRQHandler)
    i.Timer3_IRQHandler                      0x08000884   Section        0  mdr32f9qx_it.o(i.Timer3_IRQHandler)
    i.UART1_IRQHandler                       0x08000886   Section        0  mdr32f9qx_it.o(i.UART1_IRQHandler)
    i.UART2_IRQHandler                       0x08000888   Section        0  mdr32f9qx_it.o(i.UART2_IRQHandler)
    i.USB_IRQHandler                         0x0800088a   Section        0  mdr32f9qx_it.o(i.USB_IRQHandler)
    i.U_MENU_Init                            0x0800088c   Section        0  menu.o(i.U_MENU_Init)
    i.U_MENU_Prepare_Item                    0x080008bc   Section        0  menu.o(i.U_MENU_Prepare_Item)
    i.U_MLT_Clear_Chip                       0x08000904   Section        0  mlt_lcd.o(i.U_MLT_Clear_Chip)
    i.U_MLT_Clear_Page                       0x0800091c   Section        0  mlt_lcd.o(i.U_MLT_Clear_Page)
    i.U_MLT_Delay                            0x08000956   Section        0  mlt_lcd.o(i.U_MLT_Delay)
    i.U_MLT_Disp_On                          0x08000968   Section        0  mlt_lcd.o(i.U_MLT_Disp_On)
    i.U_MLT_Init                             0x08000a34   Section        0  mlt_lcd.o(i.U_MLT_Init)
    i.U_MLT_LCD_Init                         0x08000a9c   Section        0  mlt_lcd.o(i.U_MLT_LCD_Init)
    i.U_MLT_Pin_Cfg                          0x08000ae0   Section        0  mlt_lcd.o(i.U_MLT_Pin_Cfg)
    i.U_MLT_Put_Char                         0x08000b6c   Section        0  mlt_lcd.o(i.U_MLT_Put_Char)
    i.U_MLT_Put_Image                        0x08000bf0   Section        0  mlt_lcd.o(i.U_MLT_Put_Image)
    i.U_MLT_Put_String                       0x08000c7c   Section        0  mlt_lcd.o(i.U_MLT_Put_String)
    i.U_MLT_Read_Status                      0x08000cb4   Section        0  mlt_lcd.o(i.U_MLT_Read_Status)
    i.U_MLT_Scroll_String                    0x08000d7c   Section        0  mlt_lcd.o(i.U_MLT_Scroll_String)
    i.U_MLT_Set_Address                      0x08000e0c   Section        0  mlt_lcd.o(i.U_MLT_Set_Address)
    i.U_MLT_Set_Data_Bits                    0x08000edc   Section        0  mlt_lcd.o(i.U_MLT_Set_Data_Bits)
    i.U_MLT_Set_Page                         0x08000f20   Section        0  mlt_lcd.o(i.U_MLT_Set_Page)
    i.U_MLT_Write_Data                       0x08000ff0   Section        0  mlt_lcd.o(i.U_MLT_Write_Data)
    i.UsageFault_Handler                     0x080010c0   Section        0  mdr32f9qx_it.o(i.UsageFault_Handler)
    i.WWDG_IRQHandler                        0x080010c4   Section        0  mdr32f9qx_it.o(i.WWDG_IRQHandler)
    i.__0sprintf$1                           0x080010c8   Section        0  printf1.o(i.__0sprintf$1)
    i.__scatterload_copy                     0x080010f0   Section       14  handlers.o(i.__scatterload_copy)
    i.__scatterload_null                     0x080010fe   Section        2  handlers.o(i.__scatterload_null)
    i.__scatterload_zeroinit                 0x08001100   Section       14  handlers.o(i.__scatterload_zeroinit)
    i._printf_core                           0x08001110   Section        0  printf1.o(i._printf_core)
    _printf_core                             0x08001111   Thumb Code   336  printf1.o(i._printf_core)
    i._sputc                                 0x08001264   Section        0  printf1.o(i._sputc)
    _sputc                                   0x08001265   Thumb Code    10  printf1.o(i._sputc)
    i.check_button                           0x0800126e   Section        0  button.o(i.check_button)
    i.init                                   0x080012ea   Section        0  init.o(i.init)
    i.main                                   0x080012f4   Section        0  main.o(i.main)
    i.prvAddCurrentTaskToDelayedList         0x08001350   Section        0  tasks.o(i.prvAddCurrentTaskToDelayedList)
    prvAddCurrentTaskToDelayedList           0x08001351   Thumb Code   100  tasks.o(i.prvAddCurrentTaskToDelayedList)
    i.prvAddNewTaskToReadyList               0x080013cc   Section        0  tasks.o(i.prvAddNewTaskToReadyList)
    prvAddNewTaskToReadyList                 0x080013cd   Thumb Code   148  tasks.o(i.prvAddNewTaskToReadyList)
    i.prvCheckForValidListAndQueue           0x0800147c   Section        0  timers.o(i.prvCheckForValidListAndQueue)
    prvCheckForValidListAndQueue             0x0800147d   Thumb Code    72  timers.o(i.prvCheckForValidListAndQueue)
    i.prvCheckTasksWaitingTermination        0x080014e0   Section        0  tasks.o(i.prvCheckTasksWaitingTermination)
    prvCheckTasksWaitingTermination          0x080014e1   Thumb Code    86  tasks.o(i.prvCheckTasksWaitingTermination)
    i.prvCopyDataFromQueue                   0x08001544   Section        0  queue.o(i.prvCopyDataFromQueue)
    prvCopyDataFromQueue                     0x08001545   Thumb Code    42  queue.o(i.prvCopyDataFromQueue)
    i.prvCopyDataToQueue                     0x0800156e   Section        0  queue.o(i.prvCopyDataToQueue)
    prvCopyDataToQueue                       0x0800156f   Thumb Code   124  queue.o(i.prvCopyDataToQueue)
    i.prvDeleteTCB                           0x080015ea   Section        0  tasks.o(i.prvDeleteTCB)
    prvDeleteTCB                             0x080015eb   Thumb Code    18  tasks.o(i.prvDeleteTCB)
    i.prvGetNextExpireTime                   0x080015fc   Section        0  timers.o(i.prvGetNextExpireTime)
    prvGetNextExpireTime                     0x080015fd   Thumb Code    36  timers.o(i.prvGetNextExpireTime)
    i.prvHeapInit                            0x08001624   Section        0  heap_2.o(i.prvHeapInit)
    prvHeapInit                              0x08001625   Thumb Code    42  heap_2.o(i.prvHeapInit)
    i.prvIdleTask                            0x0800165c   Section        0  tasks.o(i.prvIdleTask)
    prvIdleTask                              0x0800165d   Thumb Code    36  tasks.o(i.prvIdleTask)
    i.prvInitialiseNewQueue                  0x08001688   Section        0  queue.o(i.prvInitialiseNewQueue)
    prvInitialiseNewQueue                    0x08001689   Thumb Code    38  queue.o(i.prvInitialiseNewQueue)
    i.prvInitialiseNewTask                   0x080016ae   Section        0  tasks.o(i.prvInitialiseNewTask)
    prvInitialiseNewTask                     0x080016af   Thumb Code   154  tasks.o(i.prvInitialiseNewTask)
    i.prvInitialiseTaskLists                 0x08001748   Section        0  tasks.o(i.prvInitialiseTaskLists)
    prvInitialiseTaskLists                   0x08001749   Thumb Code    70  tasks.o(i.prvInitialiseTaskLists)
    i.prvInsertTimerInActiveList             0x080017b0   Section        0  timers.o(i.prvInsertTimerInActiveList)
    prvInsertTimerInActiveList               0x080017b1   Thumb Code    80  timers.o(i.prvInsertTimerInActiveList)
    i.prvIsQueueEmpty                        0x08001808   Section        0  queue.o(i.prvIsQueueEmpty)
    prvIsQueueEmpty                          0x08001809   Thumb Code    26  queue.o(i.prvIsQueueEmpty)
    i.prvIsQueueFull                         0x08001822   Section        0  queue.o(i.prvIsQueueFull)
    prvIsQueueFull                           0x08001823   Thumb Code    30  queue.o(i.prvIsQueueFull)
    i.prvProcessExpiredTimer                 0x08001840   Section        0  timers.o(i.prvProcessExpiredTimer)
    prvProcessExpiredTimer                   0x08001841   Thumb Code    70  timers.o(i.prvProcessExpiredTimer)
    i.prvProcessReceivedCommands             0x0800188c   Section        0  timers.o(i.prvProcessReceivedCommands)
    prvProcessReceivedCommands               0x0800188d   Thumb Code   184  timers.o(i.prvProcessReceivedCommands)
    i.prvProcessTimerOrBlockTask             0x08001948   Section        0  timers.o(i.prvProcessTimerOrBlockTask)
    prvProcessTimerOrBlockTask               0x08001949   Thumb Code   102  timers.o(i.prvProcessTimerOrBlockTask)
    i.prvResetNextTaskUnblockTime            0x080019bc   Section        0  tasks.o(i.prvResetNextTaskUnblockTime)
    prvResetNextTaskUnblockTime              0x080019bd   Thumb Code    42  tasks.o(i.prvResetNextTaskUnblockTime)
    i.prvSampleTimeNow                       0x080019f0   Section        0  timers.o(i.prvSampleTimeNow)
    prvSampleTimeNow                         0x080019f1   Thumb Code    40  timers.o(i.prvSampleTimeNow)
    i.prvSwitchTimerLists                    0x08001a1c   Section        0  timers.o(i.prvSwitchTimerLists)
    prvSwitchTimerLists                      0x08001a1d   Thumb Code   122  timers.o(i.prvSwitchTimerLists)
    i.prvTaskExitError                       0x08001aa0   Section        0  port.o(i.prvTaskExitError)
    prvTaskExitError                         0x08001aa1   Thumb Code    22  port.o(i.prvTaskExitError)
    i.prvTimerTask                           0x08001ab6   Section        0  timers.o(i.prvTimerTask)
    prvTimerTask                             0x08001ab7   Thumb Code    26  timers.o(i.prvTimerTask)
    i.prvUnlockQueue                         0x08001ad0   Section        0  queue.o(i.prvUnlockQueue)
    prvUnlockQueue                           0x08001ad1   Thumb Code   126  queue.o(i.prvUnlockQueue)
    i.pvPortMalloc                           0x08001b50   Section        0  heap_2.o(i.pvPortMalloc)
    i.pvTaskIncrementMutexHeldCount          0x08001c08   Section        0  tasks.o(i.pvTaskIncrementMutexHeldCount)
    i.pxPortInitialiseStack                  0x08001c28   Section        0  port.o(i.pxPortInitialiseStack)
    i.reset_click                            0x08001c4c   Section        0  button.o(i.reset_click)
    i.sys_clk_init                           0x08001c52   Section        0  init.o(i.sys_clk_init)
    i.uxListRemove                           0x08001c92   Section        0  list.o(i.uxListRemove)
    i.vApplicationIdleHook                   0x08001cba   Section        0  main.o(i.vApplicationIdleHook)
    i.vListInitialise                        0x08001cbc   Section        0  list.o(i.vListInitialise)
    i.vListInitialiseItem                    0x08001cd6   Section        0  list.o(i.vListInitialiseItem)
    i.vListInsert                            0x08001cdc   Section        0  list.o(i.vListInsert)
    i.vListInsertEnd                         0x08001d10   Section        0  list.o(i.vListInsertEnd)
    i.vMenu                                  0x08001d28   Section        0  menu.o(i.vMenu)
    i.vPortEnterCritical                     0x08001e34   Section        0  port.o(i.vPortEnterCritical)
    i.vPortExitCritical                      0x08001e58   Section        0  port.o(i.vPortExitCritical)
    i.vPortFree                              0x08001e78   Section        0  heap_2.o(i.vPortFree)
    i.vPortSetupTimerInterrupt               0x08001eb8   Section        0  port.o(i.vPortSetupTimerInterrupt)
    i.vQueueAddToRegistry                    0x08001ecc   Section        0  queue.o(i.vQueueAddToRegistry)
    i.vQueueWaitForMessageRestricted         0x08001ef8   Section        0  queue.o(i.vQueueWaitForMessageRestricted)
    i.vScroll_String                         0x08001f44   Section        0  menu.o(i.vScroll_String)
    i.vTaskDelay                             0x08001f80   Section        0  tasks.o(i.vTaskDelay)
    i.vTaskMissedYield                       0x08001fb4   Section        0  tasks.o(i.vTaskMissedYield)
    i.vTaskPlaceOnEventList                  0x08001fc0   Section        0  tasks.o(i.vTaskPlaceOnEventList)
    i.vTaskPlaceOnEventListRestricted        0x08001fe0   Section        0  tasks.o(i.vTaskPlaceOnEventListRestricted)
    i.vTaskPriorityInherit                   0x08002008   Section        0  tasks.o(i.vTaskPriorityInherit)
    i.vTaskSetTimeOutState                   0x08002094   Section        0  tasks.o(i.vTaskSetTimeOutState)
    i.vTaskStartScheduler                    0x080020ac   Section        0  tasks.o(i.vTaskStartScheduler)
    i.vTaskSuspendAll                        0x0800211c   Section        0  tasks.o(i.vTaskSuspendAll)
    i.vTaskSwitchContext                     0x0800212c   Section        0  tasks.o(i.vTaskSwitchContext)
    i.xPortStartScheduler                    0x080021a4   Section        0  port.o(i.xPortStartScheduler)
    i.xQueueGenericCreate                    0x080021d8   Section        0  queue.o(i.xQueueGenericCreate)
    i.xQueueGenericReceive                   0x08002210   Section        0  queue.o(i.xQueueGenericReceive)
    i.xQueueGenericReset                     0x0800236c   Section        0  queue.o(i.xQueueGenericReset)
    i.xQueueGenericSend                      0x080023ec   Section        0  queue.o(i.xQueueGenericSend)
    i.xQueueGenericSendFromISR               0x08002504   Section        0  queue.o(i.xQueueGenericSendFromISR)
    i.xTaskCheckForTimeOut                   0x0800258c   Section        0  tasks.o(i.xTaskCheckForTimeOut)
    i.xTaskCreate                            0x080025e8   Section        0  tasks.o(i.xTaskCreate)
    i.xTaskGetSchedulerState                 0x08002648   Section        0  tasks.o(i.xTaskGetSchedulerState)
    i.xTaskGetTickCount                      0x08002668   Section        0  tasks.o(i.xTaskGetTickCount)
    i.xTaskIncrementTick                     0x08002674   Section        0  tasks.o(i.xTaskIncrementTick)
    i.xTaskPriorityDisinherit                0x08002778   Section        0  tasks.o(i.xTaskPriorityDisinherit)
    i.xTaskRemoveFromEventList               0x080027d8   Section        0  tasks.o(i.xTaskRemoveFromEventList)
    i.xTaskResumeAll                         0x08002858   Section        0  tasks.o(i.xTaskResumeAll)
    i.xTimerCreateTimerTask                  0x08002940   Section        0  timers.o(i.xTimerCreateTimerTask)
    i.xTimerGenericCommand                   0x0800297c   Section        0  timers.o(i.xTimerGenericCommand)
    .constdata                               0x080029e8   Section     1824  mlt_lcd.o(.constdata)
    MLT_Font                                 0x080029e8   Data        1792  mlt_lcd.o(.constdata)
    init_image                               0x080030e8   Data          32  mlt_lcd.o(.constdata)
    .conststring                             0x08003108   Section       16  mlt_lcd.o(.conststring)
    .data                                    0x20000000   Section       16  menu.o(.data)
    .data                                    0x20000010   Section       24  heap_2.o(.data)
    xStart                                   0x20000010   Data           8  heap_2.o(.data)
    xEnd                                     0x20000018   Data           8  heap_2.o(.data)
    xFreeBytesRemaining                      0x20000020   Data           4  heap_2.o(.data)
    xHeapHasBeenInitialised                  0x20000024   Data           4  heap_2.o(.data)
    .data                                    0x20000028   Section        4  port.o(.data)
    uxCriticalNesting                        0x20000028   Data           4  port.o(.data)
    .data                                    0x2000002c   Section       60  tasks.o(.data)
    pxDelayedTaskList                        0x20000030   Data           4  tasks.o(.data)
    pxOverflowDelayedTaskList                0x20000034   Data           4  tasks.o(.data)
    uxDeletedTasksWaitingCleanUp             0x20000038   Data           4  tasks.o(.data)
    uxCurrentNumberOfTasks                   0x2000003c   Data           4  tasks.o(.data)
    xTickCount                               0x20000040   Data           4  tasks.o(.data)
    uxTopReadyPriority                       0x20000044   Data           4  tasks.o(.data)
    xSchedulerRunning                        0x20000048   Data           4  tasks.o(.data)
    uxPendedTicks                            0x2000004c   Data           4  tasks.o(.data)
    xYieldPending                            0x20000050   Data           4  tasks.o(.data)
    xNumOfOverflows                          0x20000054   Data           4  tasks.o(.data)
    uxTaskNumber                             0x20000058   Data           4  tasks.o(.data)
    xNextTaskUnblockTime                     0x2000005c   Data           4  tasks.o(.data)
    xIdleTaskHandle                          0x20000060   Data           4  tasks.o(.data)
    uxSchedulerSuspended                     0x20000064   Data           4  tasks.o(.data)
    .data                                    0x20000068   Section       20  timers.o(.data)
    pxCurrentTimerList                       0x20000068   Data           4  timers.o(.data)
    pxOverflowTimerList                      0x2000006c   Data           4  timers.o(.data)
    xTimerQueue                              0x20000070   Data           4  timers.o(.data)
    xTimerTaskHandle                         0x20000074   Data           4  timers.o(.data)
    xLastTime                                0x20000078   Data           4  timers.o(.data)
    .data                                    0x2000007c   Section        4  mlt_lcd.o(.data)
    init_string                              0x2000007c   Data           4  mlt_lcd.o(.data)
    .data                                    0x20000080   Section        4  system_mdr32f9qx.o(.data)
    .bss                                     0x20000084   Section      120  button.o(.bss)
    .bss                                     0x200000fc   Section    20480  heap_2.o(.bss)
    ucHeap                                   0x200000fc   Data       20480  heap_2.o(.bss)
    .bss                                     0x200050fc   Section       80  queue.o(.bss)
    .bss                                     0x2000514c   Section      200  tasks.o(.bss)
    pxReadyTasksLists                        0x2000514c   Data         100  tasks.o(.bss)
    xDelayedTaskList1                        0x200051b0   Data          20  tasks.o(.bss)
    xDelayedTaskList2                        0x200051c4   Data          20  tasks.o(.bss)
    xPendingReadyList                        0x200051d8   Data          20  tasks.o(.bss)
    xTasksWaitingTermination                 0x200051ec   Data          20  tasks.o(.bss)
    xSuspendedTaskList                       0x20005200   Data          20  tasks.o(.bss)
    .bss                                     0x20005214   Section       40  timers.o(.bss)
    xActiveTimerList1                        0x20005214   Data          20  timers.o(.bss)
    xActiveTimerList2                        0x20005228   Data          20  timers.o(.bss)
    STACK                                    0x20005240   Section     1024  startup_mdr32f9qx.o(STACK)

    Global Symbols

    Symbol Name                              Value     Ov Type        Size  Object(Section)

    BuildAttributes$$THM_ISAv4$P$D$K$B$S$PE$A:L22UL41UL21$X:L11$S22US41US21$IEEE1$IW$USESV6$~STKCKD$USESV7$~SHL$OSPACE$ROPI$EBA8$MICROLIB$REQ8$PRES8$EABIv2 0x00000000   Number         0  anon$$obj.o ABSOLUTE
    __ARM_use_no_argv                        0x00000000   Number         0  main.o ABSOLUTE
    _printf_a                                0x00000000   Number         0  stubs.o ABSOLUTE
    _printf_c                                0x00000000   Number         0  stubs.o ABSOLUTE
    _printf_charcount                        0x00000000   Number         0  stubs.o ABSOLUTE
    _printf_d                                0x00000000   Number         0  stubs.o ABSOLUTE
    _printf_e                                0x00000000   Number         0  stubs.o ABSOLUTE
    _printf_f                                0x00000000   Number         0  stubs.o ABSOLUTE
    _printf_flags                            0x00000000   Number         0  stubs.o ABSOLUTE
    _printf_fp_dec                           0x00000000   Number         0  stubs.o ABSOLUTE
    _printf_fp_hex                           0x00000000   Number         0  stubs.o ABSOLUTE
    _printf_g                                0x00000000   Number         0  stubs.o ABSOLUTE
    _printf_i                                0x00000000   Number         0  stubs.o ABSOLUTE
    _printf_int_dec                          0x00000000   Number         0  stubs.o ABSOLUTE
    _printf_l                                0x00000000   Number         0  stubs.o ABSOLUTE
    _printf_lc                               0x00000000   Number         0  stubs.o ABSOLUTE
    _printf_ll                               0x00000000   Number         0  stubs.o ABSOLUTE
    _printf_lld                              0x00000000   Number         0  stubs.o ABSOLUTE
    _printf_lli                              0x00000000   Number         0  stubs.o ABSOLUTE
    _printf_llo                              0x00000000   Number         0  stubs.o ABSOLUTE
    _printf_llu                              0x00000000   Number         0  stubs.o ABSOLUTE
    _printf_llx                              0x00000000   Number         0  stubs.o ABSOLUTE
    _printf_longlong_dec                     0x00000000   Number         0  stubs.o ABSOLUTE
    _printf_longlong_hex                     0x00000000   Number         0  stubs.o ABSOLUTE
    _printf_longlong_oct                     0x00000000   Number         0  stubs.o ABSOLUTE
    _printf_ls                               0x00000000   Number         0  stubs.o ABSOLUTE
    _printf_mbtowc                           0x00000000   Number         0  stubs.o ABSOLUTE
    _printf_n                                0x00000000   Number         0  stubs.o ABSOLUTE
    _printf_o                                0x00000000   Number         0  stubs.o ABSOLUTE
    _printf_p                                0x00000000   Number         0  stubs.o ABSOLUTE
    _printf_percent                          0x00000000   Number         0  stubs.o ABSOLUTE
    _printf_pre_padding                      0x00000000   Number         0  stubs.o ABSOLUTE
    _printf_return_value                     0x00000000   Number         0  stubs.o ABSOLUTE
    _printf_s                                0x00000000   Number         0  stubs.o ABSOLUTE
    _printf_sizespec                         0x00000000   Number         0  stubs.o ABSOLUTE
    _printf_str                              0x00000000   Number         0  stubs.o ABSOLUTE
    _printf_truncate_signed                  0x00000000   Number         0  stubs.o ABSOLUTE
    _printf_truncate_unsigned                0x00000000   Number         0  stubs.o ABSOLUTE
    _printf_u                                0x00000000   Number         0  stubs.o ABSOLUTE
    _printf_wc                               0x00000000   Number         0  stubs.o ABSOLUTE
    _printf_wctomb                           0x00000000   Number         0  stubs.o ABSOLUTE
    _printf_widthprec                        0x00000000   Number         0  stubs.o ABSOLUTE
    _printf_x                                0x00000000   Number         0  stubs.o ABSOLUTE
    __cpp_initialize__aeabi_                  - Undefined Weak Reference
    __cxa_finalize                            - Undefined Weak Reference
    __decompress                              - Undefined Weak Reference
    _clock_init                               - Undefined Weak Reference
    _microlib_exit                            - Undefined Weak Reference
    __Vectors_Size                           0x000000c0   Number         0  startup_mdr32f9qx.o ABSOLUTE
    __Vectors                                0x08000000   Data           4  startup_mdr32f9qx.o(RESET)
    __Vectors_End                            0x080000c0   Data           0  startup_mdr32f9qx.o(RESET)
    __main                                   0x080000c1   Thumb Code     0  entry.o(.ARM.Collect$$$$00000000)
    _main_stk                                0x080000c1   Thumb Code     0  entry2.o(.ARM.Collect$$$$00000001)
    _main_scatterload                        0x080000c5   Thumb Code     0  entry5.o(.ARM.Collect$$$$00000004)
    __main_after_scatterload                 0x080000c9   Thumb Code     0  entry5.o(.ARM.Collect$$$$00000004)
    _main_clock                              0x080000c9   Thumb Code     0  entry7b.o(.ARM.Collect$$$$00000008)
    _main_cpp_init                           0x080000c9   Thumb Code     0  entry8b.o(.ARM.Collect$$$$0000000A)
    _main_init                               0x080000c9   Thumb Code     0  entry9a.o(.ARM.Collect$$$$0000000B)
    __rt_final_cpp                           0x080000d1   Thumb Code     0  entry10a.o(.ARM.Collect$$$$0000000D)
    __rt_final_exit                          0x080000d1   Thumb Code     0  entry11a.o(.ARM.Collect$$$$0000000F)
    SVC_Handler                              0x080000d5   Thumb Code    32  port.o(.emb_text)
    __asm___6_port_c_39a90d8d__prvStartFirstTask 0x080000f9   Thumb Code    28  port.o(.emb_text)
    PendSV_Handler                           0x08000119   Thumb Code    72  port.o(.emb_text)
    vPortGetIPSR                             0x08000165   Thumb Code     6  port.o(.emb_text)
    Reset_Handler                            0x0800016d   Thumb Code     8  startup_mdr32f9qx.o(.text)
    DMA_IRQHandler                           0x08000187   Thumb Code     0  startup_mdr32f9qx.o(.text)
    __aeabi_memcpy                           0x08000191   Thumb Code    36  memcpya.o(.text)
    __aeabi_memcpy4                          0x08000191   Thumb Code     0  memcpya.o(.text)
    __aeabi_memcpy8                          0x08000191   Thumb Code     0  memcpya.o(.text)
    strlen                                   0x080001b5   Thumb Code    14  strlen.o(.text)
    __aeabi_uidiv                            0x080001c3   Thumb Code     0  uidiv.o(.text)
    __aeabi_uidivmod                         0x080001c3   Thumb Code    44  uidiv.o(.text)
    __scatterload                            0x080001f1   Thumb Code    28  init.o(.text)
    __scatterload_rt2                        0x080001f1   Thumb Code     0  init.o(.text)
    ADC_IRQHandler                           0x08000215   Thumb Code     2  mdr32f9qx_it.o(i.ADC_IRQHandler)
    BACKUP_IRQHandler                        0x08000217   Thumb Code     2  mdr32f9qx_it.o(i.BACKUP_IRQHandler)
    BusFault_Handler                         0x08000219   Thumb Code     4  mdr32f9qx_it.o(i.BusFault_Handler)
    CAN1_IRQHandler                          0x0800021d   Thumb Code     2  mdr32f9qx_it.o(i.CAN1_IRQHandler)
    CAN2_IRQHandler                          0x0800021f   Thumb Code     2  mdr32f9qx_it.o(i.CAN2_IRQHandler)
    COMPARATOR_IRQHandler                    0x08000221   Thumb Code     2  mdr32f9qx_it.o(i.COMPARATOR_IRQHandler)
    DebugMon_Handler                         0x08000223   Thumb Code     2  mdr32f9qx_it.o(i.DebugMon_Handler)
    EXT_INT1_IRQHandler                      0x08000225   Thumb Code     2  mdr32f9qx_it.o(i.EXT_INT1_IRQHandler)
    EXT_INT2_IRQHandler                      0x08000227   Thumb Code     2  mdr32f9qx_it.o(i.EXT_INT2_IRQHandler)
    EXT_INT3_IRQHandler                      0x08000229   Thumb Code     2  mdr32f9qx_it.o(i.EXT_INT3_IRQHandler)
    EXT_INT4_IRQHandler                      0x0800022b   Thumb Code     2  mdr32f9qx_it.o(i.EXT_INT4_IRQHandler)
    HardFault_Handler                        0x0800022d   Thumb Code     4  mdr32f9qx_it.o(i.HardFault_Handler)
    I2C_IRQHandler                           0x08000231   Thumb Code     2  mdr32f9qx_it.o(i.I2C_IRQHandler)
    Init_button                              0x08000235   Thumb Code   366  button.o(i.Init_button)
    MemManage_Handler                        0x080003c5   Thumb Code     4  mdr32f9qx_it.o(i.MemManage_Handler)
    NMI_Handler                              0x080003c9   Thumb Code     2  mdr32f9qx_it.o(i.NMI_Handler)
    PORT_Init                                0x080003cd   Thumb Code   450  mdr32f9qx_port.o(i.PORT_Init)
    PORT_ReadInputDataBit                    0x08000595   Thumb Code    16  mdr32f9qx_port.o(i.PORT_ReadInputDataBit)
    PORT_ResetBits                           0x080005a5   Thumb Code    22  mdr32f9qx_port.o(i.PORT_ResetBits)
    PORT_SetBits                             0x080005c1   Thumb Code    22  mdr32f9qx_port.o(i.PORT_SetBits)
    PORT_StructInit                          0x080005dd   Thumb Code    28  mdr32f9qx_port.o(i.PORT_StructInit)
    POWER_IRQHandler                         0x080005f9   Thumb Code     2  mdr32f9qx_it.o(i.POWER_IRQHandler)
    RST_CLK_CPU_PLLcmd                       0x080005fd   Thumb Code     6  mdr32f9qx_rst_clk.o(i.RST_CLK_CPU_PLLcmd)
    RST_CLK_CPU_PLLconfig                    0x08000609   Thumb Code    54  mdr32f9qx_rst_clk.o(i.RST_CLK_CPU_PLLconfig)
    RST_CLK_CPU_PLLstatus                    0x08000649   Thumb Code    52  mdr32f9qx_rst_clk.o(i.RST_CLK_CPU_PLLstatus)
    RST_CLK_CPU_PLLuse                       0x0800067d   Thumb Code     6  mdr32f9qx_rst_clk.o(i.RST_CLK_CPU_PLLuse)
    RST_CLK_CPUclkPrescaler                  0x08000689   Thumb Code    18  mdr32f9qx_rst_clk.o(i.RST_CLK_CPUclkPrescaler)
    RST_CLK_CPUclkSelection                  0x080006a1   Thumb Code    16  mdr32f9qx_rst_clk.o(i.RST_CLK_CPUclkSelection)
    RST_CLK_GetFlagStatus                    0x080006b5   Thumb Code    42  mdr32f9qx_rst_clk.o(i.RST_CLK_GetFlagStatus)
    RST_CLK_HSEconfig                        0x080006e9   Thumb Code    56  mdr32f9qx_rst_clk.o(i.RST_CLK_HSEconfig)
    RST_CLK_HSEstatus                        0x08000725   Thumb Code    52  mdr32f9qx_rst_clk.o(i.RST_CLK_HSEstatus)
    RST_CLK_PCLKcmd                          0x08000759   Thumb Code    26  mdr32f9qx_rst_clk.o(i.RST_CLK_PCLKcmd)
    SSP1_IRQHandler                          0x08000779   Thumb Code     2  mdr32f9qx_it.o(i.SSP1_IRQHandler)
    SSP2_IRQHandler                          0x0800077b   Thumb Code     2  mdr32f9qx_it.o(i.SSP2_IRQHandler)
    SysTick_Handler                          0x0800077d   Thumb Code    46  port.o(i.SysTick_Handler)
    SystemCoreClockUpdate                    0x080007b1   Thumb Code   130  system_mdr32f9qx.o(i.SystemCoreClockUpdate)
    SystemInit                               0x08000841   Thumb Code    54  system_mdr32f9qx.o(i.SystemInit)
    Timer1_IRQHandler                        0x08000881   Thumb Code     2  mdr32f9qx_it.o(i.Timer1_IRQHandler)
    Timer2_IRQHandler                        0x08000883   Thumb Code     2  mdr32f9qx_it.o(i.Timer2_IRQHandler)
    Timer3_IRQHandler                        0x08000885   Thumb Code     2  mdr32f9qx_it.o(i.Timer3_IRQHandler)
    UART1_IRQHandler                         0x08000887   Thumb Code     2  mdr32f9qx_it.o(i.UART1_IRQHandler)
    UART2_IRQHandler                         0x08000889   Thumb Code     2  mdr32f9qx_it.o(i.UART2_IRQHandler)
    USB_IRQHandler                           0x0800088b   Thumb Code     2  mdr32f9qx_it.o(i.USB_IRQHandler)
    U_MENU_Init                              0x0800088d   Thumb Code    38  menu.o(i.U_MENU_Init)
    U_MENU_Prepare_Item                      0x080008bd   Thumb Code    38  menu.o(i.U_MENU_Prepare_Item)
    U_MLT_Clear_Chip                         0x08000905   Thumb Code    24  mlt_lcd.o(i.U_MLT_Clear_Chip)
    U_MLT_Clear_Page                         0x0800091d   Thumb Code    58  mlt_lcd.o(i.U_MLT_Clear_Page)
    U_MLT_Delay                              0x08000957   Thumb Code    18  mlt_lcd.o(i.U_MLT_Delay)
    U_MLT_Disp_On                            0x08000969   Thumb Code   188  mlt_lcd.o(i.U_MLT_Disp_On)
    U_MLT_Init                               0x08000a35   Thumb Code    94  mlt_lcd.o(i.U_MLT_Init)
    U_MLT_LCD_Init                           0x08000a9d   Thumb Code    64  mlt_lcd.o(i.U_MLT_LCD_Init)
    U_MLT_Pin_Cfg                            0x08000ae1   Thumb Code   120  mlt_lcd.o(i.U_MLT_Pin_Cfg)
    U_MLT_Put_Char                           0x08000b6d   Thumb Code   128  mlt_lcd.o(i.U_MLT_Put_Char)
    U_MLT_Put_Image                          0x08000bf1   Thumb Code   140  mlt_lcd.o(i.U_MLT_Put_Image)
    U_MLT_Put_String                         0x08000c7d   Thumb Code    54  mlt_lcd.o(i.U_MLT_Put_String)
    U_MLT_Read_Status                        0x08000cb5   Thumb Code   182  mlt_lcd.o(i.U_MLT_Read_Status)
    U_MLT_Scroll_String                      0x08000d7d   Thumb Code   142  mlt_lcd.o(i.U_MLT_Scroll_String)
    U_MLT_Set_Address                        0x08000e0d   Thumb Code   192  mlt_lcd.o(i.U_MLT_Set_Address)
    U_MLT_Set_Data_Bits                      0x08000edd   Thumb Code    60  mlt_lcd.o(i.U_MLT_Set_Data_Bits)
    U_MLT_Set_Page                           0x08000f21   Thumb Code   192  mlt_lcd.o(i.U_MLT_Set_Page)
    U_MLT_Write_Data                         0x08000ff1   Thumb Code   190  mlt_lcd.o(i.U_MLT_Write_Data)
    UsageFault_Handler                       0x080010c1   Thumb Code     4  mdr32f9qx_it.o(i.UsageFault_Handler)
    WWDG_IRQHandler                          0x080010c5   Thumb Code     2  mdr32f9qx_it.o(i.WWDG_IRQHandler)
    __0sprintf$1                             0x080010c9   Thumb Code    34  printf1.o(i.__0sprintf$1)
    __1sprintf$1                             0x080010c9   Thumb Code     0  printf1.o(i.__0sprintf$1)
    __2sprintf                               0x080010c9   Thumb Code     0  printf1.o(i.__0sprintf$1)
    __scatterload_copy                       0x080010f1   Thumb Code    14  handlers.o(i.__scatterload_copy)
    __scatterload_null                       0x080010ff   Thumb Code     2  handlers.o(i.__scatterload_null)
    __scatterload_zeroinit                   0x08001101   Thumb Code    14  handlers.o(i.__scatterload_zeroinit)
    check_button                             0x0800126f   Thumb Code   124  button.o(i.check_button)
    init                                     0x080012eb   Thumb Code     8  init.o(i.init)
    main                                     0x080012f5   Thumb Code    66  main.o(i.main)
    pvPortMalloc                             0x08001b51   Thumb Code   166  heap_2.o(i.pvPortMalloc)
    pvTaskIncrementMutexHeldCount            0x08001c09   Thumb Code    26  tasks.o(i.pvTaskIncrementMutexHeldCount)
    pxPortInitialiseStack                    0x08001c29   Thumb Code    30  port.o(i.pxPortInitialiseStack)
    reset_click                              0x08001c4d   Thumb Code     6  button.o(i.reset_click)
    sys_clk_init                             0x08001c53   Thumb Code    64  init.o(i.sys_clk_init)
    uxListRemove                             0x08001c93   Thumb Code    40  list.o(i.uxListRemove)
    vApplicationIdleHook                     0x08001cbb   Thumb Code     2  main.o(i.vApplicationIdleHook)
    vListInitialise                          0x08001cbd   Thumb Code    26  list.o(i.vListInitialise)
    vListInitialiseItem                      0x08001cd7   Thumb Code     6  list.o(i.vListInitialiseItem)
    vListInsert                              0x08001cdd   Thumb Code    52  list.o(i.vListInsert)
    vListInsertEnd                           0x08001d11   Thumb Code    24  list.o(i.vListInsertEnd)
    vMenu                                    0x08001d29   Thumb Code   198  menu.o(i.vMenu)
    vPortEnterCritical                       0x08001e35   Thumb Code    30  port.o(i.vPortEnterCritical)
    vPortExitCritical                        0x08001e59   Thumb Code    28  port.o(i.vPortExitCritical)
    vPortFree                                0x08001e79   Thumb Code    56  heap_2.o(i.vPortFree)
    vPortSetupTimerInterrupt                 0x08001eb9   Thumb Code    14  port.o(i.vPortSetupTimerInterrupt)
    vQueueAddToRegistry                      0x08001ecd   Thumb Code    38  queue.o(i.vQueueAddToRegistry)
    vQueueWaitForMessageRestricted           0x08001ef9   Thumb Code    74  queue.o(i.vQueueWaitForMessageRestricted)
    vScroll_String                           0x08001f45   Thumb Code    38  menu.o(i.vScroll_String)
    vTaskDelay                               0x08001f81   Thumb Code    46  tasks.o(i.vTaskDelay)
    vTaskMissedYield                         0x08001fb5   Thumb Code     8  tasks.o(i.vTaskMissedYield)
    vTaskPlaceOnEventList                    0x08001fc1   Thumb Code    28  tasks.o(i.vTaskPlaceOnEventList)
    vTaskPlaceOnEventListRestricted          0x08001fe1   Thumb Code    36  tasks.o(i.vTaskPlaceOnEventListRestricted)
    vTaskPriorityInherit                     0x08002009   Thumb Code   128  tasks.o(i.vTaskPriorityInherit)
    vTaskSetTimeOutState                     0x08002095   Thumb Code    14  tasks.o(i.vTaskSetTimeOutState)
    vTaskStartScheduler                      0x080020ad   Thumb Code    82  tasks.o(i.vTaskStartScheduler)
    vTaskSuspendAll                          0x0800211d   Thumb Code    12  tasks.o(i.vTaskSuspendAll)
    vTaskSwitchContext                       0x0800212d   Thumb Code    98  tasks.o(i.vTaskSwitchContext)
    xPortStartScheduler                      0x080021a5   Thumb Code    42  port.o(i.xPortStartScheduler)
    xQueueGenericCreate                      0x080021d9   Thumb Code    56  queue.o(i.xQueueGenericCreate)
    xQueueGenericReceive                     0x08002211   Thumb Code   342  queue.o(i.xQueueGenericReceive)
    xQueueGenericReset                       0x0800236d   Thumb Code   122  queue.o(i.xQueueGenericReset)
    xQueueGenericSend                        0x080023ed   Thumb Code   276  queue.o(i.xQueueGenericSend)
    xQueueGenericSendFromISR                 0x08002505   Thumb Code   134  queue.o(i.xQueueGenericSendFromISR)
    xTaskCheckForTimeOut                     0x0800258d   Thumb Code    84  tasks.o(i.xTaskCheckForTimeOut)
    xTaskCreate                              0x080025e9   Thumb Code    96  tasks.o(i.xTaskCreate)
    xTaskGetSchedulerState                   0x08002649   Thumb Code    24  tasks.o(i.xTaskGetSchedulerState)
    xTaskGetTickCount                        0x08002669   Thumb Code     6  tasks.o(i.xTaskGetTickCount)
    xTaskIncrementTick                       0x08002675   Thumb Code   214  tasks.o(i.xTaskIncrementTick)
    xTaskPriorityDisinherit                  0x08002779   Thumb Code    86  tasks.o(i.xTaskPriorityDisinherit)
    xTaskRemoveFromEventList                 0x080027d9   Thumb Code   102  tasks.o(i.xTaskRemoveFromEventList)
    xTaskResumeAll                           0x08002859   Thumb Code   194  tasks.o(i.xTaskResumeAll)
    xTimerCreateTimerTask                    0x08002941   Thumb Code    40  timers.o(i.xTimerCreateTimerTask)
    xTimerGenericCommand                     0x0800297d   Thumb Code   102  timers.o(i.xTimerGenericCommand)
    Region$$Table$$Base                      0x08003118   Number         0  anon$$obj.o(Region$$Table)
    Region$$Table$$Limit                     0x08003138   Number         0  anon$$obj.o(Region$$Table)
    U_MENU_Item                              0x20000000   Data           1  menu.o(.data)
    U_MENU_Time_String                       0x20000001   Data           8  menu.o(.data)
    U_MENU_Message                           0x2000000c   Data           4  menu.o(.data)
    pxCurrentTCB                             0x2000002c   Data           4  tasks.o(.data)
    SystemCoreClock                          0x20000080   Data           4  system_mdr32f9qx.o(.data)
    SB_SELECT                                0x20000084   Data          24  button.o(.bss)
    SB_UP                                    0x2000009c   Data          24  button.o(.bss)
    SB_DOWN                                  0x200000b4   Data          24  button.o(.bss)
    SB_RIGHT                                 0x200000cc   Data          24  button.o(.bss)
    SB_LEFT                                  0x200000e4   Data          24  button.o(.bss)
    xQueueRegistry                           0x200050fc   Data          80  queue.o(.bss)
    __initial_sp                             0x20005640   Data           0  startup_mdr32f9qx.o(STACK)



==============================================================================

Memory Map of the image

  Image Entry point : 0x080000c1

  Load Region LR_IROM1 (Base: 0x08000000, Size: 0x000031bc, Max: 0x00020000, ABSOLUTE)

    Execution Region ER_IROM1 (Exec base: 0x08000000, Load base: 0x08000000, Size: 0x00003138, Max: 0x00020000, ABSOLUTE)

    Exec Addr    Load Addr    Size         Type   Attr      Idx    E Section Name        Object

    0x08000000   0x08000000   0x000000c0   Data   RO         1474    RESET               startup_mdr32f9qx.o
    0x080000c0   0x080000c0   0x00000000   Code   RO         3626  * .ARM.Collect$$$$00000000  mc_w.l(entry.o)
    0x080000c0   0x080000c0   0x00000004   Code   RO         3896    .ARM.Collect$$$$00000001  mc_w.l(entry2.o)
    0x080000c4   0x080000c4   0x00000004   Code   RO         3899    .ARM.Collect$$$$00000004  mc_w.l(entry5.o)
    0x080000c8   0x080000c8   0x00000000   Code   RO         3901    .ARM.Collect$$$$00000008  mc_w.l(entry7b.o)
    0x080000c8   0x080000c8   0x00000000   Code   RO         3903    .ARM.Collect$$$$0000000A  mc_w.l(entry8b.o)
    0x080000c8   0x080000c8   0x00000008   Code   RO         3904    .ARM.Collect$$$$0000000B  mc_w.l(entry9a.o)
    0x080000d0   0x080000d0   0x00000000   Code   RO         3906    .ARM.Collect$$$$0000000D  mc_w.l(entry10a.o)
    0x080000d0   0x080000d0   0x00000000   Code   RO         3908    .ARM.Collect$$$$0000000F  mc_w.l(entry11a.o)
    0x080000d0   0x080000d0   0x00000004   Code   RO         3897    .ARM.Collect$$$$00002712  mc_w.l(entry2.o)
    0x080000d4   0x080000d4   0x00000096   Code   RO          639    .emb_text           port.o
    0x0800016a   0x0800016a   0x00000002   PAD
    0x0800016c   0x0800016c   0x00000024   Code   RO         1475    .text               startup_mdr32f9qx.o
    0x08000190   0x08000190   0x00000024   Code   RO         3629    .text               mc_w.l(memcpya.o)
    0x080001b4   0x080001b4   0x0000000e   Code   RO         3631    .text               mc_w.l(strlen.o)
    0x080001c2   0x080001c2   0x0000002c   Code   RO         3913    .text               mc_w.l(uidiv.o)
    0x080001ee   0x080001ee   0x00000002   PAD
    0x080001f0   0x080001f0   0x00000024   Code   RO         3928    .text               mc_w.l(init.o)
    0x08000214   0x08000214   0x00000002   Code   RO          135    i.ADC_IRQHandler    mdr32f9qx_it.o
    0x08000216   0x08000216   0x00000002   Code   RO          136    i.BACKUP_IRQHandler  mdr32f9qx_it.o
    0x08000218   0x08000218   0x00000004   Code   RO          137    i.BusFault_Handler  mdr32f9qx_it.o
    0x0800021c   0x0800021c   0x00000002   Code   RO          138    i.CAN1_IRQHandler   mdr32f9qx_it.o
    0x0800021e   0x0800021e   0x00000002   Code   RO          139    i.CAN2_IRQHandler   mdr32f9qx_it.o
    0x08000220   0x08000220   0x00000002   Code   RO          140    i.COMPARATOR_IRQHandler  mdr32f9qx_it.o
    0x08000222   0x08000222   0x00000002   Code   RO          141    i.DebugMon_Handler  mdr32f9qx_it.o
    0x08000224   0x08000224   0x00000002   Code   RO          142    i.EXT_INT1_IRQHandler  mdr32f9qx_it.o
    0x08000226   0x08000226   0x00000002   Code   RO          143    i.EXT_INT2_IRQHandler  mdr32f9qx_it.o
    0x08000228   0x08000228   0x00000002   Code   RO          144    i.EXT_INT3_IRQHandler  mdr32f9qx_it.o
    0x0800022a   0x0800022a   0x00000002   Code   RO          145    i.EXT_INT4_IRQHandler  mdr32f9qx_it.o
    0x0800022c   0x0800022c   0x00000004   Code   RO          146    i.HardFault_Handler  mdr32f9qx_it.o
    0x08000230   0x08000230   0x00000002   Code   RO          147    i.I2C_IRQHandler    mdr32f9qx_it.o
    0x08000232   0x08000232   0x00000002   PAD
    0x08000234   0x08000234   0x00000190   Code   RO          361    i.Init_button       button.o
    0x080003c4   0x080003c4   0x00000004   Code   RO          148    i.MemManage_Handler  mdr32f9qx_it.o
    0x080003c8   0x080003c8   0x00000002   Code   RO          149    i.NMI_Handler       mdr32f9qx_it.o
    0x080003ca   0x080003ca   0x00000002   PAD
    0x080003cc   0x080003cc   0x000001c8   Code   RO         2646    i.PORT_Init         mdr32f9qx_port.o
    0x08000594   0x08000594   0x00000010   Code   RO         2648    i.PORT_ReadInputDataBit  mdr32f9qx_port.o
    0x080005a4   0x080005a4   0x0000001c   Code   RO         2649    i.PORT_ResetBits    mdr32f9qx_port.o
    0x080005c0   0x080005c0   0x0000001c   Code   RO         2650    i.PORT_SetBits      mdr32f9qx_port.o
    0x080005dc   0x080005dc   0x0000001c   Code   RO         2651    i.PORT_StructInit   mdr32f9qx_port.o
    0x080005f8   0x080005f8   0x00000002   Code   RO          150    i.POWER_IRQHandler  mdr32f9qx_it.o
    0x080005fa   0x080005fa   0x00000002   PAD
    0x080005fc   0x080005fc   0x0000000c   Code   RO         2831    i.RST_CLK_CPU_PLLcmd  mdr32f9qx_rst_clk.o
    0x08000608   0x08000608   0x00000040   Code   RO         2832    i.RST_CLK_CPU_PLLconfig  mdr32f9qx_rst_clk.o
    0x08000648   0x08000648   0x00000034   Code   RO         2833    i.RST_CLK_CPU_PLLstatus  mdr32f9qx_rst_clk.o
    0x0800067c   0x0800067c   0x0000000c   Code   RO         2834    i.RST_CLK_CPU_PLLuse  mdr32f9qx_rst_clk.o
    0x08000688   0x08000688   0x00000018   Code   RO         2835    i.RST_CLK_CPUclkPrescaler  mdr32f9qx_rst_clk.o
    0x080006a0   0x080006a0   0x00000014   Code   RO         2836    i.RST_CLK_CPUclkSelection  mdr32f9qx_rst_clk.o
    0x080006b4   0x080006b4   0x00000034   Code   RO         2839    i.RST_CLK_GetFlagStatus  mdr32f9qx_rst_clk.o
    0x080006e8   0x080006e8   0x0000003c   Code   RO         2841    i.RST_CLK_HSEconfig  mdr32f9qx_rst_clk.o
    0x08000724   0x08000724   0x00000034   Code   RO         2842    i.RST_CLK_HSEstatus  mdr32f9qx_rst_clk.o
    0x08000758   0x08000758   0x00000020   Code   RO         2852    i.RST_CLK_PCLKcmd   mdr32f9qx_rst_clk.o
    0x08000778   0x08000778   0x00000002   Code   RO          151    i.SSP1_IRQHandler   mdr32f9qx_it.o
    0x0800077a   0x0800077a   0x00000002   Code   RO          152    i.SSP2_IRQHandler   mdr32f9qx_it.o
    0x0800077c   0x0800077c   0x00000034   Code   RO          640    i.SysTick_Handler   port.o
    0x080007b0   0x080007b0   0x00000090   Code   RO         1482    i.SystemCoreClockUpdate  system_mdr32f9qx.o
    0x08000840   0x08000840   0x00000040   Code   RO         1483    i.SystemInit        system_mdr32f9qx.o
    0x08000880   0x08000880   0x00000002   Code   RO          153    i.Timer1_IRQHandler  mdr32f9qx_it.o
    0x08000882   0x08000882   0x00000002   Code   RO          154    i.Timer2_IRQHandler  mdr32f9qx_it.o
    0x08000884   0x08000884   0x00000002   Code   RO          155    i.Timer3_IRQHandler  mdr32f9qx_it.o
    0x08000886   0x08000886   0x00000002   Code   RO          156    i.UART1_IRQHandler  mdr32f9qx_it.o
    0x08000888   0x08000888   0x00000002   Code   RO          157    i.UART2_IRQHandler  mdr32f9qx_it.o
    0x0800088a   0x0800088a   0x00000002   Code   RO          158    i.USB_IRQHandler    mdr32f9qx_it.o
    0x0800088c   0x0800088c   0x00000030   Code   RO          415    i.U_MENU_Init       menu.o
    0x080008bc   0x080008bc   0x00000048   Code   RO          416    i.U_MENU_Prepare_Item  menu.o
    0x08000904   0x08000904   0x00000018   Code   RO         1333    i.U_MLT_Clear_Chip  mlt_lcd.o
    0x0800091c   0x0800091c   0x0000003a   Code   RO         1334    i.U_MLT_Clear_Page  mlt_lcd.o
    0x08000956   0x08000956   0x00000012   Code   RO         1335    i.U_MLT_Delay       mlt_lcd.o
    0x08000968   0x08000968   0x000000cc   Code   RO         1337    i.U_MLT_Disp_On     mlt_lcd.o
    0x08000a34   0x08000a34   0x00000068   Code   RO         1338    i.U_MLT_Init        mlt_lcd.o
    0x08000a9c   0x08000a9c   0x00000044   Code   RO         1339    i.U_MLT_LCD_Init    mlt_lcd.o
    0x08000ae0   0x08000ae0   0x0000008c   Code   RO         1340    i.U_MLT_Pin_Cfg     mlt_lcd.o
    0x08000b6c   0x08000b6c   0x00000084   Code   RO         1341    i.U_MLT_Put_Char    mlt_lcd.o
    0x08000bf0   0x08000bf0   0x0000008c   Code   RO         1342    i.U_MLT_Put_Image   mlt_lcd.o
    0x08000c7c   0x08000c7c   0x00000036   Code   RO         1343    i.U_MLT_Put_String  mlt_lcd.o
    0x08000cb2   0x08000cb2   0x00000002   PAD
    0x08000cb4   0x08000cb4   0x000000c8   Code   RO         1345    i.U_MLT_Read_Status  mlt_lcd.o
    0x08000d7c   0x08000d7c   0x0000008e   Code   RO         1346    i.U_MLT_Scroll_String  mlt_lcd.o
    0x08000e0a   0x08000e0a   0x00000002   PAD
    0x08000e0c   0x08000e0c   0x000000d0   Code   RO         1347    i.U_MLT_Set_Address  mlt_lcd.o
    0x08000edc   0x08000edc   0x00000044   Code   RO         1348    i.U_MLT_Set_Data_Bits  mlt_lcd.o
    0x08000f20   0x08000f20   0x000000d0   Code   RO         1349    i.U_MLT_Set_Page    mlt_lcd.o
    0x08000ff0   0x08000ff0   0x000000d0   Code   RO         1350    i.U_MLT_Write_Data  mlt_lcd.o
    0x080010c0   0x080010c0   0x00000004   Code   RO          159    i.UsageFault_Handler  mdr32f9qx_it.o
    0x080010c4   0x080010c4   0x00000002   Code   RO          160    i.WWDG_IRQHandler   mdr32f9qx_it.o
    0x080010c6   0x080010c6   0x00000002   PAD
    0x080010c8   0x080010c8   0x00000028   Code   RO         3682    i.__0sprintf$1      mc_w.l(printf1.o)
    0x080010f0   0x080010f0   0x0000000e   Code   RO         3942    i.__scatterload_copy  mc_w.l(handlers.o)
    0x080010fe   0x080010fe   0x00000002   Code   RO         3943    i.__scatterload_null  mc_w.l(handlers.o)
    0x08001100   0x08001100   0x0000000e   Code   RO         3944    i.__scatterload_zeroinit  mc_w.l(handlers.o)
    0x0800110e   0x0800110e   0x00000002   PAD
    0x08001110   0x08001110   0x00000154   Code   RO         3687    i._printf_core      mc_w.l(printf1.o)
    0x08001264   0x08001264   0x0000000a   Code   RO         3689    i._sputc            mc_w.l(printf1.o)
    0x0800126e   0x0800126e   0x0000007c   Code   RO          364    i.check_button      button.o
    0x080012ea   0x080012ea   0x00000008   Code   RO          323    i.init              init.o
    0x080012f2   0x080012f2   0x00000002   PAD
    0x080012f4   0x080012f4   0x0000005c   Code   RO            4    i.main              main.o
    0x08001350   0x08001350   0x0000007c   Code   RO          890    i.prvAddCurrentTaskToDelayedList  tasks.o
    0x080013cc   0x080013cc   0x000000b0   Code   RO          891    i.prvAddNewTaskToReadyList  tasks.o
    0x0800147c   0x0800147c   0x00000064   Code   RO         1212    i.prvCheckForValidListAndQueue  timers.o
    0x080014e0   0x080014e0   0x00000064   Code   RO          892    i.prvCheckTasksWaitingTermination  tasks.o
    0x08001544   0x08001544   0x0000002a   Code   RO          711    i.prvCopyDataFromQueue  queue.o
    0x0800156e   0x0800156e   0x0000007c   Code   RO          712    i.prvCopyDataToQueue  queue.o
    0x080015ea   0x080015ea   0x00000012   Code   RO          893    i.prvDeleteTCB      tasks.o
    0x080015fc   0x080015fc   0x00000028   Code   RO         1213    i.prvGetNextExpireTime  timers.o
    0x08001624   0x08001624   0x00000038   Code   RO          565    i.prvHeapInit       heap_2.o
    0x0800165c   0x0800165c   0x0000002c   Code   RO          894    i.prvIdleTask       tasks.o
    0x08001688   0x08001688   0x00000026   Code   RO          714    i.prvInitialiseNewQueue  queue.o
    0x080016ae   0x080016ae   0x0000009a   Code   RO          895    i.prvInitialiseNewTask  tasks.o
    0x08001748   0x08001748   0x00000068   Code   RO          896    i.prvInitialiseTaskLists  tasks.o
    0x080017b0   0x080017b0   0x00000058   Code   RO         1215    i.prvInsertTimerInActiveList  timers.o
    0x08001808   0x08001808   0x0000001a   Code   RO          715    i.prvIsQueueEmpty   queue.o
    0x08001822   0x08001822   0x0000001e   Code   RO          716    i.prvIsQueueFull    queue.o
    0x08001840   0x08001840   0x0000004c   Code   RO         1216    i.prvProcessExpiredTimer  timers.o
    0x0800188c   0x0800188c   0x000000bc   Code   RO         1217    i.prvProcessReceivedCommands  timers.o
    0x08001948   0x08001948   0x00000074   Code   RO         1218    i.prvProcessTimerOrBlockTask  timers.o
    0x080019bc   0x080019bc   0x00000034   Code   RO          897    i.prvResetNextTaskUnblockTime  tasks.o
    0x080019f0   0x080019f0   0x0000002c   Code   RO         1219    i.prvSampleTimeNow  timers.o
    0x08001a1c   0x08001a1c   0x00000084   Code   RO         1220    i.prvSwitchTimerLists  timers.o
    0x08001aa0   0x08001aa0   0x00000016   Code   RO          641    i.prvTaskExitError  port.o
    0x08001ab6   0x08001ab6   0x0000001a   Code   RO         1221    i.prvTimerTask      timers.o
    0x08001ad0   0x08001ad0   0x0000007e   Code   RO          717    i.prvUnlockQueue    queue.o
    0x08001b4e   0x08001b4e   0x00000002   PAD
    0x08001b50   0x08001b50   0x000000b8   Code   RO          566    i.pvPortMalloc      heap_2.o
    0x08001c08   0x08001c08   0x00000020   Code   RO          900    i.pvTaskIncrementMutexHeldCount  tasks.o
    0x08001c28   0x08001c28   0x00000024   Code   RO          642    i.pxPortInitialiseStack  port.o
    0x08001c4c   0x08001c4c   0x00000006   Code   RO          365    i.reset_click       button.o
    0x08001c52   0x08001c52   0x00000040   Code   RO          324    i.sys_clk_init      init.o
    0x08001c92   0x08001c92   0x00000028   Code   RO          603    i.uxListRemove      list.o
    0x08001cba   0x08001cba   0x00000002   Code   RO            5    i.vApplicationIdleHook  main.o
    0x08001cbc   0x08001cbc   0x0000001a   Code   RO          604    i.vListInitialise   list.o
    0x08001cd6   0x08001cd6   0x00000006   Code   RO          605    i.vListInitialiseItem  list.o
    0x08001cdc   0x08001cdc   0x00000034   Code   RO          606    i.vListInsert       list.o
    0x08001d10   0x08001d10   0x00000018   Code   RO          607    i.vListInsertEnd    list.o
    0x08001d28   0x08001d28   0x0000010c   Code   RO          417    i.vMenu             menu.o
    0x08001e34   0x08001e34   0x00000024   Code   RO          644    i.vPortEnterCritical  port.o
    0x08001e58   0x08001e58   0x00000020   Code   RO          645    i.vPortExitCritical  port.o
    0x08001e78   0x08001e78   0x00000040   Code   RO          567    i.vPortFree         heap_2.o
    0x08001eb8   0x08001eb8   0x00000014   Code   RO          646    i.vPortSetupTimerInterrupt  port.o
    0x08001ecc   0x08001ecc   0x0000002c   Code   RO          721    i.vQueueAddToRegistry  queue.o
    0x08001ef8   0x08001ef8   0x0000004a   Code   RO          724    i.vQueueWaitForMessageRestricted  queue.o
    0x08001f42   0x08001f42   0x00000002   PAD
    0x08001f44   0x08001f44   0x0000003c   Code   RO          418    i.vScroll_String    menu.o
    0x08001f80   0x08001f80   0x00000034   Code   RO          906    i.vTaskDelay        tasks.o
    0x08001fb4   0x08001fb4   0x0000000c   Code   RO          910    i.vTaskMissedYield  tasks.o
    0x08001fc0   0x08001fc0   0x00000020   Code   RO          912    i.vTaskPlaceOnEventList  tasks.o
    0x08001fe0   0x08001fe0   0x00000028   Code   RO          913    i.vTaskPlaceOnEventListRestricted  tasks.o
    0x08002008   0x08002008   0x0000008c   Code   RO          915    i.vTaskPriorityInherit  tasks.o
    0x08002094   0x08002094   0x00000018   Code   RO          919    i.vTaskSetTimeOutState  tasks.o
    0x080020ac   0x080020ac   0x00000070   Code   RO          920    i.vTaskStartScheduler  tasks.o
    0x0800211c   0x0800211c   0x00000010   Code   RO          922    i.vTaskSuspendAll   tasks.o
    0x0800212c   0x0800212c   0x00000078   Code   RO          923    i.vTaskSwitchContext  tasks.o
    0x080021a4   0x080021a4   0x00000034   Code   RO          647    i.xPortStartScheduler  port.o
    0x080021d8   0x080021d8   0x00000038   Code   RO          727    i.xQueueGenericCreate  queue.o
    0x08002210   0x08002210   0x0000015c   Code   RO          728    i.xQueueGenericReceive  queue.o
    0x0800236c   0x0800236c   0x00000080   Code   RO          729    i.xQueueGenericReset  queue.o
    0x080023ec   0x080023ec   0x00000118   Code   RO          730    i.xQueueGenericSend  queue.o
    0x08002504   0x08002504   0x00000086   Code   RO          731    i.xQueueGenericSendFromISR  queue.o
    0x0800258a   0x0800258a   0x00000002   PAD
    0x0800258c   0x0800258c   0x0000005c   Code   RO          924    i.xTaskCheckForTimeOut  tasks.o
    0x080025e8   0x080025e8   0x00000060   Code   RO          925    i.xTaskCreate       tasks.o
    0x08002648   0x08002648   0x00000020   Code   RO          929    i.xTaskGetSchedulerState  tasks.o
    0x08002668   0x08002668   0x0000000c   Code   RO          930    i.xTaskGetTickCount  tasks.o
    0x08002674   0x08002674   0x00000104   Code   RO          932    i.xTaskIncrementTick  tasks.o
    0x08002778   0x08002778   0x00000060   Code   RO          935    i.xTaskPriorityDisinherit  tasks.o
    0x080027d8   0x080027d8   0x00000080   Code   RO          936    i.xTaskRemoveFromEventList  tasks.o
    0x08002858   0x08002858   0x000000e8   Code   RO          938    i.xTaskResumeAll    tasks.o
    0x08002940   0x08002940   0x0000003c   Code   RO         1225    i.xTimerCreateTimerTask  timers.o
    0x0800297c   0x0800297c   0x0000006c   Code   RO         1226    i.xTimerGenericCommand  timers.o
    0x080029e8   0x080029e8   0x00000720   Data   RO         1351    .constdata          mlt_lcd.o
    0x08003108   0x08003108   0x00000010   Data   RO         1352    .conststring        mlt_lcd.o
    0x08003118   0x08003118   0x00000020   Data   RO         3940    Region$$Table       anon$$obj.o


    Execution Region RW_IRAM1 (Exec base: 0x20000000, Load base: 0x08003138, Size: 0x00005640, Max: 0x00008000, ABSOLUTE)

    Exec Addr    Load Addr    Size         Type   Attr      Idx    E Section Name        Object

    0x20000000   0x08003138   0x00000010   Data   RW          420    .data               menu.o
    0x20000010   0x08003148   0x00000018   Data   RW          571    .data               heap_2.o
    0x20000028   0x08003160   0x00000004   Data   RW          648    .data               port.o
    0x2000002c   0x08003164   0x0000003c   Data   RW          941    .data               tasks.o
    0x20000068   0x080031a0   0x00000014   Data   RW         1232    .data               timers.o
    0x2000007c   0x080031b4   0x00000004   Data   RW         1353    .data               mlt_lcd.o
    0x20000080   0x080031b8   0x00000004   Data   RW         1484    .data               system_mdr32f9qx.o
    0x20000084        -       0x00000078   Zero   RW          366    .bss                button.o
    0x200000fc        -       0x00005000   Zero   RW          570    .bss                heap_2.o
    0x200050fc        -       0x00000050   Zero   RW          739    .bss                queue.o
    0x2000514c        -       0x000000c8   Zero   RW          940    .bss                tasks.o
    0x20005214        -       0x00000028   Zero   RW         1231    .bss                timers.o
    0x2000523c   0x080031bc   0x00000004   PAD
    0x20005240        -       0x00000400   Zero   RW         1472    STACK               startup_mdr32f9qx.o


==============================================================================

Image component sizes


      Code (inc. data)   RO Data    RW Data    ZI Data      Debug   Object Name

       530         34          0          0        120       3006   button.o
         0          0          0          0          0      11428   event_groups.o
       304         40          0         24      20480       3399   heap_2.o
        72          0          0          0          0        886   init.o
       148          0          0          0          0       3050   list.o
        94         26          0          0          0      79618   main.o
        60          0          0          0          0      11079   mdr32f9qx_it.o
       556         18          0          0          0       4062   mdr32f9qx_port.o
       380         52          0          0          0       9284   mdr32f9qx_rst_clk.o
       448        136          0         16          0       2825   menu.o
      1976        130       1840          4          0      10928   mlt_lcd.o
       400         50          0          4          0       8328   port.o
      1450         22          0          0         80      11917   queue.o
        36          8        192          0       1024        824   startup_mdr32f9qx.o
       208         24          0          4          0       1463   system_mdr32f9qx.o
      2300        362          0         60        200      27277   tasks.o
       978        114          0         20         40       8283   timers.o

    ----------------------------------------------------------------------
      9962       1016       2064        132      21948     197657   Object Totals
         0          0         32          0          0          0   (incl. Generated)
        22          0          0          0          4          0   (incl. Padding)

    ----------------------------------------------------------------------

      Code (inc. data)   RO Data    RW Data    ZI Data      Debug   Library Member Name

         0          0          0          0          0          0   entry.o
         0          0          0          0          0          0   entry10a.o
         0          0          0          0          0          0   entry11a.o
         8          4          0          0          0          0   entry2.o
         4          0          0          0          0          0   entry5.o
         0          0          0          0          0          0   entry7b.o
         0          0          0          0          0          0   entry8b.o
         8          4          0          0          0          0   entry9a.o
        30          0          0          0          0          0   handlers.o
        36          8          0          0          0         68   init.o
        36          0          0          0          0         68   memcpya.o
       390         10          0          0          0        252   printf1.o
        14          0          0          0          0         68   strlen.o
        44          0          0          0          0         80   uidiv.o

    ----------------------------------------------------------------------
       574         26          0          0          0        536   Library Totals
         4          0          0          0          0          0   (incl. Padding)

    ----------------------------------------------------------------------

      Code (inc. data)   RO Data    RW Data    ZI Data      Debug   Library Name

       570         26          0          0          0        536   mc_w.l

    ----------------------------------------------------------------------
       574         26          0          0          0        536   Library Totals

    ----------------------------------------------------------------------

==============================================================================


      Code (inc. data)   RO Data    RW Data    ZI Data      Debug   

     10536       1042       2064        132      21948     191273   Grand Totals
     10536       1042       2064        132      21948     191273   ELF Image Totals
     10536       1042       2064        132          0          0   ROM Totals

==============================================================================

    Total RO  Size (Code + RO Data)                12600 (  12.30kB)
    Total RW  Size (RW Data + ZI Data)             22080 (  21.56kB)
    Total ROM Size (Code + RO Data + RW Data)      12732 (  12.43kB)

==============================================================================

