Component: ARM Compiler 5.06 update 5 (build 528) Tool: armlink [4d35e2]

==============================================================================

Section Cross References

    main.o(i.DMA_IRQHandler) refers to mdr32f9qx_dma.o(i.DMA_Init) for DMA_Init
    main.o(i.DMA_IRQHandler) refers to queue.o(i.xQueueGiveFromISR) for xQueueGiveFromISR
    main.o(i.DMA_IRQHandler) refers to main.o(.data) for ping_pong
    main.o(i.DMA_IRQHandler) refers to main.o(.bss) for ADC_Buffer_pong
    main.o(i.DMA_IRQHandler) refers to dma.o(.bss) for DMA_InitStructure
    main.o(i.Timer1_IRQHandler) refers to mdr32f9qx_adc.o(i.ADC1_Start) for ADC1_Start
    main.o(i.Timer1_IRQHandler) refers to mdr32f9qx_timer.o(i.TIMER_ClearFlag) for TIMER_ClearFlag
    main.o(i.UART2_IRQHandler) refers to mdr32f9qx_uart.o(i.UART_GetITStatusMasked) for UART_GetITStatusMasked
    main.o(i.UART2_IRQHandler) refers to mdr32f9qx_uart.o(i.UART_ClearITPendingBit) for UART_ClearITPendingBit
    main.o(i.UART2_IRQHandler) refers to mdr32f9qx_uart.o(i.UART_ReceiveData) for UART_ReceiveData
    main.o(i.UART2_IRQHandler) refers to queue.o(i.xQueueGenericSendFromISR) for xQueueGenericSendFromISR
    main.o(i.UART2_IRQHandler) refers to main.o(.data) for ReceiveByte
    main.o(i.main) refers to init.o(i.init) for init
    main.o(i.main) refers to button.o(i.Init_button) for Init_button
    main.o(i.main) refers to uart_io.o(i.uart_io_init) for uart_io_init
    main.o(i.main) refers to timer.o(i.Timer1_init) for Timer1_init
    main.o(i.main) refers to adc.o(i.ADC_init) for ADC_init
    main.o(i.main) refers to dma.o(i.DMA_init) for DMA_init
    main.o(i.main) refers to mlt_lcd.o(i.U_MLT_Init) for U_MLT_Init
    main.o(i.main) refers to menu.o(i.U_MENU_Init) for U_MENU_Init
    main.o(i.main) refers to queue.o(i.xQueueGenericCreate) for xQueueGenericCreate
    main.o(i.main) refers to queue.o(i.xQueueGenericSend) for xQueueGenericSend
    main.o(i.main) refers to tasks.o(i.xTaskCreate) for xTaskCreate
    main.o(i.main) refers to tasks.o(i.vTaskStartScheduler) for vTaskStartScheduler
    main.o(i.main) refers to main.o(.data) for SemaphoreDMA
    main.o(i.main) refers to menu.o(i.U_MENU_Task_Function) for U_MENU_Task_Function
    main.o(i.main) refers to menu.o(i.U_MENU_Running_String_Task_Function) for U_MENU_Running_String_Task_Function
    main.o(i.main) refers to menu.o(i.U_MENU_Output) for U_MENU_Output
    main.o(i.main) refers to menu.o(i.U_Privet) for U_Privet
    main.o(i.main) refers to menu.o(i.Task_output) for Task_output
    main.o(i.main) refers to menu.o(i.Task_DSP) for Task_DSP
    init.o(i.PORT_init) refers to mdr32f9qx_rst_clk.o(i.RST_CLK_PCLKcmd) for RST_CLK_PCLKcmd
    init.o(i.PORT_init) refers to mdr32f9qx_port.o(i.PORT_Init) for PORT_Init
    init.o(i.init) refers to init.o(i.sys_clk_init) for sys_clk_init
    init.o(i.sys_clk_init) refers to mdr32f9qx_rst_clk.o(i.RST_CLK_HSEconfig) for RST_CLK_HSEconfig
    init.o(i.sys_clk_init) refers to mdr32f9qx_rst_clk.o(i.RST_CLK_HSEstatus) for RST_CLK_HSEstatus
    init.o(i.sys_clk_init) refers to mdr32f9qx_rst_clk.o(i.RST_CLK_CPU_PLLconfig) for RST_CLK_CPU_PLLconfig
    init.o(i.sys_clk_init) refers to mdr32f9qx_rst_clk.o(i.RST_CLK_CPU_PLLcmd) for RST_CLK_CPU_PLLcmd
    init.o(i.sys_clk_init) refers to mdr32f9qx_rst_clk.o(i.RST_CLK_CPU_PLLstatus) for RST_CLK_CPU_PLLstatus
    init.o(i.sys_clk_init) refers to mdr32f9qx_rst_clk.o(i.RST_CLK_CPUclkPrescaler) for RST_CLK_CPUclkPrescaler
    init.o(i.sys_clk_init) refers to mdr32f9qx_rst_clk.o(i.RST_CLK_CPU_PLLuse) for RST_CLK_CPU_PLLuse
    init.o(i.sys_clk_init) refers to mdr32f9qx_rst_clk.o(i.RST_CLK_CPUclkSelection) for RST_CLK_CPUclkSelection
    init.o(i.sys_clk_init) refers to system_mdr32f9qx.o(i.SystemCoreClockUpdate) for SystemCoreClockUpdate
    button.o(i.Init_button) refers to mdr32f9qx_rst_clk.o(i.RST_CLK_PCLKcmd) for RST_CLK_PCLKcmd
    button.o(i.Init_button) refers to mdr32f9qx_port.o(i.PORT_StructInit) for PORT_StructInit
    button.o(i.Init_button) refers to mdr32f9qx_port.o(i.PORT_Init) for PORT_Init
    button.o(i.Init_button) refers to button.o(.bss) for SB_SELECT
    button.o(i.U_BTN_Read_Button) refers to mdr32f9qx_port.o(i.PORT_ReadInputDataBit) for PORT_ReadInputDataBit
    button.o(i.check_button) refers to mdr32f9qx_port.o(i.PORT_ReadInputDataBit) for PORT_ReadInputDataBit
    button.o(i.check_button) refers to tasks.o(i.xTaskGetTickCount) for xTaskGetTickCount
    menu.o(i.Task_DSP) refers to queue.o(i.xQueueGenericReceive) for xQueueGenericReceive
    menu.o(i.Task_DSP) refers to dflti.o(.text) for __aeabi_i2d
    menu.o(i.Task_DSP) refers to dfltui.o(.text) for __aeabi_ui2d
    menu.o(i.Task_DSP) refers to sqrt.o(i.sqrt) for sqrt
    menu.o(i.Task_DSP) refers to printfa.o(i.__0sprintf) for __2sprintf
    menu.o(i.Task_DSP) refers to mlt_lcd.o(i.U_MLT_Put_String) for U_MLT_Put_String
    menu.o(i.Task_DSP) refers to ddiv.o(.text) for __aeabi_ddiv
    menu.o(i.Task_DSP) refers to dadd.o(.text) for __aeabi_dsub
[...]
    i.DMA_StructInit                         0x08000fe0   Section        0  mdr32f9qx_dma.o(i.DMA_StructInit)
    i.DMA_init                               0x08000ff0   Section        0  dma.o(i.DMA_init)
    i.DebugMon_Handler                       0x080010bc   Section        0  mdr32f9qx_it.o(i.DebugMon_Handler)
    i.EXT_INT1_IRQHandler                    0x080010be   Section        0  mdr32f9qx_it.o(i.EXT_INT1_IRQHandler)
    i.EXT_INT2_IRQHandler                    0x080010c0   Section        0  mdr32f9qx_it.o(i.EXT_INT2_IRQHandler)
    i.EXT_INT3_IRQHandler                    0x080010c2   Section        0  mdr32f9qx_it.o(i.EXT_INT3_IRQHandler)
    i.EXT_INT4_IRQHandler                    0x080010c4   Section        0  mdr32f9qx_it.o(i.EXT_INT4_IRQHandler)
    i.HardFault_Handler                      0x080010c6   Section        0  mdr32f9qx_it.o(i.HardFault_Handler)
    i.I2C_IRQHandler                         0x080010ca   Section        0  mdr32f9qx_it.o(i.I2C_IRQHandler)
    i.Init_button                            0x080010cc   Section        0  button.o(i.Init_button)
    i.MemManage_Handler                      0x0800125c   Section        0  mdr32f9qx_it.o(i.MemManage_Handler)
    i.NMI_Handler                            0x08001260   Section        0  mdr32f9qx_it.o(i.NMI_Handler)
    i.PORT_Init                              0x08001264   Section        0  mdr32f9qx_port.o(i.PORT_Init)
    i.PORT_ReadInputDataBit                  0x0800142c   Section        0  mdr32f9qx_port.o(i.PORT_ReadInputDataBit)
    i.PORT_ResetBits                         0x0800143c   Section        0  mdr32f9qx_port.o(i.PORT_ResetBits)
    i.PORT_SetBits                           0x08001458   Section        0  mdr32f9qx_port.o(i.PORT_SetBits)
    i.PORT_StructInit                        0x08001474   Section        0  mdr32f9qx_port.o(i.PORT_StructInit)
    i.POWER_IRQHandler                       0x08001490   Section        0  mdr32f9qx_it.o(i.POWER_IRQHandler)
    i.RST_CLK_CPU_PLLcmd                     0x08001494   Section        0  mdr32f9qx_rst_clk.o(i.RST_CLK_CPU_PLLcmd)
    i.RST_CLK_CPU_PLLconfig                  0x080014a0   Section        0  mdr32f9qx_rst_clk.o(i.RST_CLK_CPU_PLLconfig)
    i.RST_CLK_CPU_PLLstatus                  0x080014e0   Section        0  mdr32f9qx_rst_clk.o(i.RST_CLK_CPU_PLLstatus)
    i.RST_CLK_CPU_PLLuse                     0x08001514   Section        0  mdr32f9qx_rst_clk.o(i.RST_CLK_CPU_PLLuse)
    i.RST_CLK_CPUclkPrescaler                0x08001520   Section        0  mdr32f9qx_rst_clk.o(i.RST_CLK_CPUclkPrescaler)
    i.RST_CLK_CPUclkSelection                0x08001538   Section        0  mdr32f9qx_rst_clk.o(i.RST_CLK_CPUclkSelection)
    i.RST_CLK_GetClocksFreq                  0x0800154c   Section        0  mdr32f9qx_rst_clk.o(i.RST_CLK_GetClocksFreq)
    i.RST_CLK_GetFlagStatus                  0x080017c0   Section        0  mdr32f9qx_rst_clk.o(i.RST_CLK_GetFlagStatus)
    i.RST_CLK_HSEconfig                      0x080017f4   Section        0  mdr32f9qx_rst_clk.o(i.RST_CLK_HSEconfig)
    i.RST_CLK_HSEstatus                      0x08001830   Section        0  mdr32f9qx_rst_clk.o(i.RST_CLK_HSEstatus)
    i.RST_CLK_PCLKcmd                        0x08001864   Section        0  mdr32f9qx_rst_clk.o(i.RST_CLK_PCLKcmd)
    i.SSP1_IRQHandler                        0x08001884   Section        0  mdr32f9qx_it.o(i.SSP1_IRQHandler)
    i.SSP2_IRQHandler                        0x08001886   Section        0  mdr32f9qx_it.o(i.SSP2_IRQHandler)
    i.SysTick_Handler                        0x08001888   Section        0  port.o(i.SysTick_Handler)
    i.SystemCoreClockUpdate                  0x080018bc   Section        0  system_mdr32f9qx.o(i.SystemCoreClockUpdate)
    i.SystemInit                             0x0800194c   Section        0  system_mdr32f9qx.o(i.SystemInit)
    i.TIMER_BRGInit                          0x0800198c   Section        0  mdr32f9qx_timer.o(i.TIMER_BRGInit)
    i.TIMER_ClearFlag                        0x080019e0   Section        0  mdr32f9qx_timer.o(i.TIMER_ClearFlag)
    i.TIMER_Cmd                              0x080019e6   Section        0  mdr32f9qx_timer.o(i.TIMER_Cmd)
    i.TIMER_CntInit                          0x080019fa   Section        0  mdr32f9qx_timer.o(i.TIMER_CntInit)
    i.TIMER_CntStructInit                    0x08001a30   Section        0  mdr32f9qx_timer.o(i.TIMER_CntStructInit)
    i.TIMER_DeInit                           0x08001a4c   Section        0  mdr32f9qx_timer.o(i.TIMER_DeInit)
    i.TIMER_ITConfig                         0x08001a90   Section        0  mdr32f9qx_timer.o(i.TIMER_ITConfig)
    i.Task_DSP                               0x08001aa4   Section        0  menu.o(i.Task_DSP)
    i.Task_output                            0x08001d68   Section        0  menu.o(i.Task_output)
    i.Timer1_IRQHandler                      0x08001da4   Section        0  main.o(i.Timer1_IRQHandler)
    i.Timer1_init                            0x08001db8   Section        0  timer.o(i.Timer1_init)
    i.Timer2_IRQHandler                      0x08001e54   Section        0  mdr32f9qx_it.o(i.Timer2_IRQHandler)
    i.Timer3_IRQHandler                      0x08001e56   Section        0  mdr32f9qx_it.o(i.Timer3_IRQHandler)
    i.UART1_IRQHandler                       0x08001e58   Section        0  mdr32f9qx_it.o(i.UART1_IRQHandler)
    i.UART2_IRQHandler                       0x08001e5c   Section        0  main.o(i.UART2_IRQHandler)
    i.UART_BRGInit                           0x08001eb4   Section        0  mdr32f9qx_uart.o(i.UART_BRGInit)
    i.UART_ClearITPendingBit                 0x08001ef0   Section        0  mdr32f9qx_uart.o(i.UART_ClearITPendingBit)
    i.UART_Cmd                               0x08001ef8   Section        0  mdr32f9qx_uart.o(i.UART_Cmd)
    i.UART_GetFlagStatus                     0x08001f10   Section        0  mdr32f9qx_uart.o(i.UART_GetFlagStatus)
    i.UART_GetITStatusMasked                 0x08001f20   Section        0  mdr32f9qx_uart.o(i.UART_GetITStatusMasked)
    i.UART_ITConfig                          0x08001f30   Section        0  mdr32f9qx_uart.o(i.UART_ITConfig)
    i.UART_Init                              0x08001f44   Section        0  mdr32f9qx_uart.o(i.UART_Init)
    i.UART_ReceiveData                       0x08001ff4   Section        0  mdr32f9qx_uart.o(i.UART_ReceiveData)
    i.UART_SendData                          0x08001ffc   Section        0  mdr32f9qx_uart.o(i.UART_SendData)
    i.USB_IRQHandler                         0x08002002   Section        0  mdr32f9qx_it.o(i.USB_IRQHandler)
    i.U_BTN_Read_Button                      0x08002004   Section        0  button.o(i.U_BTN_Read_Button)
    i.U_MENU_Init                            0x0800201c   Section        0  menu.o(i.U_MENU_Init)
    i.U_MENU_Output                          0x0800203c   Section        0  menu.o(i.U_MENU_Output)
    i.U_MENU_Prepare_Item                    0x08002084   Section        0  menu.o(i.U_MENU_Prepare_Item)
    i.U_MENU_Running_String_Task_Function    0x080020cc   Section        0  menu.o(i.U_MENU_Running_String_Task_Function)
    i.U_MENU_Task_Function                   0x08002108   Section        0  menu.o(i.U_MENU_Task_Function)
    i.U_MLT_Clear_Chip                       0x0800218c   Section        0  mlt_lcd.o(i.U_MLT_Clear_Chip)
    i.U_MLT_Clear_Page                       0x080021a4   Section        0  mlt_lcd.o(i.U_MLT_Clear_Page)
    i.U_MLT_Delay                            0x080021de   Section        0  mlt_lcd.o(i.U_MLT_Delay)
    i.U_MLT_Disp_On                          0x080021f0   Section        0  mlt_lcd.o(i.U_MLT_Disp_On)
    i.U_MLT_Init                             0x080022bc   Section        0  mlt_lcd.o(i.U_MLT_Init)
    i.U_MLT_LCD_Init                         0x0800236c   Section        0  mlt_lcd.o(i.U_MLT_LCD_Init)
    i.U_MLT_Pin_Cfg                          0x080023b0   Section        0  mlt_lcd.o(i.U_MLT_Pin_Cfg)
    i.U_MLT_Put_Char                         0x0800243c   Section        0  mlt_lcd.o(i.U_MLT_Put_Char)
    i.U_MLT_Put_Image                        0x080024c0   Section        0  mlt_lcd.o(i.U_MLT_Put_Image)
    i.U_MLT_Put_String                       0x0800254c   Section        0  mlt_lcd.o(i.U_MLT_Put_String)
    i.U_MLT_Read_Status                      0x08002584   Section        0  mlt_lcd.o(i.U_MLT_Read_Status)
    i.U_MLT_Scroll_String                    0x0800264c   Section        0  mlt_lcd.o(i.U_MLT_Scroll_String)
    i.U_MLT_Set_Address                      0x080026dc   Section        0  mlt_lcd.o(i.U_MLT_Set_Address)
    i.U_MLT_Set_Data_Bits                    0x080027ac   Section        0  mlt_lcd.o(i.U_MLT_Set_Data_Bits)
    i.U_MLT_Set_Page                         0x080027f0   Section        0  mlt_lcd.o(i.U_MLT_Set_Page)
    i.U_MLT_Write_Data                       0x080028c0   Section        0  mlt_lcd.o(i.U_MLT_Write_Data)
    i.U_Privet                               0x08002990   Section        0  menu.o(i.U_Privet)
    i.UsageFault_Handler                     0x080029b8   Section        0  mdr32f9qx_it.o(i.UsageFault_Handler)
    i.WWDG_IRQHandler                        0x080029bc   Section        0  mdr32f9qx_it.o(i.WWDG_IRQHandler)
    i.__0printf                              0x080029c0   Section        0  printfa.o(i.__0printf)
    i.__0sprintf                             0x080029e0   Section        0  printfa.o(i.__0sprintf)
    i.__scatterload_copy                     0x08002a08   Section       14  handlers.o(i.__scatterload_copy)
    i.__scatterload_null                     0x08002a16   Section        2  handlers.o(i.__scatterload_null)
    i.__scatterload_zeroinit                 0x08002a18   Section       14  handlers.o(i.__scatterload_zeroinit)
    i.__set_errno                            0x08002a28   Section        0  errno.o(i.__set_errno)
    i._fp_digits                             0x08002a34   Section        0  printfa.o(i._fp_digits)
    _fp_digits                               0x08002a35   Thumb Code   366  printfa.o(i._fp_digits)
    i._printf_core                           0x08002bb8   Section        0  printfa.o(i._printf_core)
    _printf_core                             0x08002bb9   Thumb Code  1744  printfa.o(i._printf_core)
    i._printf_post_padding                   0x08003294   Section        0  printfa.o(i._printf_post_padding)
    _printf_post_padding                     0x08003295   Thumb Code    36  printfa.o(i._printf_post_padding)
    i._printf_pre_padding                    0x080032b8   Section        0  printfa.o(i._printf_pre_padding)
    _printf_pre_padding                      0x080032b9   Thumb Code    46  printfa.o(i._printf_pre_padding)
    i._sputc                                 0x080032e6   Section        0  printfa.o(i._sputc)
    _sputc                                   0x080032e7   Thumb Code    10  printfa.o(i._sputc)
    i.draw_meandr                            0x080032f0   Section        0  mlt_lcd.o(i.draw_meandr)
    i.draw_sin                               0x08003360   Section        0  mlt_lcd.o(i.draw_sin)
    i.draw_triangle                          0x080033d0   Section        0  mlt_lcd.o(i.draw_triangle)
    i.fgetc                                  0x08003440   Section        0  uart_io.o(i.fgetc)
    i.fputc                                  0x08003464   Section        0  uart_io.o(i.fputc)
    i.init                                   0x08003484   Section        0  init.o(i.init)
    i.main                                   0x0800348c   Section        0  main.o(i.main)
    i.prvAddCurrentTaskToDelayedList         0x080035c0   Section        0  tasks.o(i.prvAddCurrentTaskToDelayedList)
    prvAddCurrentTaskToDelayedList           0x080035c1   Thumb Code   100  tasks.o(i.prvAddCurrentTaskToDelayedList)
    i.prvAddNewTaskToReadyList               0x0800363c   Section        0  tasks.o(i.prvAddNewTaskToReadyList)
    prvAddNewTaskToReadyList                 0x0800363d   Thumb Code   148  tasks.o(i.prvAddNewTaskToReadyList)
    i.prvCheckForValidListAndQueue           0x080036ec   Section        0  timers.o(i.prvCheckForValidListAndQueue)
    prvCheckForValidListAndQueue             0x080036ed   Thumb Code    72  timers.o(i.prvCheckForValidListAndQueue)
    i.prvCheckTasksWaitingTermination        0x08003750   Section        0  tasks.o(i.prvCheckTasksWaitingTermination)
    prvCheckTasksWaitingTermination          0x08003751   Thumb Code    86  tasks.o(i.prvCheckTasksWaitingTermination)
    i.prvCopyDataFromQueue                   0x080037b4   Section        0  queue.o(i.prvCopyDataFromQueue)
    prvCopyDataFromQueue                     0x080037b5   Thumb Code    42  queue.o(i.prvCopyDataFromQueue)
    i.prvCopyDataToQueue                     0x080037de   Section        0  queue.o(i.prvCopyDataToQueue)
    prvCopyDataToQueue                       0x080037df   Thumb Code   124  queue.o(i.prvCopyDataToQueue)
    i.prvDeleteTCB                           0x0800385a   Section        0  tasks.o(i.prvDeleteTCB)
    prvDeleteTCB                             0x0800385b   Thumb Code    18  tasks.o(i.prvDeleteTCB)
    i.prvGetNextExpireTime                   0x0800386c   Section        0  timers.o(i.prvGetNextExpireTime)
    prvGetNextExpireTime                     0x0800386d   Thumb Code    36  timers.o(i.prvGetNextExpireTime)
    i.prvHeapInit                            0x08003894   Section        0  heap_2.o(i.prvHeapInit)
    prvHeapInit                              0x08003895   Thumb Code    42  heap_2.o(i.prvHeapInit)
    i.prvIdleTask                            0x080038cc   Section        0  tasks.o(i.prvIdleTask)
    prvIdleTask                              0x080038cd   Thumb Code    36  tasks.o(i.prvIdleTask)
    i.prvInitialiseNewQueue                  0x080038f8   Section        0  queue.o(i.prvInitialiseNewQueue)
    prvInitialiseNewQueue                    0x080038f9   Thumb Code    38  queue.o(i.prvInitialiseNewQueue)
    i.prvInitialiseNewTask                   0x0800391e   Section        0  tasks.o(i.prvInitialiseNewTask)
    prvInitialiseNewTask                     0x0800391f   Thumb Code   154  tasks.o(i.prvInitialiseNewTask)
    i.prvInitialiseTaskLists                 0x080039b8   Section        0  tasks.o(i.prvInitialiseTaskLists)
    prvInitialiseTaskLists                   0x080039b9   Thumb Code    70  tasks.o(i.prvInitialiseTaskLists)
    i.prvInsertTimerInActiveList             0x08003a20   Section        0  timers.o(i.prvInsertTimerInActiveList)
    prvInsertTimerInActiveList               0x08003a21   Thumb Code    80  timers.o(i.prvInsertTimerInActiveList)
    i.prvIsQueueEmpty                        0x08003a78   Section        0  queue.o(i.prvIsQueueEmpty)
    prvIsQueueEmpty                          0x08003a79   Thumb Code    26  queue.o(i.prvIsQueueEmpty)
    i.prvIsQueueFull                         0x08003a92   Section        0  queue.o(i.prvIsQueueFull)
    prvIsQueueFull                           0x08003a93   Thumb Code    30  queue.o(i.prvIsQueueFull)
    i.prvProcessExpiredTimer                 0x08003ab0   Section        0  timers.o(i.prvProcessExpiredTimer)
    prvProcessExpiredTimer                   0x08003ab1   Thumb Code    70  timers.o(i.prvProcessExpiredTimer)
    i.prvProcessReceivedCommands             0x08003afc   Section        0  timers.o(i.prvProcessReceivedCommands)
    prvProcessReceivedCommands               0x08003afd   Thumb Code   184  timers.o(i.prvProcessReceivedCommands)
    i.prvProcessTimerOrBlockTask             0x08003bb8   Section        0  timers.o(i.prvProcessTimerOrBlockTask)
    prvProcessTimerOrBlockTask               0x08003bb9   Thumb Code   102  timers.o(i.prvProcessTimerOrBlockTask)
    i.prvResetNextTaskUnblockTime            0x08003c2c   Section        0  tasks.o(i.prvResetNextTaskUnblockTime)
    prvResetNextTaskUnblockTime              0x08003c2d   Thumb Code    42  tasks.o(i.prvResetNextTaskUnblockTime)
    i.prvSampleTimeNow                       0x08003c60   Section        0  timers.o(i.prvSampleTimeNow)
    prvSampleTimeNow                         0x08003c61   Thumb Code    40  timers.o(i.prvSampleTimeNow)
    i.prvSwitchTimerLists                    0x08003c8c   Section        0  timers.o(i.prvSwitchTimerLists)
    prvSwitchTimerLists                      0x08003c8d   Thumb Code   122  timers.o(i.prvSwitchTimerLists)
    i.prvTaskExitError                       0x08003d10   Section        0  port.o(i.prvTaskExitError)
    prvTaskExitError                         0x08003d11   Thumb Code    22  port.o(i.prvTaskExitError)
    i.prvTimerTask                           0x08003d26   Section        0  timers.o(i.prvTimerTask)
    prvTimerTask                             0x08003d27   Thumb Code    26  timers.o(i.prvTimerTask)
    i.prvUnlockQueue                         0x08003d40   Section        0  queue.o(i.prvUnlockQueue)
    prvUnlockQueue                           0x08003d41   Thumb Code   126  queue.o(i.prvUnlockQueue)
    i.pvPortMalloc                           0x08003dc0   Section        0  heap_2.o(i.pvPortMalloc)
    i.pvTaskIncrementMutexHeldCount          0x08003e78   Section        0  tasks.o(i.pvTaskIncrementMutexHeldCount)
    i.pxPortInitialiseStack                  0x08003e98   Section        0  port.o(i.pxPortInitialiseStack)
    i.sqrt                                   0x08003ebc   Section        0  sqrt.o(i.sqrt)
    i.sys_clk_init                           0x08003f08   Section        0  init.o(i.sys_clk_init)
    i.uart_io_init                           0x08003f48   Section        0  uart_io.o(i.uart_io_init)
    i.uxListRemove                           0x08004048   Section        0  list.o(i.uxListRemove)
    i.vApplicationIdleHook                   0x08004070   Section        0  main.o(i.vApplicationIdleHook)
    i.vListInitialise                        0x08004072   Section        0  list.o(i.vListInitialise)
    i.vListInitialiseItem                    0x0800408c   Section        0  list.o(i.vListInitialiseItem)
    i.vListInsert                            0x08004092   Section        0  list.o(i.vListInsert)
    i.vListInsertEnd                         0x080040c6   Section        0  list.o(i.vListInsertEnd)
    i.vPortEnterCritical                     0x080040e0   Section        0  port.o(i.vPortEnterCritical)
    i.vPortExitCritical                      0x08004104   Section        0  port.o(i.vPortExitCritical)
    i.vPortFree                              0x08004124   Section        0  heap_2.o(i.vPortFree)
    i.vPortSetupTimerInterrupt               0x08004164   Section        0  port.o(i.vPortSetupTimerInterrupt)
    i.vQueueAddToRegistry                    0x08004178   Section        0  queue.o(i.vQueueAddToRegistry)
    i.vQueueWaitForMessageRestricted         0x080041a4   Section        0  queue.o(i.vQueueWaitForMessageRestricted)
    i.vTaskDelay                             0x080041f0   Section        0  tasks.o(i.vTaskDelay)
    i.vTaskDelete                            0x08004224   Section        0  tasks.o(i.vTaskDelete)
    i.vTaskMissedYield                       0x080042c4   Section        0  tasks.o(i.vTaskMissedYield)
    i.vTaskPlaceOnEventList                  0x080042d0   Section        0  tasks.o(i.vTaskPlaceOnEventList)
    i.vTaskPlaceOnEventListRestricted        0x080042f0   Section        0  tasks.o(i.vTaskPlaceOnEventListRestricted)
    i.vTaskPriorityInherit                   0x08004318   Section        0  tasks.o(i.vTaskPriorityInherit)
    i.vTaskSetTimeOutState                   0x080043a4   Section        0  tasks.o(i.vTaskSetTimeOutState)
    i.vTaskStartScheduler                    0x080043bc   Section        0  tasks.o(i.vTaskStartScheduler)
    i.vTaskSuspendAll                        0x0800442c   Section        0  tasks.o(i.vTaskSuspendAll)
    i.vTaskSwitchContext                     0x0800443c   Section        0  tasks.o(i.vTaskSwitchContext)
    i.xPortStartScheduler                    0x080044b4   Section        0  port.o(i.xPortStartScheduler)
    i.xQueueGenericCreate                    0x080044e8   Section        0  queue.o(i.xQueueGenericCreate)
    i.xQueueGenericReceive                   0x08004520   Section        0  queue.o(i.xQueueGenericReceive)
    i.xQueueGenericReset                     0x0800467c   Section        0  queue.o(i.xQueueGenericReset)
    i.xQueueGenericSend                      0x080046fc   Section        0  queue.o(i.xQueueGenericSend)
    i.xQueueGenericSendFromISR               0x08004814   Section        0  queue.o(i.xQueueGenericSendFromISR)
    i.xQueueGiveFromISR                      0x0800489a   Section        0  queue.o(i.xQueueGiveFromISR)
    i.xTaskCheckForTimeOut                   0x08004914   Section        0  tasks.o(i.xTaskCheckForTimeOut)
    i.xTaskCreate                            0x08004970   Section        0  tasks.o(i.xTaskCreate)
    i.xTaskGetSchedulerState                 0x080049d0   Section        0  tasks.o(i.xTaskGetSchedulerState)
    i.xTaskGetTickCount                      0x080049f0   Section        0  tasks.o(i.xTaskGetTickCount)
    i.xTaskIncrementTick                     0x080049fc   Section        0  tasks.o(i.xTaskIncrementTick)
    i.xTaskPriorityDisinherit                0x08004b00   Section        0  tasks.o(i.xTaskPriorityDisinherit)
    i.xTaskRemoveFromEventList               0x08004b60   Section        0  tasks.o(i.xTaskRemoveFromEventList)
    i.xTaskResumeAll                         0x08004be0   Section        0  tasks.o(i.xTaskResumeAll)
    i.xTimerCreateTimerTask                  0x08004cc8   Section        0  timers.o(i.xTimerCreateTimerTask)
    i.xTimerGenericCommand                   0x08004d04   Section        0  timers.o(i.xTimerGenericCommand)
    .constdata                               0x08004d70   Section     2208  mlt_lcd.o(.constdata)
    MLT_Font                                 0x08004d70   Data        1792  mlt_lcd.o(.constdata)
    init_image                               0x08005470   Data          32  mlt_lcd.o(.constdata)
    page_1_sin                               0x08005490   Data          48  mlt_lcd.o(.constdata)
    page_2_sin                               0x080054c0   Data          48  mlt_lcd.o(.constdata)
    page_3_sin                               0x080054f0   Data          48  mlt_lcd.o(.constdata)
    page_1_triangle                          0x08005520   Data          40  mlt_lcd.o(.constdata)
    page_2_triangle                          0x08005548   Data          40  mlt_lcd.o(.constdata)
    page_3_triangle                          0x08005570   Data          40  mlt_lcd.o(.constdata)
    page_1_meandr                            0x08005598   Data          40  mlt_lcd.o(.constdata)
    page_2_meandr                            0x080055c0   Data          40  mlt_lcd.o(.constdata)
    page_3_meandr                            0x080055e8   Data          40  mlt_lcd.o(.constdata)
    .constdata                               0x08005610   Section       64  ctype_c.o(.constdata)
    .data                                    0x20000000   Section       28  main.o(.data)
    ReceiveByte                              0x20000010   Data           1  main.o(.data)
    xHigherPriorityTaskWoken                 0x20000014   Data           4  main.o(.data)
    xHigherPriorityTaskWoken                 0x20000018   Data           4  main.o(.data)
    .data                                    0x2000001c   Section        9  menu.o(.data)
    buffer                                   0x20000024   Data           1  menu.o(.data)
    .data                                    0x20000028   Section       24  heap_2.o(.data)
    xStart                                   0x20000028   Data           8  heap_2.o(.data)
    xEnd                                     0x20000030   Data           8  heap_2.o(.data)
    xFreeBytesRemaining                      0x20000038   Data           4  heap_2.o(.data)
    xHeapHasBeenInitialised                  0x2000003c   Data           4  heap_2.o(.data)
    .data                                    0x20000040   Section        4  port.o(.data)
    uxCriticalNesting                        0x20000040   Data           4  port.o(.data)
    .data                                    0x20000044   Section       60  tasks.o(.data)
    pxDelayedTaskList                        0x20000048   Data           4  tasks.o(.data)
    pxOverflowDelayedTaskList                0x2000004c   Data           4  tasks.o(.data)
    uxDeletedTasksWaitingCleanUp             0x20000050   Data           4  tasks.o(.data)
    uxCurrentNumberOfTasks                   0x20000054   Data           4  tasks.o(.data)
    xTickCount                               0x20000058   Data           4  tasks.o(.data)
    uxTopReadyPriority                       0x2000005c   Data           4  tasks.o(.data)
    xSchedulerRunning                        0x20000060   Data           4  tasks.o(.data)
    uxPendedTicks                            0x20000064   Data           4  tasks.o(.data)
    xYieldPending                            0x20000068   Data           4  tasks.o(.data)
    xNumOfOverflows                          0x2000006c   Data           4  tasks.o(.data)
    uxTaskNumber                             0x20000070   Data           4  tasks.o(.data)
    xNextTaskUnblockTime                     0x20000074   Data           4  tasks.o(.data)
    xIdleTaskHandle                          0x20000078   Data           4  tasks.o(.data)
    uxSchedulerSuspended                     0x2000007c   Data           4  tasks.o(.data)
    .data                                    0x20000080   Section       20  timers.o(.data)
    pxCurrentTimerList                       0x20000080   Data           4  timers.o(.data)
    pxOverflowTimerList                      0x20000084   Data           4  timers.o(.data)
    xTimerQueue                              0x20000088   Data           4  timers.o(.data)
    xTimerTaskHandle                         0x2000008c   Data           4  timers.o(.data)
    xLastTime                                0x20000090   Data           4  timers.o(.data)
    .data                                    0x20000094   Section        4  system_mdr32f9qx.o(.data)
    .data                                    0x20000098   Section        4  stdin.o(.data)
    .data                                    0x2000009c   Section        4  stdout.o(.data)
    .data                                    0x200000a0   Section        4  errno.o(.data)
    _errno                                   0x200000a0   Data           4  errno.o(.data)
    .data                                    0x200000a4   Section        3  fgetc_b.o(.data)
    ungetc_sp                                0x200000a4   Data           1  fgetc_b.o(.data)
    ungetc_stack                             0x200000a5   Data           2  fgetc_b.o(.data)
    .bss                                     0x200000a8   Section      800  main.o(.bss)
    .bss                                     0x200003c8   Section      120  button.o(.bss)
    .bss                                     0x20000440   Section       64  menu.o(.bss)
    .bss                                     0x20000480   Section       56  dma.o(.bss)
    .bss                                     0x200004b8   Section       24  timer.o(.bss)
    .bss                                     0x200004d0   Section    20480  heap_2.o(.bss)
    ucHeap                                   0x200004d0   Data       20480  heap_2.o(.bss)
    .bss                                     0x200054d0   Section       80  queue.o(.bss)
    .bss                                     0x20005520   Section      200  tasks.o(.bss)
    pxReadyTasksLists                        0x20005520   Data         100  tasks.o(.bss)
    xDelayedTaskList1                        0x20005584   Data          20  tasks.o(.bss)
    xDelayedTaskList2                        0x20005598   Data          20  tasks.o(.bss)
    xPendingReadyList                        0x200055ac   Data          20  tasks.o(.bss)
    xTasksWaitingTermination                 0x200055c0   Data          20  tasks.o(.bss)
    xSuspendedTaskList                       0x200055d4   Data          20  tasks.o(.bss)
    .bss                                     0x200055e8   Section       40  timers.o(.bss)
    xActiveTimerList1                        0x200055e8   Data          20  timers.o(.bss)
    xActiveTimerList2                        0x200055fc   Data          20  timers.o(.bss)
    .bss                                     0x20005800   Section     1024  mdr32f9qx_dma.o(.bss)
    STACK                                    0x20005c00   Section     1024  startup_mdr32f9qx.o(STACK)

    Global Symbols

    Symbol Name                              Value     Ov Type        Size  Object(Section)

    BuildAttributes$$THM_ISAv4$P$D$K$B$S$PE$A:L22UL41UL21$X:L11$S22US41US21$IEEE1$IW$USESV6$~STKCKD$USESV7$~SHL$OTIME$ROPI$IEEEJ$EBA8$MICROLIB$REQ8$PRES8$EABIv2 0x00000000   Number         0  anon$$obj.o ABSOLUTE
    __ARM_use_no_argv                        0x00000000   Number         0  main.o ABSOLUTE
    _printf_a                                0x00000000   Number         0  stubs.o ABSOLUTE
    _printf_c                                0x00000000   Number         0  stubs.o ABSOLUTE
    _printf_charcount                        0x00000000   Number         0  stubs.o ABSOLUTE
    _printf_d                                0x00000000   Number         0  stubs.o ABSOLUTE
    _printf_e                                0x00000000   Number         0  stubs.o ABSOLUTE
    _printf_f                                0x00000000   Number         0  stubs.o ABSOLUTE
    _printf_flags                            0x00000000   Number         0  stubs.o ABSOLUTE
    _printf_fp_dec                           0x00000000   Number         0  stubs.o ABSOLUTE
    _printf_fp_hex                           0x00000000   Number         0  stubs.o ABSOLUTE
    _printf_g                                0x00000000   Number         0  stubs.o ABSOLUTE
    _printf_i                                0x00000000   Number         0  stubs.o ABSOLUTE
    _printf_int_dec                          0x00000000   Number         0  stubs.o ABSOLUTE
    _printf_l                                0x00000000   Number         0  stubs.o ABSOLUTE
    _printf_lc                               0x00000000   Number         0  stubs.o ABSOLUTE
    _printf_ll                               0x00000000   Number         0  stubs.o ABSOLUTE
    _printf_lld                              0x00000000   Number         0  stubs.o ABSOLUTE
    _printf_lli                              0x00000000   Number         0  stubs.o ABSOLUTE
    _printf_llo                              0x00000000   Number         0  stubs.o ABSOLUTE
    _printf_llu                              0x00000000   Number         0  stubs.o ABSOLUTE
    _printf_llx                              0x00000000   Number         0  stubs.o ABSOLUTE
    _printf_longlong_dec                     0x00000000   Number         0  stubs.o ABSOLUTE
    _printf_longlong_hex                     0x00000000   Number         0  stubs.o ABSOLUTE
    _printf_longlong_oct                     0x00000000   Number         0  stubs.o ABSOLUTE
    _printf_ls                               0x00000000   Number         0  stubs.o ABSOLUTE
    _printf_mbtowc                           0x00000000   Number         0  stubs.o ABSOLUTE
    _printf_n                                0x00000000   Number         0  stubs.o ABSOLUTE
    _printf_o                                0x00000000   Number         0  stubs.o ABSOLUTE
    _printf_p                                0x00000000   Number         0  stubs.o ABSOLUTE
    _printf_percent                          0x00000000   Number         0  stubs.o ABSOLUTE
    _printf_pre_padding                      0x00000000   Number         0  stubs.o ABSOLUTE
    _printf_return_value                     0x00000000   Number         0  stubs.o ABSOLUTE
    _printf_s                                0x00000000   Number         0  stubs.o ABSOLUTE
    _printf_sizespec                         0x00000000   Number         0  stubs.o ABSOLUTE
    _printf_str                              0x00000000   Number         0  stubs.o ABSOLUTE
    _printf_truncate_signed                  0x00000000   Number         0  stubs.o ABSOLUTE
    _printf_truncate_unsigned                0x00000000   Number         0  stubs.o ABSOLUTE
    _printf_u                                0x00000000   Number         0  stubs.o ABSOLUTE
    _printf_wc                               0x00000000   Number         0  stubs.o ABSOLUTE
    _printf_wctomb                           0x00000000   Number         0  stubs.o ABSOLUTE
    _printf_widthprec                        0x00000000   Number         0  stubs.o ABSOLUTE
    _printf_x                                0x00000000   Number         0  stubs.o ABSOLUTE
    __cpp_initialize__aeabi_                  - Undefined Weak Reference
    __cxa_finalize                            - Undefined Weak Reference
    __decompress                              - Undefined Weak Reference
    _clock_init                               - Undefined Weak Reference
    _microlib_exit                            - Undefined Weak Reference
    _scanf_int                                - Undefined Weak Reference
    _scanf_longlong                           - Undefined Weak Reference
    _scanf_real                               - Undefined Weak Reference
    __Vectors_Size                           0x000000c0   Number         0  startup_mdr32f9qx.o ABSOLUTE
    __Vectors                                0x08000000   Data           4  startup_mdr32f9qx.o(RESET)
    __Vectors_End                            0x080000c0   Data           0  startup_mdr32f9qx.o(RESET)
    __main                                   0x080000c1   Thumb Code     0  entry.o(.ARM.Collect$$$$00000000)
    _main_stk                                0x080000c1   Thumb Code     0  entry2.o(.ARM.Collect$$$$00000001)
    _main_scatterload                        0x080000c5   Thumb Code     0  entry5.o(.ARM.Collect$$$$00000004)
    __main_after_scatterload                 0x080000c9   Thumb Code     0  entry5.o(.ARM.Collect$$$$00000004)
    _main_clock                              0x080000c9   Thumb Code     0  entry7b.o(.ARM.Collect$$$$00000008)
    _main_cpp_init                           0x080000c9   Thumb Code     0  entry8b.o(.ARM.Collect$$$$0000000A)
    _main_init                               0x080000c9   Thumb Code     0  entry9a.o(.ARM.Collect$$$$0000000B)
    __rt_final_cpp                           0x080000d1   Thumb Code     0  entry10a.o(.ARM.Collect$$$$0000000D)
    __rt_final_exit                          0x080000d1   Thumb Code     0  entry11a.o(.ARM.Collect$$$$0000000F)
    SVC_Handler                              0x080000d5   Thumb Code    32  port.o(.emb_text)
    __asm___6_port_c_39a90d8d__prvStartFirstTask 0x080000f9   Thumb Code    28  port.o(.emb_text)
    PendSV_Handler                           0x08000119   Thumb Code    72  port.o(.emb_text)
    vPortGetIPSR                             0x08000165   Thumb Code     6  port.o(.emb_text)
    Reset_Handler                            0x0800016d   Thumb Code     8  startup_mdr32f9qx.o(.text)
    __aeabi_memcpy                           0x08000191   Thumb Code    36  memcpya.o(.text)
    __aeabi_memcpy4                          0x08000191   Thumb Code     0  memcpya.o(.text)
    __aeabi_memcpy8                          0x08000191   Thumb Code     0  memcpya.o(.text)
    strlen                                   0x080001b5   Thumb Code    14  strlen.o(.text)
    __0scanf                                 0x080001c5   Thumb Code    26  __0scanf.o(.text)
    _scanf_string                            0x080001e5   Thumb Code   224  _scanf_str.o(.text)
    __aeabi_dadd                             0x080002c5   Thumb Code   322  dadd.o(.text)
    __aeabi_dsub                             0x08000407   Thumb Code     6  dadd.o(.text)
    __aeabi_drsub                            0x0800040d   Thumb Code     6  dadd.o(.text)
    __aeabi_ddiv                             0x08000413   Thumb Code   222  ddiv.o(.text)
    __aeabi_i2d                              0x080004f1   Thumb Code    34  dflti.o(.text)
    __aeabi_ui2d                             0x08000513   Thumb Code    26  dfltui.o(.text)
    __aeabi_cdcmpeq                          0x0800052d   Thumb Code     0  cdcmple.o(.text)
    __aeabi_cdcmple                          0x0800052d   Thumb Code    48  cdcmple.o(.text)
    __aeabi_cdrcmple                         0x0800055d   Thumb Code    48  cdrcmple.o(.text)
    __aeabi_uidiv                            0x0800058d   Thumb Code     0  uidiv.o(.text)
    __aeabi_uidivmod                         0x0800058d   Thumb Code    44  uidiv.o(.text)
    __aeabi_uldivmod                         0x080005b9   Thumb Code    98  uldiv.o(.text)
    __aeabi_llsl                             0x0800061b   Thumb Code    30  llshl.o(.text)
    _ll_shift_l                              0x0800061b   Thumb Code     0  llshl.o(.text)
    __aeabi_lasr                             0x08000639   Thumb Code    36  llsshr.o(.text)
    _ll_sshift_r                             0x08000639   Thumb Code     0  llsshr.o(.text)
    __vfscanf_char_file                      0x0800065d   Thumb Code    12  scanf_char_file.o(.text)
    __I$use$fp                               0x08000671   Thumb Code     0  iusefp.o(.text)
    _double_round                            0x08000671   Thumb Code    30  depilogue.o(.text)
    _double_epilogue                         0x0800068f   Thumb Code   156  depilogue.o(.text)
    __aeabi_dmul                             0x0800072b   Thumb Code   228  dmul.o(.text)
    _dsqrt                                   0x0800080f   Thumb Code   162  dsqrt.o(.text)
    __aeabi_d2ulz                            0x080008b1   Thumb Code    48  dfixul.o(.text)
    __scatterload                            0x080008e1   Thumb Code    28  init.o(.text)
    __scatterload_rt2                        0x080008e1   Thumb Code     0  init.o(.text)
    _fgetc$bs                                0x08000905   Thumb Code    28  fgetc_b.o(.text)
    __backspace                              0x08000921   Thumb Code    10  fgetc_b.o(.text)
    __aeabi_llsr                             0x08000931   Thumb Code    32  llushr.o(.text)
    _ll_ushift_r                             0x08000931   Thumb Code     0  llushr.o(.text)
    __vfscanf_char                           0x0800095d   Thumb Code    20  scanf_char.o(.text)
    __semihosting_library_function           0x08000979   Thumb Code     0  semi.o(.text)
    isspace                                  0x08000979   Thumb Code    10  isspace_c.o(.text)
    __vfscanf                                0x08000985   Thumb Code   808  _scanf.o(.text)
    __I$use$semihosting$fgetc                0x08000cb1   Thumb Code     0  iusesemig.o(.text)
    __ctype_lookup                           0x08000cb1   Thumb Code    34  ctype_c.o(.text)
    ADC1_Cmd                                 0x08000cd9   Thumb Code    24  mdr32f9qx_adc.o(i.ADC1_Cmd)
    ADC1_Init                                0x08000cf5   Thumb Code    84  mdr32f9qx_adc.o(i.ADC1_Init)
    ADC1_Start                               0x08000d51   Thumb Code    14  mdr32f9qx_adc.o(i.ADC1_Start)
    ADC_IRQHandler                           0x08000d65   Thumb Code     2  mdr32f9qx_it.o(i.ADC_IRQHandler)
    ADC_Init                                 0x08000d69   Thumb Code    52  mdr32f9qx_adc.o(i.ADC_Init)
    ADC_init                                 0x08000da9   Thumb Code   122  adc.o(i.ADC_init)
    BACKUP_IRQHandler                        0x08000e29   Thumb Code     2  mdr32f9qx_it.o(i.BACKUP_IRQHandler)
    BusFault_Handler                         0x08000e2b   Thumb Code     4  mdr32f9qx_it.o(i.BusFault_Handler)
    CAN1_IRQHandler                          0x08000e2f   Thumb Code     2  mdr32f9qx_it.o(i.CAN1_IRQHandler)
    CAN2_IRQHandler                          0x08000e31   Thumb Code     2  mdr32f9qx_it.o(i.CAN2_IRQHandler)
    COMPARATOR_IRQHandler                    0x08000e33   Thumb Code     2  mdr32f9qx_it.o(i.COMPARATOR_IRQHandler)
    DMA_Cmd                                  0x08000e35   Thumb Code    24  mdr32f9qx_dma.o(i.DMA_Cmd)
    DMA_CtrlDataInit                         0x08000e51   Thumb Code   112  mdr32f9qx_dma.o(i.DMA_CtrlDataInit)
    DMA_DeInit                               0x08000ec1   Thumb Code    28  mdr32f9qx_dma.o(i.DMA_DeInit)
    DMA_IRQHandler                           0x08000ee1   Thumb Code    76  main.o(i.DMA_IRQHandler)
    DMA_Init                                 0x08000f4d   Thumb Code   138  mdr32f9qx_dma.o(i.DMA_Init)
    DMA_StructInit                           0x08000fe1   Thumb Code    16  mdr32f9qx_dma.o(i.DMA_StructInit)
    DMA_init                                 0x08000ff1   Thumb Code   172  dma.o(i.DMA_init)
    DebugMon_Handler                         0x080010bd   Thumb Code     2  mdr32f9qx_it.o(i.DebugMon_Handler)
    EXT_INT1_IRQHandler                      0x080010bf   Thumb Code     2  mdr32f9qx_it.o(i.EXT_INT1_IRQHandler)
    EXT_INT2_IRQHandler                      0x080010c1   Thumb Code     2  mdr32f9qx_it.o(i.EXT_INT2_IRQHandler)
    EXT_INT3_IRQHandler                      0x080010c3   Thumb Code     2  mdr32f9qx_it.o(i.EXT_INT3_IRQHandler)
    EXT_INT4_IRQHandler                      0x080010c5   Thumb Code     2  mdr32f9qx_it.o(i.EXT_INT4_IRQHandler)
    HardFault_Handler                        0x080010c7   Thumb Code     4  mdr32f9qx_it.o(i.HardFault_Handler)
    I2C_IRQHandler                           0x080010cb   Thumb Code     2  mdr32f9qx_it.o(i.I2C_IRQHandler)
    Init_button                              0x080010cd   Thumb Code   366  button.o(i.Init_button)
    MemManage_Handler                        0x0800125d   Thumb Code     4  mdr32f9qx_it.o(i.MemManage_Handler)
    NMI_Handler                              0x08001261   Thumb Code     2  mdr32f9qx_it.o(i.NMI_Handler)
    PORT_Init                                0x08001265   Thumb Code   450  mdr32f9qx_port.o(i.PORT_Init)
    PORT_ReadInputDataBit                    0x0800142d   Thumb Code    16  mdr32f9qx_port.o(i.PORT_ReadInputDataBit)
    PORT_ResetBits                           0x0800143d   Thumb Code    22  mdr32f9qx_port.o(i.PORT_ResetBits)
    PORT_SetBits                             0x08001459   Thumb Code    22  mdr32f9qx_port.o(i.PORT_SetBits)
    PORT_StructInit                          0x08001475   Thumb Code    28  mdr32f9qx_port.o(i.PORT_StructInit)
    POWER_IRQHandler                         0x08001491   Thumb Code     2  mdr32f9qx_it.o(i.POWER_IRQHandler)
    RST_CLK_CPU_PLLcmd                       0x08001495   Thumb Code     6  mdr32f9qx_rst_clk.o(i.RST_CLK_CPU_PLLcmd)
    RST_CLK_CPU_PLLconfig                    0x080014a1   Thumb Code    54  mdr32f9qx_rst_clk.o(i.RST_CLK_CPU_PLLconfig)
    RST_CLK_CPU_PLLstatus                    0x080014e1   Thumb Code    52  mdr32f9qx_rst_clk.o(i.RST_CLK_CPU_PLLstatus)
    RST_CLK_CPU_PLLuse                       0x08001515   Thumb Code     6  mdr32f9qx_rst_clk.o(i.RST_CLK_CPU_PLLuse)
    RST_CLK_CPUclkPrescaler                  0x08001521   Thumb Code    18  mdr32f9qx_rst_clk.o(i.RST_CLK_CPUclkPrescaler)
    RST_CLK_CPUclkSelection                  0x08001539   Thumb Code    16  mdr32f9qx_rst_clk.o(i.RST_CLK_CPUclkSelection)
    RST_CLK_GetClocksFreq                    0x0800154d   Thumb Code   620  mdr32f9qx_rst_clk.o(i.RST_CLK_GetClocksFreq)
    RST_CLK_GetFlagStatus                    0x080017c1   Thumb Code    42  mdr32f9qx_rst_clk.o(i.RST_CLK_GetFlagStatus)
    RST_CLK_HSEconfig                        0x080017f5   Thumb Code    56  mdr32f9qx_rst_clk.o(i.RST_CLK_HSEconfig)
    RST_CLK_HSEstatus                        0x08001831   Thumb Code    52  mdr32f9qx_rst_clk.o(i.RST_CLK_HSEstatus)
    RST_CLK_PCLKcmd                          0x08001865   Thumb Code    26  mdr32f9qx_rst_clk.o(i.RST_CLK_PCLKcmd)
    SSP1_IRQHandler                          0x08001885   Thumb Code     2  mdr32f9qx_it.o(i.SSP1_IRQHandler)
    SSP2_IRQHandler                          0x08001887   Thumb Code     2  mdr32f9qx_it.o(i.SSP2_IRQHandler)
    SysTick_Handler                          0x08001889   Thumb Code    46  port.o(i.SysTick_Handler)
    SystemCoreClockUpdate                    0x080018bd   Thumb Code   130  system_mdr32f9qx.o(i.SystemCoreClockUpdate)
    SystemInit                               0x0800194d   Thumb Code    54  system_mdr32f9qx.o(i.SystemInit)
    TIMER_BRGInit                            0x0800198d   Thumb Code    68  mdr32f9qx_timer.o(i.TIMER_BRGInit)
    TIMER_ClearFlag                          0x080019e1   Thumb Code     6  mdr32f9qx_timer.o(i.TIMER_ClearFlag)
    TIMER_Cmd                                0x080019e7   Thumb Code    20  mdr32f9qx_timer.o(i.TIMER_Cmd)
    TIMER_CntInit                            0x080019fb   Thumb Code    54  mdr32f9qx_timer.o(i.TIMER_CntInit)
    TIMER_CntStructInit                      0x08001a31   Thumb Code    28  mdr32f9qx_timer.o(i.TIMER_CntStructInit)
    TIMER_DeInit                             0x08001a4d   Thumb Code    68  mdr32f9qx_timer.o(i.TIMER_DeInit)
    TIMER_ITConfig                           0x08001a91   Thumb Code    18  mdr32f9qx_timer.o(i.TIMER_ITConfig)
    Task_DSP                                 0x08001aa5   Thumb Code   662  menu.o(i.Task_DSP)
    Task_output                              0x08001d69   Thumb Code    46  menu.o(i.Task_output)
    Timer1_IRQHandler                        0x08001da5   Thumb Code    16  main.o(i.Timer1_IRQHandler)
    Timer1_init                              0x08001db9   Thumb Code   138  timer.o(i.Timer1_init)
    Timer2_IRQHandler                        0x08001e55   Thumb Code     2  mdr32f9qx_it.o(i.Timer2_IRQHandler)
    Timer3_IRQHandler                        0x08001e57   Thumb Code     2  mdr32f9qx_it.o(i.Timer3_IRQHandler)
    UART1_IRQHandler                         0x08001e59   Thumb Code     2  mdr32f9qx_it.o(i.UART1_IRQHandler)
    UART2_IRQHandler                         0x08001e5d   Thumb Code    68  main.o(i.UART2_IRQHandler)
    UART_BRGInit                             0x08001eb5   Thumb Code    48  mdr32f9qx_uart.o(i.UART_BRGInit)
    UART_ClearITPendingBit                   0x08001ef1   Thumb Code     8  mdr32f9qx_uart.o(i.UART_ClearITPendingBit)
    UART_Cmd                                 0x08001ef9   Thumb Code    24  mdr32f9qx_uart.o(i.UART_Cmd)
    UART_GetFlagStatus                       0x08001f11   Thumb Code    16  mdr32f9qx_uart.o(i.UART_GetFlagStatus)
    UART_GetITStatusMasked                   0x08001f21   Thumb Code    16  mdr32f9qx_uart.o(i.UART_GetITStatusMasked)
    UART_ITConfig                            0x08001f31   Thumb Code    18  mdr32f9qx_uart.o(i.UART_ITConfig)
    UART_Init                                0x08001f45   Thumb Code   162  mdr32f9qx_uart.o(i.UART_Init)
    UART_ReceiveData                         0x08001ff5   Thumb Code     8  mdr32f9qx_uart.o(i.UART_ReceiveData)
    UART_SendData                            0x08001ffd   Thumb Code     6  mdr32f9qx_uart.o(i.UART_SendData)
    USB_IRQHandler                           0x08002003   Thumb Code     2  mdr32f9qx_it.o(i.USB_IRQHandler)
    U_BTN_Read_Button                        0x08002005   Thumb Code    20  button.o(i.U_BTN_Read_Button)
    U_MENU_Init                              0x0800201d   Thumb Code    22  menu.o(i.U_MENU_Init)
    U_MENU_Output                            0x0800203d   Thumb Code    28  menu.o(i.U_MENU_Output)
    U_MENU_Prepare_Item                      0x08002085   Thumb Code    38  menu.o(i.U_MENU_Prepare_Item)
    U_MENU_Running_String_Task_Function      0x080020cd   Thumb Code    38  menu.o(i.U_MENU_Running_String_Task_Function)
    U_MENU_Task_Function                     0x08002109   Thumb Code   122  menu.o(i.U_MENU_Task_Function)
    U_MLT_Clear_Chip                         0x0800218d   Thumb Code    24  mlt_lcd.o(i.U_MLT_Clear_Chip)
    U_MLT_Clear_Page                         0x080021a5   Thumb Code    58  mlt_lcd.o(i.U_MLT_Clear_Page)
    U_MLT_Delay                              0x080021df   Thumb Code    18  mlt_lcd.o(i.U_MLT_Delay)
    U_MLT_Disp_On                            0x080021f1   Thumb Code   188  mlt_lcd.o(i.U_MLT_Disp_On)
    U_MLT_Init                               0x080022bd   Thumb Code   164  mlt_lcd.o(i.U_MLT_Init)
    U_MLT_LCD_Init                           0x0800236d   Thumb Code    64  mlt_lcd.o(i.U_MLT_LCD_Init)
    U_MLT_Pin_Cfg                            0x080023b1   Thumb Code   120  mlt_lcd.o(i.U_MLT_Pin_Cfg)
    U_MLT_Put_Char                           0x0800243d   Thumb Code   128  mlt_lcd.o(i.U_MLT_Put_Char)
    U_MLT_Put_Image                          0x080024c1   Thumb Code   140  mlt_lcd.o(i.U_MLT_Put_Image)
    U_MLT_Put_String                         0x0800254d   Thumb Code    54  mlt_lcd.o(i.U_MLT_Put_String)
    U_MLT_Read_Status                        0x08002585   Thumb Code   182  mlt_lcd.o(i.U_MLT_Read_Status)
    U_MLT_Scroll_String                      0x0800264d   Thumb Code   142  mlt_lcd.o(i.U_MLT_Scroll_String)
    U_MLT_Set_Address                        0x080026dd   Thumb Code   192  mlt_lcd.o(i.U_MLT_Set_Address)
    U_MLT_Set_Data_Bits                      0x080027ad   Thumb Code    60  mlt_lcd.o(i.U_MLT_Set_Data_Bits)
    U_MLT_Set_Page                           0x080027f1   Thumb Code   192  mlt_lcd.o(i.U_MLT_Set_Page)
    U_MLT_Write_Data                         0x080028c1   Thumb Code   190  mlt_lcd.o(i.U_MLT_Write_Data)
    U_Privet                                 0x08002991   Thumb Code    16  menu.o(i.U_Privet)
    UsageFault_Handler                       0x080029b9   Thumb Code     4  mdr32f9qx_it.o(i.UsageFault_Handler)
    WWDG_IRQHandler                          0x080029bd   Thumb Code     2  mdr32f9qx_it.o(i.WWDG_IRQHandler)
    __0printf                                0x080029c1   Thumb Code    22  printfa.o(i.__0printf)
    __1printf                                0x080029c1   Thumb Code     0  printfa.o(i.__0printf)
    __2printf                                0x080029c1   Thumb Code     0  printfa.o(i.__0printf)
    __c89printf                              0x080029c1   Thumb Code     0  printfa.o(i.__0printf)
    printf                                   0x080029c1   Thumb Code     0  printfa.o(i.__0printf)
    __0sprintf                               0x080029e1   Thumb Code    34  printfa.o(i.__0sprintf)
    __1sprintf                               0x080029e1   Thumb Code     0  printfa.o(i.__0sprintf)
    __2sprintf                               0x080029e1   Thumb Code     0  printfa.o(i.__0sprintf)
    __c89sprintf                             0x080029e1   Thumb Code     0  printfa.o(i.__0sprintf)
    sprintf                                  0x080029e1   Thumb Code     0  printfa.o(i.__0sprintf)
    __scatterload_copy                       0x08002a09   Thumb Code    14  handlers.o(i.__scatterload_copy)
    __scatterload_null                       0x08002a17   Thumb Code     2  handlers.o(i.__scatterload_null)
    __scatterload_zeroinit                   0x08002a19   Thumb Code    14  handlers.o(i.__scatterload_zeroinit)
    __set_errno                              0x08002a29   Thumb Code     6  errno.o(i.__set_errno)
    draw_meandr                              0x080032f1   Thumb Code   100  mlt_lcd.o(i.draw_meandr)
    draw_sin                                 0x08003361   Thumb Code   100  mlt_lcd.o(i.draw_sin)
    draw_triangle                            0x080033d1   Thumb Code   100  mlt_lcd.o(i.draw_triangle)
    fgetc                                    0x08003441   Thumb Code    32  uart_io.o(i.fgetc)
    fputc                                    0x08003465   Thumb Code    28  uart_io.o(i.fputc)
    init                                     0x08003485   Thumb Code     8  init.o(i.init)
    main                                     0x0800348d   Thumb Code   224  main.o(i.main)
    pvPortMalloc                             0x08003dc1   Thumb Code   166  heap_2.o(i.pvPortMalloc)
    pvTaskIncrementMutexHeldCount            0x08003e79   Thumb Code    26  tasks.o(i.pvTaskIncrementMutexHeldCount)
    pxPortInitialiseStack                    0x08003e99   Thumb Code    30  port.o(i.pxPortInitialiseStack)
    sqrt                                     0x08003ebd   Thumb Code    76  sqrt.o(i.sqrt)
    sys_clk_init                             0x08003f09   Thumb Code    64  init.o(i.sys_clk_init)
    uart_io_init                             0x08003f49   Thumb Code   240  uart_io.o(i.uart_io_init)
    uxListRemove                             0x08004049   Thumb Code    40  list.o(i.uxListRemove)
    vApplicationIdleHook                     0x08004071   Thumb Code     2  main.o(i.vApplicationIdleHook)
    vListInitialise                          0x08004073   Thumb Code    26  list.o(i.vListInitialise)
    vListInitialiseItem                      0x0800408d   Thumb Code     6  list.o(i.vListInitialiseItem)
    vListInsert                              0x08004093   Thumb Code    52  list.o(i.vListInsert)
    vListInsertEnd                           0x080040c7   Thumb Code    24  list.o(i.vListInsertEnd)
    vPortEnterCritical                       0x080040e1   Thumb Code    30  port.o(i.vPortEnterCritical)
    vPortExitCritical                        0x08004105   Thumb Code    28  port.o(i.vPortExitCritical)
    vPortFree                                0x08004125   Thumb Code    56  heap_2.o(i.vPortFree)
    vPortSetupTimerInterrupt                 0x08004165   Thumb Code    14  port.o(i.vPortSetupTimerInterrupt)
    vQueueAddToRegistry                      0x08004179   Thumb Code    38  queue.o(i.vQueueAddToRegistry)
    vQueueWaitForMessageRestricted           0x080041a5   Thumb Code    74  queue.o(i.vQueueWaitForMessageRestricted)
    vTaskDelay                               0x080041f1   Thumb Code    46  tasks.o(i.vTaskDelay)
    vTaskDelete                              0x08004225   Thumb Code   132  tasks.o(i.vTaskDelete)
    vTaskMissedYield                         0x080042c5   Thumb Code     8  tasks.o(i.vTaskMissedYield)
    vTaskPlaceOnEventList                    0x080042d1   Thumb Code    28  tasks.o(i.vTaskPlaceOnEventList)
    vTaskPlaceOnEventListRestricted          0x080042f1   Thumb Code    36  tasks.o(i.vTaskPlaceOnEventListRestricted)
    vTaskPriorityInherit                     0x08004319   Thumb Code   128  tasks.o(i.vTaskPriorityInherit)
    vTaskSetTimeOutState                     0x080043a5   Thumb Code    14  tasks.o(i.vTaskSetTimeOutState)
    vTaskStartScheduler                      0x080043bd   Thumb Code    82  tasks.o(i.vTaskStartScheduler)
    vTaskSuspendAll                          0x0800442d   Thumb Code    12  tasks.o(i.vTaskSuspendAll)
    vTaskSwitchContext                       0x0800443d   Thumb Code    98  tasks.o(i.vTaskSwitchContext)
    xPortStartScheduler                      0x080044b5   Thumb Code    42  port.o(i.xPortStartScheduler)
    xQueueGenericCreate                      0x080044e9   Thumb Code    56  queue.o(i.xQueueGenericCreate)
    xQueueGenericReceive                     0x08004521   Thumb Code   342  queue.o(i.xQueueGenericReceive)
    xQueueGenericReset                       0x0800467d   Thumb Code   122  queue.o(i.xQueueGenericReset)
    xQueueGenericSend                        0x080046fd   Thumb Code   276  queue.o(i.xQueueGenericSend)
    xQueueGenericSendFromISR                 0x08004815   Thumb Code   134  queue.o(i.xQueueGenericSendFromISR)
    xQueueGiveFromISR                        0x0800489b   Thumb Code   120  queue.o(i.xQueueGiveFromISR)
    xTaskCheckForTimeOut                     0x08004915   Thumb Code    84  tasks.o(i.xTaskCheckForTimeOut)
    xTaskCreate                              0x08004971   Thumb Code    96  tasks.o(i.xTaskCreate)
    xTaskGetSchedulerState                   0x080049d1   Thumb Code    24  tasks.o(i.xTaskGetSchedulerState)
    xTaskGetTickCount                        0x080049f1   Thumb Code     6  tasks.o(i.xTaskGetTickCount)
    xTaskIncrementTick                       0x080049fd   Thumb Code   214  tasks.o(i.xTaskIncrementTick)
    xTaskPriorityDisinherit                  0x08004b01   Thumb Code    86  tasks.o(i.xTaskPriorityDisinherit)
    xTaskRemoveFromEventList                 0x08004b61   Thumb Code   102  tasks.o(i.xTaskRemoveFromEventList)
    xTaskResumeAll                           0x08004be1   Thumb Code   194  tasks.o(i.xTaskResumeAll)
    xTimerCreateTimerTask                    0x08004cc9   Thumb Code    40  timers.o(i.xTimerCreateTimerTask)
    xTimerGenericCommand                     0x08004d05   Thumb Code   102  timers.o(i.xTimerGenericCommand)
    __ctype_categories                       0x08005610   Data          64  ctype_c.o(.constdata)
    Region$$Table$$Base                      0x08005650   Number         0  anon$$obj.o(Region$$Table)
    Region$$Table$$Limit                     0x08005670   Number         0  anon$$obj.o(Region$$Table)
    stdin_queue                              0x20000000   Data           4  main.o(.data)
    stdout_queue                             0x20000004   Data           4  main.o(.data)
    SemaphoreDMA                             0x20000008   Data           4  main.o(.data)
    ping_pong                                0x2000000c   Data           4  main.o(.data)
    U_MENU_Item                              0x2000001c   Data           1  menu.o(.data)
    U_MENU_Message                           0x20000020   Data           4  menu.o(.data)
    pxCurrentTCB                             0x20000044   Data           4  tasks.o(.data)
    SystemCoreClock                          0x20000094   Data           4  system_mdr32f9qx.o(.data)
    __stdin                                  0x20000098   Data           4  stdin.o(.data)
    __stdout                                 0x2000009c   Data           4  stdout.o(.data)
    ADC_Buffer_ping                          0x200000a8   Data         400  main.o(.bss)
    ADC_Buffer_pong                          0x20000238   Data         400  main.o(.bss)
    SB_SELECT                                0x200003c8   Data          24  button.o(.bss)
    SB_UP                                    0x200003e0   Data          24  button.o(.bss)
    SB_DOWN                                  0x200003f8   Data          24  button.o(.bss)
    SB_RIGHT                                 0x20000410   Data          24  button.o(.bss)
    SB_LEFT                                  0x20000428   Data          24  button.o(.bss)
    message                                  0x20000440   Data          64  menu.o(.bss)
    DMA_InitStructure                        0x20000480   Data          40  dma.o(.bss)
    DMA_Channel_InitStructure                0x200004a8   Data          16  dma.o(.bss)
    TIM_CntInit                              0x200004b8   Data          24  timer.o(.bss)
    xQueueRegistry                           0x200054d0   Data          80  queue.o(.bss)
    DMA_ControlTable                         0x20005800   Data        1024  mdr32f9qx_dma.o(.bss)
    __initial_sp                             0x20006000   Data           0  startup_mdr32f9qx.o(STACK)



==============================================================================

Memory Map of the image

  Image Entry point : 0x080000c1

  Load Region LR_IROM1 (Base: 0x08000000, Size: 0x00005718, Max: 0x00020000, ABSOLUTE)

    Execution Region ER_IROM1 (Exec base: 0x08000000, Load base: 0x08000000, Size: 0x00005670, Max: 0x00020000, ABSOLUTE)

    Exec Addr    Load Addr    Size         Type   Attr      Idx    E Section Name        Object

    0x08000000   0x08000000   0x000000c0   Data   RO         1674    RESET               startup_mdr32f9qx.o
    0x080000c0   0x080000c0   0x00000000   Code   RO         3855  * .ARM.Collect$$$$00000000  mc_w.l(entry.o)
    0x080000c0   0x080000c0   0x00000004   Code   RO         4141    .ARM.Collect$$$$00000001  mc_w.l(entry2.o)
    0x080000c4   0x080000c4   0x00000004   Code   RO         4144    .ARM.Collect$$$$00000004  mc_w.l(entry5.o)
    0x080000c8   0x080000c8   0x00000000   Code   RO         4146    .ARM.Collect$$$$00000008  mc_w.l(entry7b.o)
    0x080000c8   0x080000c8   0x00000000   Code   RO         4148    .ARM.Collect$$$$0000000A  mc_w.l(entry8b.o)
    0x080000c8   0x080000c8   0x00000008   Code   RO         4149    .ARM.Collect$$$$0000000B  mc_w.l(entry9a.o)
    0x080000d0   0x080000d0   0x00000000   Code   RO         4151    .ARM.Collect$$$$0000000D  mc_w.l(entry10a.o)
    0x080000d0   0x080000d0   0x00000000   Code   RO         4153    .ARM.Collect$$$$0000000F  mc_w.l(entry11a.o)
    0x080000d0   0x080000d0   0x00000004   Code   RO         4142    .ARM.Collect$$$$00002712  mc_w.l(entry2.o)
    0x080000d4   0x080000d4   0x00000096   Code   RO          821    .emb_text           port.o
    0x0800016a   0x0800016a   0x00000002   PAD
    0x0800016c   0x0800016c   0x00000024   Code   RO         1675    .text               startup_mdr32f9qx.o
    0x08000190   0x08000190   0x00000024   Code   RO         3858    .text               mc_w.l(memcpya.o)
    0x080001b4   0x080001b4   0x0000000e   Code   RO         3860    .text               mc_w.l(strlen.o)
    0x080001c2   0x080001c2   0x00000002   PAD
    0x080001c4   0x080001c4   0x00000020   Code   RO         4125    .text               mc_w.l(__0scanf.o)
    0x080001e4   0x080001e4   0x000000e0   Code   RO         4127    .text               mc_w.l(_scanf_str.o)
    0x080002c4   0x080002c4   0x0000014e   Code   RO         4129    .text               mf_w.l(dadd.o)
    0x08000412   0x08000412   0x000000de   Code   RO         4131    .text               mf_w.l(ddiv.o)
    0x080004f0   0x080004f0   0x00000022   Code   RO         4133    .text               mf_w.l(dflti.o)
    0x08000512   0x08000512   0x0000001a   Code   RO         4135    .text               mf_w.l(dfltui.o)
    0x0800052c   0x0800052c   0x00000030   Code   RO         4137    .text               mf_w.l(cdcmple.o)
    0x0800055c   0x0800055c   0x00000030   Code   RO         4139    .text               mf_w.l(cdrcmple.o)
    0x0800058c   0x0800058c   0x0000002c   Code   RO         4157    .text               mc_w.l(uidiv.o)
    0x080005b8   0x080005b8   0x00000062   Code   RO         4159    .text               mc_w.l(uldiv.o)
    0x0800061a   0x0800061a   0x0000001e   Code   RO         4161    .text               mc_w.l(llshl.o)
    0x08000638   0x08000638   0x00000024   Code   RO         4163    .text               mc_w.l(llsshr.o)
    0x0800065c   0x0800065c   0x00000014   Code   RO         4172    .text               mc_w.l(scanf_char_file.o)
    0x08000670   0x08000670   0x00000000   Code   RO         4174    .text               mc_w.l(iusefp.o)
    0x08000670   0x08000670   0x000000ba   Code   RO         4175    .text               mf_w.l(depilogue.o)
    0x0800072a   0x0800072a   0x000000e4   Code   RO         4177    .text               mf_w.l(dmul.o)
    0x0800080e   0x0800080e   0x000000a2   Code   RO         4179    .text               mf_w.l(dsqrt.o)
    0x080008b0   0x080008b0   0x00000030   Code   RO         4181    .text               mf_w.l(dfixul.o)
    0x080008e0   0x080008e0   0x00000024   Code   RO         4183    .text               mc_w.l(init.o)
    0x08000904   0x08000904   0x0000002c   Code   RO         4185    .text               mc_w.l(fgetc_b.o)
    0x08000930   0x08000930   0x00000020   Code   RO         4188    .text               mc_w.l(llushr.o)
    0x08000950   0x08000950   0x00000028   Code   RO         4190    .text               mc_w.l(scanf_char.o)
    0x08000978   0x08000978   0x00000000   Code   RO         4192    .text               mc_w.l(semi.o)
    0x08000978   0x08000978   0x0000000a   Code   RO         4193    .text               mc_w.l(isspace_c.o)
    0x08000982   0x08000982   0x00000002   PAD
    0x08000984   0x08000984   0x0000032c   Code   RO         4195    .text               mc_w.l(_scanf.o)
    0x08000cb0   0x08000cb0   0x00000000   Code   RO         4197    .text               mc_w.l(iusesemig.o)
    0x08000cb0   0x08000cb0   0x00000028   Code   RO         4198    .text               mc_w.l(ctype_c.o)
    0x08000cd8   0x08000cd8   0x0000001c   Code   RO         1724    i.ADC1_Cmd          mdr32f9qx_adc.o
    0x08000cf4   0x08000cf4   0x0000005c   Code   RO         1730    i.ADC1_Init         mdr32f9qx_adc.o
    0x08000d50   0x08000d50   0x00000014   Code   RO         1738    i.ADC1_Start        mdr32f9qx_adc.o
    0x08000d64   0x08000d64   0x00000002   Code   RO          179    i.ADC_IRQHandler    mdr32f9qx_it.o
    0x08000d66   0x08000d66   0x00000002   PAD
    0x08000d68   0x08000d68   0x00000040   Code   RO         1762    i.ADC_Init          mdr32f9qx_adc.o
    0x08000da8   0x08000da8   0x00000080   Code   RO          561    i.ADC_init          adc.o
    0x08000e28   0x08000e28   0x00000002   Code   RO          180    i.BACKUP_IRQHandler  mdr32f9qx_it.o
    0x08000e2a   0x08000e2a   0x00000004   Code   RO          181    i.BusFault_Handler  mdr32f9qx_it.o
    0x08000e2e   0x08000e2e   0x00000002   Code   RO          182    i.CAN1_IRQHandler   mdr32f9qx_it.o
    0x08000e30   0x08000e30   0x00000002   Code   RO          183    i.CAN2_IRQHandler   mdr32f9qx_it.o
    0x08000e32   0x08000e32   0x00000002   Code   RO          184    i.COMPARATOR_IRQHandler  mdr32f9qx_it.o
    0x08000e34   0x08000e34   0x0000001c   Code   RO         2510    i.DMA_Cmd           mdr32f9qx_dma.o
    0x08000e50   0x08000e50   0x00000070   Code   RO         2511    i.DMA_CtrlDataInit  mdr32f9qx_dma.o
    0x08000ec0   0x08000ec0   0x00000020   Code   RO         2513    i.DMA_DeInit        mdr32f9qx_dma.o
    0x08000ee0   0x08000ee0   0x0000006c   Code   RO            4    i.DMA_IRQHandler    main.o
    0x08000f4c   0x08000f4c   0x00000094   Code   RO         2516    i.DMA_Init          mdr32f9qx_dma.o
    0x08000fe0   0x08000fe0   0x00000010   Code   RO         2521    i.DMA_StructInit    mdr32f9qx_dma.o
    0x08000ff0   0x08000ff0   0x000000cc   Code   RO          588    i.DMA_init          dma.o
    0x080010bc   0x080010bc   0x00000002   Code   RO          185    i.DebugMon_Handler  mdr32f9qx_it.o
    0x080010be   0x080010be   0x00000002   Code   RO          186    i.EXT_INT1_IRQHandler  mdr32f9qx_it.o
    0x080010c0   0x080010c0   0x00000002   Code   RO          187    i.EXT_INT2_IRQHandler  mdr32f9qx_it.o
    0x080010c2   0x080010c2   0x00000002   Code   RO          188    i.EXT_INT3_IRQHandler  mdr32f9qx_it.o
    0x080010c4   0x080010c4   0x00000002   Code   RO          189    i.EXT_INT4_IRQHandler  mdr32f9qx_it.o
    0x080010c6   0x080010c6   0x00000004   Code   RO          190    i.HardFault_Handler  mdr32f9qx_it.o
    0x080010ca   0x080010ca   0x00000002   Code   RO          191    i.I2C_IRQHandler    mdr32f9qx_it.o
    0x080010cc   0x080010cc   0x00000190   Code   RO          383    i.Init_button       button.o
    0x0800125c   0x0800125c   0x00000004   Code   RO          192    i.MemManage_Handler  mdr32f9qx_it.o
    0x08001260   0x08001260   0x00000002   Code   RO          193    i.NMI_Handler       mdr32f9qx_it.o
    0x08001262   0x08001262   0x00000002   PAD
    0x08001264   0x08001264   0x000001c8   Code   RO         2873    i.PORT_Init         mdr32f9qx_port.o
    0x0800142c   0x0800142c   0x00000010   Code   RO         2875    i.PORT_ReadInputDataBit  mdr32f9qx_port.o
    0x0800143c   0x0800143c   0x0000001c   Code   RO         2876    i.PORT_ResetBits    mdr32f9qx_port.o
    0x08001458   0x08001458   0x0000001c   Code   RO         2877    i.PORT_SetBits      mdr32f9qx_port.o
    0x08001474   0x08001474   0x0000001c   Code   RO         2878    i.PORT_StructInit   mdr32f9qx_port.o
    0x08001490   0x08001490   0x00000002   Code   RO          194    i.POWER_IRQHandler  mdr32f9qx_it.o
    0x08001492   0x08001492   0x00000002   PAD
    0x08001494   0x08001494   0x0000000c   Code   RO         3058    i.RST_CLK_CPU_PLLcmd  mdr32f9qx_rst_clk.o
    0x080014a0   0x080014a0   0x00000040   Code   RO         3059    i.RST_CLK_CPU_PLLconfig  mdr32f9qx_rst_clk.o
    0x080014e0   0x080014e0   0x00000034   Code   RO         3060    i.RST_CLK_CPU_PLLstatus  mdr32f9qx_rst_clk.o
    0x08001514   0x08001514   0x0000000c   Code   RO         3061    i.RST_CLK_CPU_PLLuse  mdr32f9qx_rst_clk.o
    0x08001520   0x08001520   0x00000018   Code   RO         3062    i.RST_CLK_CPUclkPrescaler  mdr32f9qx_rst_clk.o
    0x08001538   0x08001538   0x00000014   Code   RO         3063    i.RST_CLK_CPUclkSelection  mdr32f9qx_rst_clk.o
    0x0800154c   0x0800154c   0x00000274   Code   RO         3065    i.RST_CLK_GetClocksFreq  mdr32f9qx_rst_clk.o
    0x080017c0   0x080017c0   0x00000034   Code   RO         3066    i.RST_CLK_GetFlagStatus  mdr32f9qx_rst_clk.o
    0x080017f4   0x080017f4   0x0000003c   Code   RO         3068    i.RST_CLK_HSEconfig  mdr32f9qx_rst_clk.o
    0x08001830   0x08001830   0x00000034   Code   RO         3069    i.RST_CLK_HSEstatus  mdr32f9qx_rst_clk.o
    0x08001864   0x08001864   0x00000020   Code   RO         3079    i.RST_CLK_PCLKcmd   mdr32f9qx_rst_clk.o
    0x08001884   0x08001884   0x00000002   Code   RO          195    i.SSP1_IRQHandler   mdr32f9qx_it.o
    0x08001886   0x08001886   0x00000002   Code   RO          196    i.SSP2_IRQHandler   mdr32f9qx_it.o
    0x08001888   0x08001888   0x00000034   Code   RO          822    i.SysTick_Handler   port.o
    0x080018bc   0x080018bc   0x00000090   Code   RO         1682    i.SystemCoreClockUpdate  system_mdr32f9qx.o
    0x0800194c   0x0800194c   0x00000040   Code   RO         1683    i.SystemInit        system_mdr32f9qx.o
    0x0800198c   0x0800198c   0x00000054   Code   RO         3376    i.TIMER_BRGInit     mdr32f9qx_timer.o
    0x080019e0   0x080019e0   0x00000006   Code   RO         3402    i.TIMER_ClearFlag   mdr32f9qx_timer.o
    0x080019e6   0x080019e6   0x00000014   Code   RO         3403    i.TIMER_Cmd         mdr32f9qx_timer.o
    0x080019fa   0x080019fa   0x00000036   Code   RO         3406    i.TIMER_CntInit     mdr32f9qx_timer.o
    0x08001a30   0x08001a30   0x0000001c   Code   RO         3407    i.TIMER_CntStructInit  mdr32f9qx_timer.o
    0x08001a4c   0x08001a4c   0x00000044   Code   RO         3410    i.TIMER_DeInit      mdr32f9qx_timer.o
    0x08001a90   0x08001a90   0x00000012   Code   RO         3425    i.TIMER_ITConfig    mdr32f9qx_timer.o
    0x08001aa2   0x08001aa2   0x00000002   PAD
    0x08001aa4   0x08001aa4   0x000002c4   Code   RO          431    i.Task_DSP          menu.o
    0x08001d68   0x08001d68   0x0000003c   Code   RO          432    i.Task_output       menu.o
    0x08001da4   0x08001da4   0x00000014   Code   RO            5    i.Timer1_IRQHandler  main.o
    0x08001db8   0x08001db8   0x0000009c   Code   RO          619    i.Timer1_init       timer.o
    0x08001e54   0x08001e54   0x00000002   Code   RO          197    i.Timer2_IRQHandler  mdr32f9qx_it.o
    0x08001e56   0x08001e56   0x00000002   Code   RO          198    i.Timer3_IRQHandler  mdr32f9qx_it.o
    0x08001e58   0x08001e58   0x00000002   Code   RO          199    i.UART1_IRQHandler  mdr32f9qx_it.o
    0x08001e5a   0x08001e5a   0x00000002   PAD
    0x08001e5c   0x08001e5c   0x00000058   Code   RO            6    i.UART2_IRQHandler  main.o
    0x08001eb4   0x08001eb4   0x0000003c   Code   RO         3730    i.UART_BRGInit      mdr32f9qx_uart.o
    0x08001ef0   0x08001ef0   0x00000008   Code   RO         3732    i.UART_ClearITPendingBit  mdr32f9qx_uart.o
    0x08001ef8   0x08001ef8   0x00000018   Code   RO         3733    i.UART_Cmd          mdr32f9qx_uart.o
    0x08001f10   0x08001f10   0x00000010   Code   RO         3737    i.UART_GetFlagStatus  mdr32f9qx_uart.o
    0x08001f20   0x08001f20   0x00000010   Code   RO         3739    i.UART_GetITStatusMasked  mdr32f9qx_uart.o
    0x08001f30   0x08001f30   0x00000012   Code   RO         3740    i.UART_ITConfig     mdr32f9qx_uart.o
    0x08001f42   0x08001f42   0x00000002   PAD
    0x08001f44   0x08001f44   0x000000b0   Code   RO         3741    i.UART_Init         mdr32f9qx_uart.o
    0x08001ff4   0x08001ff4   0x00000008   Code   RO         3744    i.UART_ReceiveData  mdr32f9qx_uart.o
    0x08001ffc   0x08001ffc   0x00000006   Code   RO         3745    i.UART_SendData     mdr32f9qx_uart.o
    0x08002002   0x08002002   0x00000002   Code   RO          200    i.USB_IRQHandler    mdr32f9qx_it.o
    0x08002004   0x08002004   0x00000018   Code   RO          384    i.U_BTN_Read_Button  button.o
    0x0800201c   0x0800201c   0x00000020   Code   RO          433    i.U_MENU_Init       menu.o
    0x0800203c   0x0800203c   0x00000048   Code   RO          434    i.U_MENU_Output     menu.o
    0x08002084   0x08002084   0x00000048   Code   RO          435    i.U_MENU_Prepare_Item  menu.o
    0x080020cc   0x080020cc   0x0000003c   Code   RO          436    i.U_MENU_Running_String_Task_Function  menu.o
    0x08002108   0x08002108   0x00000084   Code   RO          437    i.U_MENU_Task_Function  menu.o
    0x0800218c   0x0800218c   0x00000018   Code   RO         1515    i.U_MLT_Clear_Chip  mlt_lcd.o
    0x080021a4   0x080021a4   0x0000003a   Code   RO         1516    i.U_MLT_Clear_Page  mlt_lcd.o
    0x080021de   0x080021de   0x00000012   Code   RO         1517    i.U_MLT_Delay       mlt_lcd.o
    0x080021f0   0x080021f0   0x000000cc   Code   RO         1519    i.U_MLT_Disp_On     mlt_lcd.o
    0x080022bc   0x080022bc   0x000000b0   Code   RO         1520    i.U_MLT_Init        mlt_lcd.o
    0x0800236c   0x0800236c   0x00000044   Code   RO         1521    i.U_MLT_LCD_Init    mlt_lcd.o
    0x080023b0   0x080023b0   0x0000008c   Code   RO         1522    i.U_MLT_Pin_Cfg     mlt_lcd.o
    0x0800243c   0x0800243c   0x00000084   Code   RO         1523    i.U_MLT_Put_Char    mlt_lcd.o
    0x080024c0   0x080024c0   0x0000008c   Code   RO         1524    i.U_MLT_Put_Image   mlt_lcd.o
    0x0800254c   0x0800254c   0x00000036   Code   RO         1525    i.U_MLT_Put_String  mlt_lcd.o
    0x08002582   0x08002582   0x00000002   PAD
    0x08002584   0x08002584   0x000000c8   Code   RO         1527    i.U_MLT_Read_Status  mlt_lcd.o
    0x0800264c   0x0800264c   0x0000008e   Code   RO         1528    i.U_MLT_Scroll_String  mlt_lcd.o
    0x080026da   0x080026da   0x00000002   PAD
    0x080026dc   0x080026dc   0x000000d0   Code   RO         1529    i.U_MLT_Set_Address  mlt_lcd.o
    0x080027ac   0x080027ac   0x00000044   Code   RO         1530    i.U_MLT_Set_Data_Bits  mlt_lcd.o
    0x080027f0   0x080027f0   0x000000d0   Code   RO         1531    i.U_MLT_Set_Page    mlt_lcd.o
    0x080028c0   0x080028c0   0x000000d0   Code   RO         1532    i.U_MLT_Write_Data  mlt_lcd.o
    0x08002990   0x08002990   0x00000028   Code   RO          438    i.U_Privet          menu.o
    0x080029b8   0x080029b8   0x00000004   Code   RO          201    i.UsageFault_Handler  mdr32f9qx_it.o
    0x080029bc   0x080029bc   0x00000002   Code   RO          202    i.WWDG_IRQHandler   mdr32f9qx_it.o
    0x080029be   0x080029be   0x00000002   PAD
    0x080029c0   0x080029c0   0x00000020   Code   RO         4097    i.__0printf         mc_w.l(printfa.o)
    0x080029e0   0x080029e0   0x00000028   Code   RO         4099    i.__0sprintf        mc_w.l(printfa.o)
    0x08002a08   0x08002a08   0x0000000e   Code   RO         4203    i.__scatterload_copy  mc_w.l(handlers.o)
    0x08002a16   0x08002a16   0x00000002   Code   RO         4204    i.__scatterload_null  mc_w.l(handlers.o)
    0x08002a18   0x08002a18   0x0000000e   Code   RO         4205    i.__scatterload_zeroinit  mc_w.l(handlers.o)
    0x08002a26   0x08002a26   0x00000002   PAD
    0x08002a28   0x08002a28   0x0000000c   Code   RO         4167    i.__set_errno       mc_w.l(errno.o)
    0x08002a34   0x08002a34   0x00000184   Code   RO         4104    i._fp_digits        mc_w.l(printfa.o)
    0x08002bb8   0x08002bb8   0x000006dc   Code   RO         4105    i._printf_core      mc_w.l(printfa.o)
    0x08003294   0x08003294   0x00000024   Code   RO         4106    i._printf_post_padding  mc_w.l(printfa.o)
    0x080032b8   0x080032b8   0x0000002e   Code   RO         4107    i._printf_pre_padding  mc_w.l(printfa.o)
    0x080032e6   0x080032e6   0x0000000a   Code   RO         4109    i._sputc            mc_w.l(printfa.o)
    0x080032f0   0x080032f0   0x00000070   Code   RO         1533    i.draw_meandr       mlt_lcd.o
    0x08003360   0x08003360   0x00000070   Code   RO         1534    i.draw_sin          mlt_lcd.o
    0x080033d0   0x080033d0   0x00000070   Code   RO         1535    i.draw_triangle     mlt_lcd.o
    0x08003440   0x08003440   0x00000024   Code   RO          510    i.fgetc             uart_io.o
    0x08003464   0x08003464   0x00000020   Code   RO          511    i.fputc             uart_io.o
    0x08003484   0x08003484   0x00000008   Code   RO          345    i.init              init.o
    0x0800348c   0x0800348c   0x00000134   Code   RO            7    i.main              main.o
    0x080035c0   0x080035c0   0x0000007c   Code   RO         1072    i.prvAddCurrentTaskToDelayedList  tasks.o
    0x0800363c   0x0800363c   0x000000b0   Code   RO         1073    i.prvAddNewTaskToReadyList  tasks.o
    0x080036ec   0x080036ec   0x00000064   Code   RO         1394    i.prvCheckForValidListAndQueue  timers.o
    0x08003750   0x08003750   0x00000064   Code   RO         1074    i.prvCheckTasksWaitingTermination  tasks.o
    0x080037b4   0x080037b4   0x0000002a   Code   RO          893    i.prvCopyDataFromQueue  queue.o
    0x080037de   0x080037de   0x0000007c   Code   RO          894    i.prvCopyDataToQueue  queue.o
    0x0800385a   0x0800385a   0x00000012   Code   RO         1075    i.prvDeleteTCB      tasks.o
    0x0800386c   0x0800386c   0x00000028   Code   RO         1395    i.prvGetNextExpireTime  timers.o
    0x08003894   0x08003894   0x00000038   Code   RO          747    i.prvHeapInit       heap_2.o
    0x080038cc   0x080038cc   0x0000002c   Code   RO         1076    i.prvIdleTask       tasks.o
    0x080038f8   0x080038f8   0x00000026   Code   RO          896    i.prvInitialiseNewQueue  queue.o
    0x0800391e   0x0800391e   0x0000009a   Code   RO         1077    i.prvInitialiseNewTask  tasks.o
    0x080039b8   0x080039b8   0x00000068   Code   RO         1078    i.prvInitialiseTaskLists  tasks.o
    0x08003a20   0x08003a20   0x00000058   Code   RO         1397    i.prvInsertTimerInActiveList  timers.o
    0x08003a78   0x08003a78   0x0000001a   Code   RO          897    i.prvIsQueueEmpty   queue.o
    0x08003a92   0x08003a92   0x0000001e   Code   RO          898    i.prvIsQueueFull    queue.o
    0x08003ab0   0x08003ab0   0x0000004c   Code   RO         1398    i.prvProcessExpiredTimer  timers.o
    0x08003afc   0x08003afc   0x000000bc   Code   RO         1399    i.prvProcessReceivedCommands  timers.o
    0x08003bb8   0x08003bb8   0x00000074   Code   RO         1400    i.prvProcessTimerOrBlockTask  timers.o
    0x08003c2c   0x08003c2c   0x00000034   Code   RO         1079    i.prvResetNextTaskUnblockTime  tasks.o
    0x08003c60   0x08003c60   0x0000002c   Code   RO         1401    i.prvSampleTimeNow  timers.o
    0x08003c8c   0x08003c8c   0x00000084   Code   RO         1402    i.prvSwitchTimerLists  timers.o
    0x08003d10   0x08003d10   0x00000016   Code   RO          823    i.prvTaskExitError  port.o
    0x08003d26   0x08003d26   0x0000001a   Code   RO         1403    i.prvTimerTask      timers.o
    0x08003d40   0x08003d40   0x0000007e   Code   RO          899    i.prvUnlockQueue    queue.o
    0x08003dbe   0x08003dbe   0x00000002   PAD
    0x08003dc0   0x08003dc0   0x000000b8   Code   RO          748    i.pvPortMalloc      heap_2.o
    0x08003e78   0x08003e78   0x00000020   Code   RO         1082    i.pvTaskIncrementMutexHeldCount  tasks.o
    0x08003e98   0x08003e98   0x00000024   Code   RO          824    i.pxPortInitialiseStack  port.o
    0x08003ebc   0x08003ebc   0x0000004c   Code   RO         3848    i.sqrt              m_ws.l(sqrt.o)
    0x08003f08   0x08003f08   0x00000040   Code   RO          346    i.sys_clk_init      init.o
    0x08003f48   0x08003f48   0x00000100   Code   RO          512    i.uart_io_init      uart_io.o
    0x08004048   0x08004048   0x00000028   Code   RO          785    i.uxListRemove      list.o
    0x08004070   0x08004070   0x00000002   Code   RO            8    i.vApplicationIdleHook  main.o
    0x08004072   0x08004072   0x0000001a   Code   RO          786    i.vListInitialise   list.o
    0x0800408c   0x0800408c   0x00000006   Code   RO          787    i.vListInitialiseItem  list.o
    0x08004092   0x08004092   0x00000034   Code   RO          788    i.vListInsert       list.o
    0x080040c6   0x080040c6   0x00000018   Code   RO          789    i.vListInsertEnd    list.o
    0x080040de   0x080040de   0x00000002   PAD
    0x080040e0   0x080040e0   0x00000024   Code   RO          826    i.vPortEnterCritical  port.o
    0x08004104   0x08004104   0x00000020   Code   RO          827    i.vPortExitCritical  port.o
    0x08004124   0x08004124   0x00000040   Code   RO          749    i.vPortFree         heap_2.o
    0x08004164   0x08004164   0x00000014   Code   RO          828    i.vPortSetupTimerInterrupt  port.o
    0x08004178   0x08004178   0x0000002c   Code   RO          903    i.vQueueAddToRegistry  queue.o
    0x080041a4   0x080041a4   0x0000004a   Code   RO          906    i.vQueueWaitForMessageRestricted  queue.o
    0x080041ee   0x080041ee   0x00000002   PAD
    0x080041f0   0x080041f0   0x00000034   Code   RO         1088    i.vTaskDelay        tasks.o
    0x08004224   0x08004224   0x000000a0   Code   RO         1090    i.vTaskDelete       tasks.o
    0x080042c4   0x080042c4   0x0000000c   Code   RO         1092    i.vTaskMissedYield  tasks.o
    0x080042d0   0x080042d0   0x00000020   Code   RO         1094    i.vTaskPlaceOnEventList  tasks.o
    0x080042f0   0x080042f0   0x00000028   Code   RO         1095    i.vTaskPlaceOnEventListRestricted  tasks.o
    0x08004318   0x08004318   0x0000008c   Code   RO         1097    i.vTaskPriorityInherit  tasks.o
    0x080043a4   0x080043a4   0x00000018   Code   RO         1101    i.vTaskSetTimeOutState  tasks.o
    0x080043bc   0x080043bc   0x00000070   Code   RO         1102    i.vTaskStartScheduler  tasks.o
    0x0800442c   0x0800442c   0x00000010   Code   RO         1104    i.vTaskSuspendAll   tasks.o
    0x0800443c   0x0800443c   0x00000078   Code   RO         1105    i.vTaskSwitchContext  tasks.o
    0x080044b4   0x080044b4   0x00000034   Code   RO          829    i.xPortStartScheduler  port.o
    0x080044e8   0x080044e8   0x00000038   Code   RO          909    i.xQueueGenericCreate  queue.o
    0x08004520   0x08004520   0x0000015c   Code   RO          910    i.xQueueGenericReceive  queue.o
    0x0800467c   0x0800467c   0x00000080   Code   RO          911    i.xQueueGenericReset  queue.o
    0x080046fc   0x080046fc   0x00000118   Code   RO          912    i.xQueueGenericSend  queue.o
    0x08004814   0x08004814   0x00000086   Code   RO          913    i.xQueueGenericSendFromISR  queue.o
    0x0800489a   0x0800489a   0x00000078   Code   RO          914    i.xQueueGiveFromISR  queue.o
    0x08004912   0x08004912   0x00000002   PAD
    0x08004914   0x08004914   0x0000005c   Code   RO         1106    i.xTaskCheckForTimeOut  tasks.o
    0x08004970   0x08004970   0x00000060   Code   RO         1107    i.xTaskCreate       tasks.o
    0x080049d0   0x080049d0   0x00000020   Code   RO         1111    i.xTaskGetSchedulerState  tasks.o
    0x080049f0   0x080049f0   0x0000000c   Code   RO         1112    i.xTaskGetTickCount  tasks.o
    0x080049fc   0x080049fc   0x00000104   Code   RO         1114    i.xTaskIncrementTick  tasks.o
    0x08004b00   0x08004b00   0x00000060   Code   RO         1117    i.xTaskPriorityDisinherit  tasks.o
    0x08004b60   0x08004b60   0x00000080   Code   RO         1118    i.xTaskRemoveFromEventList  tasks.o
    0x08004be0   0x08004be0   0x000000e8   Code   RO         1120    i.xTaskResumeAll    tasks.o
    0x08004cc8   0x08004cc8   0x0000003c   Code   RO         1407    i.xTimerCreateTimerTask  timers.o
    0x08004d04   0x08004d04   0x0000006c   Code   RO         1408    i.xTimerGenericCommand  timers.o
    0x08004d70   0x08004d70   0x000008a0   Data   RO         1536    .constdata          mlt_lcd.o
    0x08005610   0x08005610   0x00000040   Data   RO         4199    .constdata          mc_w.l(ctype_c.o)
    0x08005650   0x08005650   0x00000020   Data   RO         4201    Region$$Table       anon$$obj.o


    Execution Region RW_IRAM1 (Exec base: 0x20000000, Load base: 0x08005670, Size: 0x00006000, Max: 0x00008000, ABSOLUTE)

    Exec Addr    Load Addr    Size         Type   Attr      Idx    E Section Name        Object

    0x20000000   0x08005670   0x0000001c   Data   RW           11    .data               main.o
    0x2000001c   0x0800568c   0x00000009   Data   RW          441    .data               menu.o
    0x20000025   0x08005695   0x00000003   PAD
    0x20000028   0x08005698   0x00000018   Data   RW          753    .data               heap_2.o
    0x20000040   0x080056b0   0x00000004   Data   RW          830    .data               port.o
    0x20000044   0x080056b4   0x0000003c   Data   RW         1123    .data               tasks.o
    0x20000080   0x080056f0   0x00000014   Data   RW         1414    .data               timers.o
    0x20000094   0x08005704   0x00000004   Data   RW         1684    .data               system_mdr32f9qx.o
    0x20000098   0x08005708   0x00000004   Data   RW         4155    .data               mc_w.l(stdin.o)
    0x2000009c   0x0800570c   0x00000004   Data   RW         4156    .data               mc_w.l(stdout.o)
    0x200000a0   0x08005710   0x00000004   Data   RW         4168    .data               mc_w.l(errno.o)
    0x200000a4   0x08005714   0x00000003   Data   RW         4186    .data               mc_w.l(fgetc_b.o)
    0x200000a7   0x08005717   0x00000001   PAD
    0x200000a8        -       0x00000320   Zero   RW            9    .bss                main.o
    0x200003c8        -       0x00000078   Zero   RW          387    .bss                button.o
    0x20000440        -       0x00000040   Zero   RW          439    .bss                menu.o
    0x20000480        -       0x00000038   Zero   RW          589    .bss                dma.o
    0x200004b8        -       0x00000018   Zero   RW          620    .bss                timer.o
    0x200004d0        -       0x00005000   Zero   RW          752    .bss                heap_2.o
    0x200054d0        -       0x00000050   Zero   RW          921    .bss                queue.o
    0x20005520        -       0x000000c8   Zero   RW         1122    .bss                tasks.o
    0x200055e8        -       0x00000028   Zero   RW         1413    .bss                timers.o
    0x20005610   0x08005717   0x000001f0   PAD
    0x20005800        -       0x00000400   Zero   RW         2522    .bss                mdr32f9qx_dma.o
    0x20005c00        -       0x00000400   Zero   RW         1672    STACK               startup_mdr32f9qx.o


==============================================================================

Image component sizes


      Code (inc. data)   RO Data    RW Data    ZI Data      Debug   Object Name

       128          6          0          0          0        627   adc.o
       424         38          0          0        120       2201   button.o
       204         32          0          0         56       1069   dma.o
         0          0          0          0          0      11432   event_groups.o
       304         40          0         24      20480       3407   heap_2.o
        72          0          0          0          0        894   init.o
       148          0          0          0          0       3054   list.o
       526        140          0         28        800     122510   main.o
       204         30          0          0          0       2935   mdr32f9qx_adc.o
       336         18          0          0       1024       3977   mdr32f9qx_dma.o
        56          0          0          0          0      10380   mdr32f9qx_it.o
       556         18          0          0          0       4062   mdr32f9qx_port.o
      1008         60          0          0          0      10504   mdr32f9qx_rst_clk.o
       278         16          0          0          0       5092   mdr32f9qx_timer.o
       332         26          0          0          0       7212   mdr32f9qx_uart.o
      1176        204          0          9         64       5792   menu.o
      2384        168       2208          0          0      12805   mlt_lcd.o
       400         50          0          4          0       8340   port.o
      1570         22          0          0         80      13029   queue.o
        36          8        192          0       1024        832   startup_mdr32f9qx.o
       208         24          0          4          0       1483   system_mdr32f9qx.o
      2460        390          0         60        200      27975   tasks.o
       156         18          0          0         24        964   timer.o
       978        114          0         20         40       8307   timers.o
       324         24          0          0          0      29870   uart_io.o

    ----------------------------------------------------------------------
     14296       1446       2432        152      24408     298753   Object Totals
         0          0         32          0          0          0   (incl. Generated)
        28          0          0          3        496          0   (incl. Padding)

    ----------------------------------------------------------------------

      Code (inc. data)   RO Data    RW Data    ZI Data      Debug   Library Member Name

        76          0          0          0          0         84   sqrt.o
        32          6          0          0          0         84   __0scanf.o
       812          4          0          0          0        112   _scanf.o
       224          0          0          0          0         96   _scanf_str.o
        40          6         64          0          0         68   ctype_c.o
         0          0          0          0          0          0   entry.o
         0          0          0          0          0          0   entry10a.o
         0          0          0          0          0          0   entry11a.o
         8          4          0          0          0          0   entry2.o
         4          0          0          0          0          0   entry5.o
         0          0          0          0          0          0   entry7b.o
         0          0          0          0          0          0   entry8b.o
         8          4          0          0          0          0   entry9a.o
        12          6          0          4          0         68   errno.o
        44          6          0          3          0        144   fgetc_b.o
        30          0          0          0          0          0   handlers.o
        36          8          0          0          0         68   init.o
        10          0          0          0          0         68   isspace_c.o
         0          0          0          0          0          0   iusefp.o
         0          0          0          0          0          0   iusesemig.o
        30          0          0          0          0         68   llshl.o
        36          0          0          0          0         68   llsshr.o
        32          0          0          0          0         68   llushr.o
        36          0          0          0          0         68   memcpya.o
      2308         96          0          0          0        604   printfa.o
        40          8          0          0          0         84   scanf_char.o
        20          8          0          0          0         68   scanf_char_file.o
         0          0          0          0          0          0   semi.o
         0          0          0          4          0          0   stdin.o
         0          0          0          4          0          0   stdout.o
        14          0          0          0          0         68   strlen.o
        44          0          0          0          0         80   uidiv.o
        98          0          0          0          0         92   uldiv.o
        48          0          0          0          0         68   cdcmple.o
        48          0          0          0          0         68   cdrcmple.o
       334          0          0          0          0        148   dadd.o
       222          0          0          0          0        100   ddiv.o
       186          0          0          0          0        176   depilogue.o
        48          0          0          0          0         68   dfixul.o
        34          0          0          0          0         76   dflti.o
        26          0          0          0          0         76   dfltui.o
       228          0          0          0          0         96   dmul.o
       162          0          0          0          0        100   dsqrt.o

    ----------------------------------------------------------------------
      5336        156         64         16          0       3036   Library Totals
         6          0          0          1          0          0   (incl. Padding)

    ----------------------------------------------------------------------

      Code (inc. data)   RO Data    RW Data    ZI Data      Debug   Library Name

        76          0          0          0          0         84   m_ws.l
      3918        156         64         15          0       1976   mc_w.l
      1336          0          0          0          0        976   mf_w.l

    ----------------------------------------------------------------------
      5336        156         64         16          0       3036   Library Totals

    ----------------------------------------------------------------------

==============================================================================


      Code (inc. data)   RO Data    RW Data    ZI Data      Debug   

     19632       1602       2496        168      24408     291229   Grand Totals
     19632       1602       2496        168      24408     291229   ELF Image Totals
     19632       1602       2496        168          0          0   ROM Totals

==============================================================================

    Total RO  Size (Code + RO Data)                22128 (  21.61kB)
    Total RW  Size (RW Data + ZI Data)             24576 (  24.00kB)
    Total ROM Size (Code + RO Data + RW Data)      22296 (  21.77kB)

==============================================================================

